WARNING: Interface fennol is under development and should be used with care:
         Only basic functionality, no error checks
        _______  
       /\______\ 
      / /      / 
     / / Cuby /   Dataset calculation
     \/______/   
                 
==========================================================================================
name                                             E      Eref     error  error(%)
------------------------------------------------------------------------------------------
01 10GS                                   -235.673  -242.583     6.910     2.849
02 2CET                                   -210.907  -247.699    36.792    14.854
03 2FVD                                   -102.545   -88.726   -13.819   -15.575
04 2OBF                                   -195.951  -199.162     3.211     1.612
05 2P4Y                                   -137.939  -157.143    19.204    12.221
06 2VOT                                   -213.548  -238.717    25.169    10.543
07 2VW5                                   -101.891   -94.099    -7.792    -8.281
08 2XB8                                   -179.691  -178.476    -1.215    -0.681
09 2YKI                                    -98.780   -92.145    -6.635    -7.200
10 2ZX6                                   -201.970  -231.047    29.077    12.585
11 3G0W                                    -66.511   -66.594     0.083     0.125
12 3GNW                                    -93.587   -77.382   -16.205   -20.941
13 3NOX                                   -195.984  -244.475    48.491    19.835
14 3PE2                                   -127.126  -127.532     0.406     0.318
15 4GID                                   -200.948  -190.367   -10.581    -5.558
==========================================================================================
RMSE               20.466   kcal/mol
MUE                15.039   kcal/mol
------------------------------------------------------------------------------------------
MSE                 7.540   kcal/mol
min               -16.205   kcal/mol
max                48.491   kcal/mol
range              64.696   kcal/mol
min abs             0.083   kcal/mol
max abs            48.491   kcal/mol
==========================================================================================
RMSE               11.185   %
MUE                 8.879   %
MSE                 1.114   %
min               -20.941   %
max                19.835   %
range              40.776   %
min abs             0.125   %
max abs            20.941   %
------------------------------------------------------------------------------------------
RMSE/|avg|         12.398   %
MUE/|avg|           9.111   %
==========================================================================================

