WARNING: Interface aimnet2 is under development and should be used with care:
         Only basic functionality, no error checks
        _______  
       /\______\ 
      / /      / 
     / / Cuby /   Dataset calculation
     \/______/   
                 
Selected 136 out of 164 data set entries
Warp CUDA warning: Could not find or load the NVIDIA CUDA driver. Proceeding in CPU-only mode.
Warp CUDA warning: Could not find or load the NVIDIA CUDA driver. Proceeding in CPU-only mode.
Warp CUDA warning: Could not find or load the NVIDIA CUDA driver. Proceeding in CPU-only mode.
Warp CUDA warning: Could not find or load the NVIDIA CUDA driver. Proceeding in CPU-only mode.
Warp CUDA warning: Could not find or load the NVIDIA CUDA driver. Proceeding in CPU-only mode.
Warp CUDA warning: Could not find or load the NVIDIA CUDA driver. Proceeding in CPU-only mode.
Warp CUDA warning: Could not find or load the NVIDIA CUDA driver. Proceeding in CPU-only mode.
Warp CUDA warning: Could not find or load the NVIDIA CUDA driver. Proceeding in CPU-only mode.
Warp CUDA warning: Could not find or load the NVIDIA CUDA driver. Proceeding in CPU-only mode.
Warp CUDA warning: Could not find or load the NVIDIA CUDA driver. Proceeding in CPU-only mode.
Warp CUDA warning: Could not find or load the NVIDIA CUDA driver. Proceeding in CPU-only mode.
Warp CUDA warning: Could not find or load the NVIDIA CUDA driver. Proceeding in CPU-only mode.
Warp CUDA warning: Could not find or load the NVIDIA CUDA driver. Proceeding in CPU-only mode.
Warp CUDA warning: Could not find or load the NVIDIA CUDA driver. Proceeding in CPU-only mode.
Warp CUDA warning: Could not find or load the NVIDIA CUDA driver. Proceeding in CPU-only mode.
Warp CUDA warning: Could not find or load the NVIDIA CUDA driver. Proceeding in CPU-only mode.
Warp CUDA warning: Could not find or load the NVIDIA CUDA driver. Proceeding in CPU-only mode.
Warp CUDA warning: Could not find or load the NVIDIA CUDA driver. Proceeding in CPU-only mode.
Warp CUDA warning: Could not find or load the NVIDIA CUDA driver. Proceeding in CPU-only mode.
Warp CUDA warning: Could not find or load the NVIDIA CUDA driver. Proceeding in CPU-only mode.
Warp CUDA warning: Could not find or load the NVIDIA CUDA driver. Proceeding in CPU-only mode.
Warp CUDA warning: Could not find or load the NVIDIA CUDA driver. Proceeding in CPU-only mode.
Warp CUDA warning: Could not find or load the NVIDIA CUDA driver. Proceeding in CPU-only mode.
Warp CUDA warning: Could not find or load the NVIDIA CUDA driver. Proceeding in CPU-only mode.
Warp CUDA warning: Could not find or load the NVIDIA CUDA driver. Proceeding in CPU-only mode.
Warp CUDA warning: Could not find or load the NVIDIA CUDA driver. Proceeding in CPU-only mode.
Warp CUDA warning: Could not find or load the NVIDIA CUDA driver. Proceeding in CPU-only mode.
Warp CUDA warning: Could not find or load the NVIDIA CUDA driver. Proceeding in CPU-only mode.
Warp CUDA warning: Could not find or load the NVIDIA CUDA driver. Proceeding in CPU-only mode.
Warp CUDA warning: Could not find or load the NVIDIA CUDA driver. Proceeding in CPU-only mode.
Warp CUDA warning: Could not find or load the NVIDIA CUDA driver. Proceeding in CPU-only mode.
Warp CUDA warning: Could not find or load the NVIDIA CUDA driver. Proceeding in CPU-only mode.
Warp CUDA warning: Could not find or load the NVIDIA CUDA driver. Proceeding in CPU-only mode.
Warp CUDA warning: Could not find or load the NVIDIA CUDA driver. Proceeding in CPU-only mode.
Warp CUDA warning: Could not find or load the NVIDIA CUDA driver. Proceeding in CPU-only mode.
Warp CUDA warning: Could not find or load the NVIDIA CUDA driver. Proceeding in CPU-only mode.
Warp CUDA warning: Could not find or load the NVIDIA CUDA driver. Proceeding in CPU-only mode.
Warp CUDA warning: Could not find or load the NVIDIA CUDA driver. Proceeding in CPU-only mode.
Warp CUDA warning: Could not find or load the NVIDIA CUDA driver. Proceeding in CPU-only mode.
Warp CUDA warning: Could not find or load the NVIDIA CUDA driver. Proceeding in CPU-only mode.
Warp CUDA warning: Could not find or load the NVIDIA CUDA driver. Proceeding in CPU-only mode.
Warp CUDA warning: Could not find or load the NVIDIA CUDA driver. Proceeding in CPU-only mode.
==============================
*** Open Babel Warning  in PerceiveBondOrders
  Failed to kekulize aromatic bonds in OBMol::PerceiveBondOrders

Warp CUDA warning: Could not find or load the NVIDIA CUDA driver. Proceeding in CPU-only mode.
Warp CUDA warning: Could not find or load the NVIDIA CUDA driver. Proceeding in CPU-only mode.
Warp CUDA warning: Could not find or load the NVIDIA CUDA driver. Proceeding in CPU-only mode.
Warp CUDA warning: Could not find or load the NVIDIA CUDA driver. Proceeding in CPU-only mode.
==============================
*** Open Babel Warning  in PerceiveBondOrders
  Failed to kekulize aromatic bonds in OBMol::PerceiveBondOrders

Warp CUDA warning: Could not find or load the NVIDIA CUDA driver. Proceeding in CPU-only mode.
Warp CUDA warning: Could not find or load the NVIDIA CUDA driver. Proceeding in CPU-only mode.
Warp CUDA warning: Could not find or load the NVIDIA CUDA driver. Proceeding in CPU-only mode.
==============================
*** Open Babel Warning  in PerceiveBondOrders
  Failed to kekulize aromatic bonds in OBMol::PerceiveBondOrders

Warp CUDA warning: Could not find or load the NVIDIA CUDA driver. Proceeding in CPU-only mode.
Warp CUDA warning: Could not find or load the NVIDIA CUDA driver. Proceeding in CPU-only mode.
Warp CUDA warning: Could not find or load the NVIDIA CUDA driver. Proceeding in CPU-only mode.
Warp CUDA warning: Could not find or load the NVIDIA CUDA driver. Proceeding in CPU-only mode.
Warp CUDA warning: Could not find or load the NVIDIA CUDA driver. Proceeding in CPU-only mode.
==============================
*** Open Babel Warning  in PerceiveBondOrders
  Failed to kekulize aromatic bonds in OBMol::PerceiveBondOrders

Warp CUDA warning: Could not find or load the NVIDIA CUDA driver. Proceeding in CPU-only mode.
Warp CUDA warning: Could not find or load the NVIDIA CUDA driver. Proceeding in CPU-only mode.
Warp CUDA warning: Could not find or load the NVIDIA CUDA driver. Proceeding in CPU-only mode.
Warp CUDA warning: Could not find or load the NVIDIA CUDA driver. Proceeding in CPU-only mode.
Warp CUDA warning: Could not find or load the NVIDIA CUDA driver. Proceeding in CPU-only mode.
==============================
*** Open Babel Warning  in PerceiveBondOrders
  Failed to kekulize aromatic bonds in OBMol::PerceiveBondOrders

Warp CUDA warning: Could not find or load the NVIDIA CUDA driver. Proceeding in CPU-only mode.
Warp CUDA warning: Could not find or load the NVIDIA CUDA driver. Proceeding in CPU-only mode.
Warp CUDA warning: Could not find or load the NVIDIA CUDA driver. Proceeding in CPU-only mode.
==============================
*** Open Babel Warning  in PerceiveBondOrders
  Failed to kekulize aromatic bonds in OBMol::PerceiveBondOrders

Warp CUDA warning: Could not find or load the NVIDIA CUDA driver. Proceeding in CPU-only mode.
Warp CUDA warning: Could not find or load the NVIDIA CUDA driver. Proceeding in CPU-only mode.
Warp CUDA warning: Could not find or load the NVIDIA CUDA driver. Proceeding in CPU-only mode.
==============================
*** Open Babel Warning  in PerceiveBondOrders
  Failed to kekulize aromatic bonds in OBMol::PerceiveBondOrders

Warp CUDA warning: Could not find or load the NVIDIA CUDA driver. Proceeding in CPU-only mode.
Warp CUDA warning: Could not find or load the NVIDIA CUDA driver. Proceeding in CPU-only mode.
Warp CUDA warning: Could not find or load the NVIDIA CUDA driver. Proceeding in CPU-only mode.
Warp CUDA warning: Could not find or load the NVIDIA CUDA driver. Proceeding in CPU-only mode.
==============================
*** Open Babel Warning  in PerceiveBondOrders
  Failed to kekulize aromatic bonds in OBMol::PerceiveBondOrders

Warp CUDA warning: Could not find or load the NVIDIA CUDA driver. Proceeding in CPU-only mode.
Warp CUDA warning: Could not find or load the NVIDIA CUDA driver. Proceeding in CPU-only mode.
Warp CUDA warning: Could not find or load the NVIDIA CUDA driver. Proceeding in CPU-only mode.
Warp CUDA warning: Could not find or load the NVIDIA CUDA driver. Proceeding in CPU-only mode.
==============================
*** Open Babel Warning  in PerceiveBondOrders
  Failed to kekulize aromatic bonds in OBMol::PerceiveBondOrders

Warp CUDA warning: Could not find or load the NVIDIA CUDA driver. Proceeding in CPU-only mode.
Warp CUDA warning: Could not find or load the NVIDIA CUDA driver. Proceeding in CPU-only mode.
Warp CUDA warning: Could not find or load the NVIDIA CUDA driver. Proceeding in CPU-only mode.
Warp CUDA warning: Could not find or load the NVIDIA CUDA driver. Proceeding in CPU-only mode.
==============================
*** Open Babel Warning  in PerceiveBondOrders
  Failed to kekulize aromatic bonds in OBMol::PerceiveBondOrders

Warp CUDA warning: Could not find or load the NVIDIA CUDA driver. Proceeding in CPU-only mode.
Warp CUDA warning: Could not find or load the NVIDIA CUDA driver. Proceeding in CPU-only mode.
Warp CUDA warning: Could not find or load the NVIDIA CUDA driver. Proceeding in CPU-only mode.
Warp CUDA warning: Could not find or load the NVIDIA CUDA driver. Proceeding in CPU-only mode.
Warp CUDA warning: Could not find or load the NVIDIA CUDA driver. Proceeding in CPU-only mode.
Warp CUDA warning: Could not find or load the NVIDIA CUDA driver. Proceeding in CPU-only mode.
Warp CUDA warning: Could not find or load the NVIDIA CUDA driver. Proceeding in CPU-only mode.
Warp CUDA warning: Could not find or load the NVIDIA CUDA driver. Proceeding in CPU-only mode.
Warp CUDA warning: Could not find or load the NVIDIA CUDA driver. Proceeding in CPU-only mode.
Warp CUDA warning: Could not find or load the NVIDIA CUDA driver. Proceeding in CPU-only mode.
Warp CUDA warning: Could not find or load the NVIDIA CUDA driver. Proceeding in CPU-only mode.
Warp CUDA warning: Could not find or load the NVIDIA CUDA driver. Proceeding in CPU-only mode.
Warp CUDA warning: Could not find or load the NVIDIA CUDA driver. Proceeding in CPU-only mode.
Warp CUDA warning: Could not find or load the NVIDIA CUDA driver. Proceeding in CPU-only mode.
Warp CUDA warning: Could not find or load the NVIDIA CUDA driver. Proceeding in CPU-only mode.
Warp CUDA warning: Could not find or load the NVIDIA CUDA driver. Proceeding in CPU-only mode.
Warp CUDA warning: Could not find or load the NVIDIA CUDA driver. Proceeding in CPU-only mode.
Warp CUDA warning: Could not find or load the NVIDIA CUDA driver. Proceeding in CPU-only mode.
Warp CUDA warning: Could not find or load the NVIDIA CUDA driver. Proceeding in CPU-only mode.
Warp CUDA warning: Could not find or load the NVIDIA CUDA driver. Proceeding in CPU-only mode.
Warp CUDA warning: Could not find or load the NVIDIA CUDA driver. Proceeding in CPU-only mode.
Warp CUDA warning: Could not find or load the NVIDIA CUDA driver. Proceeding in CPU-only mode.
Warp CUDA warning: Could not find or load the NVIDIA CUDA driver. Proceeding in CPU-only mode.
Warp CUDA warning: Could not find or load the NVIDIA CUDA driver. Proceeding in CPU-only mode.
Warp CUDA warning: Could not find or load the NVIDIA CUDA driver. Proceeding in CPU-only mode.
Warp CUDA warning: Could not find or load the NVIDIA CUDA driver. Proceeding in CPU-only mode.
Warp CUDA warning: Could not find or load the NVIDIA CUDA driver. Proceeding in CPU-only mode.
Warp CUDA warning: Could not find or load the NVIDIA CUDA driver. Proceeding in CPU-only mode.
Warp CUDA warning: Could not find or load the NVIDIA CUDA driver. Proceeding in CPU-only mode.
Warp CUDA warning: Could not find or load the NVIDIA CUDA driver. Proceeding in CPU-only mode.
Warp CUDA warning: Could not find or load the NVIDIA CUDA driver. Proceeding in CPU-only mode.
Warp CUDA warning: Could not find or load the NVIDIA CUDA driver. Proceeding in CPU-only mode.
Warp CUDA warning: Could not find or load the NVIDIA CUDA driver. Proceeding in CPU-only mode.
Warp CUDA warning: Could not find or load the NVIDIA CUDA driver. Proceeding in CPU-only mode.
Warp CUDA warning: Could not find or load the NVIDIA CUDA driver. Proceeding in CPU-only mode.
Warp CUDA warning: Could not find or load the NVIDIA CUDA driver. Proceeding in CPU-only mode.
Warp CUDA warning: Could not find or load the NVIDIA CUDA driver. Proceeding in CPU-only mode.
Warp CUDA warning: Could not find or load the NVIDIA CUDA driver. Proceeding in CPU-only mode.
Warp CUDA warning: Could not find or load the NVIDIA CUDA driver. Proceeding in CPU-only mode.
Warp CUDA warning: Could not find or load the NVIDIA CUDA driver. Proceeding in CPU-only mode.
Warp CUDA warning: Could not find or load the NVIDIA CUDA driver. Proceeding in CPU-only mode.
Warp CUDA warning: Could not find or load the NVIDIA CUDA driver. Proceeding in CPU-only mode.
Warp CUDA warning: Could not find or load the NVIDIA CUDA driver. Proceeding in CPU-only mode.
Warp CUDA warning: Could not find or load the NVIDIA CUDA driver. Proceeding in CPU-only mode.
Warp CUDA warning: Could not find or load the NVIDIA CUDA driver. Proceeding in CPU-only mode.
Warp CUDA warning: Could not find or load the NVIDIA CUDA driver. Proceeding in CPU-only mode.
Warp CUDA warning: Could not find or load the NVIDIA CUDA driver. Proceeding in CPU-only mode.
Warp CUDA warning: Could not find or load the NVIDIA CUDA driver. Proceeding in CPU-only mode.
Warp CUDA warning: Could not find or load the NVIDIA CUDA driver. Proceeding in CPU-only mode.
Warp CUDA warning: Could not find or load the NVIDIA CUDA driver. Proceeding in CPU-only mode.
Warp CUDA warning: Could not find or load the NVIDIA CUDA driver. Proceeding in CPU-only mode.
Warp CUDA warning: Could not find or load the NVIDIA CUDA driver. Proceeding in CPU-only mode.
Warp CUDA warning: Could not find or load the NVIDIA CUDA driver. Proceeding in CPU-only mode.
Warp CUDA warning: Could not find or load the NVIDIA CUDA driver. Proceeding in CPU-only mode.
Warp CUDA warning: Could not find or load the NVIDIA CUDA driver. Proceeding in CPU-only mode.
Warp CUDA warning: Could not find or load the NVIDIA CUDA driver. Proceeding in CPU-only mode.
Warp CUDA warning: Could not find or load the NVIDIA CUDA driver. Proceeding in CPU-only mode.
Warp CUDA warning: Could not find or load the NVIDIA CUDA driver. Proceeding in CPU-only mode.
Warp CUDA warning: Could not find or load the NVIDIA CUDA driver. Proceeding in CPU-only mode.
Warp CUDA warning: Could not find or load the NVIDIA CUDA driver. Proceeding in CPU-only mode.
Warp CUDA warning: Could not find or load the NVIDIA CUDA driver. Proceeding in CPU-only mode.
Warp CUDA warning: Could not find or load the NVIDIA CUDA driver. Proceeding in CPU-only mode.
Warp CUDA warning: Could not find or load the NVIDIA CUDA driver. Proceeding in CPU-only mode.
Warp CUDA warning: Could not find or load the NVIDIA CUDA driver. Proceeding in CPU-only mode.
Warp CUDA warning: Could not find or load the NVIDIA CUDA driver. Proceeding in CPU-only mode.
Warp CUDA warning: Could not find or load the NVIDIA CUDA driver. Proceeding in CPU-only mode.
Warp CUDA warning: Could not find or load the NVIDIA CUDA driver. Proceeding in CPU-only mode.
Warp CUDA warning: Could not find or load the NVIDIA CUDA driver. Proceeding in CPU-only mode.
Warp CUDA warning: Could not find or load the NVIDIA CUDA driver. Proceeding in CPU-only mode.
Warp CUDA warning: Could not find or load the NVIDIA CUDA driver. Proceeding in CPU-only mode.
Warp CUDA warning: Could not find or load the NVIDIA CUDA driver. Proceeding in CPU-only mode.
Warp CUDA warning: Could not find or load the NVIDIA CUDA driver. Proceeding in CPU-only mode.
Warp CUDA warning: Could not find or load the NVIDIA CUDA driver. Proceeding in CPU-only mode.
Warp CUDA warning: Could not find or load the NVIDIA CUDA driver. Proceeding in CPU-only mode.
Warp CUDA warning: Could not find or load the NVIDIA CUDA driver. Proceeding in CPU-only mode.
Warp CUDA warning: Could not find or load the NVIDIA CUDA driver. Proceeding in CPU-only mode.
Warp CUDA warning: Could not find or load the NVIDIA CUDA driver. Proceeding in CPU-only mode.
Warp CUDA warning: Could not find or load the NVIDIA CUDA driver. Proceeding in CPU-only mode.
Warp CUDA warning: Could not find or load the NVIDIA CUDA driver. Proceeding in CPU-only mode.
Warp CUDA warning: Could not find or load the NVIDIA CUDA driver. Proceeding in CPU-only mode.
Warp CUDA warning: Could not find or load the NVIDIA CUDA driver. Proceeding in CPU-only mode.
Warp CUDA warning: Could not find or load the NVIDIA CUDA driver. Proceeding in CPU-only mode.
Warp CUDA warning: Could not find or load the NVIDIA CUDA driver. Proceeding in CPU-only mode.
Warp CUDA warning: Could not find or load the NVIDIA CUDA driver. Proceeding in CPU-only mode.
Warp CUDA warning: Could not find or load the NVIDIA CUDA driver. Proceeding in CPU-only mode.
Warp CUDA warning: Could not find or load the NVIDIA CUDA driver. Proceeding in CPU-only mode.
Warp CUDA warning: Could not find or load the NVIDIA CUDA driver. Proceeding in CPU-only mode.
Warp CUDA warning: Could not find or load the NVIDIA CUDA driver. Proceeding in CPU-only mode.
Warp CUDA warning: Could not find or load the NVIDIA CUDA driver. Proceeding in CPU-only mode.
Warp CUDA warning: Could not find or load the NVIDIA CUDA driver. Proceeding in CPU-only mode.
Warp CUDA warning: Could not find or load the NVIDIA CUDA driver. Proceeding in CPU-only mode.
Warp CUDA warning: Could not find or load the NVIDIA CUDA driver. Proceeding in CPU-only mode.
Warp CUDA warning: Could not find or load the NVIDIA CUDA driver. Proceeding in CPU-only mode.
Warp CUDA warning: Could not find or load the NVIDIA CUDA driver. Proceeding in CPU-only mode.
Warp CUDA warning: Could not find or load the NVIDIA CUDA driver. Proceeding in CPU-only mode.
Warp CUDA warning: Could not find or load the NVIDIA CUDA driver. Proceeding in CPU-only mode.
==============================
*** Open Babel Warning  in PerceiveBondOrders
  Failed to kekulize aromatic bonds in OBMol::PerceiveBondOrders

Warp CUDA warning: Could not find or load the NVIDIA CUDA driver. Proceeding in CPU-only mode.
==============================
*** Open Babel Warning  in PerceiveBondOrders
  Failed to kekulize aromatic bonds in OBMol::PerceiveBondOrders

Warp CUDA warning: Could not find or load the NVIDIA CUDA driver. Proceeding in CPU-only mode.
==============================
*** Open Babel Warning  in PerceiveBondOrders
  Failed to kekulize aromatic bonds in OBMol::PerceiveBondOrders

Warp CUDA warning: Could not find or load the NVIDIA CUDA driver. Proceeding in CPU-only mode.
==============================
*** Open Babel Warning  in PerceiveBondOrders
  Failed to kekulize aromatic bonds in OBMol::PerceiveBondOrders

Warp CUDA warning: Could not find or load the NVIDIA CUDA driver. Proceeding in CPU-only mode.
==============================
*** Open Babel Warning  in PerceiveBondOrders
  Failed to kekulize aromatic bonds in OBMol::PerceiveBondOrders

Warp CUDA warning: Could not find or load the NVIDIA CUDA driver. Proceeding in CPU-only mode.
==============================
*** Open Babel Warning  in PerceiveBondOrders
  Failed to kekulize aromatic bonds in OBMol::PerceiveBondOrders

Warp CUDA warning: Could not find or load the NVIDIA CUDA driver. Proceeding in CPU-only mode.
==============================
*** Open Babel Warning  in PerceiveBondOrders
  Failed to kekulize aromatic bonds in OBMol::PerceiveBondOrders

Warp CUDA warning: Could not find or load the NVIDIA CUDA driver. Proceeding in CPU-only mode.
==============================
*** Open Babel Warning  in PerceiveBondOrders
  Failed to kekulize aromatic bonds in OBMol::PerceiveBondOrders

Warp CUDA warning: Could not find or load the NVIDIA CUDA driver. Proceeding in CPU-only mode.
==============================
*** Open Babel Warning  in PerceiveBondOrders
  Failed to kekulize aromatic bonds in OBMol::PerceiveBondOrders

Warp CUDA warning: Could not find or load the NVIDIA CUDA driver. Proceeding in CPU-only mode.
==============================
*** Open Babel Warning  in PerceiveBondOrders
  Failed to kekulize aromatic bonds in OBMol::PerceiveBondOrders

Warp CUDA warning: Could not find or load the NVIDIA CUDA driver. Proceeding in CPU-only mode.
==============================
*** Open Babel Warning  in PerceiveBondOrders
  Failed to kekulize aromatic bonds in OBMol::PerceiveBondOrders

Warp CUDA warning: Could not find or load the NVIDIA CUDA driver. Proceeding in CPU-only mode.
==============================
*** Open Babel Warning  in PerceiveBondOrders
  Failed to kekulize aromatic bonds in OBMol::PerceiveBondOrders

Warp CUDA warning: Could not find or load the NVIDIA CUDA driver. Proceeding in CPU-only mode.
==============================
*** Open Babel Warning  in PerceiveBondOrders
  Failed to kekulize aromatic bonds in OBMol::PerceiveBondOrders

Warp CUDA warning: Could not find or load the NVIDIA CUDA driver. Proceeding in CPU-only mode.
==============================
*** Open Babel Warning  in PerceiveBondOrders
  Failed to kekulize aromatic bonds in OBMol::PerceiveBondOrders

Warp CUDA warning: Could not find or load the NVIDIA CUDA driver. Proceeding in CPU-only mode.
==============================
*** Open Babel Warning  in PerceiveBondOrders
  Failed to kekulize aromatic bonds in OBMol::PerceiveBondOrders

Warp CUDA warning: Could not find or load the NVIDIA CUDA driver. Proceeding in CPU-only mode.
==============================
*** Open Babel Warning  in PerceiveBondOrders
  Failed to kekulize aromatic bonds in OBMol::PerceiveBondOrders

Warp CUDA warning: Could not find or load the NVIDIA CUDA driver. Proceeding in CPU-only mode.
==============================
*** Open Babel Warning  in PerceiveBondOrders
  Failed to kekulize aromatic bonds in OBMol::PerceiveBondOrders

Warp CUDA warning: Could not find or load the NVIDIA CUDA driver. Proceeding in CPU-only mode.
==============================
*** Open Babel Warning  in PerceiveBondOrders
  Failed to kekulize aromatic bonds in OBMol::PerceiveBondOrders

Warp CUDA warning: Could not find or load the NVIDIA CUDA driver. Proceeding in CPU-only mode.
==============================
*** Open Babel Warning  in PerceiveBondOrders
  Failed to kekulize aromatic bonds in OBMol::PerceiveBondOrders

Warp CUDA warning: Could not find or load the NVIDIA CUDA driver. Proceeding in CPU-only mode.
==============================
*** Open Babel Warning  in PerceiveBondOrders
  Failed to kekulize aromatic bonds in OBMol::PerceiveBondOrders

Warp CUDA warning: Could not find or load the NVIDIA CUDA driver. Proceeding in CPU-only mode.
==============================
*** Open Babel Warning  in PerceiveBondOrders
  Failed to kekulize aromatic bonds in OBMol::PerceiveBondOrders

Warp CUDA warning: Could not find or load the NVIDIA CUDA driver. Proceeding in CPU-only mode.
==============================
*** Open Babel Warning  in PerceiveBondOrders
  Failed to kekulize aromatic bonds in OBMol::PerceiveBondOrders

Warp CUDA warning: Could not find or load the NVIDIA CUDA driver. Proceeding in CPU-only mode.
==============================
*** Open Babel Warning  in PerceiveBondOrders
  Failed to kekulize aromatic bonds in OBMol::PerceiveBondOrders

Warp CUDA warning: Could not find or load the NVIDIA CUDA driver. Proceeding in CPU-only mode.
==============================
*** Open Babel Warning  in PerceiveBondOrders
  Failed to kekulize aromatic bonds in OBMol::PerceiveBondOrders

Warp CUDA warning: Could not find or load the NVIDIA CUDA driver. Proceeding in CPU-only mode.
==============================
*** Open Babel Warning  in PerceiveBondOrders
  Failed to kekulize aromatic bonds in OBMol::PerceiveBondOrders

Warp CUDA warning: Could not find or load the NVIDIA CUDA driver. Proceeding in CPU-only mode.
==============================
*** Open Babel Warning  in PerceiveBondOrders
  Failed to kekulize aromatic bonds in OBMol::PerceiveBondOrders

Warp CUDA warning: Could not find or load the NVIDIA CUDA driver. Proceeding in CPU-only mode.
==============================
*** Open Babel Warning  in PerceiveBondOrders
  Failed to kekulize aromatic bonds in OBMol::PerceiveBondOrders

Warp CUDA warning: Could not find or load the NVIDIA CUDA driver. Proceeding in CPU-only mode.
==============================
*** Open Babel Warning  in PerceiveBondOrders
  Failed to kekulize aromatic bonds in OBMol::PerceiveBondOrders

Warp CUDA warning: Could not find or load the NVIDIA CUDA driver. Proceeding in CPU-only mode.
==============================
*** Open Babel Warning  in PerceiveBondOrders
  Failed to kekulize aromatic bonds in OBMol::PerceiveBondOrders

Warp CUDA warning: Could not find or load the NVIDIA CUDA driver. Proceeding in CPU-only mode.
==============================
*** Open Babel Warning  in PerceiveBondOrders
  Failed to kekulize aromatic bonds in OBMol::PerceiveBondOrders

Warp CUDA warning: Could not find or load the NVIDIA CUDA driver. Proceeding in CPU-only mode.
==============================
*** Open Babel Warning  in PerceiveBondOrders
  Failed to kekulize aromatic bonds in OBMol::PerceiveBondOrders

Warp CUDA warning: Could not find or load the NVIDIA CUDA driver. Proceeding in CPU-only mode.
==============================
*** Open Babel Warning  in PerceiveBondOrders
  Failed to kekulize aromatic bonds in OBMol::PerceiveBondOrders

Warp CUDA warning: Could not find or load the NVIDIA CUDA driver. Proceeding in CPU-only mode.
==============================
*** Open Babel Warning  in PerceiveBondOrders
  Failed to kekulize aromatic bonds in OBMol::PerceiveBondOrders

Warp CUDA warning: Could not find or load the NVIDIA CUDA driver. Proceeding in CPU-only mode.
==============================
*** Open Babel Warning  in PerceiveBondOrders
  Failed to kekulize aromatic bonds in OBMol::PerceiveBondOrders

Warp CUDA warning: Could not find or load the NVIDIA CUDA driver. Proceeding in CPU-only mode.
==============================
*** Open Babel Warning  in PerceiveBondOrders
  Failed to kekulize aromatic bonds in OBMol::PerceiveBondOrders

Warp CUDA warning: Could not find or load the NVIDIA CUDA driver. Proceeding in CPU-only mode.
==============================
*** Open Babel Warning  in PerceiveBondOrders
  Failed to kekulize aromatic bonds in OBMol::PerceiveBondOrders

Warp CUDA warning: Could not find or load the NVIDIA CUDA driver. Proceeding in CPU-only mode.
==============================
*** Open Babel Warning  in PerceiveBondOrders
  Failed to kekulize aromatic bonds in OBMol::PerceiveBondOrders

Warp CUDA warning: Could not find or load the NVIDIA CUDA driver. Proceeding in CPU-only mode.
==============================
*** Open Babel Warning  in PerceiveBondOrders
  Failed to kekulize aromatic bonds in OBMol::PerceiveBondOrders

Warp CUDA warning: Could not find or load the NVIDIA CUDA driver. Proceeding in CPU-only mode.
Warp CUDA warning: Could not find or load the NVIDIA CUDA driver. Proceeding in CPU-only mode.
Warp CUDA warning: Could not find or load the NVIDIA CUDA driver. Proceeding in CPU-only mode.
Warp CUDA warning: Could not find or load the NVIDIA CUDA driver. Proceeding in CPU-only mode.
Warp CUDA warning: Could not find or load the NVIDIA CUDA driver. Proceeding in CPU-only mode.
Warp CUDA warning: Could not find or load the NVIDIA CUDA driver. Proceeding in CPU-only mode.
Warp CUDA warning: Could not find or load the NVIDIA CUDA driver. Proceeding in CPU-only mode.
Warp CUDA warning: Could not find or load the NVIDIA CUDA driver. Proceeding in CPU-only mode.
Warp CUDA warning: Could not find or load the NVIDIA CUDA driver. Proceeding in CPU-only mode.
Warp CUDA warning: Could not find or load the NVIDIA CUDA driver. Proceeding in CPU-only mode.
Warp CUDA warning: Could not find or load the NVIDIA CUDA driver. Proceeding in CPU-only mode.
Warp CUDA warning: Could not find or load the NVIDIA CUDA driver. Proceeding in CPU-only mode.
Warp CUDA warning: Could not find or load the NVIDIA CUDA driver. Proceeding in CPU-only mode.
Warp CUDA warning: Could not find or load the NVIDIA CUDA driver. Proceeding in CPU-only mode.
Warp CUDA warning: Could not find or load the NVIDIA CUDA driver. Proceeding in CPU-only mode.
Warp CUDA warning: Could not find or load the NVIDIA CUDA driver. Proceeding in CPU-only mode.
Warp CUDA warning: Could not find or load the NVIDIA CUDA driver. Proceeding in CPU-only mode.
Warp CUDA warning: Could not find or load the NVIDIA CUDA driver. Proceeding in CPU-only mode.
Warp CUDA warning: Could not find or load the NVIDIA CUDA driver. Proceeding in CPU-only mode.
Warp CUDA warning: Could not find or load the NVIDIA CUDA driver. Proceeding in CPU-only mode.
Warp CUDA warning: Could not find or load the NVIDIA CUDA driver. Proceeding in CPU-only mode.
Warp CUDA warning: Could not find or load the NVIDIA CUDA driver. Proceeding in CPU-only mode.
Warp CUDA warning: Could not find or load the NVIDIA CUDA driver. Proceeding in CPU-only mode.
Warp CUDA warning: Could not find or load the NVIDIA CUDA driver. Proceeding in CPU-only mode.
Warp CUDA warning: Could not find or load the NVIDIA CUDA driver. Proceeding in CPU-only mode.
Warp CUDA warning: Could not find or load the NVIDIA CUDA driver. Proceeding in CPU-only mode.
Warp CUDA warning: Could not find or load the NVIDIA CUDA driver. Proceeding in CPU-only mode.
Warp CUDA warning: Could not find or load the NVIDIA CUDA driver. Proceeding in CPU-only mode.
Warp CUDA warning: Could not find or load the NVIDIA CUDA driver. Proceeding in CPU-only mode.
Warp CUDA warning: Could not find or load the NVIDIA CUDA driver. Proceeding in CPU-only mode.
Warp CUDA warning: Could not find or load the NVIDIA CUDA driver. Proceeding in CPU-only mode.
Warp CUDA warning: Could not find or load the NVIDIA CUDA driver. Proceeding in CPU-only mode.
Warp CUDA warning: Could not find or load the NVIDIA CUDA driver. Proceeding in CPU-only mode.
==============================
*** Open Babel Warning  in PerceiveBondOrders
  Failed to kekulize aromatic bonds in OBMol::PerceiveBondOrders

Warp CUDA warning: Could not find or load the NVIDIA CUDA driver. Proceeding in CPU-only mode.
==============================
*** Open Babel Warning  in PerceiveBondOrders
  Failed to kekulize aromatic bonds in OBMol::PerceiveBondOrders

Warp CUDA warning: Could not find or load the NVIDIA CUDA driver. Proceeding in CPU-only mode.
==============================
*** Open Babel Warning  in PerceiveBondOrders
  Failed to kekulize aromatic bonds in OBMol::PerceiveBondOrders

Warp CUDA warning: Could not find or load the NVIDIA CUDA driver. Proceeding in CPU-only mode.
==============================
*** Open Babel Warning  in PerceiveBondOrders
  Failed to kekulize aromatic bonds in OBMol::PerceiveBondOrders

Warp CUDA warning: Could not find or load the NVIDIA CUDA driver. Proceeding in CPU-only mode.
==============================
*** Open Babel Warning  in PerceiveBondOrders
  Failed to kekulize aromatic bonds in OBMol::PerceiveBondOrders

Warp CUDA warning: Could not find or load the NVIDIA CUDA driver. Proceeding in CPU-only mode.
==============================
*** Open Babel Warning  in PerceiveBondOrders
  Failed to kekulize aromatic bonds in OBMol::PerceiveBondOrders

Warp CUDA warning: Could not find or load the NVIDIA CUDA driver. Proceeding in CPU-only mode.
==============================
*** Open Babel Warning  in PerceiveBondOrders
  Failed to kekulize aromatic bonds in OBMol::PerceiveBondOrders

Warp CUDA warning: Could not find or load the NVIDIA CUDA driver. Proceeding in CPU-only mode.
==============================
*** Open Babel Warning  in PerceiveBondOrders
  Failed to kekulize aromatic bonds in OBMol::PerceiveBondOrders

Warp CUDA warning: Could not find or load the NVIDIA CUDA driver. Proceeding in CPU-only mode.
==============================
*** Open Babel Warning  in PerceiveBondOrders
  Failed to kekulize aromatic bonds in OBMol::PerceiveBondOrders

Warp CUDA warning: Could not find or load the NVIDIA CUDA driver. Proceeding in CPU-only mode.
==============================
*** Open Babel Warning  in PerceiveBondOrders
  Failed to kekulize aromatic bonds in OBMol::PerceiveBondOrders

Warp CUDA warning: Could not find or load the NVIDIA CUDA driver. Proceeding in CPU-only mode.
==============================
*** Open Babel Warning  in PerceiveBondOrders
  Failed to kekulize aromatic bonds in OBMol::PerceiveBondOrders

Warp CUDA warning: Could not find or load the NVIDIA CUDA driver. Proceeding in CPU-only mode.
==============================
*** Open Babel Warning  in PerceiveBondOrders
  Failed to kekulize aromatic bonds in OBMol::PerceiveBondOrders

Warp CUDA warning: Could not find or load the NVIDIA CUDA driver. Proceeding in CPU-only mode.
==============================
*** Open Babel Warning  in PerceiveBondOrders
  Failed to kekulize aromatic bonds in OBMol::PerceiveBondOrders

Warp CUDA warning: Could not find or load the NVIDIA CUDA driver. Proceeding in CPU-only mode.
==============================
*** Open Babel Warning  in PerceiveBondOrders
  Failed to kekulize aromatic bonds in OBMol::PerceiveBondOrders

Warp CUDA warning: Could not find or load the NVIDIA CUDA driver. Proceeding in CPU-only mode.
==============================
*** Open Babel Warning  in PerceiveBondOrders
  Failed to kekulize aromatic bonds in OBMol::PerceiveBondOrders

Warp CUDA warning: Could not find or load the NVIDIA CUDA driver. Proceeding in CPU-only mode.
==============================
*** Open Babel Warning  in PerceiveBondOrders
  Failed to kekulize aromatic bonds in OBMol::PerceiveBondOrders

Warp CUDA warning: Could not find or load the NVIDIA CUDA driver. Proceeding in CPU-only mode.
==============================
*** Open Babel Warning  in PerceiveBondOrders
  Failed to kekulize aromatic bonds in OBMol::PerceiveBondOrders

Warp CUDA warning: Could not find or load the NVIDIA CUDA driver. Proceeding in CPU-only mode.
==============================
*** Open Babel Warning  in PerceiveBondOrders
  Failed to kekulize aromatic bonds in OBMol::PerceiveBondOrders

Warp CUDA warning: Could not find or load the NVIDIA CUDA driver. Proceeding in CPU-only mode.
==============================
*** Open Babel Warning  in PerceiveBondOrders
  Failed to kekulize aromatic bonds in OBMol::PerceiveBondOrders

Warp CUDA warning: Could not find or load the NVIDIA CUDA driver. Proceeding in CPU-only mode.
==============================
*** Open Babel Warning  in PerceiveBondOrders
  Failed to kekulize aromatic bonds in OBMol::PerceiveBondOrders

Warp CUDA warning: Could not find or load the NVIDIA CUDA driver. Proceeding in CPU-only mode.
==============================
*** Open Babel Warning  in PerceiveBondOrders
  Failed to kekulize aromatic bonds in OBMol::PerceiveBondOrders

Warp CUDA warning: Could not find or load the NVIDIA CUDA driver. Proceeding in CPU-only mode.
==============================
*** Open Babel Warning  in PerceiveBondOrders
  Failed to kekulize aromatic bonds in OBMol::PerceiveBondOrders

Warp CUDA warning: Could not find or load the NVIDIA CUDA driver. Proceeding in CPU-only mode.
==============================
*** Open Babel Warning  in PerceiveBondOrders
  Failed to kekulize aromatic bonds in OBMol::PerceiveBondOrders

Warp CUDA warning: Could not find or load the NVIDIA CUDA driver. Proceeding in CPU-only mode.
==============================
*** Open Babel Warning  in PerceiveBondOrders
  Failed to kekulize aromatic bonds in OBMol::PerceiveBondOrders

Warp CUDA warning: Could not find or load the NVIDIA CUDA driver. Proceeding in CPU-only mode.
==============================
*** Open Babel Warning  in PerceiveBondOrders
  Failed to kekulize aromatic bonds in OBMol::PerceiveBondOrders

Warp CUDA warning: Could not find or load the NVIDIA CUDA driver. Proceeding in CPU-only mode.
==============================
*** Open Babel Warning  in PerceiveBondOrders
  Failed to kekulize aromatic bonds in OBMol::PerceiveBondOrders

Warp CUDA warning: Could not find or load the NVIDIA CUDA driver. Proceeding in CPU-only mode.
==============================
*** Open Babel Warning  in PerceiveBondOrders
  Failed to kekulize aromatic bonds in OBMol::PerceiveBondOrders

Warp CUDA warning: Could not find or load the NVIDIA CUDA driver. Proceeding in CPU-only mode.
==============================
*** Open Babel Warning  in PerceiveBondOrders
  Failed to kekulize aromatic bonds in OBMol::PerceiveBondOrders

Warp CUDA warning: Could not find or load the NVIDIA CUDA driver. Proceeding in CPU-only mode.
==============================
*** Open Babel Warning  in PerceiveBondOrders
  Failed to kekulize aromatic bonds in OBMol::PerceiveBondOrders

Warp CUDA warning: Could not find or load the NVIDIA CUDA driver. Proceeding in CPU-only mode.
==============================
*** Open Babel Warning  in PerceiveBondOrders
  Failed to kekulize aromatic bonds in OBMol::PerceiveBondOrders

Warp CUDA warning: Could not find or load the NVIDIA CUDA driver. Proceeding in CPU-only mode.
Warp CUDA warning: Could not find or load the NVIDIA CUDA driver. Proceeding in CPU-only mode.
Warp CUDA warning: Could not find or load the NVIDIA CUDA driver. Proceeding in CPU-only mode.
Warp CUDA warning: Could not find or load the NVIDIA CUDA driver. Proceeding in CPU-only mode.
Warp CUDA warning: Could not find or load the NVIDIA CUDA driver. Proceeding in CPU-only mode.
Warp CUDA warning: Could not find or load the NVIDIA CUDA driver. Proceeding in CPU-only mode.
Warp CUDA warning: Could not find or load the NVIDIA CUDA driver. Proceeding in CPU-only mode.
Warp CUDA warning: Could not find or load the NVIDIA CUDA driver. Proceeding in CPU-only mode.
Warp CUDA warning: Could not find or load the NVIDIA CUDA driver. Proceeding in CPU-only mode.
Warp CUDA warning: Could not find or load the NVIDIA CUDA driver. Proceeding in CPU-only mode.
Warp CUDA warning: Could not find or load the NVIDIA CUDA driver. Proceeding in CPU-only mode.
Warp CUDA warning: Could not find or load the NVIDIA CUDA driver. Proceeding in CPU-only mode.
Warp CUDA warning: Could not find or load the NVIDIA CUDA driver. Proceeding in CPU-only mode.
Warp CUDA warning: Could not find or load the NVIDIA CUDA driver. Proceeding in CPU-only mode.
Warp CUDA warning: Could not find or load the NVIDIA CUDA driver. Proceeding in CPU-only mode.
Warp CUDA warning: Could not find or load the NVIDIA CUDA driver. Proceeding in CPU-only mode.
Warp CUDA warning: Could not find or load the NVIDIA CUDA driver. Proceeding in CPU-only mode.
Warp CUDA warning: Could not find or load the NVIDIA CUDA driver. Proceeding in CPU-only mode.
Warp CUDA warning: Could not find or load the NVIDIA CUDA driver. Proceeding in CPU-only mode.
Warp CUDA warning: Could not find or load the NVIDIA CUDA driver. Proceeding in CPU-only mode.
Warp CUDA warning: Could not find or load the NVIDIA CUDA driver. Proceeding in CPU-only mode.
Warp CUDA warning: Could not find or load the NVIDIA CUDA driver. Proceeding in CPU-only mode.
Warp CUDA warning: Could not find or load the NVIDIA CUDA driver. Proceeding in CPU-only mode.
Warp CUDA warning: Could not find or load the NVIDIA CUDA driver. Proceeding in CPU-only mode.
Warp CUDA warning: Could not find or load the NVIDIA CUDA driver. Proceeding in CPU-only mode.
Warp CUDA warning: Could not find or load the NVIDIA CUDA driver. Proceeding in CPU-only mode.
Warp CUDA warning: Could not find or load the NVIDIA CUDA driver. Proceeding in CPU-only mode.
Warp CUDA warning: Could not find or load the NVIDIA CUDA driver. Proceeding in CPU-only mode.
Warp CUDA warning: Could not find or load the NVIDIA CUDA driver. Proceeding in CPU-only mode.
Warp CUDA warning: Could not find or load the NVIDIA CUDA driver. Proceeding in CPU-only mode.
Warp CUDA warning: Could not find or load the NVIDIA CUDA driver. Proceeding in CPU-only mode.
Warp CUDA warning: Could not find or load the NVIDIA CUDA driver. Proceeding in CPU-only mode.
Warp CUDA warning: Could not find or load the NVIDIA CUDA driver. Proceeding in CPU-only mode.
Warp CUDA warning: Could not find or load the NVIDIA CUDA driver. Proceeding in CPU-only mode.
Warp CUDA warning: Could not find or load the NVIDIA CUDA driver. Proceeding in CPU-only mode.
Warp CUDA warning: Could not find or load the NVIDIA CUDA driver. Proceeding in CPU-only mode.
Warp CUDA warning: Could not find or load the NVIDIA CUDA driver. Proceeding in CPU-only mode.
Warp CUDA warning: Could not find or load the NVIDIA CUDA driver. Proceeding in CPU-only mode.
Warp CUDA warning: Could not find or load the NVIDIA CUDA driver. Proceeding in CPU-only mode.
Warp CUDA warning: Could not find or load the NVIDIA CUDA driver. Proceeding in CPU-only mode.
Warp CUDA warning: Could not find or load the NVIDIA CUDA driver. Proceeding in CPU-only mode.
Warp CUDA warning: Could not find or load the NVIDIA CUDA driver. Proceeding in CPU-only mode.
Warp CUDA warning: Could not find or load the NVIDIA CUDA driver. Proceeding in CPU-only mode.
Warp CUDA warning: Could not find or load the NVIDIA CUDA driver. Proceeding in CPU-only mode.
Warp CUDA warning: Could not find or load the NVIDIA CUDA driver. Proceeding in CPU-only mode.
Warp CUDA warning: Could not find or load the NVIDIA CUDA driver. Proceeding in CPU-only mode.
Warp CUDA warning: Could not find or load the NVIDIA CUDA driver. Proceeding in CPU-only mode.
Warp CUDA warning: Could not find or load the NVIDIA CUDA driver. Proceeding in CPU-only mode.
Warp CUDA warning: Could not find or load the NVIDIA CUDA driver. Proceeding in CPU-only mode.
Warp CUDA warning: Could not find or load the NVIDIA CUDA driver. Proceeding in CPU-only mode.
Warp CUDA warning: Could not find or load the NVIDIA CUDA driver. Proceeding in CPU-only mode.
Warp CUDA warning: Could not find or load the NVIDIA CUDA driver. Proceeding in CPU-only mode.
Warp CUDA warning: Could not find or load the NVIDIA CUDA driver. Proceeding in CPU-only mode.
Warp CUDA warning: Could not find or load the NVIDIA CUDA driver. Proceeding in CPU-only mode.
Warp CUDA warning: Could not find or load the NVIDIA CUDA driver. Proceeding in CPU-only mode.
==============================
*** Open Babel Warning  in PerceiveBondOrders
  Failed to kekulize aromatic bonds in OBMol::PerceiveBondOrders

Warp CUDA warning: Could not find or load the NVIDIA CUDA driver. Proceeding in CPU-only mode.
Warp CUDA warning: Could not find or load the NVIDIA CUDA driver. Proceeding in CPU-only mode.
Warp CUDA warning: Could not find or load the NVIDIA CUDA driver. Proceeding in CPU-only mode.
Warp CUDA warning: Could not find or load the NVIDIA CUDA driver. Proceeding in CPU-only mode.
Warp CUDA warning: Could not find or load the NVIDIA CUDA driver. Proceeding in CPU-only mode.
==============================
*** Open Babel Warning  in PerceiveBondOrders
  Failed to kekulize aromatic bonds in OBMol::PerceiveBondOrders

Warp CUDA warning: Could not find or load the NVIDIA CUDA driver. Proceeding in CPU-only mode.
==============================
*** Open Babel Warning  in PerceiveBondOrders
  Failed to kekulize aromatic bonds in OBMol::PerceiveBondOrders

Warp CUDA warning: Could not find or load the NVIDIA CUDA driver. Proceeding in CPU-only mode.
==============================
*** Open Babel Warning  in PerceiveBondOrders
  Failed to kekulize aromatic bonds in OBMol::PerceiveBondOrders

Warp CUDA warning: Could not find or load the NVIDIA CUDA driver. Proceeding in CPU-only mode.
Warp CUDA warning: Could not find or load the NVIDIA CUDA driver. Proceeding in CPU-only mode.
Warp CUDA warning: Could not find or load the NVIDIA CUDA driver. Proceeding in CPU-only mode.
Warp CUDA warning: Could not find or load the NVIDIA CUDA driver. Proceeding in CPU-only mode.
Warp CUDA warning: Could not find or load the NVIDIA CUDA driver. Proceeding in CPU-only mode.
Warp CUDA warning: Could not find or load the NVIDIA CUDA driver. Proceeding in CPU-only mode.
Warp CUDA warning: Could not find or load the NVIDIA CUDA driver. Proceeding in CPU-only mode.
Warp CUDA warning: Could not find or load the NVIDIA CUDA driver. Proceeding in CPU-only mode.
Warp CUDA warning: Could not find or load the NVIDIA CUDA driver. Proceeding in CPU-only mode.
Warp CUDA warning: Could not find or load the NVIDIA CUDA driver. Proceeding in CPU-only mode.
Warp CUDA warning: Could not find or load the NVIDIA CUDA driver. Proceeding in CPU-only mode.
Warp CUDA warning: Could not find or load the NVIDIA CUDA driver. Proceeding in CPU-only mode.
Warp CUDA warning: Could not find or load the NVIDIA CUDA driver. Proceeding in CPU-only mode.
Warp CUDA warning: Could not find or load the NVIDIA CUDA driver. Proceeding in CPU-only mode.
Warp CUDA warning: Could not find or load the NVIDIA CUDA driver. Proceeding in CPU-only mode.
Warp CUDA warning: Could not find or load the NVIDIA CUDA driver. Proceeding in CPU-only mode.
Warp CUDA warning: Could not find or load the NVIDIA CUDA driver. Proceeding in CPU-only mode.
Warp CUDA warning: Could not find or load the NVIDIA CUDA driver. Proceeding in CPU-only mode.
Warp CUDA warning: Could not find or load the NVIDIA CUDA driver. Proceeding in CPU-only mode.
Warp CUDA warning: Could not find or load the NVIDIA CUDA driver. Proceeding in CPU-only mode.
Warp CUDA warning: Could not find or load the NVIDIA CUDA driver. Proceeding in CPU-only mode.
Warp CUDA warning: Could not find or load the NVIDIA CUDA driver. Proceeding in CPU-only mode.
Warp CUDA warning: Could not find or load the NVIDIA CUDA driver. Proceeding in CPU-only mode.
Warp CUDA warning: Could not find or load the NVIDIA CUDA driver. Proceeding in CPU-only mode.
Warp CUDA warning: Could not find or load the NVIDIA CUDA driver. Proceeding in CPU-only mode.
Warp CUDA warning: Could not find or load the NVIDIA CUDA driver. Proceeding in CPU-only mode.
Warp CUDA warning: Could not find or load the NVIDIA CUDA driver. Proceeding in CPU-only mode.
Warp CUDA warning: Could not find or load the NVIDIA CUDA driver. Proceeding in CPU-only mode.
Warp CUDA warning: Could not find or load the NVIDIA CUDA driver. Proceeding in CPU-only mode.
Warp CUDA warning: Could not find or load the NVIDIA CUDA driver. Proceeding in CPU-only mode.
Warp CUDA warning: Could not find or load the NVIDIA CUDA driver. Proceeding in CPU-only mode.
Warp CUDA warning: Could not find or load the NVIDIA CUDA driver. Proceeding in CPU-only mode.
Warp CUDA warning: Could not find or load the NVIDIA CUDA driver. Proceeding in CPU-only mode.
Warp CUDA warning: Could not find or load the NVIDIA CUDA driver. Proceeding in CPU-only mode.
Warp CUDA warning: Could not find or load the NVIDIA CUDA driver. Proceeding in CPU-only mode.
Warp CUDA warning: Could not find or load the NVIDIA CUDA driver. Proceeding in CPU-only mode.
Warp CUDA warning: Could not find or load the NVIDIA CUDA driver. Proceeding in CPU-only mode.
Warp CUDA warning: Could not find or load the NVIDIA CUDA driver. Proceeding in CPU-only mode.
Warp CUDA warning: Could not find or load the NVIDIA CUDA driver. Proceeding in CPU-only mode.
Warp CUDA warning: Could not find or load the NVIDIA CUDA driver. Proceeding in CPU-only mode.
Warp CUDA warning: Could not find or load the NVIDIA CUDA driver. Proceeding in CPU-only mode.
Warp CUDA warning: Could not find or load the NVIDIA CUDA driver. Proceeding in CPU-only mode.
Warp CUDA warning: Could not find or load the NVIDIA CUDA driver. Proceeding in CPU-only mode.
Warp CUDA warning: Could not find or load the NVIDIA CUDA driver. Proceeding in CPU-only mode.
Warp CUDA warning: Could not find or load the NVIDIA CUDA driver. Proceeding in CPU-only mode.
Warp CUDA warning: Could not find or load the NVIDIA CUDA driver. Proceeding in CPU-only mode.
Warp CUDA warning: Could not find or load the NVIDIA CUDA driver. Proceeding in CPU-only mode.
Warp CUDA warning: Could not find or load the NVIDIA CUDA driver. Proceeding in CPU-only mode.
Warp CUDA warning: Could not find or load the NVIDIA CUDA driver. Proceeding in CPU-only mode.
Warp CUDA warning: Could not find or load the NVIDIA CUDA driver. Proceeding in CPU-only mode.
Warp CUDA warning: Could not find or load the NVIDIA CUDA driver. Proceeding in CPU-only mode.
Warp CUDA warning: Could not find or load the NVIDIA CUDA driver. Proceeding in CPU-only mode.
Warp CUDA warning: Could not find or load the NVIDIA CUDA driver. Proceeding in CPU-only mode.
Warp CUDA warning: Could not find or load the NVIDIA CUDA driver. Proceeding in CPU-only mode.
Warp CUDA warning: Could not find or load the NVIDIA CUDA driver. Proceeding in CPU-only mode.
Warp CUDA warning: Could not find or load the NVIDIA CUDA driver. Proceeding in CPU-only mode.
Warp CUDA warning: Could not find or load the NVIDIA CUDA driver. Proceeding in CPU-only mode.
Warp CUDA warning: Could not find or load the NVIDIA CUDA driver. Proceeding in CPU-only mode.
Warp CUDA warning: Could not find or load the NVIDIA CUDA driver. Proceeding in CPU-only mode.
Warp CUDA warning: Could not find or load the NVIDIA CUDA driver. Proceeding in CPU-only mode.
Warp CUDA warning: Could not find or load the NVIDIA CUDA driver. Proceeding in CPU-only mode.
Warp CUDA warning: Could not find or load the NVIDIA CUDA driver. Proceeding in CPU-only mode.
Warp CUDA warning: Could not find or load the NVIDIA CUDA driver. Proceeding in CPU-only mode.
Warp CUDA warning: Could not find or load the NVIDIA CUDA driver. Proceeding in CPU-only mode.
Warp CUDA warning: Could not find or load the NVIDIA CUDA driver. Proceeding in CPU-only mode.
Warp CUDA warning: Could not find or load the NVIDIA CUDA driver. Proceeding in CPU-only mode.
Warp CUDA warning: Could not find or load the NVIDIA CUDA driver. Proceeding in CPU-only mode.
Warp CUDA warning: Could not find or load the NVIDIA CUDA driver. Proceeding in CPU-only mode.
Warp CUDA warning: Could not find or load the NVIDIA CUDA driver. Proceeding in CPU-only mode.
Warp CUDA warning: Could not find or load the NVIDIA CUDA driver. Proceeding in CPU-only mode.
Warp CUDA warning: Could not find or load the NVIDIA CUDA driver. Proceeding in CPU-only mode.
Warp CUDA warning: Could not find or load the NVIDIA CUDA driver. Proceeding in CPU-only mode.
Warp CUDA warning: Could not find or load the NVIDIA CUDA driver. Proceeding in CPU-only mode.
Warp CUDA warning: Could not find or load the NVIDIA CUDA driver. Proceeding in CPU-only mode.
==========================================================================================
name                                             E      Eref     error  error(%)
------------------------------------------------------------------------------------------
002-HIV-PR / 1HSG                         -128.361  -159.436    31.074    19.490
002-HIV-PR / 1HXW                         -127.699  -164.946    37.248    22.582
002-HIV-PR / 1IZH                         -143.870  -185.506    41.636    22.444
002-HIV-PR / 1T3R                         -113.689  -142.718    29.029    20.340
002-HIV-PR / 2Q54                         -116.407  -148.952    32.545    21.849
002-HIV-PR / 2Q55                         -125.313  -158.114    32.802    20.745
002-HIV-PR / 2Q5K                         -118.261  -154.373    36.112    23.393
002-HIV-PR / 3EKX                         -120.076  -147.017    26.941    18.325
002-HIV-PR / 3EL1                         -133.992  -172.163    38.170    22.171
002-HIV-PR / 3NU3                         -109.019  -134.550    25.531    18.975
002-HIV-PR / 3OXC                         -142.238  -168.252    26.014    15.461
002-HIV-PR / 5HVP                         -148.009  -177.938    29.929    16.820
002-HIV-PR / model13a                     -124.700  -156.858    32.158    20.501
002-HIV-PR / model13c                     -118.350  -149.031    30.681    20.587
002-HIV-PR / model13d                     -118.551  -150.288    31.737    21.117
002-HIV-PR / model16a                     -120.627  -148.081    27.454    18.540
002-HIV-PR / model16e                     -111.512  -141.468    29.956    21.175
002-HIV-PR / model16f                     -122.173  -150.523    28.351    18.835
002-HIV-PR / model22a                     -123.074  -147.097    24.023    16.331
002-HIV-PR / model22d                     -124.309  -151.568    27.259    17.985
002-HIV-PR / model23a                     -115.009  -140.381    25.372    18.073
002-HIV-PR / model25d                     -119.806  -147.422    27.616    18.733
003-CK2 / 1F0Q                             -33.017   -41.139     8.122    19.743
003-CK2 / 1J91                             -33.446   -38.947     5.501    14.125
003-CK2 / 1M2P                             -40.240   -45.809     5.569    12.157
003-CK2 / 1M2Q                             -40.178   -49.296     9.118    18.495
003-CK2 / 1M2R                             -35.685   -51.230    15.545    30.343
003-CK2 / 1ZOE                             -34.069   -45.791    11.722    25.599
003-CK2 / 1ZOG                             -33.574   -42.556     8.982    21.106
003-CK2 / 1ZOH                             -42.822   -51.919     9.097    17.521
003-CK2 / 2OXD                             -30.549   -38.405     7.856    20.456
003-CK2 / 2OXX                             -36.404   -42.194     5.790    13.722
003-CK2 / 2OXY                             -26.471   -36.497    10.026    27.470
003-CK2 / 3KXG                             -34.486   -42.526     8.040    18.906
003-CK2 / 3KXH                            -118.252  -134.643    16.391    12.173
003-CK2 / 3KXM                             -49.085   -58.057     8.971    15.453
003-CK2 / 3KXN                             -40.117   -35.022    -5.095   -14.548
003-CK2 / 3PVG                             -66.184   -75.017     8.833    11.775
004-AR / 1US0                              -95.350  -116.681    21.331    18.281
004-AR / 2IKG                             -108.668  -135.387    26.719    19.735
004-AR / 2IKH                              -93.786  -121.544    27.758    22.838
004-AR / 2IKI                              -99.274  -122.467    23.193    18.938
004-AR / 2IKJ                             -105.036  -125.206    20.170    16.110
004-AR / 4LAU                             -105.736  -123.618    17.882    14.466
004-AR / 4LAZ                             -107.384  -129.806    22.422    17.273
004-AR / 4LB3                             -102.144  -130.783    28.639    21.898
004-AR / 4LB4                              -97.477  -126.052    28.575    22.669
004-AR / 4LBR                              -99.672  -133.005    33.333    25.062
004-AR / 4LBS                             -100.035  -126.029    25.994    20.625
004-AR / 4QXI                             -107.289  -134.458    27.169    20.207
004-AR / 4XZH                             -102.945  -127.370    24.425    19.177
004-AR / 4XZI                             -110.198  -124.183    13.985    11.261
005-Cath-D / 6QBG                         -115.413  -141.732    26.319    18.570
005-Cath-D / 6QBH                         -110.949  -134.751    23.802    17.664
005-Cath-D / 6QCB                         -112.651  -138.797    26.146    18.837
005-Cath-D / model08                      -110.012  -134.845    24.832    18.416
005-Cath-D / model22                      -113.244  -139.915    26.671    19.063
005-Cath-D / model24                      -108.084  -133.666    25.582    19.139
005-Cath-D / model25                      -120.853  -149.974    29.121    19.417
005-Cath-D / model31                      -111.015  -136.938    25.922    18.930
005-Cath-D / model35                      -111.908  -137.815    25.906    18.798
005-Cath-D / model36                       -90.692  -112.987    22.295    19.733
006-BACE1 / 5QCO                           -31.919   -52.470    20.550    39.166
006-BACE1 / 5QCP                           -27.579   -53.010    25.431    47.974
006-BACE1 / 5QCR                          -110.164  -132.453    22.289    16.828
006-BACE1 / 5QCT                          -111.641  -138.476    26.835    19.379
006-BACE1 / 5QCU                          -111.692  -134.121    22.429    16.723
006-BACE1 / 5QCV                           -23.533   -43.669    20.136    46.110
006-BACE1 / 5QCX                           -27.814   -47.485    19.671    41.426
006-BACE1 / 5QCY                           -44.995   -63.325    18.329    28.945
006-BACE1 / 5QCZ                           -14.507   -42.338    27.831    65.736
006-BACE1 / 5QD0                           -34.347   -51.837    17.490    33.740
006-BACE1 / 5QD1                           -22.590   -45.141    22.551    49.957
006-BACE1 / 5QD2                           -21.780   -47.054    25.274    53.713
006-BACE1 / 5QD3                           -21.838   -45.228    23.390    51.716
006-BACE1 / 5QD5                           -24.880   -48.822    23.942    49.040
006-BACE1 / 5QD9                           -36.208   -56.152    19.944    35.519
006-BACE1 / 5QDA                           -21.249   -46.774    25.526    54.572
007-JAK1 / 4E4L                            -72.648   -85.629    12.981    15.159
007-JAK1 / 4E4N                            -70.876   -90.019    19.144    21.266
007-JAK1 / 4E5W                            -95.599  -112.641    17.043    15.130
007-JAK1 / 4EHZ                           -133.531  -146.744    13.213     9.004
007-JAK1 / 4EI4                            -62.094   -81.834    19.740    24.122
007-JAK1 / 4FK6                            -85.500  -104.602    19.103    18.262
007-JAK1 / 4I5C                            -69.543   -88.563    19.020    21.476
007-JAK1 / 4IVB                            -65.246   -87.282    22.036    25.247
007-JAK1 / 4IVC                            -78.241  -104.103    25.861    24.842
007-JAK1 / 4IVD                            -80.077  -107.100    27.024    25.232
007-JAK1 / 4K6Z                            -70.809   -92.596    21.787    23.529
007-JAK1 / 4K77                            -49.475   -64.250    14.774    22.995
008-Trypsin / 1K1I                        -174.990  -199.042    24.051    12.084
008-Trypsin / 1K1J                        -171.973  -197.068    25.095    12.734
008-Trypsin / 1K1L                        -169.002  -194.468    25.466    13.095
008-Trypsin / 1K1M                        -170.881  -194.773    23.892    12.267
008-Trypsin / 1K1N                        -116.233  -146.330    30.097    20.568
008-Trypsin / 2ZHD                        -204.365  -223.671    19.305     8.631
008-Trypsin / 2ZQ2                        -198.852  -222.638    23.786    10.684
008-Trypsin / 3LJJ                        -199.522  -220.327    20.806     9.443
008-Trypsin / 3LJO                        -200.147  -218.065    17.918     8.217
008-Trypsin / 5MNG                        -125.756  -140.649    14.893    10.589
008-Trypsin / 5MO2                        -120.677  -133.110    12.433     9.341
008-Trypsin / 6SY3                        -174.330  -188.975    14.645     7.749
008-Trypsin / 6T0M                        -203.497  -221.793    18.296     8.249
008-Trypsin / 6T0P                        -204.581  -222.309    17.728     7.974
008-Trypsin / 6T5W                        -192.073  -203.253    11.180     5.501
009-CDK2 / 3QQK                            -47.045   -61.680    14.635    23.728
009-CDK2 / 3QTQ                            -57.515   -72.420    14.905    20.582
009-CDK2 / 3QTR                            -53.647   -68.080    14.433    21.200
009-CDK2 / 3QTS                            -61.710   -74.760    13.050    17.456
009-CDK2 / 3QTU                           -120.669  -136.080    15.411    11.325
009-CDK2 / 3QTW                            -65.418   -79.690    14.272    17.910
009-CDK2 / 3QTX                            -93.348  -110.260    16.912    15.338
009-CDK2 / 3QTZ                            -83.654  -101.400    17.746    17.501
009-CDK2 / 3QU0                            -95.151  -108.200    13.049    12.060
009-CDK2 / 3QXP                            -97.269  -112.610    15.341    13.623
009-CDK2 / 3R8U                            -55.978   -69.770    13.792    19.768
009-CDK2 / 3R8V                            -51.461   -64.550    13.089    20.277
009-CDK2 / 3R8Z                            -42.648   -55.730    13.082    23.474
009-CDK2 / 3R9D                           -100.132  -112.600    12.468    11.072
009-CDK2 / 3R9N                            -56.198   -68.240    12.042    17.647
009-CDK2 / 3RAH                            -61.835   -74.470    12.635    16.967
009-CDK2 / 3RAK                            -83.080   -97.000    13.920    14.350
009-CDK2 / 3RAL                            -91.222  -105.740    14.518    13.730
009-CDK2 / 3RJC                            -53.809   -67.770    13.961    20.600
009-CDK2 / 3RK5                           -140.069  -146.140     6.071     4.154
009-CDK2 / 3RK7                            -80.973   -92.550    11.577    12.509
009-CDK2 / 3RK9                            -57.611   -72.320    14.709    20.339
009-CDK2 / 3RKB                            -57.864   -72.210    14.346    19.868
009-CDK2 / 3RMF                            -93.898  -103.770     9.872     9.513
009-CDK2 / 3RNI                            -85.844   -95.570     9.726    10.177
009-CDK2 / 3RPV                            -92.199  -105.500    13.301    12.607
009-CDK2 / 3RPY                            -74.151   -84.740    10.589    12.496
009-CDK2 / 3S00                            -49.874   -64.690    14.816    22.903
009-CDK2 / 3S0O                            -50.035   -64.210    14.175    22.076
009-CDK2 / 3S1H                            -89.389  -103.980    14.591    14.032
009-CDK2 / 3SQQ                            -88.690  -101.630    12.940    12.732
==========================================================================================
RMSE               21.490   kcal/mol
MUE                20.025   kcal/mol
------------------------------------------------------------------------------------------
MSE                19.950   kcal/mol
min                -5.095   kcal/mol
max                41.636   kcal/mol
range              46.730   kcal/mol
min abs             5.095   kcal/mol
max abs            41.636   kcal/mol
==========================================================================================
RMSE               22.527   %
MUE                20.155   %
MSE                19.941   %
min               -14.548   %
max                65.736   %
range              80.283   %
min abs             4.154   %
max abs            65.736   %
------------------------------------------------------------------------------------------
RMSE/|avg|         19.162   %
MUE/|avg|          17.856   %
==========================================================================================
Statistics for groups:
001-CA2        (0)  RMSE        NaN   MSE         NaN   kcal/mol
002-HIV-PR     (22) RMSE     30.851   MSE      30.529   kcal/mol
003-CK2        (16) RMSE      9.573   MSE       8.404   kcal/mol
004-AR         (14) RMSE     24.872   MSE      24.400   kcal/mol
005-Cath-D     (10) RMSE     25.717   MSE      25.660   kcal/mol
006-BACE1      (16) RMSE     22.797   MSE      22.601   kcal/mol
007-JAK1       (12) RMSE     19.778   MSE      19.310   kcal/mol
008-Trypsin    (15) RMSE     20.641   MSE      19.973   kcal/mol
009-CDK2       (31) RMSE     13.595   MSE      13.418   kcal/mol
010-MMP12      (0)  RMSE        NaN   MSE         NaN   kcal/mol
--------------------------------------------------------------------------------
001-CA2        RMSE/|avg|     NaN %
002-HIV-PR     RMSE/|avg|     19.98 %
003-CK2        RMSE/|avg|     18.48 %
004-AR         RMSE/|avg|     19.60 %
005-Cath-D     RMSE/|avg|     18.89 %
006-BACE1      RMSE/|avg|     34.79 %
007-JAK1       RMSE/|avg|     20.37 %
008-Trypsin    RMSE/|avg|     10.58 %
009-CDK2       RMSE/|avg|     15.33 %
010-MMP12      RMSE/|avg|     NaN %
==========================================================================================

