        _______  
       /\______\ 
      / /      / 
     / / Cuby /   Dataset calculation
     \/______/   
                 
==========================================================================================
name                                             E      Eref     error  error(%)
------------------------------------------------------------------------------------------
01 10GS                                    -94.816   -67.969   -26.847   -39.499
03 2FVD                                    -47.319   -46.282    -1.037    -2.241
04 2OBF                                    -95.941   -65.540   -30.401   -46.386
07 2VW5                                    -48.506   -59.023    10.517    17.818
09 2YKI                                    -55.403   -64.979     9.576    14.737
10 2ZX6                                   -111.092   -71.156   -39.936   -56.125
11 3G0W                                    -43.849   -53.069     9.220    17.373
13 3NOX                                   -113.490   -54.359   -59.131  -108.779
14 3PE2                                    -66.976   -52.648   -14.328   -27.215
==========================================================================================
RMSE               28.343   kcal/mol
MUE                22.333   kcal/mol
------------------------------------------------------------------------------------------
MSE               -15.819   kcal/mol
min               -59.131   kcal/mol
max                10.517   kcal/mol
range              69.648   kcal/mol
min abs             1.037   kcal/mol
max abs            59.131   kcal/mol
==========================================================================================
RMSE               47.466   %
MUE                36.686   %
MSE               -25.591   %
min              -108.779   %
max                17.818   %
range             126.597   %
min abs             2.241   %
max abs           108.779   %
------------------------------------------------------------------------------------------
RMSE/|avg|         47.678   %
MUE/|avg|          37.567   %
==========================================================================================

