        _______  
       /\______\ 
      / /      / 
     / / Cuby /   Dataset calculation
     \/______/   
                 
==========================================================================================
name                                             E      Eref     error  error(%)
------------------------------------------------------------------------------------------
01 10GS_01_bbn                              -2.191    -2.184    -0.007    -0.325
02 10GS_02_bbn                               0.036    -0.132     0.168   127.505
03 10GS_03_bbn                               0.655     0.428     0.227    53.077
04 10GS_04_bbn                               6.450     4.504     1.946    43.217
05 10GS_05_bbn                             -11.816   -11.437    -0.379    -3.313
06 10GS_06_pro                              -7.292    -6.883    -0.409    -5.936
07 10GS_07_bbn                              -5.945    -6.112     0.167     2.731
08 10GS_08_bbn                             -14.368   -14.282    -0.086    -0.601
09 10GS_09_bbn                              -4.428    -4.063    -0.365    -8.990
10 10GS_10_bbn                              -3.960    -3.957    -0.003    -0.085
11 10GS_11_bbn                              -0.775    -0.762    -0.013    -1.731
12 10GS_12_tyr                              -6.784    -7.821     1.037    13.258
13 10GS_13_phe                              -5.523    -5.857     0.334     5.699
14 10GS_14_val                              -1.384    -1.308    -0.076    -5.826
15 10GS_15_arg                             -53.031   -53.819     0.788     1.464
16 10GS_16_val                              -0.631    -0.618    -0.013    -2.023
17 10GS_17_trp                             -19.113   -19.558     0.445     2.276
18 10GS_18_lys                             -85.979   -89.344     3.365     3.767
19 10GS_19_gln                             -33.753   -32.038    -1.715    -5.353
20 10GS_20_leu                              -0.651    -1.287     0.636    49.432
21 10GS_21_gln                             -12.915   -10.897    -2.018   -18.522
22 10GS_22_ser                             -11.836   -11.270    -0.566    -5.021
23 10GS_23_tyr                              -1.327    -1.617     0.290    17.933
24 10GS_24_asp                              19.573    19.608    -0.035    -0.176
25 10GS_25_asp                             -16.781   -14.741    -2.040   -13.836
26 2CET_01_bbn                               0.179     0.231    -0.052   -22.349
27 2CET_02_bbn                              -0.670    -0.814     0.144    17.731
28 2CET_03_ala                              -0.326    -0.260    -0.066   -25.571
29 2CET_04_gln                             -10.201    -9.867    -0.334    -3.381
30 2CET_05_arg                              34.963    34.922     0.041     0.116
31 2CET_06_hie                              -3.309    -1.059    -2.250  -212.451
32 2CET_07_trp                              -3.745    -5.045     1.300    25.776
33 2CET_08_asn                              -4.330    -2.421    -1.909   -78.869
34 2CET_09_glu                            -101.940  -103.150     1.210     1.173
35 2CET_10_val                              -2.169    -2.021    -0.148    -7.313
36 2CET_11_val                              -0.691    -0.645    -0.046    -7.185
37 2CET_12_hie                               0.910    -0.152     1.062   698.868
38 2CET_13_asn                              -0.153    -0.471     0.318    67.580
39 2CET_14_asn                               4.023     3.300     0.723    21.895
40 2CET_15_tyr                              -7.373    -6.712    -0.661    -9.852
41 2CET_16_met                              -0.657    -0.626    -0.031    -4.913
42 2CET_17_trp                              -5.212    -4.775    -0.437    -9.143
43 2CET_18_glu                             -92.517   -92.916     0.399     0.429
44 2CET_19_trp                              -9.216    -9.608     0.392     4.082
45 2CET_20_asn                               0.135     0.300    -0.165   -55.062
46 2CET_21_glu                            -106.061  -110.346     4.285     3.883
47 2CET_22_trp                              -3.726    -2.321    -1.405   -60.520
48 2CET_23_phe                              -5.376    -5.529     0.153     2.774
49 2FVD_01_bbn                              -1.027    -1.071     0.044     4.064
50 2FVD_02_bbn                              -1.071    -0.993    -0.078    -7.856
51 2FVD_03_bbn                              -0.693    -0.802     0.109    13.632
52 2FVD_04_bbn                              -0.855    -0.422    -0.433  -102.708
53 2FVD_05_bbn                              -6.422    -5.863    -0.559    -9.537
54 2FVD_06_bbn                              -3.659    -3.338    -0.321    -9.622
55 2FVD_07_bbn                              -8.773    -8.131    -0.642    -7.896
56 2FVD_08_bbn                              -1.483    -2.300     0.817    35.530
57 2FVD_09_bbn                              -8.859    -7.877    -0.982   -12.460
58 2FVD_10_bbn                               2.455     1.604     0.851    53.044
59 2FVD_11_bbn                              -1.612    -1.444    -0.168   -11.648
60 2FVD_12_bbn                               0.465     0.235     0.230    97.848
61 2FVD_13_bbn                              -4.040    -3.477    -0.563   -16.180
62 2FVD_14_bbn                               0.461     0.073     0.388   530.930
63 2FVD_15_bbn                              -0.155    -0.301     0.146    48.411
64 2FVD_16_bbn                              -3.115    -3.018    -0.097    -3.199
65 2FVD_17_ile                              -3.390    -3.780     0.390    10.310
66 2FVD_18_val                              -2.393    -2.692     0.299    11.116
67 2FVD_19_ala                              -2.425    -1.773    -0.652   -36.768
68 2FVD_20_lys                              -3.490    -5.495     2.005    36.483
69 2FVD_21_val                              -0.900    -1.148     0.248    21.635
70 2FVD_22_phe                              -1.240    -2.355     1.115    47.361
71 2FVD_23_glu                              -0.622    -1.405     0.783    55.712
72 2FVD_24_phe                              -3.132    -3.086    -0.046    -1.489
73 2FVD_25_leu                              -1.006    -1.099     0.093     8.454
74 2FVD_26_hie                              -0.538    -0.527    -0.011    -2.079
75 2FVD_27_gln                              -4.091    -3.566    -0.525   -14.728
76 2FVD_28_asp                              -9.622    -9.816     0.194     1.978
77 2FVD_29_lys                             -21.566   -18.966    -2.600   -13.710
78 2FVD_30_asn                              -5.081    -4.527    -0.554   -12.232
79 2FVD_31_leu                              -4.985    -4.344    -0.641   -14.761
80 2FVD_32_ala                              -0.762    -1.161     0.399    34.364
81 2FVD_33_asp                              -9.127    -9.472     0.345     3.640
82 2OBF_01_bbn                               0.031    -0.518     0.549   106.018
83 2OBF_02_bbn                              -6.500    -7.805     1.305    16.717
84 2OBF_03_bbn                               0.892     0.825     0.067     8.120
85 2OBF_04_bbn                              -3.327    -3.767     0.440    11.671
86 2OBF_05_bbn                              -0.099    -0.402     0.303    75.266
87 2OBF_06_bbn                              -1.268    -0.817    -0.451   -55.243
88 2OBF_07_pro                              -0.941    -1.039     0.098     9.445
89 2OBF_08_bbn                               0.297     0.362    -0.065   -18.073
90 2OBF_09_bbn                              -0.045    -0.473     0.428    90.479
91 2OBF_10_bbn                              -5.285    -5.683     0.398     7.002
92 2OBF_11_bbn                               0.761     0.668     0.093    13.857
93 2OBF_12_bbn                               2.521     1.836     0.685    37.286
94 2OBF_13_bbn                              -2.838    -2.971     0.133     4.476
95 2OBF_14_tyr                              -6.406    -6.909     0.503     7.287
96 2OBF_15_asn                              -6.721    -7.005     0.284     4.049
97 2OBF_16_tyr                              -6.336    -5.912    -0.424    -7.177
98 2OBF_17_arg                              41.365    41.108     0.257     0.626
99 2OBF_18_leu                              -0.541    -0.537    -0.004    -0.756
100 2OBF_19_val                             -1.309    -2.422     1.113    45.943
101 2OBF_20_ala                             -0.925    -0.973     0.048     4.945
102 2OBF_21_leu                             -1.300    -1.240    -0.060    -4.857
103 2OBF_22_tyr                             -4.287    -3.891    -0.396   -10.169
104 2OBF_23_tyr                             -3.002    -2.925    -0.077    -2.647
105 2OBF_24_phe                             -9.240    -9.337     0.097     1.038
106 2OBF_25_ala                             -0.624    -0.605    -0.019    -3.178
107 2OBF_26_ala                             -1.680    -1.585    -0.095    -6.018
108 2OBF_27_glu                           -134.075  -135.109     1.034     0.765
109 2OBF_28_tyr                             -7.202    -8.661     1.459    16.846
110 2OBF_29_val                             -1.027    -0.943    -0.084    -8.886
111 2OBF_30_met                              0.176    -0.341     0.517   151.624
112 2OBF_31_asp                            -79.455   -82.912     3.457     4.169
113 2OBF_32_val                             -2.503    -1.915    -0.588   -30.705
114 2OBF_33_val                             -1.238    -1.506     0.268    17.792
115 2P4Y_01_bbn                              0.768     0.633     0.135    21.306
116 2P4Y_02_bbn                             -2.988    -3.158     0.170     5.380
117 2P4Y_03_bbn                             -0.570    -1.621     1.051    64.837
118 2P4Y_04_bbn                             -0.104    -0.504     0.400    79.402
119 2P4Y_05_bbn                             -3.345    -3.285    -0.060    -1.816
120 2P4Y_06_bbn                             -1.467    -1.259    -0.208   -16.548
121 2P4Y_07_bbn                             -2.751    -1.965    -0.786   -40.009
122 2P4Y_08_bbn                             -2.308    -1.945    -0.363   -18.688
123 2P4Y_09_bbn                             -0.482    -0.814     0.332    40.754
124 2P4Y_10_bbn                             -1.163    -1.060    -0.103    -9.732
125 2P4Y_11_bbn                             -1.448    -1.549     0.101     6.546
126 2P4Y_12_bbn                             -1.483    -1.648     0.165    10.030
127 2P4Y_13_bbn                              0.561     0.388     0.173    44.612
128 2P4Y_14_bbn                             -7.185    -7.223     0.038     0.529
129 2P4Y_15_bbn                            -22.486   -22.002    -0.484    -2.199
130 2P4Y_16_bbn                             -6.956    -6.373    -0.583    -9.144
131 2P4Y_17_phe                             -0.842    -0.118    -0.724  -613.276
132 2P4Y_18_ile                             -1.057    -0.958    -0.099   -10.318
133 2P4Y_19_cys                             -5.313    -5.376     0.063     1.172
134 2P4Y_20_phe                             -1.261    -1.502     0.241    16.058
135 2P4Y_21_arg                            -69.734   -70.559     0.825     1.169
136 2P4Y_22_ser                             -3.176    -1.952    -1.224   -62.723
137 2P4Y_23_ala                             -2.208    -2.010    -0.198    -9.826
138 2P4Y_24_glu                             20.587    19.435     1.152     5.926
139 2P4Y_25_ile                             -1.088    -1.935     0.847    43.779
140 2P4Y_26_ile                             -2.441    -2.787     0.346    12.421
141 2P4Y_27_tyr                             -1.321    -1.841     0.520    28.252
142 2P4Y_28_met                             -2.476    -2.641     0.165     6.239
143 2P4Y_29_leu                             -3.929    -4.607     0.678    14.727
144 2P4Y_30_leu                             -2.639    -2.673     0.034     1.290
145 2P4Y_31_val                             -2.098    -1.593    -0.505   -31.726
146 2P4Y_32_ile                             -6.741    -7.524     0.783    10.405
147 2P4Y_33_ser                             -4.236    -3.787    -0.449   -11.854
148 2P4Y_34_met                             -1.979    -2.077     0.098     4.737
149 2P4Y_35_leu                             -1.026    -1.370     0.344    25.088
150 2P4Y_36_phe                             -1.014    -1.510     0.496    32.833
151 2P4Y_37_met                             -2.007    -3.066     1.059    34.528
152 2P4Y_38_lys                            -26.822   -28.948     2.126     7.343
153 2P4Y_39_hie                             -0.913    -1.154     0.241    20.861
154 2VOT_01_bbn                              2.409     2.471    -0.062    -2.494
155 2VOT_02_bbn                              1.041     0.834     0.207    24.786
156 2VOT_03_bbn                              2.117     1.814     0.303    16.708
157 2VOT_04_trp                             -3.995    -1.855    -2.140  -115.354
158 2VOT_05_asp                           -104.863  -108.715     3.852     3.543
159 2VOT_06_trp                             -2.531    -0.130    -2.401 -1847.137
160 2VOT_07_arg                             40.652    41.149    -0.497    -1.207
161 2VOT_08_trp                             -3.446    -1.687    -1.759  -104.249
162 2VOT_09_cys                             -1.437    -1.784     0.347    19.449
163 2VOT_10_asn                             -4.400    -3.554    -0.846   -23.798
164 2VOT_11_glu                           -109.376  -109.350    -0.026    -0.023
165 2VOT_12_glu                            -44.613   -45.354     0.741     1.633
166 2VOT_13_trp                             -1.062    -0.448    -0.614  -137.115
167 2VOT_14_trp                              0.194     0.355    -0.161   -45.379
168 2VOT_15_hip                             52.349    52.496    -0.147    -0.279
169 2VOT_16_trp                             -7.575    -7.689     0.114     1.488
170 2VOT_17_tyr                             -4.450    -4.084    -0.366    -8.963
171 2VOT_18_glu                           -110.357  -111.797     1.440     1.288
172 2VOT_19_ser                              0.646     0.657    -0.011    -1.674
173 2VOT_20_ser                             -1.500    -1.306    -0.194   -14.817
174 2VOT_21_trp                            -12.896   -14.338     1.442    10.060
175 2VOT_22_trp                             -6.801    -7.156     0.355     4.965
176 2VW5_01_bbn                             -1.736    -1.602    -0.134    -8.375
177 2VW5_02_bbn                             -2.464    -2.012    -0.452   -22.448
178 2VW5_03_bbn                             -0.122    -0.165     0.043    25.837
179 2VW5_04_bbn                             -0.260    -0.347     0.087    25.124
180 2VW5_05_bbn                             -1.434    -1.513     0.079     5.189
181 2VW5_06_bbn                              0.037     0.010     0.027   268.412
182 2VW5_07_bbn                             -0.051    -0.062     0.011    18.092
183 2VW5_08_bbn                             -0.133    -0.306     0.173    56.556
184 2VW5_09_bbn                             -2.011    -1.959    -0.052    -2.640
185 2VW5_10_bbn                             -0.816    -0.747    -0.069    -9.207
186 2VW5_11_bbn                             -3.593    -3.942     0.349     8.844
187 2VW5_12_bbn                             -0.993     0.092    -1.085 -1179.689
188 2VW5_13_bbn                             -7.653    -7.609    -0.044    -0.572
189 2VW5_14_bbn                             -2.719    -2.653    -0.066    -2.472
190 2VW5_15_bbn                              0.210     0.119     0.091    76.870
191 2VW5_16_asn                             -6.361    -6.153    -0.208    -3.379
192 2VW5_17_ala                             -0.424    -0.437     0.013     2.968
193 2VW5_18_asp                            -24.861   -27.702     2.841    10.256
194 2VW5_19_ala                             -2.013    -1.574    -0.439   -27.905
195 2VW5_20_lys                            -17.575   -16.841    -0.734    -4.359
196 2VW5_21_asp                            -20.424   -20.676     0.252     1.217
197 2VW5_22_ile                             -1.196    -0.966    -0.230   -23.825
198 2VW5_23_met                             -7.015    -5.847    -1.168   -19.984
199 2VW5_24_glu                             -6.864    -6.855    -0.009    -0.132
200 2VW5_25_asn                             -1.863    -1.838    -0.025    -1.371
201 2VW5_26_leu                             -1.740    -1.397    -0.343   -24.547
202 2VW5_28_val                             -0.620    -0.688     0.068     9.887
203 2VW5_29_phe                             -4.338    -3.685    -0.653   -17.721
204 2VW5_30_tyr                             -1.324    -1.319    -0.005    -0.348
205 2VW5_31_val                             -0.501    -0.469    -0.032    -6.794
206 2VW5_32_thr                             -4.030    -4.575     0.545    11.918
207 2VW5_33_leu                             -1.107    -0.905    -0.202   -22.373
208 2XB8_01_bbn                              3.603     2.947     0.656    22.269
209 2XB8_02_bbn                             -3.682    -3.648    -0.034    -0.919
210 2XB8_03_bbn                             -2.277    -2.281     0.004     0.185
211 2XB8_04_bbn                             -2.652    -3.228     0.576    17.849
212 2XB8_05_bbn                             -1.796    -1.707    -0.089    -5.205
213 2XB8_06_bbn                              2.391     1.795     0.596    33.189
214 2XB8_07_bbn                              0.998     0.743     0.255    34.375
215 2XB8_08_bbn                             -7.911    -8.427     0.516     6.121
216 2XB8_09_bbn                             -5.080    -4.519    -0.561   -12.417
217 2XB8_10_bbn                             -2.149    -1.881    -0.268   -14.230
218 2XB8_11_bbn                             -3.113    -3.191     0.078     2.457
219 2XB8_12_bbn                            -19.191   -18.509    -0.682    -3.684
220 2XB8_13_bbn                            -18.438   -18.726     0.288     1.538
221 2XB8_14_bbn                              2.945     3.105    -0.160    -5.160
222 2XB8_15_bbn                             -1.132    -1.108    -0.024    -2.176
223 2XB8_16_asn                              0.669     0.457     0.212    46.395
224 2XB8_17_leu                             -3.882    -4.157     0.275     6.606
225 2XB8_18_arg                            -23.268   -24.340     1.072     4.405
226 2XB8_19_leu                             -0.413    -0.451     0.038     8.332
227 2XB8_20_arg                            -19.246   -19.929     0.683     3.427
228 2XB8_21_tyr                             -8.096    -7.905    -0.191    -2.418
229 2XB8_22_asn                             -9.302    -9.067    -0.235    -2.596
230 2XB8_23_thr                             -0.684    -1.159     0.475    40.981
231 2XB8_24_hid                             -4.710    -4.787     0.077     1.616
232 2XB8_25_hie                              1.915     3.033    -1.118   -36.862
233 2XB8_26_ile                             -2.718    -3.670     0.952    25.940
234 2XB8_27_ser                            -11.943   -13.012     1.069     8.219
235 2XB8_28_val                             -1.721    -1.439    -0.282   -19.564
236 2XB8_29_arg                            -49.283   -51.470     2.187     4.249
237 2XB8_30_arg                            -54.342   -58.856     4.514     7.669
238 2XB8_31_val                             -0.537    -0.697     0.160    22.997
239 2XB8_32_asp                             27.024    28.727    -1.703    -5.929
240 2XB8_33_glu                             20.771    22.273    -1.502    -6.745
241 2YKI_01_bbn                              0.277     0.150     0.127    84.405
242 2YKI_02_bbn                             -0.261    -0.223    -0.038   -17.173
243 2YKI_03_bbn                             -1.014    -0.885    -0.129   -14.628
244 2YKI_04_bbn                             -0.412    -0.501     0.089    17.705
245 2YKI_05_bbn                             -1.055    -1.095     0.040     3.654
246 2YKI_06_bbn                             -0.770    -0.852     0.082     9.602
247 2YKI_07_bbn                             -0.937    -1.001     0.064     6.371
248 2YKI_08_bbn                            -11.612   -10.123    -1.489   -14.712
249 2YKI_09_bbn                              0.297    -0.006     0.303  5057.412
250 2YKI_10_bbn                             -0.862    -1.105     0.243    21.980
251 2YKI_11_bbn                             -4.123    -4.313     0.190     4.406
252 2YKI_12_bbn                             -0.941    -1.057     0.116    10.953
253 2YKI_13_bbn                             -0.271    -0.391     0.120    30.743
254 2YKI_14_bbn                             -1.820    -1.846     0.026     1.392
255 2YKI_15_bbn                             -0.203    -0.336     0.133    39.458
256 2YKI_16_bbn                             -0.277    -0.240    -0.037   -15.427
257 2YKI_17_bbn                             -2.984    -2.670    -0.314   -11.746
258 2YKI_18_bbn                             -1.634    -1.851     0.217    11.704
259 2YKI_19_bbn                              0.105     0.096     0.009     9.680
260 2YKI_20_bbn                              0.125     0.160    -0.035   -22.127
261 2YKI_21_bbn                             -0.072    -0.036    -0.036  -101.136
262 2YKI_22_phe                             -2.160    -2.016    -0.144    -7.161
263 2YKI_23_gln                             -0.671    -0.677     0.006     0.870
264 2YKI_24_ile                             -1.090    -1.114     0.024     2.160
265 2YKI_25_leu                             -0.442    -0.415    -0.027    -6.454
266 2YKI_26_asn                             -7.537    -7.324    -0.213    -2.911
267 2YKI_27_ser                             -0.793     0.118    -0.911  -772.384
268 2YKI_28_ala                             -0.336    -0.284    -0.052   -18.402
269 2YKI_29_asp                            -25.432   -25.837     0.405     1.567
270 2YKI_30_ile                             -0.348    -0.373     0.025     6.607
271 2YKI_31_met                             -7.056    -7.012    -0.044    -0.624
272 2YKI_32_leu                             -1.894    -1.697    -0.197   -11.634
273 2YKI_33_ile                             -0.310    -0.356     0.046    12.847
274 2YKI_34_leu                             -6.204    -5.688    -0.516    -9.071
275 2YKI_35_ile                             -1.156    -1.195     0.039     3.250
276 2YKI_36_ala                             -1.752    -1.598    -0.154    -9.656
277 2YKI_37_val                             -0.769    -0.790     0.021     2.612
278 2YKI_38_phe                             -8.579    -8.399    -0.180    -2.142
279 2YKI_40_val                             -1.851    -1.733    -0.118    -6.823
280 2YKI_41_trp                             -5.875    -6.213     0.338     5.436
281 2YKI_42_phe                             -2.653    -2.736     0.083     3.039
282 2YKI_43_thr                             -3.587    -3.713     0.126     3.396
283 2YKI_44_val                             -1.213    -0.972    -0.241   -24.744
284 2ZX6_01_bbn                              3.787     2.718     1.069    39.344
285 2ZX6_02_bbn                              0.019    -0.331     0.350   105.717
286 2ZX6_03_bbn                             -0.119    -0.366     0.247    67.533
287 2ZX6_04_bbn                              1.781     1.694     0.087     5.163
288 2ZX6_05_phe                             -2.245    -2.454     0.209     8.506
289 2ZX6_06_hid                            -19.957   -21.607     1.650     7.637
290 2ZX6_07_leu                             -1.049    -1.413     0.364    25.733
291 2ZX6_08_tyr                             -2.235    -3.321     1.086    32.691
292 2ZX6_09_glu                            -78.521   -80.174     1.653     2.062
293 2ZX6_10_trp                             -2.954    -1.055    -1.899  -179.975
294 2ZX6_11_hie                             -2.515    -1.054    -1.461  -138.660
295 2ZX6_12_hid                            -16.979   -18.071     1.092     6.042
296 2ZX6_13_tyr                             -0.079    -0.065    -0.014   -21.718
297 2ZX6_14_leu                             -0.272    -0.230    -0.042   -18.273
298 2ZX6_15_trp                             -3.250    -3.758     0.508    13.523
299 2ZX6_16_asp                           -109.011  -110.036     1.025     0.932
300 2ZX6_17_met                             -4.614    -4.204    -0.410    -9.751
301 2ZX6_18_arg                             55.678    55.564     0.114     0.205
302 2ZX6_19_glu                           -110.356  -111.740     1.384     1.239
303 2ZX6_20_val                             -1.363    -1.102    -0.261   -23.705
304 2ZX6_21_asn                             -6.143    -5.871    -0.272    -4.632
305 2ZX6_22_thr                             -2.544    -2.562     0.018     0.701
306 2ZX6_23_phe                             -7.479    -8.275     0.796     9.619
307 3G0W_01_bbn                              0.112    -0.280     0.392   140.027
308 3G0W_02_bbn                             -3.101    -3.220     0.119     3.694
309 3G0W_03_bbn                              0.252     0.001     0.251 25089.490
310 3G0W_04_bbn                              0.119    -0.022     0.141   639.889
311 3G0W_05_bbn                             -0.674    -0.757     0.083    10.968
312 3G0W_06_bbn                              0.388     0.348     0.040    11.509
313 3G0W_07_bbn                             -0.807    -0.797    -0.010    -1.284
314 3G0W_08_bbn                             -0.241    -0.335     0.094    27.972
315 3G0W_09_bbn                             -0.671    -1.026     0.355    34.604
316 3G0W_10_bbn                              0.005     1.077    -1.072   -99.533
317 3G0W_11_bbn                              2.330     2.491    -0.161    -6.483
318 3G0W_12_bbn                             -0.533    -0.473    -0.060   -12.606
319 3G0W_13_bbn                             -1.510    -1.851     0.341    18.421
320 3G0W_14_bbn                             -0.987    -0.879    -0.108   -12.258
321 3G0W_15_bbn                             -0.141    -0.077    -0.064   -82.938
322 3G0W_16_leu                             -1.395    -1.582     0.187    11.804
323 3G0W_17_leu                             -3.813    -4.177     0.364     8.708
324 3G0W_18_asn                            -14.891   -15.230     0.339     2.227
325 3G0W_19_leu                             -3.082    -2.527    -0.555   -21.960
326 3G0W_20_gln                              0.525     0.770    -0.245   -31.801
327 3G0W_21_trp                             -1.032    -1.224     0.192    15.690
328 3G0W_22_met                             -2.913    -2.943     0.030     1.022
329 3G0W_23_met                             -5.134    -6.038     0.904    14.965
330 3G0W_24_val                             -1.137    -2.021     0.884    43.728
331 3G0W_25_met                             -2.455    -2.591     0.136     5.263
332 3G0W_26_arg                            -15.792   -18.754     2.962    15.792
333 3G0W_27_phe                             -4.224    -3.633    -0.591   -16.263
334 3G0W_28_met                             -2.698    -2.138    -0.560   -26.199
335 3G0W_29_met                             -1.266    -0.973    -0.293   -30.114
336 3G0W_30_leu                             -2.059    -1.954    -0.105    -5.383
337 3G0W_31_phe                             -0.695    -0.746     0.051     6.850
338 3G0W_32_thr                             -3.855    -4.362     0.507    11.626
339 3G0W_33_leu                             -0.991    -0.959    -0.032    -3.302
340 3G0W_34_phe                             -2.217    -2.385     0.168     7.046
341 3G0W_35_met                             -0.118    -0.625     0.507    81.054
342 3G0W_36_ile                             -0.335    -0.474     0.139    29.299
343 3GCU_01_bbn                             -0.272    -0.282     0.010     3.708
344 3GCU_02_bbn                             -3.292    -3.124    -0.168    -5.390
345 3GCU_03_bbn                             -1.259    -1.441     0.182    12.602
346 3GCU_04_bbn                             -0.825    -1.028     0.203    19.760
347 3GCU_05_bbn                             -0.548    -0.689     0.141    20.516
348 3GCU_06_bbn                             -0.236    -0.328     0.092    28.135
349 3GCU_07_bbn                             -2.168    -1.867    -0.301   -16.102
350 3GCU_08_bbn                              0.049    -0.029     0.078   270.457
351 3GCU_09_bbn                             -1.470    -1.389    -0.081    -5.841
352 3GCU_10_bbn                             -0.220    -0.503     0.283    56.246
353 3GCU_11_bbn                             -1.340    -1.166    -0.174   -14.913
354 3GCU_12_bbn                             -0.169    -0.152    -0.017   -11.198
355 3GCU_13_bbn                             -1.326    -1.220    -0.106    -8.727
356 3GCU_14_bbn                             -1.308    -1.261    -0.047    -3.744
357 3GCU_15_bbn                             -0.779    -0.618    -0.161   -26.020
358 3GCU_16_bbn                             -2.393    -2.654     0.261     9.825
359 3GCU_17_bbn                             -7.849    -8.222     0.373     4.540
360 3GCU_18_bbn                             -2.194    -2.033    -0.161    -7.939
361 3GCU_19_bbn                             -0.358    -0.332    -0.026    -7.717
362 3GCU_20_bbn                             -0.289    -0.237    -0.052   -22.019
363 3GCU_21_bbn                             -1.692    -1.341    -0.351   -26.164
364 3GCU_22_bbn                             -9.451    -8.470    -0.981   -11.579
365 3GCU_23_bbn                             -3.144    -3.359     0.215     6.394
366 3GCU_24_val                             -1.740    -1.617    -0.123    -7.621
367 3GCU_25_tyr                             -0.254    -0.332     0.078    23.537
368 3GCU_26_val                             -2.965    -2.777    -0.188    -6.768
369 3GCU_27_ala                             -1.482    -1.853     0.371    19.998
370 3GCU_28_lys                              0.592    -1.564     2.156   137.836
371 3GCU_29_arg                              2.312     1.022     1.290   126.236
372 3GCU_30_arg                              0.683    -0.302     0.985   326.213
373 3GCU_31_glu                            -39.495   -40.107     0.612     1.527
374 3GCU_32_leu                             -1.196    -1.619     0.423    26.153
375 3GCU_33_leu                             -4.128    -3.539    -0.589   -16.633
376 3GCU_34_met                             -1.497    -1.363    -0.134    -9.820
377 3GCU_35_val                             -0.942    -0.854    -0.088   -10.312
378 3GCU_36_ile                             -2.719    -3.419     0.700    20.472
379 3GCU_37_leu                             -1.555    -1.666     0.111     6.661
380 3GCU_38_thr                             -6.032    -6.012    -0.020    -0.339
381 3GCU_39_leu                             -1.694    -1.675    -0.019    -1.113
382 3GCU_40_met                             -1.345    -1.631     0.286    17.532
383 3GCU_41_ile                             -1.511    -1.316    -0.195   -14.848
384 3GCU_42_ile                             -0.619    -0.576    -0.043    -7.388
385 3GCU_43_hie                             -2.261    -2.070    -0.191    -9.234
386 3GCU_44_ile                             -0.751    -0.486    -0.265   -54.582
387 3GCU_45_leu                             -3.351    -3.753     0.402    10.713
388 3GCU_46_asp                             -2.101    -3.510     1.409    40.134
389 3GCU_47_phe                             -3.461    -3.750     0.289     7.716
390 3GCU_48_leu                             -0.651    -0.619    -0.032    -5.207
391 3GNW_01_pro                             -1.919    -1.763    -0.156    -8.876
392 3GNW_02_bbn                             -0.239    -1.277     1.038    81.272
393 3GNW_03_bbn                             -3.243    -3.254     0.011     0.339
394 3GNW_04_bbn                             -3.439    -2.857    -0.582   -20.381
395 3GNW_05_bbn                             -0.166    -0.513     0.347    67.545
396 3GNW_06_bbn                             -0.001    -0.230     0.229    99.500
397 3GNW_07_bbn                             -1.566    -1.752     0.186    10.610
398 3GNW_08_bbn                             -0.313    -0.221    -0.092   -41.666
399 3GNW_09_bbn                             -0.967    -1.049     0.082     7.804
400 3GNW_10_bbn                             -0.810    -0.798    -0.012    -1.457
401 3GNW_11_bbn                             -2.409    -2.458     0.049     1.980
402 3GNW_12_bbn                             -0.908    -0.729    -0.179   -24.559
403 3GNW_13_bbn                             -8.001    -7.914    -0.087    -1.100
404 3GNW_14_bbn                             -8.782    -7.893    -0.889   -11.265
405 3GNW_15_bbn                             -9.656    -8.705    -0.951   -10.930
406 3GNW_16_bbn                             -2.737    -2.751     0.014     0.501
407 3GNW_17_arg                             -0.385    -1.153     0.768    66.637
408 3GNW_18_phe                             -1.268    -1.633     0.365    22.371
409 3GNW_19_arg                             -8.201    -5.693    -2.508   -44.048
410 3GNW_20_asn                             -2.707    -1.994    -0.713   -35.780
411 3GNW_21_asp                             -4.576    -4.875     0.299     6.142
412 3GNW_22_cys                             -4.544    -4.152    -0.392    -9.446
413 3GNW_23_ser                             -9.149    -8.521    -0.628    -7.372
414 3GNW_24_ser                             -1.747    -1.549    -0.198   -12.755
415 3GNW_25_leu                             -2.794    -2.381    -0.413   -17.331
416 3GNW_26_arg                              5.613     3.776     1.837    48.650
417 3GNW_27_ser                             -0.571    -0.516    -0.055   -10.725
418 3GNW_28_asn                             -1.579    -1.264    -0.315   -24.931
419 3GNW_29_met                             -6.646    -6.025    -0.621   -10.314
420 3GNW_30_tyr                             -4.155    -4.562     0.407     8.923
421 3GNW_31_gln                              0.017    -0.305     0.322   105.685
422 3GNW_32_ile                             -0.659    -0.859     0.200    23.318
423 3GNW_33_tyr                             -6.419    -6.613     0.194     2.928
424 3GNW_34_hie                             -0.160    -0.146    -0.014    -9.576
425 3GNW_35_ser                             -5.361    -4.733    -0.628   -13.263
426 3JVS_01_bbn                             -1.885    -1.960     0.075     3.837
427 3JVS_02_bbn                            -14.511   -13.696    -0.815    -5.948
428 3JVS_03_bbn                             -0.893    -1.071     0.178    16.615
429 3JVS_04_bbn                             -1.430    -0.504    -0.926  -183.663
430 3JVS_05_bbn                            -12.657   -12.381    -0.276    -2.231
431 3JVS_06_pro                             -5.480    -4.961    -0.519   -10.461
432 3JVS_07_bbn                              1.019     0.651     0.368    56.511
433 3JVS_08_pro                             -2.106    -2.382     0.276    11.596
434 3JVS_09_bbn                             -0.745    -0.536    -0.209   -39.009
435 3JVS_10_bbn                             -1.462    -1.080    -0.382   -35.409
436 3JVS_11_bbn                             -0.460    -0.457    -0.003    -0.636
437 3JVS_12_bbn                             -3.159    -2.491    -0.668   -26.824
438 3JVS_13_bbn                             -1.174    -1.033    -0.141   -13.631
439 3JVS_14_phe                             -6.953    -7.727     0.774    10.013
440 3JVS_15_asp                             -5.865    -7.306     1.441    19.723
441 3JVS_16_arg                             -0.553    -0.422    -0.131   -31.115
442 3JVS_17_ile                             -3.259    -3.698     0.439    11.869
443 3JVS_18_glu                             -7.661    -8.054     0.393     4.881
444 3JVS_19_tyr                             -1.443    -1.071    -0.372   -34.713
445 3JVS_20_ala                             -1.067    -0.589    -0.478   -81.180
446 3JVS_21_glu                             -4.244    -3.715    -0.529   -14.237
447 3JVS_22_leu                             -2.101    -1.646    -0.455   -27.623
448 3NOX_01_bbn                              1.550     0.798     0.752    94.226
449 3NOX_02_bbn                             -5.378    -6.207     0.829    13.353
450 3NOX_03_bbn                              0.793     0.757     0.036     4.779
451 3NOX_04_bbn                             -1.933    -1.971     0.038     1.931
452 3NOX_05_bbn                              1.441     1.333     0.108     8.122
453 3NOX_06_bbn                             -1.174    -1.433     0.259    18.050
454 3NOX_07_arg                             46.667    45.802     0.865     1.888
455 3NOX_08_glu                           -108.029  -111.564     3.535     3.169
456 3NOX_09_glu                           -121.814  -122.376     0.562     0.459
457 3NOX_10_tyr                             -5.333    -4.538    -0.795   -17.510
458 3NOX_11_trp                             -0.212    -0.699     0.487    69.670
459 3NOX_12_ser                             -6.267    -6.327     0.060     0.946
460 3NOX_13_tyr                             -1.948    -2.286     0.338    14.785
461 3NOX_14_val                             -0.140    -0.341     0.201    58.868
462 3NOX_15_trp                             -1.985    -2.227     0.242    10.883
463 3NOX_16_tyr                            -15.633   -16.022     0.389     2.425
464 3NOX_17_asp                            -63.744   -62.357    -1.387    -2.224
465 3NOX_18_tyr                             -7.743    -8.583     0.840     9.788
466 3NOX_19_asn                             -5.266    -4.442    -0.824   -18.547
467 3NOX_20_val                             -1.177    -1.718     0.541    31.518
468 3NOX_21_hid                             -8.092    -8.313     0.221     2.653
469 3PE2_01_bbn                             -3.330    -3.063    -0.267    -8.729
470 3PE2_02_bbn                             -0.896    -0.120    -0.776  -646.542
471 3PE2_03_bbn                             -2.341    -1.582    -0.759   -47.991
472 3PE2_04_bbn                             -1.047    -1.140     0.093     8.115
473 3PE2_05_bbn                             -1.848    -2.152     0.304    14.138
474 3PE2_06_bbn                             -2.075    -2.152     0.077     3.574
475 3PE2_07_bbn                             -1.364    -1.632     0.268    16.443
476 3PE2_08_bbn                             -8.873    -8.648    -0.225    -2.607
477 3PE2_09_bbn                             -0.162     0.102    -0.264  -258.503
478 3PE2_10_bbn                             -1.752    -1.706    -0.046    -2.690
479 3PE2_11_bbn                             -3.692    -3.556    -0.136    -3.836
480 3PE2_12_bbn                            -17.964   -18.392     0.428     2.330
481 3PE2_13_bbn                             -6.810    -6.612    -0.198    -2.994
482 3PE2_14_leu                             -3.229    -3.361     0.132     3.926
483 3PE2_15_arg                            -22.300   -22.648     0.348     1.538
484 3PE2_16_val                             -4.729    -5.128     0.399     7.782
485 3PE2_17_val                             -3.349    -3.574     0.225     6.284
486 3PE2_18_lys                            -98.920  -101.837     2.917     2.864
487 3PE2_19_ile                             -2.434    -3.154     0.720    22.833
488 3PE2_20_phe                             -2.624    -2.992     0.368    12.306
489 3PE2_21_hid                             -1.945    -1.757    -0.188   -10.699
490 3PE2_22_val                             -0.998    -1.155     0.157    13.566
491 3PE2_23_asn                             -0.664    -0.799     0.135    16.940
492 3PE2_24_hid                             -2.488    -2.844     0.356    12.504
493 3PE2_25_met                             -3.848    -4.093     0.245     5.976
494 3PE2_26_ile                             -5.018    -5.304     0.286     5.387
495 3PE2_27_asp                             57.800    57.516     0.284     0.494
496 3PE2_28_trp                             -2.731    -4.656     1.925    41.334
497 4GID_01_bbn                             -2.240    -2.050    -0.190    -9.267
498 4GID_02_bbn                              1.566     1.595    -0.029    -1.839
499 4GID_03_bbn                             -2.456    -1.725    -0.731   -42.383
500 4GID_04_bbn                             -6.517    -5.236    -1.281   -24.474
501 4GID_05_bbn                              0.419     0.112     0.307   273.746
502 4GID_06_bbn                              3.291     2.493     0.798    31.999
503 4GID_07_bbn                            -15.259   -14.417    -0.842    -5.841
504 4GID_08_bbn                              0.258    -0.097     0.355   365.815
505 4GID_09_pro                             -1.166    -1.047    -0.119   -11.413
506 4GID_10_bbn                             -4.144    -4.144     0.000     0.005
507 4GID_11_bbn                             -1.453    -2.179     0.726    33.319
508 4GID_12_bbn                             -2.934    -2.931    -0.003    -0.105
509 4GID_13_bbn                             -5.523    -5.824     0.301     5.167
510 4GID_14_bbn                             -1.895    -2.012     0.117     5.820
511 4GID_15_bbn                             -1.876    -1.966     0.090     4.571
512 4GID_16_bbn                             -4.124    -4.380     0.256     5.847
513 4GID_17_bbn                              1.025     0.779     0.246    31.545
514 4GID_18_bbn                             -3.426    -3.432     0.006     0.187
515 4GID_19_bbn                             -1.252    -1.652     0.400    24.188
516 4GID_20_bbn                              0.813    -0.379     1.192   314.573
517 4GID_21_bbn                            -20.017   -18.166    -1.851   -10.190
518 4GID_22_bbn                             -6.448    -6.907     0.459     6.648
519 4GID_23_bbn                             -6.686    -5.857    -0.829   -14.161
520 4GID_24_bbn                              0.766     0.454     0.312    68.820
521 4GID_25_ser                              0.408     0.291     0.117    40.227
522 4GID_26_gln                             -1.558    -1.744     0.186    10.675
523 4GID_27_tyr                             -0.408    -0.498     0.090    18.005
524 4GID_28_leu                             -2.428    -2.591     0.163     6.295
525 4GID_29_asp                            -81.335   -79.976    -1.359    -1.699
526 4GID_30_ser                              1.611     0.726     0.885   121.846
527 4GID_31_val                             -0.709    -0.830     0.121    14.525
528 4GID_32_tyr                             -8.108    -8.307     0.199     2.392
529 4GID_33_thr                             -1.559    -1.485    -0.074    -4.963
530 4GID_34_gln                             -3.761    -2.954    -0.807   -27.327
531 4GID_35_phe                             -3.347    -2.732    -0.615   -22.502
532 4GID_36_ile                             -1.814    -1.625    -0.189   -11.629
533 4GID_37_trp                             -3.021    -3.718     0.697    18.741
534 4GID_38_ile                             -2.095    -1.892    -0.203   -10.718
535 4GID_39_ile                             -1.374    -1.303    -0.071    -5.434
536 4GID_40_arg                             28.562    28.317     0.245     0.867
537 4GID_41_tyr                             -3.858    -4.078     0.220     5.400
538 4GID_42_ile                             -0.861    -1.315     0.454    34.502
539 4GID_43_asp                           -113.779  -114.321     0.542     0.474
540 4GID_44_thr                             -9.175    -6.629    -2.546   -38.403
541 4GID_45_thr                             -5.554    -4.836    -0.718   -14.840
542 4GID_46_asn                             -4.659    -5.295     0.636    12.013
543 4GID_47_arg                             28.435    27.645     0.790     2.857
544 4GID_48_lys                             23.197    23.587    -0.390    -1.651
545 4GID_49_ser                              0.540     0.084     0.456   542.950
546 4GID_50_val                             -0.927    -1.455     0.528    36.272
547 4GID_51_ala                             -0.720    -0.385    -0.335   -87.129
==========================================================================================
RMSE                0.788   kcal/mol
MUE                 0.485   kcal/mol
------------------------------------------------------------------------------------------
MSE                 0.096   kcal/mol
min                -2.600   kcal/mol
max                 4.514   kcal/mol
range               7.114   kcal/mol
min abs             0.000   kcal/mol
max abs             4.514   kcal/mol
==========================================================================================
RMSE             1101.780   %
MUE                92.483   %
MSE                56.111   %
min             -1847.137   %
max             25089.490   %
range           26936.627   %
min abs             0.005   %
max abs         25089.490   %
------------------------------------------------------------------------------------------
RMSE/|avg|          9.731   %
MUE/|avg|           5.983   %
==========================================================================================
Statistics for groups:
neutral-neutral(225)RMSE      0.391   MSE      -0.051   kcal/mol
charged-neutral(280)RMSE      0.772   MSE       0.092   kcal/mol
charged-charged(42) RMSE      1.814   MSE       0.919   kcal/mol
--------------------------------------------------------------------------------
neutral-neutralRMSE/|avg|     17.29 %
charged-neutralRMSE/|avg|     18.11 %
charged-chargedRMSE/|avg|     2.79 %
==========================================================================================

