WARNING: Interface orbital is under development and should be used with care:
         Only basic functionality, no error checks
        _______  
       /\______\ 
      / /      / 
     / / Cuby /   Dataset calculation
     \/______/   
                 
==========================================================================================
name                                             E      Eref     error  error(%)
------------------------------------------------------------------------------------------
01 10GS                                   -274.475  -242.583   -31.892   -13.147
02 2CET                                   -249.702  -247.699    -2.003    -0.809
03 2FVD                                    -96.206   -88.726    -7.480    -8.430
04 2OBF                                   -209.887  -199.162   -10.725    -5.385
05 2P4Y                                   -158.631  -157.143    -1.488    -0.947
06 2VOT                                   -242.946  -238.717    -4.229    -1.772
07 2VW5                                   -105.034   -94.099   -10.935   -11.620
08 2XB8                                   -181.332  -178.476    -2.856    -1.600
09 2YKI                                    -88.008   -92.145     4.137     4.489
10 2ZX6                                   -238.352  -231.047    -7.305    -3.162
11 3G0W                                    -62.696   -66.594     3.898     5.854
12 3GNW                                    -80.532   -77.382    -3.150    -4.070
13 3NOX                                   -256.999  -244.475   -12.524    -5.123
14 3PE2                                   -152.866  -127.532   -25.334   -19.865
15 4GID                                   -219.616  -190.367   -29.249   -15.364
==========================================================================================
RMSE               14.352   kcal/mol
MUE                10.480   kcal/mol
------------------------------------------------------------------------------------------
MSE                -9.409   kcal/mol
min               -31.892   kcal/mol
max                 4.137   kcal/mol
range              36.028   kcal/mol
min abs             1.488   kcal/mol
max abs            31.892   kcal/mol
==========================================================================================
RMSE                8.768   %
MUE                 6.776   %
MSE                -5.397   %
min               -19.865   %
max                 5.854   %
range              25.719   %
min abs             0.809   %
max abs            19.865   %
------------------------------------------------------------------------------------------
RMSE/|avg|          8.694   %
MUE/|avg|           6.349   %
==========================================================================================

