        _______  
       /\______\ 
      / /      / 
     / / Cuby /   Dataset calculation
     \/______/   
                 
==========================================================================================
name                                             E      Eref     error  error(%)
------------------------------------------------------------------------------------------
01 10GS_01_bbn                              -2.201    -2.184    -0.017    -0.785
02 10GS_02_bbn                              -0.110    -0.132     0.022    16.458
03 10GS_03_bbn                               0.440     0.428     0.012     2.834
04 10GS_04_bbn                               4.949     4.504     0.445     9.872
05 10GS_05_bbn                             -11.712   -11.437    -0.275    -2.404
06 10GS_06_pro                              -6.610    -6.883     0.273     3.971
07 10GS_07_bbn                              -6.212    -6.112    -0.100    -1.640
08 10GS_08_bbn                             -14.379   -14.282    -0.097    -0.682
09 10GS_09_bbn                              -4.171    -4.063    -0.108    -2.666
10 10GS_10_bbn                              -4.126    -3.957    -0.169    -4.282
11 10GS_11_bbn                              -0.770    -0.762    -0.008    -1.027
12 10GS_12_tyr                              -7.783    -7.821     0.038     0.489
13 10GS_13_phe                              -6.029    -5.857    -0.172    -2.931
14 10GS_14_val                              -1.427    -1.308    -0.119    -9.096
15 10GS_15_arg                             -53.862   -53.819    -0.043    -0.079
16 10GS_16_val                              -0.588    -0.618     0.030     4.801
17 10GS_17_trp                             -19.461   -19.558     0.097     0.497
18 10GS_18_lys                             -88.374   -89.344     0.970     1.085
19 10GS_19_gln                             -33.023   -32.038    -0.985    -3.073
20 10GS_20_leu                              -1.248    -1.287     0.039     3.040
21 10GS_21_gln                             -11.387   -10.897    -0.490    -4.499
22 10GS_22_ser                             -11.309   -11.270    -0.039    -0.345
23 10GS_23_tyr                              -1.432    -1.617     0.185    11.431
24 10GS_24_asp                              19.583    19.608    -0.025    -0.128
25 10GS_25_asp                             -15.093   -14.741    -0.352    -2.386
26 2CET_01_bbn                               0.211     0.231    -0.020    -8.649
27 2CET_02_bbn                              -0.912    -0.814    -0.098   -11.993
28 2CET_03_ala                              -0.298    -0.260    -0.038   -14.704
29 2CET_04_gln                             -10.080    -9.867    -0.213    -2.157
30 2CET_05_arg                              34.866    34.922    -0.056    -0.160
31 2CET_06_hie                              -1.176    -1.059    -0.117   -11.077
32 2CET_07_trp                              -4.771    -5.045     0.274     5.433
33 2CET_08_asn                              -2.464    -2.421    -0.043    -1.766
34 2CET_09_glu                            -102.632  -103.150     0.518     0.502
35 2CET_10_val                              -2.256    -2.021    -0.235   -11.636
36 2CET_11_val                              -0.603    -0.645     0.042     6.536
37 2CET_12_hie                               1.043    -0.152     1.195   786.170
38 2CET_13_asn                              -0.573    -0.471    -0.102   -21.694
39 2CET_14_asn                               3.303     3.300     0.003     0.086
40 2CET_15_tyr                              -6.886    -6.712    -0.174    -2.585
41 2CET_16_met                              -0.663    -0.626    -0.037    -5.838
42 2CET_17_trp                              -4.528    -4.775     0.247     5.172
43 2CET_18_glu                             -92.615   -92.916     0.301     0.324
44 2CET_19_trp                              -9.865    -9.608    -0.257    -2.670
45 2CET_20_asn                               0.248     0.300    -0.052   -17.291
46 2CET_21_glu                            -110.309  -110.346     0.037     0.033
47 2CET_22_trp                              -2.217    -2.321     0.104     4.464
48 2CET_23_phe                              -5.743    -5.529    -0.214    -3.875
49 2FVD_01_bbn                              -1.074    -1.071    -0.003    -0.283
50 2FVD_02_bbn                              -1.056    -0.993    -0.063    -6.370
51 2FVD_03_bbn                              -0.788    -0.802     0.014     1.745
52 2FVD_04_bbn                              -0.506    -0.422    -0.084   -19.961
53 2FVD_05_bbn                              -5.695    -5.863     0.168     2.859
54 2FVD_06_bbn                              -3.483    -3.338    -0.145    -4.336
55 2FVD_07_bbn                              -7.933    -8.131     0.198     2.433
56 2FVD_08_bbn                              -2.478    -2.300    -0.178    -7.720
57 2FVD_09_bbn                              -8.240    -7.877    -0.363    -4.603
58 2FVD_10_bbn                               1.655     1.604     0.051     3.156
59 2FVD_11_bbn                              -1.484    -1.444    -0.040    -2.770
60 2FVD_12_bbn                               0.211     0.235    -0.024   -10.018
61 2FVD_13_bbn                              -3.570    -3.477    -0.093    -2.685
62 2FVD_14_bbn                               0.090     0.073     0.017    23.930
63 2FVD_15_bbn                              -0.316    -0.301    -0.015    -5.132
64 2FVD_16_bbn                              -3.076    -3.018    -0.058    -1.920
65 2FVD_17_ile                              -3.952    -3.780    -0.172    -4.552
66 2FVD_18_val                              -2.654    -2.692     0.038     1.407
67 2FVD_19_ala                              -2.035    -1.773    -0.262   -14.763
68 2FVD_20_lys                              -4.671    -5.495     0.824    14.996
69 2FVD_21_val                              -1.136    -1.148     0.012     1.079
70 2FVD_22_phe                              -1.946    -2.355     0.409    17.353
71 2FVD_23_glu                              -1.396    -1.405     0.009     0.631
72 2FVD_24_phe                              -2.910    -3.086     0.176     5.702
73 2FVD_25_leu                              -1.076    -1.099     0.023     2.096
74 2FVD_26_hie                              -0.521    -0.527     0.006     1.070
75 2FVD_27_gln                              -3.678    -3.566    -0.112    -3.132
76 2FVD_28_asp                              -9.872    -9.816    -0.056    -0.572
77 2FVD_29_lys                             -19.694   -18.966    -0.728    -3.841
78 2FVD_30_asn                              -4.523    -4.527     0.004     0.086
79 2FVD_31_leu                              -4.523    -4.344    -0.179    -4.124
80 2FVD_32_ala                              -1.141    -1.161     0.020     1.732
81 2FVD_33_asp                              -9.508    -9.472    -0.036    -0.385
82 2OBF_01_bbn                              -0.541    -0.518    -0.023    -4.486
83 2OBF_02_bbn                              -7.638    -7.805     0.167     2.145
84 2OBF_03_bbn                               0.812     0.825    -0.013    -1.559
85 2OBF_04_bbn                              -3.693    -3.767     0.074     1.965
86 2OBF_05_bbn                              -0.385    -0.402     0.017     4.181
87 2OBF_06_bbn                              -1.032    -0.817    -0.215   -26.305
88 2OBF_07_pro                              -0.930    -1.039     0.109    10.503
89 2OBF_08_bbn                               0.360     0.362    -0.002    -0.611
90 2OBF_09_bbn                              -0.545    -0.473    -0.072   -15.145
91 2OBF_10_bbn                              -5.761    -5.683    -0.078    -1.375
92 2OBF_11_bbn                               0.684     0.668     0.016     2.322
93 2OBF_12_bbn                               1.836     1.836     0.000     0.010
94 2OBF_13_bbn                              -3.130    -2.971    -0.159    -5.351
95 2OBF_14_tyr                              -6.836    -6.909     0.073     1.059
96 2OBF_15_asn                              -7.192    -7.005    -0.187    -2.674
97 2OBF_16_tyr                              -6.150    -5.912    -0.238    -4.017
98 2OBF_17_arg                              40.771    41.108    -0.337    -0.821
99 2OBF_18_leu                              -0.518    -0.537     0.019     3.579
100 2OBF_19_val                             -2.593    -2.422    -0.171    -7.052
101 2OBF_20_ala                             -1.007    -0.973    -0.034    -3.541
102 2OBF_21_leu                             -1.133    -1.240     0.107     8.620
103 2OBF_22_tyr                             -3.789    -3.891     0.102     2.621
104 2OBF_23_tyr                             -2.946    -2.925    -0.021    -0.706
105 2OBF_24_phe                            -10.241    -9.337    -0.904    -9.682
106 2OBF_25_ala                             -0.585    -0.605     0.020     3.329
107 2OBF_26_ala                             -1.703    -1.585    -0.118    -7.475
108 2OBF_27_glu                           -135.479  -135.109    -0.370    -0.274
109 2OBF_28_tyr                             -9.348    -8.661    -0.687    -7.935
110 2OBF_29_val                             -0.988    -0.943    -0.045    -4.787
111 2OBF_30_met                             -0.399    -0.341    -0.058   -16.902
112 2OBF_31_asp                            -82.990   -82.912    -0.078    -0.094
113 2OBF_32_val                             -2.009    -1.915    -0.094    -4.884
114 2OBF_33_val                             -1.470    -1.506     0.036     2.396
115 2P4Y_01_bbn                              0.645     0.633     0.012     1.934
116 2P4Y_02_bbn                             -3.162    -3.158    -0.004    -0.120
117 2P4Y_03_bbn                             -1.335    -1.621     0.286    17.639
118 2P4Y_04_bbn                             -0.194    -0.504     0.310    61.412
119 2P4Y_05_bbn                             -3.206    -3.285     0.079     2.414
120 2P4Y_06_bbn                             -1.267    -1.259    -0.008    -0.609
121 2P4Y_07_bbn                             -2.755    -1.965    -0.790   -40.198
122 2P4Y_08_bbn                             -1.960    -1.945    -0.015    -0.761
123 2P4Y_09_bbn                             -0.745    -0.814     0.069     8.474
124 2P4Y_10_bbn                             -0.921    -1.060     0.139    13.114
125 2P4Y_11_bbn                             -1.472    -1.549     0.077     4.990
126 2P4Y_12_bbn                             -1.547    -1.648     0.101     6.156
127 2P4Y_13_bbn                              0.427     0.388     0.039    10.168
128 2P4Y_14_bbn                             -6.960    -7.223     0.263     3.644
129 2P4Y_15_bbn                            -22.176   -22.002    -0.174    -0.792
130 2P4Y_16_bbn                             -6.483    -6.373    -0.110    -1.731
131 2P4Y_17_phe                             -0.266    -0.118    -0.148  -125.659
132 2P4Y_18_ile                             -0.968    -0.958    -0.010    -1.041
133 2P4Y_19_cys                             -5.666    -5.376    -0.290    -5.386
134 2P4Y_20_phe                             -1.406    -1.502     0.096     6.410
135 2P4Y_21_arg                            -71.562   -70.559    -1.003    -1.421
136 2P4Y_22_ser                             -1.897    -1.952     0.055     2.807
137 2P4Y_23_ala                             -2.209    -2.010    -0.199    -9.908
138 2P4Y_24_glu                             19.720    19.435     0.285     1.468
139 2P4Y_25_ile                             -1.169    -1.935     0.766    39.603
140 2P4Y_26_ile                             -2.720    -2.787     0.067     2.415
141 2P4Y_27_tyr                             -1.684    -1.841     0.157     8.521
142 2P4Y_28_met                             -2.611    -2.641     0.030     1.146
143 2P4Y_29_leu                             -4.513    -4.607     0.094     2.034
144 2P4Y_30_leu                             -2.603    -2.673     0.070     2.636
145 2P4Y_31_val                             -1.455    -1.593     0.138     8.657
146 2P4Y_32_ile                             -7.696    -7.524    -0.172    -2.283
147 2P4Y_33_ser                             -3.676    -3.787     0.111     2.929
148 2P4Y_34_met                             -2.022    -2.077     0.055     2.625
149 2P4Y_35_leu                             -1.286    -1.370     0.084     6.098
150 2P4Y_36_phe                             -1.287    -1.510     0.223    14.769
151 2P4Y_37_met                             -2.880    -3.066     0.186     6.051
152 2P4Y_38_lys                            -28.931   -28.948     0.017     0.057
153 2P4Y_39_hie                             -1.100    -1.154     0.054     4.716
154 2VOT_01_bbn                              2.425     2.471    -0.046    -1.865
155 2VOT_02_bbn                              0.814     0.834    -0.020    -2.407
156 2VOT_03_bbn                              1.839     1.814     0.025     1.395
157 2VOT_04_trp                             -1.777    -1.855     0.078     4.193
158 2VOT_05_asp                           -108.488  -108.715     0.227     0.209
159 2VOT_06_trp                             -1.268    -0.130    -1.138  -875.155
160 2VOT_07_arg                             41.147    41.149    -0.002    -0.004
161 2VOT_08_trp                             -1.689    -1.687    -0.002    -0.133
162 2VOT_09_cys                             -1.746    -1.784     0.038     2.118
163 2VOT_10_asn                             -3.768    -3.554    -0.214    -6.023
164 2VOT_11_glu                           -108.899  -109.350     0.451     0.413
165 2VOT_12_glu                            -45.400   -45.354    -0.046    -0.101
166 2VOT_13_trp                             -0.429    -0.448     0.019     4.270
167 2VOT_14_trp                              0.430     0.355     0.075    21.135
168 2VOT_15_hip                             52.443    52.496    -0.053    -0.102
169 2VOT_16_trp                             -7.726    -7.689    -0.037    -0.486
170 2VOT_17_tyr                             -4.319    -4.084    -0.235    -5.761
171 2VOT_18_glu                           -111.735  -111.797     0.062     0.056
172 2VOT_19_ser                              0.636     0.657    -0.021    -3.213
173 2VOT_20_ser                             -1.333    -1.306    -0.027    -2.049
174 2VOT_21_trp                            -14.468   -14.338    -0.130    -0.908
175 2VOT_22_trp                             -7.303    -7.156    -0.147    -2.061
176 2VW5_01_bbn                             -1.487    -1.602     0.115     7.157
177 2VW5_02_bbn                             -1.900    -2.012     0.112     5.559
178 2VW5_03_bbn                             -0.171    -0.165    -0.006    -3.695
179 2VW5_04_bbn                             -0.282    -0.347     0.065    18.684
180 2VW5_05_bbn                             -1.522    -1.513    -0.009    -0.567
181 2VW5_06_bbn                              0.076     0.010     0.066   663.961
182 2VW5_07_bbn                             -0.059    -0.062     0.003     5.119
183 2VW5_08_bbn                             -0.263    -0.306     0.043    14.032
184 2VW5_09_bbn                             -1.808    -1.959     0.151     7.701
185 2VW5_10_bbn                             -0.776    -0.747    -0.029    -3.889
186 2VW5_11_bbn                             -3.705    -3.942     0.237     6.025
187 2VW5_12_bbn                              0.175     0.092     0.083    90.096
188 2VW5_13_bbn                             -7.708    -7.609    -0.099    -1.295
189 2VW5_14_bbn                             -2.775    -2.653    -0.122    -4.596
190 2VW5_15_bbn                              0.137     0.119     0.018    15.522
191 2VW5_16_asn                             -6.093    -6.153     0.060     0.979
192 2VW5_17_ala                             -0.472    -0.437    -0.035    -7.949
193 2VW5_18_asp                            -27.530   -27.702     0.172     0.623
194 2VW5_19_ala                             -1.728    -1.574    -0.154    -9.802
195 2VW5_20_lys                            -17.849   -16.841    -1.008    -5.984
196 2VW5_21_asp                            -20.493   -20.676     0.183     0.884
197 2VW5_22_ile                             -1.011    -0.966    -0.045    -4.708
198 2VW5_23_met                             -6.084    -5.847    -0.237    -4.047
199 2VW5_24_glu                             -6.683    -6.855     0.172     2.512
200 2VW5_25_asn                             -2.040    -1.838    -0.202   -10.980
201 2VW5_26_leu                             -1.382    -1.397     0.015     1.050
202 2VW5_28_val                             -0.584    -0.688     0.104    15.181
203 2VW5_29_phe                             -3.599    -3.685     0.086     2.339
204 2VW5_30_tyr                             -1.180    -1.319     0.139    10.552
205 2VW5_31_val                             -0.433    -0.469     0.036     7.611
206 2VW5_32_thr                             -4.671    -4.575    -0.096    -2.104
207 2VW5_33_leu                             -0.819    -0.905     0.086     9.554
208 2XB8_01_bbn                              3.186     2.947     0.239     8.114
209 2XB8_02_bbn                             -3.587    -3.648     0.061     1.671
210 2XB8_03_bbn                             -2.350    -2.281    -0.069    -3.007
211 2XB8_04_bbn                             -3.196    -3.228     0.032     1.005
212 2XB8_05_bbn                             -1.736    -1.707    -0.029    -1.720
213 2XB8_06_bbn                              1.894     1.795     0.099     5.536
214 2XB8_07_bbn                              0.783     0.743     0.040     5.328
215 2XB8_08_bbn                             -8.674    -8.427    -0.247    -2.926
216 2XB8_09_bbn                             -4.704    -4.519    -0.185    -4.098
217 2XB8_10_bbn                             -1.952    -1.881    -0.071    -3.787
218 2XB8_11_bbn                             -3.759    -3.191    -0.568   -17.787
219 2XB8_12_bbn                            -18.593   -18.509    -0.084    -0.454
220 2XB8_13_bbn                            -18.837   -18.726    -0.111    -0.592
221 2XB8_14_bbn                              3.178     3.105     0.073     2.339
222 2XB8_15_bbn                             -1.121    -1.108    -0.013    -1.151
223 2XB8_16_asn                              0.364     0.457    -0.093   -20.336
224 2XB8_17_leu                             -4.462    -4.157    -0.305    -7.336
225 2XB8_18_arg                            -24.559   -24.340    -0.219    -0.898
226 2XB8_19_leu                             -0.508    -0.451    -0.057   -12.589
227 2XB8_20_arg                            -19.995   -19.929    -0.066    -0.334
228 2XB8_21_tyr                             -8.512    -7.905    -0.607    -7.675
229 2XB8_22_asn                             -9.010    -9.067     0.057     0.630
230 2XB8_23_thr                             -1.223    -1.159    -0.064    -5.552
231 2XB8_24_hid                             -4.693    -4.787     0.094     1.957
232 2XB8_25_hie                              3.103     3.033     0.070     2.298
233 2XB8_26_ile                             -3.543    -3.670     0.127     3.468
234 2XB8_27_ser                            -13.165   -13.012    -0.153    -1.176
235 2XB8_28_val                             -1.526    -1.439    -0.087    -6.068
236 2XB8_29_arg                            -51.485   -51.470    -0.015    -0.028
237 2XB8_30_arg                            -59.055   -58.856    -0.199    -0.337
238 2XB8_31_val                             -0.673    -0.697     0.024     3.414
239 2XB8_32_asp                             29.141    28.727     0.414     1.440
240 2XB8_33_glu                             22.392    22.273     0.119     0.534
241 2YKI_01_bbn                              0.179     0.150     0.029    19.094
242 2YKI_02_bbn                             -0.301    -0.223    -0.078   -34.919
243 2YKI_03_bbn                             -0.805    -0.885     0.080     9.057
244 2YKI_04_bbn                             -0.535    -0.501    -0.034    -6.834
245 2YKI_05_bbn                             -1.064    -1.095     0.031     2.858
246 2YKI_06_bbn                             -0.819    -0.852     0.033     3.857
247 2YKI_07_bbn                             -0.965    -1.001     0.036     3.617
248 2YKI_08_bbn                             -9.789   -10.123     0.334     3.295
249 2YKI_09_bbn                              0.231    -0.006     0.237  3951.601
250 2YKI_10_bbn                             -0.947    -1.105     0.158    14.278
251 2YKI_11_bbn                             -4.246    -4.313     0.067     1.562
252 2YKI_12_bbn                             -1.016    -1.057     0.041     3.907
253 2YKI_13_bbn                             -0.397    -0.391    -0.006    -1.552
254 2YKI_14_bbn                             -1.833    -1.846     0.013     0.707
255 2YKI_15_bbn                             -0.366    -0.336    -0.030    -8.836
256 2YKI_16_bbn                             -0.226    -0.240     0.014     5.958
257 2YKI_17_bbn                             -2.501    -2.670     0.169     6.341
258 2YKI_18_bbn                             -1.793    -1.851     0.058     3.126
259 2YKI_19_bbn                              0.093     0.096    -0.003    -2.758
260 2YKI_20_bbn                              0.195     0.160     0.035    22.137
261 2YKI_21_bbn                             -0.032    -0.036     0.004    10.207
262 2YKI_22_phe                             -1.911    -2.016     0.105     5.207
263 2YKI_23_gln                             -0.719    -0.677    -0.042    -6.220
264 2YKI_24_ile                             -1.026    -1.114     0.088     7.941
265 2YKI_25_leu                             -0.394    -0.415     0.021     4.983
266 2YKI_26_asn                             -7.469    -7.324    -0.145    -1.976
267 2YKI_27_ser                              0.052     0.118    -0.066   -56.097
268 2YKI_28_ala                             -0.356    -0.284    -0.072   -25.385
269 2YKI_29_asp                            -25.548   -25.837     0.289     1.119
270 2YKI_30_ile                             -0.375    -0.373    -0.002    -0.446
271 2YKI_31_met                             -7.151    -7.012    -0.139    -1.976
272 2YKI_32_leu                             -1.646    -1.697     0.051     2.992
273 2YKI_33_ile                             -0.345    -0.356     0.011     3.022
274 2YKI_34_leu                             -6.254    -5.688    -0.566    -9.950
275 2YKI_35_ile                             -1.145    -1.195     0.050     4.190
276 2YKI_36_ala                             -1.640    -1.598    -0.042    -2.636
277 2YKI_37_val                             -0.726    -0.790     0.064     8.091
278 2YKI_38_phe                             -8.274    -8.399     0.125     1.487
279 2YKI_40_val                             -1.682    -1.733     0.051     2.931
280 2YKI_41_trp                             -5.838    -6.213     0.375     6.042
281 2YKI_42_phe                             -2.513    -2.736     0.223     8.157
282 2YKI_43_thr                             -3.859    -3.713    -0.146    -3.935
283 2YKI_44_val                             -0.939    -0.972     0.033     3.414
284 2ZX6_01_bbn                              2.545     2.718    -0.173    -6.347
285 2ZX6_02_bbn                             -0.357    -0.331    -0.026    -7.716
286 2ZX6_03_bbn                             -0.387    -0.366    -0.021    -5.834
287 2ZX6_04_bbn                              1.688     1.694    -0.006    -0.375
288 2ZX6_05_phe                             -2.601    -2.454    -0.147    -6.006
289 2ZX6_06_hid                            -21.726   -21.607    -0.119    -0.552
290 2ZX6_07_leu                             -1.388    -1.413     0.025     1.743
291 2ZX6_08_tyr                             -3.497    -3.321    -0.176    -5.302
292 2ZX6_09_glu                            -80.130   -80.174     0.044     0.055
293 2ZX6_10_trp                             -0.962    -1.055     0.093     8.788
294 2ZX6_11_hie                             -1.203    -1.054    -0.149   -14.095
295 2ZX6_12_hid                            -18.033   -18.071     0.038     0.208
296 2ZX6_13_tyr                             -0.095    -0.065    -0.030   -46.555
297 2ZX6_14_leu                             -0.242    -0.230    -0.012    -5.144
298 2ZX6_15_trp                             -3.786    -3.758    -0.028    -0.738
299 2ZX6_16_asp                           -109.685  -110.036     0.351     0.319
300 2ZX6_17_met                             -4.204    -4.204     0.000     0.004
301 2ZX6_18_arg                             54.402    55.564    -1.162    -2.091
302 2ZX6_19_glu                           -112.637  -111.740    -0.897    -0.803
303 2ZX6_20_val                             -1.097    -1.102     0.005     0.426
304 2ZX6_21_asn                             -6.038    -5.871    -0.167    -2.847
305 2ZX6_22_thr                             -2.582    -2.562    -0.020    -0.796
306 2ZX6_23_phe                             -8.843    -8.275    -0.568    -6.864
307 3G0W_01_bbn                             -0.264    -0.280     0.016     5.848
308 3G0W_02_bbn                             -3.152    -3.220     0.068     2.114
309 3G0W_03_bbn                              0.010     0.001     0.009   922.527
310 3G0W_04_bbn                             -0.053    -0.022    -0.031  -140.134
311 3G0W_05_bbn                             -0.628    -0.757     0.129    16.991
312 3G0W_06_bbn                              0.353     0.348     0.005     1.296
313 3G0W_07_bbn                             -0.824    -0.797    -0.027    -3.363
314 3G0W_08_bbn                             -0.153    -0.335     0.182    54.410
315 3G0W_09_bbn                             -1.053    -1.026    -0.027    -2.656
316 3G0W_10_bbn                             -0.200     1.077    -1.277  -118.613
317 3G0W_11_bbn                              2.758     2.491     0.267    10.734
318 3G0W_12_bbn                             -0.498    -0.473    -0.025    -5.290
319 3G0W_13_bbn                             -1.929    -1.851    -0.078    -4.224
320 3G0W_14_bbn                             -0.896    -0.879    -0.017    -1.988
321 3G0W_15_bbn                             -0.107    -0.077    -0.030   -39.213
322 3G0W_16_leu                             -1.749    -1.582    -0.167   -10.586
323 3G0W_17_leu                             -4.156    -4.177     0.021     0.513
324 3G0W_18_asn                            -14.312   -15.230     0.918     6.029
325 3G0W_19_leu                             -2.811    -2.527    -0.284   -11.230
326 3G0W_20_gln                              0.822     0.770     0.052     6.697
327 3G0W_21_trp                             -1.056    -1.224     0.168    13.714
328 3G0W_22_met                             -2.671    -2.943     0.272     9.244
329 3G0W_23_met                             -4.840    -6.038     1.198    19.836
330 3G0W_24_val                             -1.038    -2.021     0.983    48.655
331 3G0W_25_met                             -2.652    -2.591    -0.061    -2.347
332 3G0W_26_arg                            -19.574   -18.754    -0.820    -4.370
333 3G0W_27_phe                             -3.833    -3.633    -0.200    -5.509
334 3G0W_28_met                             -2.333    -2.138    -0.195    -9.126
335 3G0W_29_met                             -0.895    -0.973     0.078     8.065
336 3G0W_30_leu                             -1.980    -1.954    -0.026    -1.353
337 3G0W_31_phe                             -0.763    -0.746    -0.017    -2.227
338 3G0W_32_thr                             -4.414    -4.362    -0.052    -1.189
339 3G0W_33_leu                             -0.885    -0.959     0.074     7.705
340 3G0W_34_phe                             -2.314    -2.385     0.071     2.961
341 3G0W_35_met                             -0.567    -0.625     0.058     9.305
342 3G0W_36_ile                             -0.398    -0.474     0.076    16.030
343 3GCU_01_bbn                             -0.301    -0.282    -0.019    -6.692
344 3GCU_02_bbn                             -3.136    -3.124    -0.012    -0.386
345 3GCU_03_bbn                             -1.401    -1.441     0.040     2.775
346 3GCU_04_bbn                             -0.997    -1.028     0.031     3.052
347 3GCU_05_bbn                             -0.711    -0.689    -0.022    -3.242
348 3GCU_06_bbn                             -0.367    -0.328    -0.039   -11.836
349 3GCU_07_bbn                             -1.785    -1.867     0.082     4.401
350 3GCU_08_bbn                             -0.033    -0.029    -0.004   -12.344
351 3GCU_09_bbn                             -1.500    -1.389    -0.111    -8.005
352 3GCU_10_bbn                             -0.494    -0.503     0.009     1.736
353 3GCU_11_bbn                             -1.190    -1.166    -0.024    -2.047
354 3GCU_12_bbn                             -0.153    -0.152    -0.001    -0.575
355 3GCU_13_bbn                             -1.171    -1.220     0.049     3.988
356 3GCU_14_bbn                             -1.258    -1.261     0.003     0.199
357 3GCU_15_bbn                             -0.648    -0.618    -0.030    -4.840
358 3GCU_16_bbn                             -2.420    -2.654     0.234     8.834
359 3GCU_17_bbn                             -8.489    -8.222    -0.267    -3.252
360 3GCU_18_bbn                             -1.910    -2.033     0.123     6.049
361 3GCU_19_bbn                             -0.350    -0.332    -0.018    -5.419
362 3GCU_20_bbn                             -0.242    -0.237    -0.005    -2.183
363 3GCU_21_bbn                             -1.543    -1.341    -0.202   -15.040
364 3GCU_22_bbn                             -8.665    -8.470    -0.195    -2.305
365 3GCU_23_bbn                             -3.117    -3.359     0.242     7.213
366 3GCU_24_val                             -1.702    -1.617    -0.085    -5.264
367 3GCU_25_tyr                             -0.272    -0.332     0.060    18.172
368 3GCU_26_val                             -2.868    -2.777    -0.091    -3.272
369 3GCU_27_ala                             -2.198    -1.853    -0.345   -18.611
370 3GCU_28_lys                             -2.131    -1.564    -0.567   -36.244
371 3GCU_29_arg                              0.977     1.022    -0.045    -4.379
372 3GCU_30_arg                             -0.342    -0.302    -0.040   -13.342
373 3GCU_31_glu                            -40.405   -40.107    -0.298    -0.744
374 3GCU_32_leu                             -1.637    -1.619    -0.018    -1.127
375 3GCU_33_leu                             -3.794    -3.539    -0.255    -7.219
376 3GCU_34_met                             -1.357    -1.363     0.006     0.438
377 3GCU_35_val                             -0.879    -0.854    -0.025    -2.980
378 3GCU_36_ile                             -3.269    -3.419     0.150     4.382
379 3GCU_37_leu                             -1.693    -1.666    -0.027    -1.634
380 3GCU_38_thr                             -6.188    -6.012    -0.176    -2.923
381 3GCU_39_leu                             -1.664    -1.675     0.011     0.680
382 3GCU_40_met                             -1.623    -1.631     0.008     0.472
383 3GCU_41_ile                             -1.336    -1.316    -0.020    -1.494
384 3GCU_42_ile                             -0.555    -0.576     0.021     3.680
385 3GCU_43_hie                             -2.088    -2.070    -0.018    -0.868
386 3GCU_44_ile                             -0.545    -0.486    -0.059   -12.229
387 3GCU_45_leu                             -3.522    -3.753     0.231     6.150
388 3GCU_46_asp                             -3.460    -3.510     0.050     1.435
389 3GCU_47_phe                             -4.013    -3.750    -0.263    -7.009
390 3GCU_48_leu                             -0.606    -0.619     0.013     2.098
391 3GNW_01_pro                             -1.956    -1.763    -0.193   -10.936
392 3GNW_02_bbn                             -0.166    -1.277     1.111    86.989
393 3GNW_03_bbn                             -3.250    -3.254     0.004     0.137
394 3GNW_04_bbn                             -2.668    -2.857     0.189     6.629
395 3GNW_05_bbn                             -0.482    -0.513     0.031     6.116
396 3GNW_06_bbn                             -0.199    -0.230     0.031    13.437
397 3GNW_07_bbn                             -1.701    -1.752     0.051     2.913
398 3GNW_08_bbn                             -0.258    -0.221    -0.037   -16.858
399 3GNW_09_bbn                             -0.970    -1.049     0.079     7.509
400 3GNW_10_bbn                             -0.795    -0.798     0.003     0.412
401 3GNW_11_bbn                             -2.282    -2.458     0.176     7.165
402 3GNW_12_bbn                             -0.640    -0.729     0.089    12.164
403 3GNW_13_bbn                             -7.954    -7.914    -0.040    -0.506
404 3GNW_14_bbn                             -8.056    -7.893    -0.163    -2.061
405 3GNW_15_bbn                             -8.813    -8.705    -0.108    -1.243
406 3GNW_16_bbn                             -2.760    -2.751    -0.009    -0.335
407 3GNW_17_arg                             -1.466    -1.153    -0.313   -27.140
408 3GNW_18_phe                             -0.913    -1.633     0.720    44.084
409 3GNW_19_arg                             -7.107    -5.693    -1.414   -24.833
410 3GNW_20_asn                             -2.022    -1.994    -0.028    -1.392
411 3GNW_21_asp                             -4.861    -4.875     0.014     0.292
412 3GNW_22_cys                             -4.557    -4.152    -0.405    -9.748
413 3GNW_23_ser                             -8.366    -8.521     0.155     1.815
414 3GNW_24_ser                             -1.543    -1.549     0.006     0.363
415 3GNW_25_leu                             -2.346    -2.381     0.035     1.461
416 3GNW_26_arg                              3.990     3.776     0.214     5.655
417 3GNW_27_ser                             -0.541    -0.516    -0.025    -4.781
418 3GNW_28_asn                             -1.439    -1.264    -0.175   -13.832
419 3GNW_29_met                             -6.303    -6.025    -0.278    -4.618
420 3GNW_30_tyr                             -4.191    -4.562     0.371     8.135
421 3GNW_31_gln                             -0.228    -0.305     0.077    25.091
422 3GNW_32_ile                             -0.778    -0.859     0.081     9.447
423 3GNW_33_tyr                             -6.037    -6.613     0.576     8.709
424 3GNW_34_hie                             -0.156    -0.146    -0.010    -7.168
425 3GNW_35_ser                             -5.204    -4.733    -0.471    -9.961
426 3JVS_01_bbn                             -1.915    -1.960     0.045     2.308
427 3JVS_02_bbn                            -12.567   -13.696     1.129     8.241
428 3JVS_03_bbn                             -0.899    -1.071     0.172    16.027
429 3JVS_04_bbn                             -1.213    -0.504    -0.709  -140.628
430 3JVS_05_bbn                            -12.526   -12.381    -0.145    -1.168
431 3JVS_06_pro                             -5.046    -4.961    -0.085    -1.705
432 3JVS_07_bbn                              0.733     0.651     0.082    12.551
433 3JVS_08_pro                             -2.166    -2.382     0.216     9.081
434 3JVS_09_bbn                             -0.597    -0.536    -0.061   -11.387
435 3JVS_10_bbn                             -1.162    -1.080    -0.082    -7.581
436 3JVS_11_bbn                             -0.471    -0.457    -0.014    -3.013
437 3JVS_12_bbn                             -2.867    -2.491    -0.376   -15.100
438 3JVS_13_bbn                             -1.107    -1.033    -0.074    -7.200
439 3JVS_14_phe                             -7.918    -7.727    -0.191    -2.469
440 3JVS_15_asp                             -7.358    -7.306    -0.052    -0.718
441 3JVS_16_arg                             -0.452    -0.422    -0.030    -7.019
442 3JVS_17_ile                             -3.389    -3.698     0.309     8.346
443 3JVS_18_glu                             -7.115    -8.054     0.939    11.664
444 3JVS_19_tyr                             -0.985    -1.071     0.086     8.026
445 3JVS_20_ala                             -0.749    -0.589    -0.160   -27.090
446 3JVS_21_glu                             -3.885    -3.715    -0.170    -4.570
447 3JVS_22_leu                             -2.146    -1.646    -0.500   -30.388
448 3NOX_01_bbn                              0.711     0.798    -0.087   -10.901
449 3NOX_02_bbn                             -6.315    -6.207    -0.108    -1.739
450 3NOX_03_bbn                              0.721     0.757    -0.036    -4.793
451 3NOX_04_bbn                             -1.908    -1.971     0.063     3.211
452 3NOX_05_bbn                              1.369     1.333     0.036     2.719
453 3NOX_06_bbn                             -1.392    -1.433     0.041     2.865
454 3NOX_07_arg                             45.393    45.802    -0.409    -0.893
455 3NOX_08_glu                           -111.700  -111.564    -0.136    -0.122
456 3NOX_09_glu                           -122.781  -122.376    -0.405    -0.331
457 3NOX_10_tyr                             -4.329    -4.538     0.209     4.613
458 3NOX_11_trp                             -0.500    -0.699     0.199    28.539
459 3NOX_12_ser                             -6.395    -6.327    -0.068    -1.075
460 3NOX_13_tyr                             -2.284    -2.286     0.002     0.102
461 3NOX_14_val                             -0.224    -0.341     0.117    34.420
462 3NOX_15_trp                             -2.121    -2.227     0.106     4.739
463 3NOX_16_tyr                            -16.132   -16.022    -0.110    -0.687
464 3NOX_17_asp                            -62.695   -62.357    -0.338    -0.542
465 3NOX_18_tyr                             -8.739    -8.583    -0.156    -1.816
466 3NOX_19_asn                             -4.618    -4.442    -0.176    -3.952
467 3NOX_20_val                             -1.715    -1.718     0.003     0.197
468 3NOX_21_hid                             -7.991    -8.313     0.322     3.876
469 3PE2_01_bbn                             -3.198    -3.063    -0.135    -4.421
470 3PE2_02_bbn                             -0.233    -0.120    -0.113   -94.100
471 3PE2_03_bbn                             -1.695    -1.582    -0.113    -7.134
472 3PE2_04_bbn                             -1.169    -1.140    -0.029    -2.566
473 3PE2_05_bbn                             -2.215    -2.152    -0.063    -2.939
474 3PE2_06_bbn                             -2.184    -2.152    -0.032    -1.510
475 3PE2_07_bbn                             -1.489    -1.632     0.143     8.760
476 3PE2_08_bbn                             -8.709    -8.648    -0.061    -0.704
477 3PE2_09_bbn                              0.285     0.102     0.183   179.547
478 3PE2_10_bbn                             -1.704    -1.706     0.002     0.091
479 3PE2_11_bbn                             -3.472    -3.556     0.084     2.354
480 3PE2_12_bbn                            -18.486   -18.392    -0.094    -0.510
481 3PE2_13_bbn                             -6.707    -6.612    -0.095    -1.432
482 3PE2_14_leu                             -3.285    -3.361     0.076     2.248
483 3PE2_15_arg                            -22.685   -22.648    -0.037    -0.163
484 3PE2_16_val                             -4.279    -5.128     0.849    16.548
485 3PE2_17_val                             -3.944    -3.574    -0.370   -10.355
486 3PE2_18_lys                           -102.022  -101.837    -0.185    -0.182
487 3PE2_19_ile                             -3.136    -3.154     0.018     0.578
488 3PE2_20_phe                             -2.853    -2.992     0.139     4.642
489 3PE2_21_hid                             -1.618    -1.757     0.139     7.907
490 3PE2_22_val                             -1.094    -1.155     0.061     5.296
491 3PE2_23_asn                             -0.851    -0.799    -0.052    -6.493
492 3PE2_24_hid                             -2.535    -2.844     0.309    10.853
493 3PE2_25_met                             -3.846    -4.093     0.247     6.033
494 3PE2_26_ile                             -5.534    -5.304    -0.230    -4.345
495 3PE2_27_asp                             57.660    57.516     0.144     0.250
496 3PE2_28_trp                             -3.500    -4.656     1.156    24.821
497 4GID_01_bbn                             -1.953    -2.050     0.097     4.756
498 4GID_02_bbn                              1.499     1.595    -0.096    -6.040
499 4GID_03_bbn                             -2.007    -1.725    -0.282   -16.354
500 4GID_04_bbn                             -5.451    -5.236    -0.215    -4.100
501 4GID_05_bbn                              0.192     0.112     0.080    71.812
502 4GID_06_bbn                              2.540     2.493     0.047     1.866
503 4GID_07_bbn                            -14.308   -14.417     0.109     0.754
504 4GID_08_bbn                             -0.147    -0.097    -0.050   -51.111
505 4GID_09_pro                             -1.026    -1.047     0.021     2.053
506 4GID_10_bbn                             -3.832    -4.144     0.312     7.541
507 4GID_11_bbn                             -1.975    -2.179     0.204     9.362
508 4GID_12_bbn                             -2.794    -2.931     0.137     4.672
509 4GID_13_bbn                             -5.429    -5.824     0.395     6.779
510 4GID_14_bbn                             -1.848    -2.012     0.164     8.151
511 4GID_15_bbn                             -1.865    -1.966     0.101     5.160
512 4GID_16_bbn                             -4.088    -4.380     0.292     6.663
513 4GID_17_bbn                              0.768     0.779    -0.011    -1.395
514 4GID_18_bbn                             -3.400    -3.432     0.032     0.946
515 4GID_19_bbn                             -1.643    -1.652     0.009     0.566
516 4GID_20_bbn                             -0.248    -0.379     0.131    34.458
517 4GID_21_bbn                            -18.317   -18.166    -0.151    -0.830
518 4GID_22_bbn                             -7.056    -6.907    -0.149    -2.160
519 4GID_23_bbn                             -5.758    -5.857     0.099     1.694
520 4GID_24_bbn                              0.541     0.454     0.087    19.085
521 4GID_25_ser                              0.298     0.291     0.007     2.363
522 4GID_26_gln                             -1.708    -1.744     0.036     2.060
523 4GID_27_tyr                             -0.370    -0.498     0.128    25.608
524 4GID_28_leu                             -2.535    -2.591     0.056     2.145
525 4GID_29_asp                            -79.774   -79.976     0.202     0.253
526 4GID_30_ser                              0.639     0.726    -0.087   -11.970
527 4GID_31_val                             -0.910    -0.830    -0.080    -9.584
528 4GID_32_tyr                             -8.225    -8.307     0.082     0.993
529 4GID_33_thr                             -1.076    -1.485     0.409    27.509
530 4GID_34_gln                             -2.649    -2.954     0.305    10.315
531 4GID_35_phe                             -2.522    -2.732     0.210     7.676
532 4GID_36_ile                             -1.513    -1.625     0.112     6.915
533 4GID_37_trp                             -2.634    -3.718     1.084    29.163
534 4GID_38_ile                             -1.864    -1.892     0.028     1.476
535 4GID_39_ile                             -1.328    -1.303    -0.025    -1.956
536 4GID_40_arg                             28.105    28.317    -0.212    -0.749
537 4GID_41_tyr                             -3.842    -4.078     0.236     5.788
538 4GID_42_ile                             -1.310    -1.315     0.005     0.410
539 4GID_43_asp                           -114.095  -114.321     0.226     0.197
540 4GID_44_thr                             -6.769    -6.629    -0.140    -2.107
541 4GID_45_thr                             -4.577    -4.836     0.259     5.364
542 4GID_46_asn                             -5.262    -5.295     0.033     0.629
543 4GID_47_arg                             27.233    27.645    -0.412    -1.489
544 4GID_48_lys                             23.891    23.587     0.304     1.287
545 4GID_49_ser                              0.231     0.084     0.147   175.385
546 4GID_50_val                             -1.389    -1.455     0.066     4.566
547 4GID_51_ala                             -0.514    -0.385    -0.129   -33.418
==========================================================================================
RMSE                0.276   kcal/mol
MUE                 0.161   kcal/mol
------------------------------------------------------------------------------------------
MSE                -0.004   kcal/mol
min                -1.414   kcal/mol
max                 1.198   kcal/mol
range               2.611   kcal/mol
min abs             0.000   kcal/mol
max abs             1.414   kcal/mol
==========================================================================================
RMSE              183.979   %
MUE                21.746   %
MSE                10.186   %
min              -875.155   %
max              3951.601   %
range            4826.756   %
min abs             0.004   %
max abs          3951.601   %
------------------------------------------------------------------------------------------
RMSE/|avg|          3.410   %
MUE/|avg|           1.992   %
==========================================================================================
Statistics for groups:
neutral-neutral(225)RMSE      0.243   MSE       0.016   kcal/mol
charged-neutral(280)RMSE      0.280   MSE      -0.012   kcal/mol
charged-charged(42) RMSE      0.394   MSE      -0.057   kcal/mol
--------------------------------------------------------------------------------
neutral-neutralRMSE/|avg|     10.74 %
charged-neutralRMSE/|avg|     6.56 %
charged-chargedRMSE/|avg|     0.61 %
==========================================================================================

