WARNING: Interface mlip is under development and should be used with care:
         Manager-only Ruby interface with persistent Python workers
        _______  
       /\______\ 
      / /      / 
     / / Cuby /   Dataset calculation
     \/______/   
                 
/storage/praha1/home/tobiasma/miniconda3/envs/mace/lib/python3.11/site-packages/e3nn/o3/_wigner.py:10: UserWarning: Environment variable TORCH_FORCE_NO_WEIGHTS_ONLY_LOAD detected, since the`weights_only` argument was not explicitly passed to `torch.load`, forcing weights_only=False.
  _Jd, _W3j_flat, _W3j_indices = torch.load(os.path.join(os.path.dirname(__file__), 'constants.pt'))
/auto/vestec1-elixir/home/tobiasma/rezac-lab/mace/mace/calculators/mace.py:207: UserWarning: Environment variable TORCH_FORCE_NO_WEIGHTS_ONLY_LOAD detected, since the`weights_only` argument was not explicitly passed to `torch.load`, forcing weights_only=False.
  torch.load(f=model_path, map_location=device)
WARNING:root:No dtype selected, switching to float64 to match model dtype.
==========================================================================================
name                                             E      Eref     error  error(%)
------------------------------------------------------------------------------------------
01 10GS_01_bbn                              -2.865    -2.184    -0.681   -31.193
02 10GS_02_bbn                              -1.086    -0.132    -0.954  -722.495
03 10GS_03_bbn                              -0.699     0.428    -1.127  -263.223
04 10GS_04_bbn                               3.469     4.504    -1.035   -22.980
05 10GS_05_bbn                             -12.271   -11.437    -0.834    -7.294
06 10GS_06_pro                              -8.269    -6.883    -1.386   -20.140
07 10GS_07_bbn                              -7.673    -6.112    -1.561   -25.545
08 10GS_08_bbn                             -16.247   -14.282    -1.965   -13.760
09 10GS_09_bbn                              -5.720    -4.063    -1.657   -40.781
10 10GS_10_bbn                              -4.445    -3.957    -0.488   -12.323
11 10GS_11_bbn                              -1.477    -0.762    -0.715   -93.802
12 10GS_12_tyr                              -7.974    -7.821    -0.153    -1.955
13 10GS_13_phe                              -5.843    -5.857     0.014     0.237
14 10GS_14_val                              -1.206    -1.308     0.102     7.819
15 10GS_15_arg                             -58.090   -53.819    -4.271    -7.936
16 10GS_16_val                              -0.705    -0.618    -0.087   -14.092
17 10GS_17_trp                             -20.646   -19.558    -1.088    -5.562
18 10GS_18_lys                             -91.460   -89.344    -2.116    -2.368
19 10GS_19_gln                             -33.889   -32.038    -1.851    -5.778
20 10GS_20_leu                              -1.373    -1.287    -0.086    -6.701
21 10GS_21_gln                             -12.648   -10.897    -1.751   -16.065
22 10GS_22_ser                             -12.090   -11.270    -0.820    -7.274
23 10GS_23_tyr                              -1.881    -1.617    -0.264   -16.303
24 10GS_24_asp                              25.123    19.608     5.515    28.126
25 10GS_25_asp                             -12.510   -14.741     2.231    15.137
26 2CET_01_bbn                              -0.703     0.231    -0.934  -404.230
27 2CET_02_bbn                              -1.570    -0.814    -0.756   -92.919
28 2CET_03_ala                              -0.332    -0.260    -0.072   -27.771
29 2CET_04_gln                             -11.430    -9.867    -1.563   -15.838
30 2CET_05_arg                              39.010    34.922     4.088    11.705
31 2CET_06_hie                              -3.497    -1.059    -2.438  -230.201
32 2CET_07_trp                              -5.660    -5.045    -0.615   -12.183
33 2CET_08_asn                              -3.380    -2.421    -0.959   -39.612
34 2CET_09_glu                            -103.009  -103.150     0.141     0.136
35 2CET_10_val                              -2.388    -2.021    -0.367   -18.170
36 2CET_11_val                              -0.489    -0.645     0.156    24.196
37 2CET_12_hie                               0.280    -0.152     0.432   284.045
38 2CET_13_asn                              -1.191    -0.471    -0.720  -152.931
39 2CET_14_asn                               2.565     3.300    -0.735   -22.286
40 2CET_15_tyr                              -7.325    -6.712    -0.613    -9.133
41 2CET_16_met                              -0.533    -0.626     0.093    14.804
42 2CET_17_trp                              -5.195    -4.775    -0.420    -8.792
43 2CET_18_glu                             -92.296   -92.916     0.620     0.668
44 2CET_19_trp                             -11.701    -9.608    -2.093   -21.789
45 2CET_20_asn                              -0.366     0.300    -0.666  -221.982
46 2CET_21_glu                            -110.185  -110.346     0.161     0.146
47 2CET_22_trp                              -3.982    -2.321    -1.661   -71.548
48 2CET_23_phe                              -5.928    -5.529    -0.399    -7.217
49 2FVD_01_bbn                              -0.845    -1.071     0.226    21.074
50 2FVD_02_bbn                              -0.925    -0.993     0.068     6.820
51 2FVD_03_bbn                              -0.582    -0.802     0.220    27.393
52 2FVD_04_bbn                              -0.225    -0.422     0.197    46.766
53 2FVD_05_bbn                              -5.564    -5.863     0.299     5.107
54 2FVD_06_bbn                              -3.325    -3.338     0.013     0.385
55 2FVD_07_bbn                              -8.086    -8.131     0.045     0.548
56 2FVD_08_bbn                              -2.772    -2.300    -0.472   -20.533
57 2FVD_09_bbn                              -8.128    -7.877    -0.251    -3.182
58 2FVD_10_bbn                               1.417     1.604    -0.187   -11.654
59 2FVD_11_bbn                              -1.452    -1.444    -0.008    -0.520
60 2FVD_12_bbn                              -0.011     0.235    -0.246  -104.888
61 2FVD_13_bbn                              -3.283    -3.477     0.194     5.585
62 2FVD_14_bbn                               0.277     0.073     0.204   279.908
63 2FVD_15_bbn                              -0.219    -0.301     0.082    27.307
64 2FVD_16_bbn                              -3.082    -3.018    -0.064    -2.131
65 2FVD_17_ile                              -3.911    -3.780    -0.131    -3.455
66 2FVD_18_val                              -2.805    -2.692    -0.113    -4.199
67 2FVD_19_ala                              -1.834    -1.773    -0.061    -3.462
68 2FVD_20_lys                              -3.560    -5.495     1.935    35.222
69 2FVD_21_val                              -0.960    -1.148     0.188    16.392
70 2FVD_22_phe                              -2.009    -2.355     0.346    14.708
71 2FVD_23_glu                              -7.944    -1.405    -6.539  -465.437
72 2FVD_24_phe                              -2.653    -3.086     0.433    14.035
73 2FVD_25_leu                              -0.904    -1.099     0.195    17.711
74 2FVD_26_hie                              -0.098    -0.527     0.429    81.310
75 2FVD_27_gln                              -3.495    -3.566     0.071     1.987
76 2FVD_28_asp                             -10.056    -9.816    -0.240    -2.444
77 2FVD_29_lys                             -14.217   -18.966     4.749    25.038
78 2FVD_30_asn                              -4.363    -4.527     0.164     3.627
79 2FVD_31_leu                              -4.497    -4.344    -0.153    -3.516
80 2FVD_32_ala                              -1.053    -1.161     0.108     9.283
81 2FVD_33_asp                              -8.975    -9.472     0.497     5.242
82 2OBF_01_bbn                               0.044    -0.518     0.562   108.455
83 2OBF_02_bbn                              -8.696    -7.805    -0.891   -11.413
84 2OBF_03_bbn                               0.523     0.825    -0.302   -36.568
85 2OBF_04_bbn                              -5.136    -3.767    -1.369   -36.334
86 2OBF_05_bbn                              -0.746    -0.402    -0.344   -85.642
87 2OBF_06_bbn                              -1.802    -0.817    -0.985  -120.586
88 2OBF_07_pro                              -0.273    -1.039     0.766    73.755
89 2OBF_08_bbn                               1.112     0.362     0.750   207.260
90 2OBF_09_bbn                              -0.967    -0.473    -0.494  -104.340
91 2OBF_10_bbn                              -6.443    -5.683    -0.760   -13.378
92 2OBF_11_bbn                              -0.565     0.668    -1.233  -184.575
93 2OBF_12_bbn                               1.401     1.836    -0.435   -23.711
94 2OBF_13_bbn                              -3.584    -2.971    -0.613   -20.646
95 2OBF_14_tyr                              -7.335    -6.909    -0.426    -6.159
96 2OBF_15_asn                              -8.215    -7.005    -1.210   -17.270
97 2OBF_16_tyr                              -6.395    -5.912    -0.483    -8.173
98 2OBF_17_arg                              30.606    41.108   -10.502   -25.548
99 2OBF_18_leu                              -0.025    -0.537     0.512    95.263
100 2OBF_19_val                             -2.693    -2.422    -0.271   -11.185
101 2OBF_20_ala                             -0.507    -0.973     0.466    47.911
102 2OBF_21_leu                             -0.928    -1.240     0.312    25.130
103 2OBF_22_tyr                             -3.590    -3.891     0.301     7.733
104 2OBF_23_tyr                             -2.244    -2.925     0.681    23.285
105 2OBF_24_phe                            -10.305    -9.337    -0.968   -10.362
106 2OBF_25_ala                             -0.682    -0.605    -0.077   -12.677
107 2OBF_26_ala                             -1.589    -1.585    -0.004    -0.254
108 2OBF_27_glu                           -136.181  -135.109    -1.072    -0.793
109 2OBF_28_tyr                             -9.727    -8.661    -1.066   -12.311
110 2OBF_29_val                             -1.368    -0.943    -0.425   -45.086
111 2OBF_30_met                             -0.176    -0.341     0.165    48.506
112 2OBF_31_asp                            -83.274   -82.912    -0.362    -0.437
113 2OBF_32_val                             -1.840    -1.915     0.075     3.937
114 2OBF_33_val                             -1.035    -1.506     0.471    31.298
115 2P4Y_01_bbn                              0.300     0.633    -0.333   -52.604
116 2P4Y_02_bbn                             -3.257    -3.158    -0.099    -3.122
117 2P4Y_03_bbn                             -1.260    -1.621     0.361    22.286
118 2P4Y_04_bbn                              0.026    -0.504     0.530   105.087
119 2P4Y_05_bbn                             -3.280    -3.285     0.005     0.149
120 2P4Y_06_bbn                             -1.293    -1.259    -0.034    -2.719
121 2P4Y_07_bbn                             -3.391    -1.965    -1.426   -72.576
122 2P4Y_08_bbn                             -2.529    -1.945    -0.584   -30.008
123 2P4Y_09_bbn                             -1.510    -0.814    -0.696   -85.530
124 2P4Y_10_bbn                             -1.387    -1.060    -0.327   -30.839
125 2P4Y_11_bbn                             -2.625    -1.549    -1.076   -69.492
126 2P4Y_12_bbn                             -2.276    -1.648    -0.628   -38.104
127 2P4Y_13_bbn                              0.068     0.388    -0.320   -82.563
128 2P4Y_14_bbn                             -6.739    -7.223     0.484     6.705
129 2P4Y_15_bbn                            -22.826   -22.002    -0.824    -3.743
130 2P4Y_16_bbn                             -7.755    -6.373    -1.382   -21.683
131 2P4Y_17_phe                             -0.692    -0.118    -0.574  -486.627
132 2P4Y_18_ile                             -0.695    -0.958     0.263    27.406
133 2P4Y_19_cys                             -4.776    -5.376     0.600    11.155
134 2P4Y_20_phe                             -1.780    -1.502    -0.278   -18.505
135 2P4Y_21_arg                            -71.788   -70.559    -1.229    -1.742
136 2P4Y_22_ser                             -1.961    -1.952    -0.009    -0.465
137 2P4Y_23_ala                             -1.720    -2.010     0.290    14.452
138 2P4Y_24_glu                             22.654    19.435     3.219    16.561
139 2P4Y_25_ile                             -1.572    -1.935     0.363    18.772
140 2P4Y_26_ile                             -2.684    -2.787     0.103     3.708
141 2P4Y_27_tyr                             -2.402    -1.841    -0.561   -30.497
142 2P4Y_28_met                             -3.170    -2.641    -0.529   -20.036
143 2P4Y_29_leu                             -4.433    -4.607     0.174     3.778
144 2P4Y_30_leu                             -2.451    -2.673     0.222     8.294
145 2P4Y_31_val                             -0.750    -1.593     0.843    52.910
146 2P4Y_32_ile                             -8.017    -7.524    -0.493    -6.550
147 2P4Y_33_ser                             -4.603    -3.787    -0.816   -21.541
148 2P4Y_34_met                             -1.374    -2.077     0.703    33.837
149 2P4Y_35_leu                             -0.873    -1.370     0.497    36.251
150 2P4Y_36_phe                             -1.499    -1.510     0.011     0.701
151 2P4Y_37_met                             -2.235    -3.066     0.831    27.091
152 2P4Y_38_lys                            -34.438   -28.948    -5.490   -18.964
153 2P4Y_39_hie                             -1.377    -1.154    -0.223   -19.292
154 2VOT_01_bbn                              1.918     2.471    -0.553   -22.393
155 2VOT_02_bbn                              0.335     0.834    -0.499   -59.776
156 2VOT_03_bbn                              1.472     1.814    -0.342   -18.877
157 2VOT_04_trp                             -3.354    -1.855    -1.499   -80.786
158 2VOT_05_asp                           -107.987  -108.715     0.728     0.670
159 2VOT_06_trp                             -3.006    -0.130    -2.876 -2212.414
160 2VOT_07_arg                             42.024    41.149     0.875     2.126
161 2VOT_08_trp                             -3.743    -1.687    -2.056  -121.902
162 2VOT_09_cys                             -1.221    -1.784     0.563    31.531
163 2VOT_10_asn                             -4.561    -3.554    -1.007   -28.332
164 2VOT_11_glu                           -108.949  -109.350     0.401     0.366
165 2VOT_12_glu                            -43.286   -45.354     2.068     4.559
166 2VOT_13_trp                              0.508    -0.448     0.956   213.343
167 2VOT_14_trp                              1.018     0.355     0.663   186.722
168 2VOT_15_hip                             55.835    52.496     3.339     6.360
169 2VOT_16_trp                             -8.713    -7.689    -1.024   -13.315
170 2VOT_17_tyr                             -4.637    -4.084    -0.553   -13.530
171 2VOT_18_glu                           -111.198  -111.797     0.599     0.536
172 2VOT_19_ser                              0.470     0.657    -0.187   -28.526
173 2VOT_20_ser                             -1.532    -1.306    -0.226   -17.332
174 2VOT_21_trp                            -16.074   -14.338    -1.736   -12.110
175 2VOT_22_trp                             -8.008    -7.156    -0.852   -11.907
176 2VW5_01_bbn                             -1.405    -1.602     0.197    12.267
177 2VW5_02_bbn                             -1.968    -2.012     0.044     2.206
178 2VW5_03_bbn                             -0.056    -0.165     0.109    65.878
179 2VW5_04_bbn                             -0.191    -0.347     0.156    44.950
180 2VW5_05_bbn                             -1.335    -1.513     0.178    11.749
181 2VW5_06_bbn                              0.015     0.010     0.005    52.771
182 2VW5_07_bbn                             -0.028    -0.062     0.034    54.338
183 2VW5_08_bbn                             -0.223    -0.306     0.083    27.210
184 2VW5_09_bbn                             -1.995    -1.959    -0.036    -1.842
185 2VW5_10_bbn                             -0.535    -0.747     0.212    28.400
186 2VW5_11_bbn                             -3.998    -3.942    -0.056    -1.427
187 2VW5_12_bbn                              0.026     0.092    -0.066   -71.611
188 2VW5_13_bbn                             -7.353    -7.609     0.256     3.366
189 2VW5_14_bbn                             -2.372    -2.653     0.281    10.589
190 2VW5_15_bbn                              0.298     0.119     0.179   150.721
191 2VW5_16_asn                             -6.213    -6.153    -0.060    -0.977
192 2VW5_17_ala                             -0.203    -0.437     0.234    53.617
193 2VW5_18_asp                            -25.219   -27.702     2.483     8.962
194 2VW5_19_ala                             -1.462    -1.574     0.112     7.101
195 2VW5_20_lys                            -19.206   -16.841    -2.365   -14.044
196 2VW5_21_asp                            -21.052   -20.676    -0.376    -1.817
197 2VW5_22_ile                             -0.832    -0.966     0.134    13.904
198 2VW5_23_met                             -6.014    -5.847    -0.167    -2.851
199 2VW5_24_glu                             -7.782    -6.855    -0.927   -13.529
200 2VW5_25_asn                             -1.960    -1.838    -0.122    -6.629
201 2VW5_26_leu                             -1.260    -1.397     0.137     9.834
202 2VW5_28_val                             -0.508    -0.688     0.180    26.155
203 2VW5_29_phe                             -3.513    -3.685     0.172     4.658
204 2VW5_30_tyr                             -0.897    -1.319     0.422    32.002
205 2VW5_31_val                             -0.391    -0.469     0.078    16.655
206 2VW5_32_thr                             -4.642    -4.575    -0.067    -1.473
207 2VW5_33_leu                             -0.701    -0.905     0.204    22.489
208 2XB8_01_bbn                              3.930     2.947     0.983    33.372
209 2XB8_02_bbn                             -2.495    -3.648     1.153    31.595
210 2XB8_03_bbn                             -1.797    -2.281     0.484    21.221
211 2XB8_04_bbn                             -1.851    -3.228     1.377    42.668
212 2XB8_05_bbn                             -1.701    -1.707     0.006     0.368
213 2XB8_06_bbn                              2.456     1.795     0.661    36.839
214 2XB8_07_bbn                             -0.740     0.743    -1.483  -199.595
215 2XB8_08_bbn                             -8.141    -8.427     0.286     3.388
216 2XB8_09_bbn                             -4.197    -4.519     0.322     7.126
217 2XB8_10_bbn                             -1.444    -1.881     0.437    23.215
218 2XB8_11_bbn                             -3.835    -3.191    -0.644   -20.190
219 2XB8_12_bbn                            -18.606   -18.509    -0.097    -0.523
220 2XB8_13_bbn                            -18.989   -18.726    -0.263    -1.407
221 2XB8_14_bbn                              2.944     3.105    -0.161    -5.194
222 2XB8_15_bbn                             -0.801    -1.108     0.307    27.689
223 2XB8_16_asn                              1.809     0.457     1.352   295.874
224 2XB8_17_leu                             -3.554    -4.157     0.603    14.514
225 2XB8_18_arg                            -26.485   -24.340    -2.145    -8.812
226 2XB8_19_leu                              0.746    -0.451     1.197   265.398
227 2XB8_20_arg                            -23.938   -19.929    -4.009   -20.115
228 2XB8_21_tyr                             -7.971    -7.905    -0.066    -0.831
229 2XB8_22_asn                             -8.794    -9.067     0.273     3.008
230 2XB8_23_thr                             -0.614    -1.159     0.545    47.018
231 2XB8_24_hid                             -3.304    -4.787     1.483    30.976
232 2XB8_25_hie                              3.215     3.033     0.182     5.997
233 2XB8_26_ile                             -3.509    -3.670     0.161     4.387
234 2XB8_27_ser                            -13.436   -13.012    -0.424    -3.262
235 2XB8_28_val                             -0.922    -1.439     0.517    35.923
236 2XB8_29_arg                            -52.515   -51.470    -1.045    -2.031
237 2XB8_30_arg                            -60.492   -58.856    -1.636    -2.780
238 2XB8_31_val                              0.292    -0.697     0.989   141.906
239 2XB8_32_asp                             27.205    28.727    -1.522    -5.297
240 2XB8_33_glu                             29.585    22.273     7.312    32.829
241 2YKI_01_bbn                              0.242     0.150     0.092    61.525
242 2YKI_02_bbn                             -0.141    -0.223     0.082    36.808
243 2YKI_03_bbn                             -0.742    -0.885     0.143    16.207
244 2YKI_04_bbn                             -0.343    -0.501     0.158    31.468
245 2YKI_05_bbn                             -0.948    -1.095     0.147    13.465
246 2YKI_06_bbn                             -0.836    -0.852     0.016     1.933
247 2YKI_07_bbn                             -0.753    -1.001     0.248    24.773
248 2YKI_08_bbn                             -9.626   -10.123     0.497     4.909
249 2YKI_09_bbn                              0.242    -0.006     0.248  4128.458
250 2YKI_10_bbn                             -0.888    -1.105     0.217    19.593
251 2YKI_11_bbn                             -4.331    -4.313    -0.018    -0.412
252 2YKI_12_bbn                             -0.909    -1.057     0.148    13.987
253 2YKI_13_bbn                             -0.204    -0.391     0.187    47.795
254 2YKI_14_bbn                             -1.500    -1.846     0.346    18.763
255 2YKI_15_bbn                             -0.036    -0.336     0.300    89.365
256 2YKI_16_bbn                             -0.010    -0.240     0.230    95.760
257 2YKI_17_bbn                             -2.479    -2.670     0.191     7.143
258 2YKI_18_bbn                             -1.657    -1.851     0.194    10.506
259 2YKI_19_bbn                              0.245     0.096     0.149   155.628
260 2YKI_20_bbn                              0.280     0.160     0.120    75.093
261 2YKI_21_bbn                              0.241    -0.036     0.277   770.674
262 2YKI_22_phe                             -1.507    -2.016     0.509    25.235
263 2YKI_23_gln                             -0.532    -0.677     0.145    21.347
264 2YKI_24_ile                             -0.791    -1.114     0.323    28.988
265 2YKI_25_leu                             -0.247    -0.415     0.168    40.599
266 2YKI_26_asn                             -7.197    -7.324     0.127     1.729
267 2YKI_27_ser                              0.197     0.118     0.079    66.665
268 2YKI_28_ala                             -0.106    -0.284     0.178    62.636
269 2YKI_29_asp                            -28.727   -25.837    -2.890   -11.186
270 2YKI_30_ile                             -0.277    -0.373     0.096    25.869
271 2YKI_31_met                             -6.886    -7.012     0.126     1.793
272 2YKI_32_leu                             -1.399    -1.697     0.298    17.549
273 2YKI_33_ile                             -0.143    -0.356     0.213    59.745
274 2YKI_34_leu                             -6.109    -5.688    -0.421    -7.403
275 2YKI_35_ile                             -0.950    -1.195     0.245    20.508
276 2YKI_36_ala                             -1.203    -1.598     0.395    24.688
277 2YKI_37_val                             -0.547    -0.790     0.243    30.799
278 2YKI_38_phe                             -8.365    -8.399     0.034     0.403
279 2YKI_40_val                             -1.241    -1.733     0.492    28.417
280 2YKI_41_trp                             -5.630    -6.213     0.583     9.376
281 2YKI_42_phe                             -2.259    -2.736     0.477    17.416
282 2YKI_43_thr                             -3.721    -3.713    -0.008    -0.215
283 2YKI_44_val                             -0.656    -0.972     0.316    32.474
284 2ZX6_01_bbn                              2.245     2.718    -0.473   -17.418
285 2ZX6_02_bbn                             -0.765    -0.331    -0.434  -131.075
286 2ZX6_03_bbn                             -0.570    -0.366    -0.204   -55.867
287 2ZX6_04_bbn                              1.754     1.694     0.060     3.564
288 2ZX6_05_phe                             -2.628    -2.454    -0.174    -7.082
289 2ZX6_06_hid                            -23.499   -21.607    -1.892    -8.758
290 2ZX6_07_leu                             -1.192    -1.413     0.221    15.653
291 2ZX6_08_tyr                             -3.518    -3.321    -0.197    -5.929
292 2ZX6_09_glu                            -76.928   -80.174     3.246     4.049
293 2ZX6_10_trp                             -2.211    -1.055    -1.156  -109.596
294 2ZX6_11_hie                             -3.278    -1.054    -2.224  -211.007
295 2ZX6_12_hid                            -19.517   -18.071    -1.446    -8.002
296 2ZX6_13_tyr                             -0.565    -0.065    -0.500  -769.266
297 2ZX6_14_leu                              0.593    -0.230     0.823   357.889
298 2ZX6_15_trp                             -1.583    -3.758     2.175    57.877
299 2ZX6_16_asp                           -107.693  -110.036     2.343     2.129
300 2ZX6_17_met                             -4.184    -4.204     0.020     0.487
301 2ZX6_18_arg                             42.757    55.564   -12.807   -23.049
302 2ZX6_19_glu                           -110.896  -111.740     0.844     0.755
303 2ZX6_20_val                             -0.943    -1.102     0.159    14.389
304 2ZX6_21_asn                             -6.001    -5.871    -0.130    -2.207
305 2ZX6_22_thr                             -2.459    -2.562     0.103     4.004
306 2ZX6_23_phe                             -9.375    -8.275    -1.100   -13.290
307 3G0W_01_bbn                             -0.030    -0.280     0.250    89.232
308 3G0W_02_bbn                             -3.214    -3.220     0.006     0.187
309 3G0W_03_bbn                              0.299     0.001     0.298 29762.591
310 3G0W_04_bbn                             -0.005    -0.022     0.017    76.497
311 3G0W_05_bbn                             -0.623    -0.757     0.134    17.734
312 3G0W_06_bbn                              0.456     0.348     0.108    30.952
313 3G0W_07_bbn                             -0.543    -0.797     0.254    31.853
314 3G0W_08_bbn                             -0.166    -0.335     0.169    50.402
315 3G0W_09_bbn                             -0.842    -1.026     0.184    17.970
316 3G0W_10_bbn                             -0.258     1.077    -1.335  -123.992
317 3G0W_11_bbn                              2.535     2.491     0.044     1.771
318 3G0W_12_bbn                             -0.103    -0.473     0.370    78.218
319 3G0W_13_bbn                             -1.373    -1.851     0.478    25.847
320 3G0W_14_bbn                             -0.705    -0.879     0.174    19.832
321 3G0W_15_bbn                              0.167    -0.077     0.244   316.341
322 3G0W_16_leu                             -1.367    -1.582     0.215    13.600
323 3G0W_17_leu                             -4.049    -4.177     0.128     3.053
324 3G0W_18_asn                            -14.284   -15.230     0.946     6.214
325 3G0W_19_leu                             -2.515    -2.527     0.012     0.480
326 3G0W_20_gln                              0.927     0.770     0.157    20.377
327 3G0W_21_trp                             -0.395    -1.224     0.829    67.690
328 3G0W_22_met                             -2.548    -2.943     0.395    13.412
329 3G0W_23_met                             -5.153    -6.038     0.885    14.662
330 3G0W_24_val                             -0.860    -2.021     1.161    57.460
331 3G0W_25_met                             -2.600    -2.591    -0.009    -0.363
332 3G0W_26_arg                             -3.682   -18.754    15.072    80.366
333 3G0W_27_phe                             -3.499    -3.633     0.134     3.690
334 3G0W_28_met                             -1.707    -2.138     0.431    20.145
335 3G0W_29_met                             -0.677    -0.973     0.296    30.372
336 3G0W_30_leu                             -1.619    -1.954     0.335    17.151
337 3G0W_31_phe                             -0.175    -0.746     0.571    76.539
338 3G0W_32_thr                             -4.742    -4.362    -0.380    -8.722
339 3G0W_33_leu                             -0.708    -0.959     0.251    26.159
340 3G0W_34_phe                             -1.940    -2.385     0.445    18.671
341 3G0W_35_met                             -0.304    -0.625     0.321    51.323
342 3G0W_36_ile                             -0.236    -0.474     0.238    50.297
343 3GCU_01_bbn                             -0.163    -0.282     0.119    42.253
344 3GCU_02_bbn                             -3.136    -3.124    -0.012    -0.385
345 3GCU_03_bbn                             -1.085    -1.441     0.356    24.716
346 3GCU_04_bbn                             -0.671    -1.028     0.357    34.716
347 3GCU_05_bbn                             -0.416    -0.689     0.273    39.669
348 3GCU_06_bbn                             -0.288    -0.328     0.040    12.183
349 3GCU_07_bbn                             -1.740    -1.867     0.127     6.814
350 3GCU_08_bbn                              0.086    -0.029     0.115   395.340
351 3GCU_09_bbn                             -1.464    -1.389    -0.075    -5.370
352 3GCU_10_bbn                             -0.414    -0.503     0.089    17.614
353 3GCU_11_bbn                             -0.687    -1.166     0.479    41.045
354 3GCU_12_bbn                             -0.002    -0.152     0.150    98.683
355 3GCU_13_bbn                             -0.993    -1.220     0.227    18.585
356 3GCU_14_bbn                             -0.756    -1.261     0.505    40.055
357 3GCU_15_bbn                             -0.302    -0.618     0.316    51.115
358 3GCU_16_bbn                             -2.541    -2.654     0.113     4.261
359 3GCU_17_bbn                             -7.997    -8.222     0.225     2.738
360 3GCU_18_bbn                             -1.773    -2.033     0.260    12.783
361 3GCU_19_bbn                             -0.094    -0.332     0.238    71.806
362 3GCU_20_bbn                             -0.177    -0.237     0.060    25.121
363 3GCU_21_bbn                             -1.383    -1.341    -0.042    -3.118
364 3GCU_22_bbn                             -8.580    -8.470    -0.110    -1.297
365 3GCU_23_bbn                             -3.107    -3.359     0.252     7.493
366 3GCU_24_val                             -1.388    -1.617     0.229    14.178
367 3GCU_25_tyr                             -0.065    -0.332     0.267    80.516
368 3GCU_26_val                             -2.597    -2.777     0.180     6.499
369 3GCU_27_ala                             -1.809    -1.853     0.044     2.396
370 3GCU_28_lys                              0.617    -1.564     2.181   139.440
371 3GCU_29_arg                             21.042     1.022    20.020  1958.913
372 3GCU_30_arg                              8.924    -0.302     9.226  3054.921
373 3GCU_31_glu                            -38.555   -40.107     1.552     3.870
374 3GCU_32_leu                             -1.218    -1.619     0.401    24.757
375 3GCU_33_leu                             -3.324    -3.539     0.215     6.068
376 3GCU_34_met                             -1.112    -1.363     0.251    18.428
377 3GCU_35_val                             -0.644    -0.854     0.210    24.578
378 3GCU_36_ile                             -2.934    -3.419     0.485    14.190
379 3GCU_37_leu                             -1.319    -1.666     0.347    20.857
380 3GCU_38_thr                             -6.053    -6.012    -0.041    -0.684
381 3GCU_39_leu                             -1.417    -1.675     0.258    15.403
382 3GCU_40_met                             -1.387    -1.631     0.244    14.990
383 3GCU_41_ile                             -1.096    -1.316     0.220    16.687
384 3GCU_42_ile                             -0.407    -0.576     0.169    29.337
385 3GCU_43_hie                             -1.611    -2.070     0.459    22.176
386 3GCU_44_ile                             -0.309    -0.486     0.177    36.453
387 3GCU_45_leu                             -3.302    -3.753     0.451    12.007
388 3GCU_46_asp                             -2.303    -3.510     1.207    34.387
389 3GCU_47_phe                             -3.312    -3.750     0.438    11.680
390 3GCU_48_leu                             -0.215    -0.619     0.404    65.240
391 3GNW_01_pro                             -1.343    -1.763     0.420    23.796
392 3GNW_02_bbn                              0.018    -1.277     1.295   101.445
393 3GNW_03_bbn                             -2.970    -3.254     0.284     8.726
394 3GNW_04_bbn                             -2.727    -2.857     0.130     4.561
395 3GNW_05_bbn                             -0.157    -0.513     0.356    69.338
396 3GNW_06_bbn                             -0.170    -0.230     0.060    26.071
397 3GNW_07_bbn                             -1.599    -1.752     0.153     8.713
398 3GNW_08_bbn                              0.050    -0.221     0.271   122.526
399 3GNW_09_bbn                             -1.034    -1.049     0.015     1.394
400 3GNW_10_bbn                             -0.510    -0.798     0.288    36.094
401 3GNW_11_bbn                             -2.495    -2.458    -0.037    -1.499
402 3GNW_12_bbn                             -0.552    -0.729     0.177    24.295
403 3GNW_13_bbn                             -7.785    -7.914     0.129     1.630
404 3GNW_14_bbn                             -7.972    -7.893    -0.079    -0.998
405 3GNW_15_bbn                             -8.833    -8.705    -0.128    -1.467
406 3GNW_16_bbn                             -2.375    -2.751     0.376    13.683
407 3GNW_17_arg                              7.123    -1.153     8.276   717.774
408 3GNW_18_phe                             -1.012    -1.633     0.621    38.056
409 3GNW_19_arg                             -0.577    -5.693     5.116    89.865
410 3GNW_20_asn                             -1.630    -1.994     0.364    18.262
411 3GNW_21_asp                             -8.618    -4.875    -3.743   -76.786
412 3GNW_22_cys                             -3.940    -4.152     0.212     5.103
413 3GNW_23_ser                             -8.436    -8.521     0.085     0.993
414 3GNW_24_ser                             -1.704    -1.549    -0.155   -10.003
415 3GNW_25_leu                             -2.297    -2.381     0.084     3.524
416 3GNW_26_arg                              7.743     3.776     3.967   105.067
417 3GNW_27_ser                             -0.414    -0.516     0.102    19.798
418 3GNW_28_asn                             -1.182    -1.264     0.082     6.455
419 3GNW_29_met                             -5.816    -6.025     0.209     3.472
420 3GNW_30_tyr                             -3.708    -4.562     0.854    18.720
421 3GNW_31_gln                             -0.396    -0.305    -0.091   -29.782
422 3GNW_32_ile                             -0.730    -0.859     0.129    15.025
423 3GNW_33_tyr                             -5.980    -6.613     0.633     9.567
424 3GNW_34_hie                              0.196    -0.146     0.342   234.066
425 3GNW_35_ser                             -5.071    -4.733    -0.338    -7.135
426 3JVS_01_bbn                             -1.631    -1.960     0.329    16.804
427 3JVS_02_bbn                            -12.609   -13.696     1.087     7.933
428 3JVS_03_bbn                             -0.733    -1.071     0.338    31.514
429 3JVS_04_bbn                             -0.983    -0.504    -0.479   -95.091
430 3JVS_05_bbn                            -12.692   -12.381    -0.311    -2.509
431 3JVS_06_pro                             -4.568    -4.961     0.393     7.925
432 3JVS_07_bbn                              0.485     0.651    -0.166   -25.512
433 3JVS_08_pro                             -2.277    -2.382     0.105     4.396
434 3JVS_09_bbn                             -0.460    -0.536     0.076    14.088
435 3JVS_10_bbn                             -0.913    -1.080     0.167    15.460
436 3JVS_11_bbn                             -0.471    -0.457    -0.014    -3.173
437 3JVS_12_bbn                             -2.757    -2.491    -0.266   -10.676
438 3JVS_13_bbn                             -0.946    -1.033     0.087     8.421
439 3JVS_14_phe                             -7.888    -7.727    -0.161    -2.080
440 3JVS_15_asp                             -4.257    -7.306     3.049    41.732
441 3JVS_16_arg                             45.554    -0.422    45.976 10894.767
442 3JVS_17_ile                             -3.437    -3.698     0.261     7.071
443 3JVS_18_glu                             -7.349    -8.054     0.705     8.752
444 3JVS_19_tyr                             -0.807    -1.071     0.264    24.640
445 3JVS_20_ala                             -0.408    -0.589     0.181    30.657
446 3JVS_21_glu                             -8.404    -3.715    -4.689  -126.226
447 3JVS_22_leu                             -1.701    -1.646    -0.055    -3.328
448 3NOX_01_bbn                              0.409     0.798    -0.389   -48.692
449 3NOX_02_bbn                             -7.395    -6.207    -1.188   -19.138
450 3NOX_03_bbn                              0.091     0.757    -0.666   -87.997
451 3NOX_04_bbn                             -3.410    -1.971    -1.439   -72.989
452 3NOX_05_bbn                              0.596     1.333    -0.737   -55.261
453 3NOX_06_bbn                             -1.598    -1.433    -0.165   -11.482
454 3NOX_07_arg                             37.368    45.802    -8.434   -18.414
455 3NOX_08_glu                           -111.414  -111.564     0.150     0.134
456 3NOX_09_glu                           -122.034  -122.376     0.342     0.280
457 3NOX_10_tyr                             -5.355    -4.538    -0.817   -18.008
458 3NOX_11_trp                             -2.110    -0.699    -1.411  -201.822
459 3NOX_12_ser                             -7.503    -6.327    -1.176   -18.593
460 3NOX_13_tyr                             -1.546    -2.286     0.740    32.355
461 3NOX_14_val                              0.354    -0.341     0.695   203.738
462 3NOX_15_trp                              2.067    -2.227     4.294   192.806
463 3NOX_16_tyr                            -16.334   -16.022    -0.312    -1.947
464 3NOX_17_asp                            -59.076   -62.357     3.281     5.261
465 3NOX_18_tyr                             -8.773    -8.583    -0.190    -2.218
466 3NOX_19_asn                             -5.806    -4.442    -1.364   -30.705
467 3NOX_20_val                             -1.331    -1.718     0.387    22.504
468 3NOX_21_hid                            -10.051    -8.313    -1.738   -20.901
469 3PE2_01_bbn                             -2.020    -3.063     1.043    34.054
470 3PE2_02_bbn                              0.805    -0.120     0.925   770.974
471 3PE2_03_bbn                             -0.847    -1.582     0.735    46.490
472 3PE2_04_bbn                             -1.357    -1.140    -0.217   -19.070
473 3PE2_05_bbn                             -2.402    -2.152    -0.250   -11.594
474 3PE2_06_bbn                             -1.724    -2.152     0.428    19.866
475 3PE2_07_bbn                             -0.571    -1.632     1.061    65.026
476 3PE2_08_bbn                             -7.402    -8.648     1.246    14.410
477 3PE2_09_bbn                              1.256     0.102     1.154  1131.384
478 3PE2_10_bbn                             -2.074    -1.706    -0.368   -21.549
479 3PE2_11_bbn                             -3.429    -3.556     0.127     3.560
480 3PE2_12_bbn                            -18.663   -18.392    -0.271    -1.473
481 3PE2_13_bbn                             -7.141    -6.612    -0.529    -8.003
482 3PE2_14_leu                             -1.709    -3.361     1.652    49.151
483 3PE2_15_arg                            -17.919   -22.648     4.729    20.882
484 3PE2_16_val                             -2.917    -5.128     2.211    43.124
485 3PE2_17_val                             -2.783    -3.574     0.791    22.136
486 3PE2_18_lys                           -101.853  -101.837    -0.016    -0.016
487 3PE2_19_ile                             -2.006    -3.154     1.148    36.398
488 3PE2_20_phe                             -2.477    -2.992     0.515    17.223
489 3PE2_21_hid                              0.001    -1.757     1.758   100.048
490 3PE2_22_val                              0.058    -1.155     1.213   105.039
491 3PE2_23_asn                             -0.108    -0.799     0.691    86.429
492 3PE2_24_hid                             -0.952    -2.844     1.892    66.535
493 3PE2_25_met                             -2.475    -4.093     1.618    39.540
494 3PE2_26_ile                             -4.852    -5.304     0.452     8.514
495 3PE2_27_asp                             55.862    57.516    -1.654    -2.876
496 3PE2_28_trp                             -4.325    -4.656     0.331     7.105
497 4GID_01_bbn                             -0.906    -2.050     1.144    55.805
498 4GID_02_bbn                              3.297     1.595     1.702   106.698
499 4GID_03_bbn                             -0.928    -1.725     0.797    46.183
500 4GID_04_bbn                             -4.451    -5.236     0.785    14.990
501 4GID_05_bbn                              0.821     0.112     0.709   633.341
502 4GID_06_bbn                              3.994     2.493     1.501    60.190
503 4GID_07_bbn                            -13.462   -14.417     0.955     6.626
504 4GID_08_bbn                              1.460    -0.097     1.557  1605.339
505 4GID_09_pro                              2.943    -1.047     3.990   381.062
506 4GID_10_bbn                             -2.641    -4.144     1.503    36.272
507 4GID_11_bbn                             -1.250    -2.179     0.929    42.615
508 4GID_12_bbn                             -1.837    -2.931     1.094    37.332
509 4GID_13_bbn                             -4.465    -5.824     1.359    23.329
510 4GID_14_bbn                             -1.580    -2.012     0.432    21.494
511 4GID_15_bbn                             -0.849    -1.966     1.117    56.816
512 4GID_16_bbn                             -3.456    -4.380     0.924    21.087
513 4GID_17_bbn                              1.819     0.779     1.040   133.543
514 4GID_18_bbn                             -2.277    -3.432     1.155    33.642
515 4GID_19_bbn                             -0.986    -1.652     0.666    40.337
516 4GID_20_bbn                              0.664    -0.379     1.043   275.247
517 4GID_21_bbn                            -17.375   -18.166     0.791     4.352
518 4GID_22_bbn                             -5.414    -6.907     1.493    21.617
519 4GID_23_bbn                             -4.584    -5.857     1.273    21.726
520 4GID_24_bbn                              2.471     0.454     2.017   444.171
521 4GID_25_ser                              0.869     0.291     0.578   198.516
522 4GID_26_gln                             -0.776    -1.744     0.968    55.479
523 4GID_27_tyr                              2.145    -0.498     2.643   530.628
524 4GID_28_leu                             -0.544    -2.591     2.047    78.991
525 4GID_29_asp                            -75.445   -79.976     4.531     5.665
526 4GID_30_ser                              1.643     0.726     0.917   126.370
527 4GID_31_val                              1.140    -0.830     1.970   237.403
528 4GID_32_tyr                             -6.060    -8.307     2.247    27.052
529 4GID_33_thr                             -0.349    -1.485     1.136    76.482
530 4GID_34_gln                             -1.425    -2.954     1.529    51.757
531 4GID_35_phe                             -0.567    -2.732     2.165    79.241
532 4GID_36_ile                             -0.081    -1.625     1.544    94.999
533 4GID_37_trp                              0.679    -3.718     4.397   118.254
534 4GID_38_ile                              0.137    -1.892     2.029   107.223
535 4GID_39_ile                              0.648    -1.303     1.951   149.756
536 4GID_40_arg                             31.985    28.317     3.668    12.955
537 4GID_41_tyr                             -0.733    -4.078     3.345    82.030
538 4GID_42_ile                              1.066    -1.315     2.381   181.051
539 4GID_43_asp                           -110.037  -114.321     4.284     3.747
540 4GID_44_thr                             -5.080    -6.629     1.549    23.363
541 4GID_45_thr                             -3.687    -4.836     1.149    23.750
542 4GID_46_asn                             -3.870    -5.295     1.425    26.914
543 4GID_47_arg                             18.689    27.645    -8.956   -32.396
544 4GID_48_lys                             11.384    23.587   -12.203   -51.737
545 4GID_49_ser                              1.093     0.084     1.009  1200.983
546 4GID_50_val                              0.519    -1.455     1.974   135.636
547 4GID_51_ala                              0.343    -0.385     0.728   188.983
==========================================================================================
RMSE                2.813   kcal/mol
MUE                 1.033   kcal/mol
------------------------------------------------------------------------------------------
MSE                 0.283   kcal/mol
min               -12.807   kcal/mol
max                45.976   kcal/mol
range              58.783   kcal/mol
min abs             0.004   kcal/mol
max abs            45.976   kcal/mol
==========================================================================================
RMSE             1386.686   %
MUE               152.525   %
MSE               112.560   %
min             -2212.414   %
max             29762.591   %
range           31975.005   %
min abs             0.016   %
max abs         29762.591   %
------------------------------------------------------------------------------------------
RMSE/|avg|         34.742   %
MUE/|avg|          12.750   %
==========================================================================================
Statistics for groups:
neutral-neutral(225)RMSE      0.319   MSE       0.178   kcal/mol
charged-neutral(280)RMSE      3.490   MSE       0.484   kcal/mol
charged-charged(42) RMSE      4.618   MSE      -0.494   kcal/mol
--------------------------------------------------------------------------------
neutral-neutralRMSE/|avg|     14.11 %
charged-neutralRMSE/|avg|     81.82 %
charged-chargedRMSE/|avg|     7.11 %
==========================================================================================

