WARNING: Interface aimnet2 is under development and should be used with care:
         Only basic functionality, no error checks
        _______  
       /\______\ 
      / /      / 
     / / Cuby /   Dataset calculation
     \/______/   
                 
Warp CUDA warning: Could not find or load the NVIDIA CUDA driver. Proceeding in CPU-only mode.
Warp CUDA warning: Could not find or load the NVIDIA CUDA driver. Proceeding in CPU-only mode.
Warp CUDA warning: Could not find or load the NVIDIA CUDA driver. Proceeding in CPU-only mode.
Warp CUDA warning: Could not find or load the NVIDIA CUDA driver. Proceeding in CPU-only mode.
Warp CUDA warning: Could not find or load the NVIDIA CUDA driver. Proceeding in CPU-only mode.
Warp CUDA warning: Could not find or load the NVIDIA CUDA driver. Proceeding in CPU-only mode.
Warp CUDA warning: Could not find or load the NVIDIA CUDA driver. Proceeding in CPU-only mode.
Warp CUDA warning: Could not find or load the NVIDIA CUDA driver. Proceeding in CPU-only mode.
Warp CUDA warning: Could not find or load the NVIDIA CUDA driver. Proceeding in CPU-only mode.
Warp CUDA warning: Could not find or load the NVIDIA CUDA driver. Proceeding in CPU-only mode.
Warp CUDA warning: Could not find or load the NVIDIA CUDA driver. Proceeding in CPU-only mode.
Warp CUDA warning: Could not find or load the NVIDIA CUDA driver. Proceeding in CPU-only mode.
Warp CUDA warning: Could not find or load the NVIDIA CUDA driver. Proceeding in CPU-only mode.
Warp CUDA warning: Could not find or load the NVIDIA CUDA driver. Proceeding in CPU-only mode.
Warp CUDA warning: Could not find or load the NVIDIA CUDA driver. Proceeding in CPU-only mode.
Warp CUDA warning: Could not find or load the NVIDIA CUDA driver. Proceeding in CPU-only mode.
Warp CUDA warning: Could not find or load the NVIDIA CUDA driver. Proceeding in CPU-only mode.
Warp CUDA warning: Could not find or load the NVIDIA CUDA driver. Proceeding in CPU-only mode.
Warp CUDA warning: Could not find or load the NVIDIA CUDA driver. Proceeding in CPU-only mode.
Warp CUDA warning: Could not find or load the NVIDIA CUDA driver. Proceeding in CPU-only mode.
Warp CUDA warning: Could not find or load the NVIDIA CUDA driver. Proceeding in CPU-only mode.
Warp CUDA warning: Could not find or load the NVIDIA CUDA driver. Proceeding in CPU-only mode.
Warp CUDA warning: Could not find or load the NVIDIA CUDA driver. Proceeding in CPU-only mode.
Warp CUDA warning: Could not find or load the NVIDIA CUDA driver. Proceeding in CPU-only mode.
Warp CUDA warning: Could not find or load the NVIDIA CUDA driver. Proceeding in CPU-only mode.
Warp CUDA warning: Could not find or load the NVIDIA CUDA driver. Proceeding in CPU-only mode.
Warp CUDA warning: Could not find or load the NVIDIA CUDA driver. Proceeding in CPU-only mode.
Warp CUDA warning: Could not find or load the NVIDIA CUDA driver. Proceeding in CPU-only mode.
Warp CUDA warning: Could not find or load the NVIDIA CUDA driver. Proceeding in CPU-only mode.
Warp CUDA warning: Could not find or load the NVIDIA CUDA driver. Proceeding in CPU-only mode.
Warp CUDA warning: Could not find or load the NVIDIA CUDA driver. Proceeding in CPU-only mode.
Warp CUDA warning: Could not find or load the NVIDIA CUDA driver. Proceeding in CPU-only mode.
Warp CUDA warning: Could not find or load the NVIDIA CUDA driver. Proceeding in CPU-only mode.
Warp CUDA warning: Could not find or load the NVIDIA CUDA driver. Proceeding in CPU-only mode.
Warp CUDA warning: Could not find or load the NVIDIA CUDA driver. Proceeding in CPU-only mode.
Warp CUDA warning: Could not find or load the NVIDIA CUDA driver. Proceeding in CPU-only mode.
Warp CUDA warning: Could not find or load the NVIDIA CUDA driver. Proceeding in CPU-only mode.
Warp CUDA warning: Could not find or load the NVIDIA CUDA driver. Proceeding in CPU-only mode.
Warp CUDA warning: Could not find or load the NVIDIA CUDA driver. Proceeding in CPU-only mode.
Warp CUDA warning: Could not find or load the NVIDIA CUDA driver. Proceeding in CPU-only mode.
Warp CUDA warning: Could not find or load the NVIDIA CUDA driver. Proceeding in CPU-only mode.
Warp CUDA warning: Could not find or load the NVIDIA CUDA driver. Proceeding in CPU-only mode.
Warp CUDA warning: Could not find or load the NVIDIA CUDA driver. Proceeding in CPU-only mode.
Warp CUDA warning: Could not find or load the NVIDIA CUDA driver. Proceeding in CPU-only mode.
Warp CUDA warning: Could not find or load the NVIDIA CUDA driver. Proceeding in CPU-only mode.
Warp CUDA warning: Could not find or load the NVIDIA CUDA driver. Proceeding in CPU-only mode.
Warp CUDA warning: Could not find or load the NVIDIA CUDA driver. Proceeding in CPU-only mode.
Warp CUDA warning: Could not find or load the NVIDIA CUDA driver. Proceeding in CPU-only mode.
Warp CUDA warning: Could not find or load the NVIDIA CUDA driver. Proceeding in CPU-only mode.
Warp CUDA warning: Could not find or load the NVIDIA CUDA driver. Proceeding in CPU-only mode.
Warp CUDA warning: Could not find or load the NVIDIA CUDA driver. Proceeding in CPU-only mode.
Warp CUDA warning: Could not find or load the NVIDIA CUDA driver. Proceeding in CPU-only mode.
Warp CUDA warning: Could not find or load the NVIDIA CUDA driver. Proceeding in CPU-only mode.
Warp CUDA warning: Could not find or load the NVIDIA CUDA driver. Proceeding in CPU-only mode.
Warp CUDA warning: Could not find or load the NVIDIA CUDA driver. Proceeding in CPU-only mode.
Warp CUDA warning: Could not find or load the NVIDIA CUDA driver. Proceeding in CPU-only mode.
Warp CUDA warning: Could not find or load the NVIDIA CUDA driver. Proceeding in CPU-only mode.
Warp CUDA warning: Could not find or load the NVIDIA CUDA driver. Proceeding in CPU-only mode.
Warp CUDA warning: Could not find or load the NVIDIA CUDA driver. Proceeding in CPU-only mode.
Warp CUDA warning: Could not find or load the NVIDIA CUDA driver. Proceeding in CPU-only mode.
Warp CUDA warning: Could not find or load the NVIDIA CUDA driver. Proceeding in CPU-only mode.
Warp CUDA warning: Could not find or load the NVIDIA CUDA driver. Proceeding in CPU-only mode.
Warp CUDA warning: Could not find or load the NVIDIA CUDA driver. Proceeding in CPU-only mode.
Warp CUDA warning: Could not find or load the NVIDIA CUDA driver. Proceeding in CPU-only mode.
Warp CUDA warning: Could not find or load the NVIDIA CUDA driver. Proceeding in CPU-only mode.
Warp CUDA warning: Could not find or load the NVIDIA CUDA driver. Proceeding in CPU-only mode.
Warp CUDA warning: Could not find or load the NVIDIA CUDA driver. Proceeding in CPU-only mode.
Warp CUDA warning: Could not find or load the NVIDIA CUDA driver. Proceeding in CPU-only mode.
Warp CUDA warning: Could not find or load the NVIDIA CUDA driver. Proceeding in CPU-only mode.
Warp CUDA warning: Could not find or load the NVIDIA CUDA driver. Proceeding in CPU-only mode.
Warp CUDA warning: Could not find or load the NVIDIA CUDA driver. Proceeding in CPU-only mode.
Warp CUDA warning: Could not find or load the NVIDIA CUDA driver. Proceeding in CPU-only mode.
Warp CUDA warning: Could not find or load the NVIDIA CUDA driver. Proceeding in CPU-only mode.
Warp CUDA warning: Could not find or load the NVIDIA CUDA driver. Proceeding in CPU-only mode.
Warp CUDA warning: Could not find or load the NVIDIA CUDA driver. Proceeding in CPU-only mode.
Warp CUDA warning: Could not find or load the NVIDIA CUDA driver. Proceeding in CPU-only mode.
Warp CUDA warning: Could not find or load the NVIDIA CUDA driver. Proceeding in CPU-only mode.
Warp CUDA warning: Could not find or load the NVIDIA CUDA driver. Proceeding in CPU-only mode.
Warp CUDA warning: Could not find or load the NVIDIA CUDA driver. Proceeding in CPU-only mode.
Warp CUDA warning: Could not find or load the NVIDIA CUDA driver. Proceeding in CPU-only mode.
Warp CUDA warning: Could not find or load the NVIDIA CUDA driver. Proceeding in CPU-only mode.
Warp CUDA warning: Could not find or load the NVIDIA CUDA driver. Proceeding in CPU-only mode.
Warp CUDA warning: Could not find or load the NVIDIA CUDA driver. Proceeding in CPU-only mode.
Warp CUDA warning: Could not find or load the NVIDIA CUDA driver. Proceeding in CPU-only mode.
Warp CUDA warning: Could not find or load the NVIDIA CUDA driver. Proceeding in CPU-only mode.
Warp CUDA warning: Could not find or load the NVIDIA CUDA driver. Proceeding in CPU-only mode.
Warp CUDA warning: Could not find or load the NVIDIA CUDA driver. Proceeding in CPU-only mode.
Warp CUDA warning: Could not find or load the NVIDIA CUDA driver. Proceeding in CPU-only mode.
Warp CUDA warning: Could not find or load the NVIDIA CUDA driver. Proceeding in CPU-only mode.
Warp CUDA warning: Could not find or load the NVIDIA CUDA driver. Proceeding in CPU-only mode.
Warp CUDA warning: Could not find or load the NVIDIA CUDA driver. Proceeding in CPU-only mode.
Warp CUDA warning: Could not find or load the NVIDIA CUDA driver. Proceeding in CPU-only mode.
Warp CUDA warning: Could not find or load the NVIDIA CUDA driver. Proceeding in CPU-only mode.
Warp CUDA warning: Could not find or load the NVIDIA CUDA driver. Proceeding in CPU-only mode.
Warp CUDA warning: Could not find or load the NVIDIA CUDA driver. Proceeding in CPU-only mode.
Warp CUDA warning: Could not find or load the NVIDIA CUDA driver. Proceeding in CPU-only mode.
Warp CUDA warning: Could not find or load the NVIDIA CUDA driver. Proceeding in CPU-only mode.
Warp CUDA warning: Could not find or load the NVIDIA CUDA driver. Proceeding in CPU-only mode.
Warp CUDA warning: Could not find or load the NVIDIA CUDA driver. Proceeding in CPU-only mode.
Warp CUDA warning: Could not find or load the NVIDIA CUDA driver. Proceeding in CPU-only mode.
Warp CUDA warning: Could not find or load the NVIDIA CUDA driver. Proceeding in CPU-only mode.
Warp CUDA warning: Could not find or load the NVIDIA CUDA driver. Proceeding in CPU-only mode.
Warp CUDA warning: Could not find or load the NVIDIA CUDA driver. Proceeding in CPU-only mode.
Warp CUDA warning: Could not find or load the NVIDIA CUDA driver. Proceeding in CPU-only mode.
Warp CUDA warning: Could not find or load the NVIDIA CUDA driver. Proceeding in CPU-only mode.
Warp CUDA warning: Could not find or load the NVIDIA CUDA driver. Proceeding in CPU-only mode.
Warp CUDA warning: Could not find or load the NVIDIA CUDA driver. Proceeding in CPU-only mode.
Warp CUDA warning: Could not find or load the NVIDIA CUDA driver. Proceeding in CPU-only mode.
Warp CUDA warning: Could not find or load the NVIDIA CUDA driver. Proceeding in CPU-only mode.
Warp CUDA warning: Could not find or load the NVIDIA CUDA driver. Proceeding in CPU-only mode.
Warp CUDA warning: Could not find or load the NVIDIA CUDA driver. Proceeding in CPU-only mode.
Warp CUDA warning: Could not find or load the NVIDIA CUDA driver. Proceeding in CPU-only mode.
Warp CUDA warning: Could not find or load the NVIDIA CUDA driver. Proceeding in CPU-only mode.
Warp CUDA warning: Could not find or load the NVIDIA CUDA driver. Proceeding in CPU-only mode.
Warp CUDA warning: Could not find or load the NVIDIA CUDA driver. Proceeding in CPU-only mode.
Warp CUDA warning: Could not find or load the NVIDIA CUDA driver. Proceeding in CPU-only mode.
Warp CUDA warning: Could not find or load the NVIDIA CUDA driver. Proceeding in CPU-only mode.
Warp CUDA warning: Could not find or load the NVIDIA CUDA driver. Proceeding in CPU-only mode.
Warp CUDA warning: Could not find or load the NVIDIA CUDA driver. Proceeding in CPU-only mode.
Warp CUDA warning: Could not find or load the NVIDIA CUDA driver. Proceeding in CPU-only mode.
Warp CUDA warning: Could not find or load the NVIDIA CUDA driver. Proceeding in CPU-only mode.
Warp CUDA warning: Could not find or load the NVIDIA CUDA driver. Proceeding in CPU-only mode.
Warp CUDA warning: Could not find or load the NVIDIA CUDA driver. Proceeding in CPU-only mode.
Warp CUDA warning: Could not find or load the NVIDIA CUDA driver. Proceeding in CPU-only mode.
Warp CUDA warning: Could not find or load the NVIDIA CUDA driver. Proceeding in CPU-only mode.
Warp CUDA warning: Could not find or load the NVIDIA CUDA driver. Proceeding in CPU-only mode.
Warp CUDA warning: Could not find or load the NVIDIA CUDA driver. Proceeding in CPU-only mode.
Warp CUDA warning: Could not find or load the NVIDIA CUDA driver. Proceeding in CPU-only mode.
Warp CUDA warning: Could not find or load the NVIDIA CUDA driver. Proceeding in CPU-only mode.
Warp CUDA warning: Could not find or load the NVIDIA CUDA driver. Proceeding in CPU-only mode.
Warp CUDA warning: Could not find or load the NVIDIA CUDA driver. Proceeding in CPU-only mode.
Warp CUDA warning: Could not find or load the NVIDIA CUDA driver. Proceeding in CPU-only mode.
Warp CUDA warning: Could not find or load the NVIDIA CUDA driver. Proceeding in CPU-only mode.
Warp CUDA warning: Could not find or load the NVIDIA CUDA driver. Proceeding in CPU-only mode.
Warp CUDA warning: Could not find or load the NVIDIA CUDA driver. Proceeding in CPU-only mode.
Warp CUDA warning: Could not find or load the NVIDIA CUDA driver. Proceeding in CPU-only mode.
Warp CUDA warning: Could not find or load the NVIDIA CUDA driver. Proceeding in CPU-only mode.
Warp CUDA warning: Could not find or load the NVIDIA CUDA driver. Proceeding in CPU-only mode.
Warp CUDA warning: Could not find or load the NVIDIA CUDA driver. Proceeding in CPU-only mode.
Warp CUDA warning: Could not find or load the NVIDIA CUDA driver. Proceeding in CPU-only mode.
Warp CUDA warning: Could not find or load the NVIDIA CUDA driver. Proceeding in CPU-only mode.
Warp CUDA warning: Could not find or load the NVIDIA CUDA driver. Proceeding in CPU-only mode.
Warp CUDA warning: Could not find or load the NVIDIA CUDA driver. Proceeding in CPU-only mode.
Warp CUDA warning: Could not find or load the NVIDIA CUDA driver. Proceeding in CPU-only mode.
Warp CUDA warning: Could not find or load the NVIDIA CUDA driver. Proceeding in CPU-only mode.
Warp CUDA warning: Could not find or load the NVIDIA CUDA driver. Proceeding in CPU-only mode.
Warp CUDA warning: Could not find or load the NVIDIA CUDA driver. Proceeding in CPU-only mode.
Warp CUDA warning: Could not find or load the NVIDIA CUDA driver. Proceeding in CPU-only mode.
Warp CUDA warning: Could not find or load the NVIDIA CUDA driver. Proceeding in CPU-only mode.
Warp CUDA warning: Could not find or load the NVIDIA CUDA driver. Proceeding in CPU-only mode.
Warp CUDA warning: Could not find or load the NVIDIA CUDA driver. Proceeding in CPU-only mode.
Warp CUDA warning: Could not find or load the NVIDIA CUDA driver. Proceeding in CPU-only mode.
Warp CUDA warning: Could not find or load the NVIDIA CUDA driver. Proceeding in CPU-only mode.
Warp CUDA warning: Could not find or load the NVIDIA CUDA driver. Proceeding in CPU-only mode.
Warp CUDA warning: Could not find or load the NVIDIA CUDA driver. Proceeding in CPU-only mode.
Warp CUDA warning: Could not find or load the NVIDIA CUDA driver. Proceeding in CPU-only mode.
Warp CUDA warning: Could not find or load the NVIDIA CUDA driver. Proceeding in CPU-only mode.
Warp CUDA warning: Could not find or load the NVIDIA CUDA driver. Proceeding in CPU-only mode.
Warp CUDA warning: Could not find or load the NVIDIA CUDA driver. Proceeding in CPU-only mode.
Warp CUDA warning: Could not find or load the NVIDIA CUDA driver. Proceeding in CPU-only mode.
Warp CUDA warning: Could not find or load the NVIDIA CUDA driver. Proceeding in CPU-only mode.
Warp CUDA warning: Could not find or load the NVIDIA CUDA driver. Proceeding in CPU-only mode.
Warp CUDA warning: Could not find or load the NVIDIA CUDA driver. Proceeding in CPU-only mode.
Warp CUDA warning: Could not find or load the NVIDIA CUDA driver. Proceeding in CPU-only mode.
Warp CUDA warning: Could not find or load the NVIDIA CUDA driver. Proceeding in CPU-only mode.
Warp CUDA warning: Could not find or load the NVIDIA CUDA driver. Proceeding in CPU-only mode.
Warp CUDA warning: Could not find or load the NVIDIA CUDA driver. Proceeding in CPU-only mode.
Warp CUDA warning: Could not find or load the NVIDIA CUDA driver. Proceeding in CPU-only mode.
Warp CUDA warning: Could not find or load the NVIDIA CUDA driver. Proceeding in CPU-only mode.
Warp CUDA warning: Could not find or load the NVIDIA CUDA driver. Proceeding in CPU-only mode.
Warp CUDA warning: Could not find or load the NVIDIA CUDA driver. Proceeding in CPU-only mode.
Warp CUDA warning: Could not find or load the NVIDIA CUDA driver. Proceeding in CPU-only mode.
Warp CUDA warning: Could not find or load the NVIDIA CUDA driver. Proceeding in CPU-only mode.
Warp CUDA warning: Could not find or load the NVIDIA CUDA driver. Proceeding in CPU-only mode.
Warp CUDA warning: Could not find or load the NVIDIA CUDA driver. Proceeding in CPU-only mode.
Warp CUDA warning: Could not find or load the NVIDIA CUDA driver. Proceeding in CPU-only mode.
Warp CUDA warning: Could not find or load the NVIDIA CUDA driver. Proceeding in CPU-only mode.
Warp CUDA warning: Could not find or load the NVIDIA CUDA driver. Proceeding in CPU-only mode.
Warp CUDA warning: Could not find or load the NVIDIA CUDA driver. Proceeding in CPU-only mode.
Warp CUDA warning: Could not find or load the NVIDIA CUDA driver. Proceeding in CPU-only mode.
Warp CUDA warning: Could not find or load the NVIDIA CUDA driver. Proceeding in CPU-only mode.
Warp CUDA warning: Could not find or load the NVIDIA CUDA driver. Proceeding in CPU-only mode.
Warp CUDA warning: Could not find or load the NVIDIA CUDA driver. Proceeding in CPU-only mode.
Warp CUDA warning: Could not find or load the NVIDIA CUDA driver. Proceeding in CPU-only mode.
Warp CUDA warning: Could not find or load the NVIDIA CUDA driver. Proceeding in CPU-only mode.
Warp CUDA warning: Could not find or load the NVIDIA CUDA driver. Proceeding in CPU-only mode.
Warp CUDA warning: Could not find or load the NVIDIA CUDA driver. Proceeding in CPU-only mode.
Warp CUDA warning: Could not find or load the NVIDIA CUDA driver. Proceeding in CPU-only mode.
Warp CUDA warning: Could not find or load the NVIDIA CUDA driver. Proceeding in CPU-only mode.
Warp CUDA warning: Could not find or load the NVIDIA CUDA driver. Proceeding in CPU-only mode.
Warp CUDA warning: Could not find or load the NVIDIA CUDA driver. Proceeding in CPU-only mode.
Warp CUDA warning: Could not find or load the NVIDIA CUDA driver. Proceeding in CPU-only mode.
Warp CUDA warning: Could not find or load the NVIDIA CUDA driver. Proceeding in CPU-only mode.
Warp CUDA warning: Could not find or load the NVIDIA CUDA driver. Proceeding in CPU-only mode.
Warp CUDA warning: Could not find or load the NVIDIA CUDA driver. Proceeding in CPU-only mode.
Warp CUDA warning: Could not find or load the NVIDIA CUDA driver. Proceeding in CPU-only mode.
Warp CUDA warning: Could not find or load the NVIDIA CUDA driver. Proceeding in CPU-only mode.
Warp CUDA warning: Could not find or load the NVIDIA CUDA driver. Proceeding in CPU-only mode.
==========================================================================================
name                                             E      Eref     error  error(%)
------------------------------------------------------------------------------------------
01 Water ... Water                          -5.326    -5.011    -0.315    -6.287
02 Water ... MeOH                           -5.823    -5.701    -0.122    -2.136
03 Water ... MeNH2                          -8.059    -7.036    -1.023   -14.537
04 Water ... Peptide                        -7.475    -8.220     0.745     9.059
05 MeOH ... MeOH                            -5.982    -5.851    -0.131    -2.240
06 MeOH ... MeNH2                           -9.436    -7.666    -1.770   -23.088
07 MeOH ... Peptide                         -8.470    -8.337    -0.133    -1.601
08 MeOH ... Water                           -5.089    -5.087    -0.002    -0.034
09 MeNH2 ... MeOH                           -4.018    -3.113    -0.905   -29.082
10 MeNH2 ... MeNH2                          -4.640    -4.223    -0.417    -9.873
11 MeNH2 ... Peptide                        -5.091    -5.480     0.389     7.101
12 MeNH2 ... Water                          -7.825    -7.402    -0.423    -5.721
13 Peptide ... MeOH                         -5.282    -6.282     1.000    15.925
14 Peptide ... MeNH2                        -8.187    -7.561    -0.626    -8.275
15 Peptide ... Peptide                      -8.074    -8.721     0.647     7.419
16 Peptide ... Water                        -4.913    -5.199     0.286     5.504
17 Uracil ... Uracil (BP)                  -16.020   -17.448     1.428     8.184
18 Water ... Pyridine                       -7.143    -6.975    -0.168    -2.415
19 MeOH ... Pyridine                        -8.926    -7.510    -1.416   -18.851
20 AcOH ... AcOH                           -18.891   -19.415     0.524     2.698
21 AcNH2 ... AcNH2                         -16.879   -16.525    -0.354    -2.142
22 AcOH ... Uracil                         -18.870   -19.783     0.913     4.617
23 AcNH2 ... Uracil                        -19.117   -19.467     0.350     1.798
24 Benzene ... Benzene (pi-pi)              -3.179    -2.724    -0.455   -16.688
25 Pyridine ... Pyridine (pi-pi)            -3.977    -3.801    -0.176    -4.625
26 Uracil ... Uracil (pi-pi)                -9.898    -9.752    -0.146    -1.496
27 Benzene ... Pyridine (pi-pi)             -3.643    -3.342    -0.301    -9.003
28 Benzene ... Uracil (pi-pi)               -5.487    -5.593     0.106     1.888
29 Pyridine ... Uracil (pi-pi)              -6.405    -6.701     0.296     4.421
30 Benzene ... Ethene                       -1.854    -1.364    -0.490   -35.953
31 Uracil ... Ethene                        -3.481    -3.329    -0.152    -4.559
32 Uracil ... Ethyne                        -2.848    -3.693     0.845    22.869
33 Pyridine ... Ethene                      -2.059    -1.805    -0.254   -14.096
34 Pentane ... Pentane                      -2.761    -3.764     1.003    26.649
35 Neopentane ... Pentane                   -1.969    -2.604     0.635    24.374
36 Neopentane ... Neopentane                -2.145    -1.764    -0.381   -21.608
37 Cyclopentane ... Neopentane              -2.018    -2.397     0.379    15.796
38 Cyclopentane ... Cyclopentane            -2.163    -2.986     0.823    27.557
39 Benzene ... Cyclopentane                 -3.324    -3.514     0.190     5.409
40 Benzene ... Neopentane                   -2.876    -2.849    -0.027    -0.940
41 Uracil ... Pentane                       -5.119    -4.811    -0.308    -6.395
42 Uracil ... Cyclopentane                  -4.482    -4.091    -0.391    -9.550
43 Uracil ... Neopentane                    -3.182    -3.689     0.507    13.738
44 Ethene ... Pentane                       -1.035    -1.993     0.958    48.078
45 Ethyne ... Pentane                       -1.694    -1.715     0.021     1.210
46 Peptide ... Pentane                      -3.103    -4.256     1.153    27.095
47 Benzene ... Benzene (TS)                 -2.861    -2.828    -0.033    -1.150
48 Pyridine ... Pyridine (TS)               -2.919    -3.506     0.587    16.738
49 Benzene ... Pyridine (TS)                -3.218    -3.293     0.075     2.279
50 Benzene ... Ethyne (CH-pi)               -2.901    -2.857    -0.044    -1.554
51 Ethyne ... Ethyne (TS)                   -0.423    -1.539     1.116    72.511
52 Benzene ... AcOH (OH-pi)                 -3.992    -4.726     0.734    15.535
53 Benzene ... AcNH2 (NH-pi)                -4.078    -4.405     0.327     7.416
54 Benzene ... Water (OH-pi)                -3.357    -3.288    -0.069    -2.110
55 Benzene ... MeOH (OH-pi)                 -4.516    -4.168    -0.348    -8.340
56 Benzene ... MeNH2 (NH-pi)                -4.000    -3.199    -0.801   -25.054
57 Benzene ... Peptide (NH-pi)              -4.773    -5.255     0.482     9.163
58 Pyridine ... Pyridine (CH-N)             -3.207    -4.237     1.030    24.317
59 Ethyne ... Water (CH-O)                  -2.160    -2.927     0.767    26.194
60 Ethyne ... AcOH (OH-pi)                  -4.343    -4.966     0.623    12.543
61 Pentane ... AcOH                         -2.337    -2.906     0.569    19.579
62 Pentane ... AcNH2                        -2.657    -3.528     0.871    24.681
63 Benzene ... AcOH                         -3.348    -3.747     0.399    10.637
64 Peptide ... Ethene                       -2.329    -3.001     0.672    22.397
65 Pyridine ... Ethyne                      -3.728    -4.104     0.376     9.164
66 MeNH2 ... Pyridine                       -3.741    -3.966     0.225     5.678
==========================================================================================
RMSE                0.644   kcal/mol
MUE                 0.519   kcal/mol
------------------------------------------------------------------------------------------
MSE                 0.150   kcal/mol
min                -1.770   kcal/mol
max                 1.428   kcal/mol
range               3.198   kcal/mol
min abs             0.002   kcal/mol
max abs             1.770   kcal/mol
==========================================================================================
RMSE               17.915   %
MUE                12.873   %
MSE                 4.103   %
min               -35.953   %
max                72.511   %
range             108.464   %
min abs             0.034   %
max abs            72.511   %
------------------------------------------------------------------------------------------
RMSE/|avg|         11.704   %
MUE/|avg|           9.430   %
==========================================================================================
Statistics for groups:
H-bonds        (23) RMSE      0.767   MSE      -0.066   kcal/mol
dispersion     (23) RMSE      0.538   MSE       0.167   kcal/mol
others         (20) RMSE      0.599   MSE       0.378   kcal/mol
--------------------------------------------------------------------------------
H-bonds        RMSE/|avg|     8.48 %
dispersion     RMSE/|avg|     14.99 %
others         RMSE/|avg|     16.53 %
==========================================================================================

