WARNING: Interface fennol is under development and should be used with care:
         Only basic functionality, no error checks
        _______  
       /\______\ 
      / /      / 
     / / Cuby /   Dataset calculation
     \/______/   
                 
==========================================================================================
name                                             E      Eref     error  error(%)
------------------------------------------------------------------------------------------
001-CA2 / 5NXG                            -157.610  -211.986    54.376    25.651
001-CA2 / 5NXI                            -170.236  -212.762    42.526    19.988
001-CA2 / 5NXO                            -161.523  -207.567    46.044    22.183
001-CA2 / 5NXP                            -170.645  -220.995    50.350    22.783
001-CA2 / 5NXV                            -158.544  -209.193    50.650    24.212
001-CA2 / 5NXW                            -156.504  -209.313    52.809    25.230
001-CA2 / 5NY1                            -169.055  -211.771    42.716    20.171
001-CA2 / 5NY3                            -162.704  -209.831    47.126    22.459
001-CA2 / 5NY6                            -182.328  -215.493    33.165    15.390
001-CA2 / 5NYA                            -168.188  -201.861    33.673    16.681
002-HIV-PR / 1HSG                         -186.445  -159.436   -27.009   -16.941
002-HIV-PR / 1HXW                         -162.108  -164.946     2.838     1.721
002-HIV-PR / 1IZH                         -185.677  -185.506    -0.171    -0.092
002-HIV-PR / 1T3R                         -139.389  -142.718     3.328     2.332
002-HIV-PR / 2Q54                         -145.913  -148.952     3.038     2.040
002-HIV-PR / 2Q55                         -158.345  -158.114    -0.231    -0.146
002-HIV-PR / 2Q5K                         -157.553  -154.373    -3.180    -2.060
002-HIV-PR / 3EKX                         -171.172  -147.017   -24.155   -16.430
002-HIV-PR / 3EL1                         -172.193  -172.163    -0.030    -0.018
002-HIV-PR / 3NU3                         -132.703  -134.550     1.846     1.372
002-HIV-PR / 3OXC                         -195.324  -168.252   -27.072   -16.090
002-HIV-PR / 5HVP                         -174.082  -177.938     3.856     2.167
002-HIV-PR / model13a                     -153.774  -156.858     3.084     1.966
002-HIV-PR / model13c                     -146.204  -149.031     2.827     1.897
002-HIV-PR / model13d                     -148.049  -150.288     2.239     1.490
002-HIV-PR / model16a                     -145.772  -148.081     2.309     1.559
002-HIV-PR / model16e                     -138.088  -141.468     3.379     2.389
002-HIV-PR / model16f                     -147.908  -150.523     2.615     1.737
002-HIV-PR / model22a                     -146.347  -147.097     0.749     0.509
002-HIV-PR / model22d                     -151.574  -151.568    -0.006    -0.004
002-HIV-PR / model23a                     -136.527  -140.381     3.854     2.745
002-HIV-PR / model25d                     -143.469  -147.422     3.952     2.681
003-CK2 / 1F0Q                             -36.747   -41.139     4.392    10.677
003-CK2 / 1J91                             -33.771   -38.947     5.176    13.289
003-CK2 / 1M2P                             -47.028   -45.809    -1.220    -2.663
003-CK2 / 1M2Q                             -49.572   -49.296    -0.276    -0.560
003-CK2 / 1M2R                             -43.265   -51.230     7.964    15.547
003-CK2 / 1ZOE                             -39.506   -45.791     6.285    13.726
003-CK2 / 1ZOG                             -37.788   -42.556     4.768    11.204
003-CK2 / 1ZOH                             -42.857   -51.919     9.062    17.454
003-CK2 / 2OXD                             -29.472   -38.405     8.933    23.260
003-CK2 / 2OXX                             -33.837   -42.194     8.357    19.806
003-CK2 / 2OXY                             -28.808   -36.497     7.689    21.068
003-CK2 / 3KXG                             -35.757   -42.526     6.769    15.918
003-CK2 / 3KXH                            -107.635  -134.643    27.008    20.059
003-CK2 / 3KXM                             -53.512   -58.057     4.545     7.828
003-CK2 / 3KXN                             -44.897   -35.022    -9.875   -28.198
003-CK2 / 3PVG                             -70.573   -75.017     4.443     5.923
004-AR / 1US0                             -110.250  -116.681     6.431     5.512
004-AR / 2IKG                             -131.722  -135.387     3.664     2.707
004-AR / 2IKH                             -123.382  -121.544    -1.838    -1.513
004-AR / 2IKI                             -115.935  -122.467     6.532     5.334
004-AR / 2IKJ                             -120.870  -125.206     4.335     3.462
004-AR / 4LAU                             -118.080  -123.618     5.538     4.480
004-AR / 4LAZ                             -118.277  -129.806    11.528     8.881
004-AR / 4LB3                             -117.981  -130.783    12.802     9.789
004-AR / 4LB4                             -116.930  -126.052     9.123     7.237
004-AR / 4LBR                             -117.896  -133.005    15.109    11.360
004-AR / 4LBS                             -117.389  -126.029     8.639     6.855
004-AR / 4QXI                             -125.845  -134.458     8.613     6.406
004-AR / 4XZH                             -124.968  -127.370     2.401     1.885
004-AR / 4XZI                             -113.239  -124.183    10.944     8.813
005-Cath-D / 6QBG                         -138.007  -141.732     3.725     2.628
005-Cath-D / 6QBH                         -132.943  -134.751     1.808     1.342
005-Cath-D / 6QCB                         -136.204  -138.797     2.592     1.868
005-Cath-D / model08                      -132.147  -134.845     2.698     2.001
005-Cath-D / model22                      -138.831  -139.915     1.084     0.775
005-Cath-D / model24                      -131.134  -133.666     2.532     1.894
005-Cath-D / model25                      -145.372  -149.974     4.602     3.068
005-Cath-D / model31                      -135.407  -136.938     1.531     1.118
005-Cath-D / model35                      -134.855  -137.815     2.959     2.147
005-Cath-D / model36                      -110.366  -112.987     2.621     2.320
006-BACE1 / 5QCO                          -146.047   -52.470   -93.578  -178.346
006-BACE1 / 5QCP                          -145.979   -53.010   -92.969  -175.378
006-BACE1 / 5QCR                          -126.993  -132.453     5.460     4.122
006-BACE1 / 5QCT                          -133.717  -138.476     4.759     3.437
006-BACE1 / 5QCU                          -121.996  -134.121    12.125     9.040
006-BACE1 / 5QCV                          -137.119   -43.669   -93.450  -213.997
006-BACE1 / 5QCX                          -141.547   -47.485   -94.062  -198.087
006-BACE1 / 5QCY                          -157.715   -63.325   -94.390  -149.057
006-BACE1 / 5QCZ                          -133.321   -42.338   -90.983  -214.896
006-BACE1 / 5QD0                          -141.738   -51.837   -89.900  -173.427
006-BACE1 / 5QD1                          -137.180   -45.141   -92.039  -203.892
006-BACE1 / 5QD2                          -136.057   -47.054   -89.003  -189.151
006-BACE1 / 5QD3                          -138.860   -45.228   -93.633  -207.024
006-BACE1 / 5QD5                          -132.303   -48.822   -83.481  -170.990
006-BACE1 / 5QD9                          -144.978   -56.152   -88.826  -158.189
006-BACE1 / 5QDA                          -135.459   -46.774   -88.684  -189.600
007-JAK1 / 4E4L                            -77.194   -85.629     8.435     9.851
007-JAK1 / 4E4N                            -86.886   -90.019     3.134     3.481
007-JAK1 / 4E5W                           -118.784  -112.641    -6.142    -5.453
007-JAK1 / 4EHZ                           -147.264  -146.744    -0.520    -0.354
007-JAK1 / 4EI4                            -77.872   -81.834     3.963     4.842
007-JAK1 / 4FK6                            -98.654  -104.602     5.948     5.687
007-JAK1 / 4I5C                            -85.590   -88.563     2.973     3.357
007-JAK1 / 4IVB                            -80.867   -87.282     6.414     7.349
007-JAK1 / 4IVC                            -97.208  -104.103     6.895     6.623
007-JAK1 / 4IVD                            -99.930  -107.100     7.170     6.695
007-JAK1 / 4K6Z                            -82.128   -92.596    10.467    11.304
007-JAK1 / 4K77                            -57.969   -64.250     6.281     9.776
008-Trypsin / 1K1I                        -172.714  -199.042    26.327    13.227
008-Trypsin / 1K1J                        -170.497  -197.068    26.570    13.483
008-Trypsin / 1K1L                        -168.693  -194.468    25.774    13.254
008-Trypsin / 1K1M                        -170.200  -194.773    24.573    12.616
008-Trypsin / 1K1N                        -139.647  -146.330     6.683     4.567
008-Trypsin / 2ZHD                        -212.896  -223.671    10.775     4.817
008-Trypsin / 2ZQ2                        -204.199  -222.638    18.439     8.282
008-Trypsin / 3LJJ                        -217.029  -220.327     3.298     1.497
008-Trypsin / 3LJO                        -214.882  -218.065     3.183     1.460
008-Trypsin / 5MNG                        -128.252  -140.649    12.397     8.814
008-Trypsin / 5MO2                        -123.461  -133.110     9.649     7.249
008-Trypsin / 6SY3                        -194.887  -188.975    -5.913    -3.129
008-Trypsin / 6T0M                        -215.079  -221.793     6.714     3.027
008-Trypsin / 6T0P                        -216.862  -222.309     5.447     2.450
008-Trypsin / 6T5W                        -202.076  -203.253     1.177     0.579
009-CDK2 / 3QQK                            -59.516   -61.680     2.164     3.508
009-CDK2 / 3QTQ                            -67.978   -72.420     4.442     6.134
009-CDK2 / 3QTR                            -64.606   -68.080     3.474     5.102
009-CDK2 / 3QTS                            -69.041   -74.760     5.719     7.650
009-CDK2 / 3QTU                           -131.506  -136.080     4.574     3.362
009-CDK2 / 3QTW                            -73.919   -79.690     5.771     7.242
009-CDK2 / 3QTX                           -108.807  -110.260     1.453     1.318
009-CDK2 / 3QTZ                            -99.174  -101.400     2.226     2.195
009-CDK2 / 3QU0                           -106.556  -108.200     1.644     1.520
009-CDK2 / 3QXP                           -110.874  -112.610     1.736     1.541
009-CDK2 / 3R8U                            -66.247   -69.770     3.523     5.049
009-CDK2 / 3R8V                            -60.738   -64.550     3.812     5.906
009-CDK2 / 3R8Z                            -54.959   -55.730     0.771     1.384
009-CDK2 / 3R9D                           -112.613  -112.600    -0.013    -0.012
009-CDK2 / 3R9N                            -64.365   -68.240     3.875     5.678
009-CDK2 / 3RAH                            -69.703   -74.470     4.767     6.401
009-CDK2 / 3RAK                            -96.916   -97.000     0.084     0.086
009-CDK2 / 3RAL                           -105.398  -105.740     0.342     0.323
009-CDK2 / 3RJC                            -65.824   -67.770     1.946     2.871
009-CDK2 / 3RK5                           -128.742  -146.140    17.398    11.905
009-CDK2 / 3RK7                            -90.823   -92.550     1.727     1.866
009-CDK2 / 3RK9                            -67.205   -72.320     5.115     7.072
009-CDK2 / 3RKB                            -68.523   -72.210     3.687     5.106
009-CDK2 / 3RMF                           -102.323  -103.770     1.447     1.395
009-CDK2 / 3RNI                            -96.630   -95.570    -1.060    -1.110
009-CDK2 / 3RPV                           -105.056  -105.500     0.444     0.421
009-CDK2 / 3RPY                            -85.008   -84.740    -0.268    -0.316
009-CDK2 / 3S00                            -59.254   -64.690     5.436     8.404
009-CDK2 / 3S0O                            -58.628   -64.210     5.582     8.693
009-CDK2 / 3S1H                           -102.373  -103.980     1.607     1.546
009-CDK2 / 3SQQ                           -101.698  -101.630    -0.068    -0.067
010-MMP12 / 3EHX                           -71.666  -128.764    57.098    44.343
010-MMP12 / 3EHY                           -59.122  -112.893    53.771    47.630
010-MMP12 / 3F15                          -133.996  -133.428    -0.568    -0.426
010-MMP12 / 3F16                          -123.139  -129.731     6.592     5.081
010-MMP12 / 3F17                          -136.162  -132.057    -4.105    -3.108
010-MMP12 / 3F18                          -124.077  -133.044     8.967     6.740
010-MMP12 / 3F19                          -117.177  -119.632     2.456     2.053
010-MMP12 / 3F1A                          -121.937  -118.100    -3.837    -3.249
010-MMP12 / 3LK8                          -124.301  -123.865    -0.436    -0.352
010-MMP12 / 3N2U                          -132.534  -154.459    21.925    14.195
010-MMP12 / 3N2V                          -132.530  -131.516    -1.014    -0.771
010-MMP12 / 3NX7                          -126.109  -126.899     0.789     0.622
010-MMP12 / 3RTS                          -122.384  -125.882     3.497     2.778
010-MMP12 / 3RTT                          -115.621  -126.266    10.644     8.430
010-MMP12 / 4GUY                          -128.533  -134.390     5.857     4.358
010-MMP12 / 5LAB                          -124.146  -126.075     1.929     1.530
010-MMP12 / 6RD0                           -65.640   -72.888     7.248     9.944
010-MMP12 / 6RLY                           -62.225   -60.709    -1.516    -2.498
==========================================================================================
RMSE               29.806   kcal/mol
MUE                15.711   kcal/mol
------------------------------------------------------------------------------------------
MSE                -0.210   kcal/mol
min               -94.390   kcal/mol
max                57.098   kcal/mol
range             151.488   kcal/mol
min abs             0.006   kcal/mol
max abs            94.390   kcal/mol
==========================================================================================
RMSE               53.758   %
MUE                21.395   %
MSE                -9.429   %
min              -214.896   %
max                47.630   %
range             262.526   %
min abs             0.004   %
max abs           214.896   %
------------------------------------------------------------------------------------------
RMSE/|avg|         24.999   %
MUE/|avg|          13.177   %
==========================================================================================
Statistics for groups:
001-CA2        (10) RMSE     45.885   MSE      45.343   kcal/mol
002-HIV-PR     (22) RMSE      9.954   MSE      -1.906   kcal/mol
003-CK2        (16) RMSE      9.278   MSE       5.876   kcal/mol
004-AR         (14) RMSE      8.590   MSE       7.416   kcal/mol
005-Cath-D     (10) RMSE      2.791   MSE       2.615   kcal/mol
006-BACE1      (16) RMSE     82.285   MSE     -72.666   kcal/mol
007-JAK1       (12) RMSE      6.245   MSE       4.585   kcal/mol
008-Trypsin    (15) RMSE     15.377   MSE      11.673   kcal/mol
009-CDK2       (31) RMSE      4.463   MSE       3.011   kcal/mol
010-MMP12      (18) RMSE     19.740   MSE       9.405   kcal/mol
--------------------------------------------------------------------------------
001-CA2        RMSE/|avg|     21.74 %
002-HIV-PR     RMSE/|avg|     6.45 %
003-CK2        RMSE/|avg|     17.91 %
004-AR         RMSE/|avg|     6.77 %
005-Cath-D     RMSE/|avg|     2.05 %
006-BACE1      RMSE/|avg|     125.58 %
007-JAK1       RMSE/|avg|     6.43 %
008-Trypsin    RMSE/|avg|     7.88 %
009-CDK2       RMSE/|avg|     5.03 %
010-MMP12      RMSE/|avg|     16.22 %
==========================================================================================

