WARNING: Interface mlip is under development and should be used with care:
         Manager-only Ruby interface with persistent Python workers
        _______  
       /\______\ 
      / /      / 
     / / Cuby /   Dataset calculation
     \/______/   
                 
/storage/praha1/home/tobiasma/miniconda3/envs/mace/lib/python3.11/site-packages/e3nn/o3/_wigner.py:10: UserWarning: Environment variable TORCH_FORCE_NO_WEIGHTS_ONLY_LOAD detected, since the`weights_only` argument was not explicitly passed to `torch.load`, forcing weights_only=False.
  _Jd, _W3j_flat, _W3j_indices = torch.load(os.path.join(os.path.dirname(__file__), 'constants.pt'))
/auto/vestec1-elixir/home/tobiasma/rezac-lab/mace/mace/calculators/mace.py:207: UserWarning: Environment variable TORCH_FORCE_NO_WEIGHTS_ONLY_LOAD detected, since the`weights_only` argument was not explicitly passed to `torch.load`, forcing weights_only=False.
  torch.load(f=model_path, map_location=device)
WARNING:root:No dtype selected, switching to float64 to match model dtype.
==========================================================================================
name                                             E      Eref     error  error(%)
------------------------------------------------------------------------------------------
01 Water ... Water                          -4.940    -5.011     0.071     1.407
02 Water ... MeOH                           -5.486    -5.701     0.215     3.763
03 Water ... MeNH2                          -6.886    -7.036     0.150     2.139
04 Water ... Peptide                        -8.000    -8.220     0.220     2.671
05 MeOH ... MeOH                            -5.638    -5.851     0.213     3.645
06 MeOH ... MeNH2                           -7.498    -7.666     0.168     2.191
07 MeOH ... Peptide                         -8.189    -8.337     0.148     1.778
08 MeOH ... Water                           -5.006    -5.087     0.081     1.584
09 MeNH2 ... MeOH                           -2.986    -3.113     0.127     4.069
10 MeNH2 ... MeNH2                          -4.053    -4.223     0.170     4.023
11 MeNH2 ... Peptide                        -5.385    -5.480     0.095     1.729
12 MeNH2 ... Water                          -7.211    -7.402     0.191     2.580
13 Peptide ... MeOH                         -5.981    -6.282     0.301     4.784
14 Peptide ... MeNH2                        -7.299    -7.561     0.262     3.468
15 Peptide ... Peptide                      -8.461    -8.721     0.260     2.978
16 Peptide ... Water                        -4.995    -5.199     0.204     3.915
17 Uracil ... Uracil (BP)                  -16.581   -17.448     0.867     4.968
18 Water ... Pyridine                       -6.562    -6.975     0.413     5.916
19 MeOH ... Pyridine                        -7.149    -7.510     0.361     4.812
20 AcOH ... AcOH                           -19.281   -19.415     0.134     0.690
21 AcNH2 ... AcNH2                         -15.931   -16.525     0.594     3.595
22 AcOH ... Uracil                         -19.169   -19.783     0.614     3.102
23 AcNH2 ... Uracil                        -18.683   -19.467     0.784     4.029
24 Benzene ... Benzene (pi-pi)              -2.770    -2.724    -0.046    -1.697
25 Pyridine ... Pyridine (pi-pi)            -3.853    -3.801    -0.052    -1.358
26 Uracil ... Uracil (pi-pi)                -9.885    -9.752    -0.133    -1.368
27 Benzene ... Pyridine (pi-pi)             -3.415    -3.342    -0.073    -2.169
28 Benzene ... Uracil (pi-pi)               -5.684    -5.593    -0.091    -1.619
29 Pyridine ... Uracil (pi-pi)              -6.737    -6.701    -0.036    -0.531
30 Benzene ... Ethene                       -1.266    -1.364     0.098     7.164
31 Uracil ... Ethene                        -3.381    -3.329    -0.052    -1.571
32 Uracil ... Ethyne                        -3.824    -3.693    -0.131    -3.550
33 Pyridine ... Ethene                      -1.614    -1.805     0.191    10.593
34 Pentane ... Pentane                      -3.898    -3.764    -0.134    -3.559
35 Neopentane ... Pentane                   -2.686    -2.604    -0.082    -3.165
36 Neopentane ... Neopentane                -1.807    -1.764    -0.043    -2.416
37 Cyclopentane ... Neopentane              -2.501    -2.397    -0.104    -4.345
38 Cyclopentane ... Cyclopentane            -3.073    -2.986    -0.087    -2.910
39 Benzene ... Cyclopentane                 -3.682    -3.514    -0.168    -4.794
40 Benzene ... Neopentane                   -2.962    -2.849    -0.113    -3.982
41 Uracil ... Pentane                       -4.867    -4.811    -0.056    -1.170
42 Uracil ... Cyclopentane                  -4.168    -4.091    -0.077    -1.886
43 Uracil ... Neopentane                    -3.731    -3.689    -0.042    -1.145
44 Ethene ... Pentane                       -1.926    -1.993     0.067     3.368
45 Ethyne ... Pentane                       -1.775    -1.715    -0.060    -3.504
46 Peptide ... Pentane                      -4.302    -4.256    -0.046    -1.080
47 Benzene ... Benzene (TS)                 -2.731    -2.828     0.097     3.423
48 Pyridine ... Pyridine (TS)               -3.293    -3.506     0.213     6.062
49 Benzene ... Pyridine (TS)                -3.213    -3.293     0.080     2.424
50 Benzene ... Ethyne (CH-pi)               -2.778    -2.857     0.079     2.763
51 Ethyne ... Ethyne (TS)                   -1.514    -1.539     0.025     1.636
52 Benzene ... AcOH (OH-pi)                 -4.711    -4.726     0.015     0.307
53 Benzene ... AcNH2 (NH-pi)                -4.220    -4.405     0.185     4.211
54 Benzene ... Water (OH-pi)                -3.357    -3.288    -0.069    -2.112
55 Benzene ... MeOH (OH-pi)                 -4.093    -4.168     0.075     1.803
56 Benzene ... MeNH2 (NH-pi)                -3.198    -3.199     0.001     0.033
57 Benzene ... Peptide (NH-pi)              -5.273    -5.255    -0.018    -0.352
58 Pyridine ... Pyridine (CH-N)             -3.618    -4.237     0.619    14.606
59 Ethyne ... Water (CH-O)                  -2.850    -2.927     0.077     2.647
60 Ethyne ... AcOH (OH-pi)                  -5.010    -4.966    -0.044    -0.894
61 Pentane ... AcOH                         -2.915    -2.906    -0.009    -0.325
62 Pentane ... AcNH2                        -3.523    -3.528     0.005     0.152
63 Benzene ... AcOH                         -3.886    -3.747    -0.139    -3.713
64 Peptide ... Ethene                       -2.915    -3.001     0.086     2.860
65 Pyridine ... Ethyne                      -3.902    -4.104     0.202     4.931
66 MeNH2 ... Pyridine                       -3.758    -3.966     0.208     5.255
==========================================================================================
RMSE                0.241   kcal/mol
MUE                 0.165   kcal/mol
------------------------------------------------------------------------------------------
MSE                 0.107   kcal/mol
min                -0.168   kcal/mol
max                 0.867   kcal/mol
range               1.035   kcal/mol
min abs             0.001   kcal/mol
max abs             0.867   kcal/mol
==========================================================================================
RMSE                3.852   %
MUE                 3.080   %
MSE                 1.407   %
min                -4.794   %
max                14.606   %
range              19.400   %
min abs             0.033   %
max abs            14.606   %
------------------------------------------------------------------------------------------
RMSE/|avg|          4.376   %
MUE/|avg|           2.995   %
==========================================================================================
Statistics for groups:
H-bonds        (23) RMSE      0.361   MSE       0.289   kcal/mol
dispersion     (23) RMSE      0.096   MSE      -0.055   kcal/mol
others         (20) RMSE      0.175   MSE       0.084   kcal/mol
--------------------------------------------------------------------------------
H-bonds        RMSE/|avg|     3.99 %
dispersion     RMSE/|avg|     2.67 %
others         RMSE/|avg|     4.84 %
==========================================================================================

