# Interaction energies in kcal/mol
001-CA2 / 5NXG          -232.609
001-CA2 / 5NXI          -230.986
001-CA2 / 5NXO          -226.448
001-CA2 / 5NXP          -239.898
001-CA2 / 5NXV          -228.472
001-CA2 / 5NXW          -227.126
001-CA2 / 5NY1          -228.732
001-CA2 / 5NY3          -230.528
001-CA2 / 5NY6          -239.052
001-CA2 / 5NYA          -221.272
002-HIV-PR / 1HSG       -155.575
002-HIV-PR / 1HXW       -154.578
002-HIV-PR / 1IZH       -174.413
002-HIV-PR / 1T3R       -139.194
002-HIV-PR / 2Q54       -140.101
002-HIV-PR / 2Q55       -150.916
002-HIV-PR / 2Q5K       -149.817
002-HIV-PR / 3EKX       -144.428
002-HIV-PR / 3EL1       -170.960
002-HIV-PR / 3NU3       -131.751
002-HIV-PR / 3OXC       -176.708
002-HIV-PR / 5HVP       -164.563
002-HIV-PR / model13a   -146.860
002-HIV-PR / model13c   -140.526
002-HIV-PR / model13d   -141.588
002-HIV-PR / model16a   -142.727
002-HIV-PR / model16e   -134.985
002-HIV-PR / model16f   -145.346
002-HIV-PR / model22a   -136.911
002-HIV-PR / model22d   -144.447
002-HIV-PR / model23a   -127.910
002-HIV-PR / model25d   -135.768
003-CK2 / 1F0Q           -40.351
003-CK2 / 1J91           -43.051
003-CK2 / 1M2P           -44.361
003-CK2 / 1M2Q           -46.759
003-CK2 / 1M2R           -48.540
003-CK2 / 1ZOE           -49.622
003-CK2 / 1ZOG           -50.320
003-CK2 / 1ZOH           -57.663
003-CK2 / 2OXD           -42.313
003-CK2 / 2OXX           -46.044
003-CK2 / 2OXY           -41.394
003-CK2 / 3KXG           -47.734
003-CK2 / 3KXH          -137.234
003-CK2 / 3KXM           -63.360
003-CK2 / 3KXN           -60.275
003-CK2 / 3PVG           -73.902
004-AR / 1US0           -127.759
004-AR / 2IKG           -143.437
004-AR / 2IKH           -124.754
004-AR / 2IKI           -135.535
004-AR / 2IKJ           -137.251
004-AR / 4LAU           -137.827
004-AR / 4LAZ           -142.142
004-AR / 4LB3           -140.873
004-AR / 4LB4           -135.398
004-AR / 4LBR           -140.766
004-AR / 4LBS           -136.896
004-AR / 4QXI           -140.976
004-AR / 4XZH           -136.148
004-AR / 4XZI           -128.900
005-Cath-D / 6QBG       -140.389
005-Cath-D / 6QBH       -134.693
005-Cath-D / 6QCB       -136.246
005-Cath-D / model08    -131.979
005-Cath-D / model22    -136.972
005-Cath-D / model24    -131.265
005-Cath-D / model25    -144.125
005-Cath-D / model31    -136.773
005-Cath-D / model35    -135.134
005-Cath-D / model36    -116.619
006-BACE1 / 5QCO         -61.914
006-BACE1 / 5QCP         -57.198
006-BACE1 / 5QCR        -134.572
006-BACE1 / 5QCT        -141.412
006-BACE1 / 5QCU        -133.688
006-BACE1 / 5QCV         -51.727
006-BACE1 / 5QCX         -54.554
006-BACE1 / 5QCY         -80.489
006-BACE1 / 5QCZ         -46.123
006-BACE1 / 5QD0         -52.591
006-BACE1 / 5QD1         -50.325
006-BACE1 / 5QD2         -48.106
006-BACE1 / 5QD3         -52.122
006-BACE1 / 5QD5         -53.682
006-BACE1 / 5QD9         -63.856
006-BACE1 / 5QDA         -49.642
007-JAK1 / 4E4L          -91.893
007-JAK1 / 4E4N          -85.865
007-JAK1 / 4E5W         -114.206
007-JAK1 / 4EHZ         -140.056
007-JAK1 / 4EI4          -77.455
007-JAK1 / 4FK6         -104.714
007-JAK1 / 4I5C          -83.681
007-JAK1 / 4IVB          -83.300
007-JAK1 / 4IVC          -97.655
007-JAK1 / 4IVD         -102.160
007-JAK1 / 4K6Z          -87.349
007-JAK1 / 4K77          -63.148
008-Trypsin / 1K1I      -192.415
008-Trypsin / 1K1J      -194.196
008-Trypsin / 1K1L      -190.234
008-Trypsin / 1K1M      -190.443
008-Trypsin / 1K1N      -147.820
008-Trypsin / 2ZHD      -225.764
008-Trypsin / 2ZQ2      -225.780
008-Trypsin / 3LJJ      -222.560
008-Trypsin / 3LJO      -219.081
008-Trypsin / 5MNG      -143.587
008-Trypsin / 5MO2      -142.147
008-Trypsin / 6SY3      -180.540
008-Trypsin / 6T0M      -218.550
008-Trypsin / 6T0P      -218.996
008-Trypsin / 6T5W      -197.617
009-CDK2 / 3QQK          -66.020
009-CDK2 / 3QTQ          -74.550
009-CDK2 / 3QTR          -67.773
009-CDK2 / 3QTS          -73.362
009-CDK2 / 3QTU         -139.582
009-CDK2 / 3QTW          -77.329
009-CDK2 / 3QTX         -113.324
009-CDK2 / 3QTZ          -98.133
009-CDK2 / 3QU0         -105.799
009-CDK2 / 3QXP         -113.271
009-CDK2 / 3R8U          -73.589
009-CDK2 / 3R8V          -67.296
009-CDK2 / 3R8Z          -60.341
009-CDK2 / 3R9D         -103.162
009-CDK2 / 3R9N          -71.566
009-CDK2 / 3RAH          -75.840
009-CDK2 / 3RAK          -97.092
009-CDK2 / 3RAL         -110.031
009-CDK2 / 3RJC          -67.943
009-CDK2 / 3RK5         -134.897
009-CDK2 / 3RK7          -89.744
009-CDK2 / 3RK9          -75.287
009-CDK2 / 3RKB          -75.334
009-CDK2 / 3RMF         -101.282
009-CDK2 / 3RNI          -93.372
009-CDK2 / 3RPV         -105.874
009-CDK2 / 3RPY          -83.587
009-CDK2 / 3S00          -66.957
009-CDK2 / 3S0O          -65.686
009-CDK2 / 3S1H         -102.071
009-CDK2 / 3SQQ         -101.865
010-MMP12 / 3EHX        -132.778
010-MMP12 / 3EHY        -114.492
010-MMP12 / 3F15        -126.875
010-MMP12 / 3F16        -121.868
010-MMP12 / 3F17        -124.399
010-MMP12 / 3F18        -120.361
010-MMP12 / 3F19        -110.865
010-MMP12 / 3F1A        -110.805
010-MMP12 / 3LK8        -116.556
010-MMP12 / 3N2U        -153.000
010-MMP12 / 3N2V        -125.548
010-MMP12 / 3NX7        -119.611
010-MMP12 / 3RTS        -119.044
010-MMP12 / 3RTT        -120.027
010-MMP12 / 4GUY        -137.987
010-MMP12 / 5LAB        -121.427
010-MMP12 / 6RD0         -70.395
010-MMP12 / 6RLY         -56.603
