# Interaction energies in kcal/mol
002-HIV-PR / 1HSG         16.952
002-HIV-PR / 1HXW         14.095
002-HIV-PR / 1IZH         12.990
002-HIV-PR / 1T3R         19.819
002-HIV-PR / 2Q54         12.482
002-HIV-PR / 2Q55         16.459
002-HIV-PR / 2Q5K         17.670
002-HIV-PR / 3EKX         17.757
002-HIV-PR / 3EL1         21.370
002-HIV-PR / 3NU3         17.664
002-HIV-PR / 3OXC         25.524
002-HIV-PR / 5HVP          9.445
002-HIV-PR / model13a     14.628
002-HIV-PR / model13c     12.297
002-HIV-PR / model13d     12.718
002-HIV-PR / model16a     18.255
002-HIV-PR / model16e     15.065
002-HIV-PR / model16f     13.182
002-HIV-PR / model22a     15.081
002-HIV-PR / model22d     15.065
002-HIV-PR / model23a     11.793
002-HIV-PR / model25d     11.420
003-CK2 / 1F0Q            10.935
003-CK2 / 1J91             7.736
003-CK2 / 1M2P             9.067
003-CK2 / 1M2Q             7.486
003-CK2 / 1M2R            12.029
003-CK2 / 1ZOE            13.359
003-CK2 / 1ZOG            15.405
003-CK2 / 1ZOH            15.861
003-CK2 / 2OXD            13.293
003-CK2 / 2OXX            12.795
003-CK2 / 2OXY            13.590
003-CK2 / 3KXG            14.044
003-CK2 / 3KXH            14.490
003-CK2 / 3KXM            16.523
003-CK2 / 3KXN            14.110
003-CK2 / 3PVG             9.653
004-AR / 1US0             14.885
004-AR / 2IKG             11.658
004-AR / 2IKH              4.305
004-AR / 2IKI             15.110
004-AR / 2IKJ             15.648
004-AR / 4LAU             15.307
004-AR / 4LAZ             16.310
004-AR / 4LB3             14.901
004-AR / 4LB4             14.566
004-AR / 4LBR             14.332
004-AR / 4LBS             14.383
004-AR / 4QXI             11.006
004-AR / 4XZH             13.070
004-AR / 4XZI              8.422
005-Cath-D / 6QBG         15.318
005-Cath-D / 6QBH         14.800
005-Cath-D / 6QCB         13.853
005-Cath-D / model08      11.497
005-Cath-D / model22      13.627
005-Cath-D / model24      14.061
005-Cath-D / model25      11.703
005-Cath-D / model31      16.206
005-Cath-D / model35      15.002
005-Cath-D / model36      15.712
006-BACE1 / 5QCO          19.522
006-BACE1 / 5QCP          16.404
006-BACE1 / 5QCR          19.520
006-BACE1 / 5QCT          20.616
006-BACE1 / 5QCU          15.384
006-BACE1 / 5QCV          18.159
006-BACE1 / 5QCX          15.635
006-BACE1 / 5QCY          25.457
006-BACE1 / 5QCZ          13.274
006-BACE1 / 5QD0          12.473
006-BACE1 / 5QD1          15.651
006-BACE1 / 5QD2          15.067
006-BACE1 / 5QD3          16.385
006-BACE1 / 5QD5          16.316
006-BACE1 / 5QD9          21.396
006-BACE1 / 5QDA          14.681
007-JAK1 / 4E4L           26.882
007-JAK1 / 4E4N           12.658
007-JAK1 / 4E5W           14.625
007-JAK1 / 4EHZ            8.083
007-JAK1 / 4EI4            9.558
007-JAK1 / 4FK6           16.450
007-JAK1 / 4I5C           11.858
007-JAK1 / 4IVB           12.212
007-JAK1 / 4IVC           12.855
007-JAK1 / 4IVD           15.108
007-JAK1 / 4K6Z           11.023
007-JAK1 / 4K77           12.804
008-Trypsin / 1K1I        16.099
008-Trypsin / 1K1J        18.779
008-Trypsin / 1K1L        18.104
008-Trypsin / 1K1M        18.375
008-Trypsin / 1K1N        20.126
008-Trypsin / 2ZHD        17.272
008-Trypsin / 2ZQ2        19.058
008-Trypsin / 3LJJ        15.225
008-Trypsin / 3LJO        14.711
008-Trypsin / 5MNG        11.973
008-Trypsin / 5MO2        12.960
008-Trypsin / 6SY3         7.861
008-Trypsin / 6T0M        12.433
008-Trypsin / 6T0P        10.441
008-Trypsin / 6T5W         7.277
009-CDK2 / 3QQK           10.550
009-CDK2 / 3QTQ            8.774
009-CDK2 / 3QTR           10.258
009-CDK2 / 3QTS           11.380
009-CDK2 / 3QTU           20.430
009-CDK2 / 3QTW            8.407
009-CDK2 / 3QTX           17.075
009-CDK2 / 3QTZ           12.008
009-CDK2 / 3QU0           11.426
009-CDK2 / 3QXP           16.570
009-CDK2 / 3R8U           12.376
009-CDK2 / 3R8V           13.387
009-CDK2 / 3R8Z           10.640
009-CDK2 / 3R9D            7.190
009-CDK2 / 3R9N           16.349
009-CDK2 / 3RAH           13.840
009-CDK2 / 3RAK           13.720
009-CDK2 / 3RAL           17.020
009-CDK2 / 3RJC           10.574
009-CDK2 / 3RK5            3.382
009-CDK2 / 3RK7            7.851
009-CDK2 / 3RK9           10.928
009-CDK2 / 3RKB           12.803
009-CDK2 / 3RMF           14.573
009-CDK2 / 3RNI            9.303
009-CDK2 / 3RPV           15.471
009-CDK2 / 3RPY            9.498
009-CDK2 / 3S00           11.071
009-CDK2 / 3S0O           10.297
009-CDK2 / 3S1H           14.327
009-CDK2 / 3SQQ           14.643
