        _______  
       /\______\ 
      / /      / 
     / / Cuby /   Dataset calculation
     \/______/   
                 
==========================================================================================
name                                             E      Eref     error  error(%)
------------------------------------------------------------------------------------------
01 10GS_01_bbn                              -2.122    -2.184     0.062     2.839
02 10GS_02_bbn                               0.167    -0.132     0.299   226.191
03 10GS_03_bbn                               0.737     0.428     0.309    72.281
04 10GS_04_bbn                               7.764     4.504     3.260    72.387
05 10GS_05_bbn                             -11.841   -11.437    -0.404    -3.531
06 10GS_06_pro                              -5.595    -6.883     1.288    18.717
07 10GS_07_bbn                              -6.152    -6.112    -0.040    -0.655
08 10GS_08_bbn                             -15.469   -14.282    -1.187    -8.308
09 10GS_09_bbn                              -4.424    -4.063    -0.361    -8.893
10 10GS_10_bbn                              -3.968    -3.957    -0.011    -0.273
11 10GS_11_bbn                              -0.413    -0.762     0.349    45.809
12 10GS_12_tyr                              -6.946    -7.821     0.875    11.184
13 10GS_13_phe                              -5.731    -5.857     0.126     2.146
14 10GS_14_val                              -1.556    -1.308    -0.248   -18.995
15 10GS_15_arg                             -53.903   -53.819    -0.084    -0.157
16 10GS_16_val                              -0.782    -0.618    -0.164   -26.457
17 10GS_17_trp                             -16.317   -19.558     3.241    16.572
18 10GS_18_lys                             -86.294   -89.344     3.050     3.414
19 10GS_19_gln                             -33.234   -32.038    -1.196    -3.733
20 10GS_20_leu                              -0.912    -1.287     0.375    29.129
21 10GS_21_gln                             -10.617   -10.897     0.280     2.573
22 10GS_22_ser                             -11.342   -11.270    -0.072    -0.641
23 10GS_23_tyr                              -1.577    -1.617     0.040     2.471
24 10GS_24_asp                              19.284    19.608    -0.324    -1.652
25 10GS_25_asp                             -14.674   -14.741     0.067     0.453
26 2CET_01_bbn                               0.014     0.231    -0.217   -94.024
27 2CET_02_bbn                              -1.053    -0.814    -0.239   -29.410
28 2CET_03_ala                              -0.315    -0.260    -0.055   -21.083
29 2CET_04_gln                              -8.892    -9.867     0.975     9.877
30 2CET_05_arg                              34.616    34.922    -0.306    -0.876
31 2CET_06_hie                              -1.559    -1.059    -0.500   -47.222
32 2CET_07_trp                              -4.297    -5.045     0.748    14.821
33 2CET_08_asn                              -3.229    -2.421    -0.808   -33.363
34 2CET_09_glu                            -103.651  -103.150    -0.501    -0.486
35 2CET_10_val                              -2.444    -2.021    -0.423   -20.925
36 2CET_11_val                              -0.981    -0.645    -0.336   -52.057
37 2CET_12_hie                               0.919    -0.152     1.071   704.337
38 2CET_13_asn                               0.090    -0.471     0.561   119.132
39 2CET_14_asn                               4.396     3.300     1.096    33.201
40 2CET_15_tyr                              -5.359    -6.712     1.353    20.151
41 2CET_16_met                              -1.096    -0.626    -0.470   -75.122
42 2CET_17_trp                              -4.321    -4.775     0.454     9.499
43 2CET_18_glu                             -93.493   -92.916    -0.577    -0.621
44 2CET_19_trp                              -7.833    -9.608     1.775    18.475
45 2CET_20_asn                               0.087     0.300    -0.213   -71.095
46 2CET_21_glu                            -107.662  -110.346     2.684     2.433
47 2CET_22_trp                              -2.310    -2.321     0.011     0.486
48 2CET_23_phe                              -4.420    -5.529     1.109    20.055
49 2FVD_01_bbn                              -1.109    -1.071    -0.038    -3.544
50 2FVD_02_bbn                              -1.452    -0.993    -0.459   -46.208
51 2FVD_03_bbn                              -1.174    -0.802    -0.372   -46.419
52 2FVD_04_bbn                              -0.755    -0.422    -0.333   -78.813
53 2FVD_05_bbn                              -4.491    -5.863     1.372    23.400
54 2FVD_06_bbn                              -3.571    -3.338    -0.233    -6.974
55 2FVD_07_bbn                              -7.716    -8.131     0.415     5.103
56 2FVD_08_bbn                              -1.922    -2.300     0.378    16.415
57 2FVD_09_bbn                              -7.796    -7.877     0.081     1.031
58 2FVD_10_bbn                               1.911     1.604     0.307    19.141
59 2FVD_11_bbn                              -1.633    -1.444    -0.189   -13.056
60 2FVD_12_bbn                               0.175     0.235    -0.060   -25.743
61 2FVD_13_bbn                              -2.965    -3.477     0.512    14.713
62 2FVD_14_bbn                               0.279     0.073     0.206   282.841
63 2FVD_15_bbn                              -0.435    -0.301    -0.134   -44.577
64 2FVD_16_bbn                              -3.236    -3.018    -0.218    -7.229
65 2FVD_17_ile                              -4.559    -3.780    -0.779   -20.604
66 2FVD_18_val                              -3.060    -2.692    -0.368   -13.673
67 2FVD_19_ala                              -1.778    -1.773    -0.005    -0.270
68 2FVD_20_lys                              -4.662    -5.495     0.833    15.161
69 2FVD_21_val                              -1.962    -1.148    -0.814   -70.914
70 2FVD_22_phe                              -2.277    -2.355     0.078     3.326
71 2FVD_23_glu                              -3.324    -1.405    -1.919  -136.553
72 2FVD_24_phe                              -3.264    -3.086    -0.178    -5.779
73 2FVD_25_leu                              -1.903    -1.099    -0.804   -73.166
74 2FVD_26_hie                              -0.523    -0.527     0.004     0.769
75 2FVD_27_gln                              -3.862    -3.566    -0.296    -8.314
76 2FVD_28_asp                             -11.554    -9.816    -1.738   -17.706
77 2FVD_29_lys                             -17.601   -18.966     1.365     7.196
78 2FVD_30_asn                              -5.186    -4.527    -0.659   -14.562
79 2FVD_31_leu                              -4.142    -4.344     0.202     4.647
80 2FVD_32_ala                              -1.427    -1.161    -0.266   -22.921
81 2FVD_33_asp                             -10.296    -9.472    -0.824    -8.704
82 2OBF_01_bbn                              -0.521    -0.518    -0.003    -0.574
83 2OBF_02_bbn                              -7.612    -7.805     0.193     2.475
84 2OBF_03_bbn                               0.344     0.825    -0.481   -58.336
85 2OBF_04_bbn                              -3.763    -3.767     0.004     0.103
86 2OBF_05_bbn                              -0.925    -0.402    -0.523  -130.218
87 2OBF_06_bbn                              -0.578    -0.817     0.239    29.266
88 2OBF_07_pro                              -1.913    -1.039    -0.874   -84.087
89 2OBF_08_bbn                              -0.081     0.362    -0.443  -122.292
90 2OBF_09_bbn                              -0.902    -0.473    -0.429   -90.667
91 2OBF_10_bbn                              -5.944    -5.683    -0.261    -4.592
92 2OBF_11_bbn                               0.243     0.668    -0.425   -63.583
93 2OBF_12_bbn                               2.035     1.836     0.199    10.825
94 2OBF_13_bbn                              -3.547    -2.971    -0.576   -19.399
95 2OBF_14_tyr                              -6.966    -6.909    -0.057    -0.824
96 2OBF_15_asn                              -6.523    -7.005     0.482     6.886
97 2OBF_16_tyr                              -5.950    -5.912    -0.038    -0.649
98 2OBF_17_arg                              41.894    41.108     0.786     1.912
99 2OBF_18_leu                              -1.723    -0.537    -1.186  -220.813
100 2OBF_19_val                             -2.806    -2.422    -0.384   -15.860
101 2OBF_20_ala                             -1.413    -0.973    -0.440   -45.233
102 2OBF_21_leu                             -2.534    -1.240    -1.294  -104.368
103 2OBF_22_tyr                             -4.285    -3.891    -0.394   -10.114
104 2OBF_23_tyr                             -3.944    -2.925    -1.019   -34.851
105 2OBF_24_phe                             -9.522    -9.337    -0.185    -1.981
106 2OBF_25_ala                             -1.030    -0.605    -0.425   -70.249
107 2OBF_26_ala                             -1.569    -1.585     0.016     1.014
108 2OBF_27_glu                           -132.156  -135.109     2.953     2.186
109 2OBF_28_tyr                             -6.805    -8.661     1.856    21.425
110 2OBF_29_val                             -1.938    -0.943    -0.995  -105.510
111 2OBF_30_met                             -1.338    -0.341    -0.997  -292.374
112 2OBF_31_asp                            -81.720   -82.912     1.192     1.438
113 2OBF_32_val                             -2.902    -1.915    -0.987   -51.565
114 2OBF_33_val                             -2.316    -1.506    -0.810   -53.776
115 2P4Y_01_bbn                              1.070     0.633     0.437    69.010
116 2P4Y_02_bbn                             -2.778    -3.158     0.380    12.047
117 2P4Y_03_bbn                             -0.118    -1.621     1.503    92.740
118 2P4Y_04_bbn                              0.456    -0.504     0.960   190.434
119 2P4Y_05_bbn                             -2.735    -3.285     0.550    16.750
120 2P4Y_06_bbn                             -1.104    -1.259     0.155    12.311
121 2P4Y_07_bbn                             -2.425    -1.965    -0.460   -23.403
122 2P4Y_08_bbn                             -1.635    -1.945     0.310    15.924
123 2P4Y_09_bbn                             -0.580    -0.814     0.234    28.800
124 2P4Y_10_bbn                             -0.479    -1.060     0.581    54.796
125 2P4Y_11_bbn                             -1.415    -1.549     0.134     8.641
126 2P4Y_12_bbn                             -1.018    -1.648     0.630    38.223
127 2P4Y_13_bbn                              1.209     0.388     0.821   211.686
128 2P4Y_14_bbn                             -5.469    -7.223     1.754    24.283
129 2P4Y_15_bbn                            -22.685   -22.002    -0.683    -3.104
130 2P4Y_16_bbn                             -6.668    -6.373    -0.295    -4.633
131 2P4Y_17_phe                              0.266    -0.118     0.384   325.037
132 2P4Y_18_ile                             -1.132    -0.958    -0.174   -18.185
133 2P4Y_19_cys                             -5.778    -5.376    -0.402    -7.479
134 2P4Y_20_phe                             -1.458    -1.502     0.044     2.945
135 2P4Y_21_arg                            -71.014   -70.559    -0.455    -0.645
136 2P4Y_22_ser                             -1.845    -1.952     0.107     5.486
137 2P4Y_23_ala                             -2.161    -2.010    -0.151    -7.505
138 2P4Y_24_glu                             19.443    19.435     0.008     0.040
139 2P4Y_25_ile                             -1.298    -1.935     0.637    32.932
140 2P4Y_26_ile                             -2.941    -2.787    -0.154    -5.543
141 2P4Y_27_tyr                             -2.019    -1.841    -0.178    -9.660
142 2P4Y_28_met                             -2.778    -2.641    -0.137    -5.169
143 2P4Y_29_leu                             -4.039    -4.607     0.568    12.327
144 2P4Y_30_leu                             -2.532    -2.673     0.141     5.274
145 2P4Y_31_val                             -1.647    -1.593    -0.054    -3.400
146 2P4Y_32_ile                             -6.071    -7.524     1.453    19.313
147 2P4Y_33_ser                             -3.141    -3.787     0.646    17.050
148 2P4Y_34_met                             -2.134    -2.077    -0.057    -2.756
149 2P4Y_35_leu                             -1.573    -1.370    -0.203   -14.842
150 2P4Y_36_phe                             -1.515    -1.510    -0.005    -0.302
151 2P4Y_37_met                             -2.858    -3.066     0.208     6.785
152 2P4Y_38_lys                            -27.645   -28.948     1.303     4.500
153 2P4Y_39_hie                             -1.488    -1.154    -0.334   -28.903
154 2VOT_01_bbn                              2.289     2.471    -0.182    -7.354
155 2VOT_02_bbn                              0.707     0.834    -0.127   -15.281
156 2VOT_03_bbn                              1.618     1.814    -0.196   -10.805
157 2VOT_04_trp                             -3.083    -1.855    -1.228   -66.178
158 2VOT_05_asp                           -104.847  -108.715     3.868     3.558
159 2VOT_06_trp                             -1.076    -0.130    -0.946  -727.468
160 2VOT_07_arg                             40.534    41.149    -0.615    -1.495
161 2VOT_08_trp                             -2.314    -1.687    -0.627   -37.177
162 2VOT_09_cys                             -1.445    -1.784     0.339    18.982
163 2VOT_10_asn                             -4.472    -3.554    -0.918   -25.832
164 2VOT_11_glu                           -108.386  -109.350     0.964     0.882
165 2VOT_12_glu                            -46.564   -45.354    -1.210    -2.668
166 2VOT_13_trp                             -0.442    -0.448     0.006     1.281
167 2VOT_14_trp                              0.575     0.355     0.220    62.069
168 2VOT_15_hip                             51.506    52.496    -0.990    -1.886
169 2VOT_16_trp                             -5.504    -7.689     2.185    28.415
170 2VOT_17_tyr                             -3.633    -4.084     0.451    11.032
171 2VOT_18_glu                           -111.434  -111.797     0.363     0.325
172 2VOT_19_ser                              0.423     0.657    -0.234   -35.675
173 2VOT_20_ser                             -1.895    -1.306    -0.589   -45.113
174 2VOT_21_trp                            -11.611   -14.338     2.727    19.022
175 2VOT_22_trp                             -5.388    -7.156     1.768    24.711
176 2VW5_01_bbn                             -1.210    -1.602     0.392    24.488
177 2VW5_02_bbn                             -1.084    -2.012     0.928    46.123
178 2VW5_03_bbn                              0.052    -0.165     0.217   131.474
179 2VW5_04_bbn                             -0.273    -0.347     0.074    21.270
180 2VW5_05_bbn                             -0.784    -1.513     0.729    48.161
181 2VW5_06_bbn                              0.239     0.010     0.229  2289.619
182 2VW5_07_bbn                              0.067    -0.062     0.129   207.527
183 2VW5_08_bbn                             -0.047    -0.306     0.259    84.480
184 2VW5_09_bbn                             -1.509    -1.959     0.450    22.947
185 2VW5_10_bbn                             -0.656    -0.747     0.091    12.198
186 2VW5_11_bbn                             -3.607    -3.942     0.335     8.495
187 2VW5_12_bbn                              0.343     0.092     0.251   272.850
188 2VW5_13_bbn                             -8.161    -7.609    -0.552    -7.257
189 2VW5_14_bbn                             -3.076    -2.653    -0.423   -15.958
190 2VW5_15_bbn                              0.327     0.119     0.208   175.028
191 2VW5_16_asn                             -5.374    -6.153     0.779    12.655
192 2VW5_17_ala                             -0.393    -0.437     0.044    10.117
193 2VW5_18_asp                            -24.332   -27.702     3.370    12.164
194 2VW5_19_ala                             -1.505    -1.574     0.069     4.402
195 2VW5_20_lys                            -15.036   -16.841     1.805    10.719
196 2VW5_21_asp                            -19.278   -20.676     1.398     6.761
197 2VW5_22_ile                             -0.696    -0.966     0.270    27.986
198 2VW5_23_met                             -5.853    -5.847    -0.006    -0.109
199 2VW5_24_glu                             -7.775    -6.855    -0.920   -13.419
200 2VW5_25_asn                             -0.700    -1.838     1.138    61.934
201 2VW5_26_leu                             -1.543    -1.397    -0.146   -10.423
202 2VW5_28_val                             -0.560    -0.688     0.128    18.611
203 2VW5_29_phe                             -3.076    -3.685     0.609    16.533
204 2VW5_30_tyr                             -1.392    -1.319    -0.073    -5.502
205 2VW5_31_val                             -0.544    -0.469    -0.075   -16.038
206 2VW5_32_thr                             -4.470    -4.575     0.105     2.305
207 2VW5_33_leu                             -1.055    -0.905    -0.150   -16.574
208 2XB8_01_bbn                              4.310     2.947     1.363    46.260
209 2XB8_02_bbn                             -3.122    -3.648     0.526    14.407
210 2XB8_03_bbn                             -2.102    -2.281     0.179     7.842
211 2XB8_04_bbn                             -2.866    -3.228     0.362    11.225
212 2XB8_05_bbn                             -1.814    -1.707    -0.107    -6.296
213 2XB8_06_bbn                              3.223     1.795     1.428    79.557
214 2XB8_07_bbn                              1.267     0.743     0.524    70.501
215 2XB8_08_bbn                             -8.842    -8.427    -0.415    -4.929
216 2XB8_09_bbn                             -4.669    -4.519    -0.150    -3.310
217 2XB8_10_bbn                             -1.780    -1.881     0.101     5.380
218 2XB8_11_bbn                             -2.312    -3.191     0.879    27.554
219 2XB8_12_bbn                            -19.062   -18.509    -0.553    -2.987
220 2XB8_13_bbn                            -18.027   -18.726     0.699     3.735
221 2XB8_14_bbn                              4.485     3.105     1.380    44.433
222 2XB8_15_bbn                             -0.928    -1.108     0.180    16.274
223 2XB8_16_asn                              0.398     0.457    -0.059   -12.903
224 2XB8_17_leu                             -3.783    -4.157     0.374     9.000
225 2XB8_18_arg                            -24.225   -24.340     0.115     0.471
226 2XB8_19_leu                             -0.048    -0.451     0.403    89.442
227 2XB8_20_arg                            -20.787   -19.929    -0.858    -4.307
228 2XB8_21_tyr                             -6.651    -7.905     1.254    15.865
229 2XB8_22_asn                             -7.172    -9.067     1.895    20.895
230 2XB8_23_thr                             -0.724    -1.159     0.435    37.558
231 2XB8_24_hid                             -4.282    -4.787     0.505    10.550
232 2XB8_25_hie                              2.712     3.033    -0.321   -10.584
233 2XB8_26_ile                             -2.802    -3.670     0.868    23.641
234 2XB8_27_ser                            -12.515   -13.012     0.497     3.818
235 2XB8_28_val                             -1.185    -1.439     0.254    17.628
236 2XB8_29_arg                            -50.497   -51.470     0.973     1.891
237 2XB8_30_arg                            -55.764   -58.856     3.092     5.254
238 2XB8_31_val                             -0.624    -0.697     0.073    10.538
239 2XB8_32_asp                             29.150    28.727     0.423     1.471
240 2XB8_33_glu                             21.202    22.273    -1.071    -4.809
241 2YKI_01_bbn                              0.404     0.150     0.254   169.176
242 2YKI_02_bbn                             -0.291    -0.223    -0.068   -30.404
243 2YKI_03_bbn                             -0.250    -0.885     0.635    71.701
244 2YKI_04_bbn                             -0.250    -0.501     0.251    50.106
245 2YKI_05_bbn                             -0.830    -1.095     0.265    24.233
246 2YKI_06_bbn                             -0.330    -0.852     0.522    61.304
247 2YKI_07_bbn                             -0.560    -1.001     0.441    44.065
248 2YKI_08_bbn                             -7.162   -10.123     2.961    29.251
249 2YKI_09_bbn                              1.073    -0.006     1.079 17990.505
250 2YKI_10_bbn                             -0.341    -1.105     0.764    69.158
251 2YKI_11_bbn                             -2.941    -4.313     1.372    31.810
252 2YKI_12_bbn                             -0.461    -1.057     0.596    56.417
253 2YKI_13_bbn                             -0.010    -0.391     0.381    97.447
254 2YKI_14_bbn                             -1.708    -1.846     0.138     7.492
255 2YKI_15_bbn                             -0.128    -0.336     0.208    62.019
256 2YKI_16_bbn                             -0.137    -0.240     0.103    43.069
257 2YKI_17_bbn                             -1.940    -2.670     0.730    27.359
258 2YKI_18_bbn                             -1.883    -1.851    -0.032    -1.712
259 2YKI_19_bbn                              0.347     0.096     0.251   261.844
260 2YKI_20_bbn                              0.350     0.160     0.190   118.856
261 2YKI_21_bbn                              0.295    -0.036     0.331   918.621
262 2YKI_22_phe                             -2.407    -2.016    -0.391   -19.375
263 2YKI_23_gln                             -0.788    -0.677    -0.111   -16.380
264 2YKI_24_ile                             -1.894    -1.114    -0.780   -69.973
265 2YKI_25_leu                             -0.753    -0.415    -0.338   -81.424
266 2YKI_26_asn                             -8.541    -7.324    -1.217   -16.614
267 2YKI_27_ser                             -0.573     0.118    -0.691  -585.894
268 2YKI_28_ala                             -0.512    -0.284    -0.228   -80.106
269 2YKI_29_asp                            -23.097   -25.837     2.740    10.607
270 2YKI_30_ile                             -0.873    -0.373    -0.500  -134.149
271 2YKI_31_met                             -7.139    -7.012    -0.127    -1.817
272 2YKI_32_leu                             -1.813    -1.697    -0.116    -6.814
273 2YKI_33_ile                             -0.864    -0.356    -0.508  -142.656
274 2YKI_34_leu                             -6.116    -5.688    -0.428    -7.523
275 2YKI_35_ile                             -1.742    -1.195    -0.547   -45.814
276 2YKI_36_ala                             -1.964    -1.598    -0.366   -22.892
277 2YKI_37_val                             -1.155    -0.790    -0.365   -46.256
278 2YKI_38_phe                             -7.848    -8.399     0.551     6.560
279 2YKI_40_val                             -2.418    -1.733    -0.685   -39.541
280 2YKI_41_trp                             -4.951    -6.213     1.262    20.310
281 2YKI_42_phe                             -1.995    -2.736     0.741    27.087
282 2YKI_43_thr                             -3.585    -3.713     0.128     3.459
283 2YKI_44_val                             -1.286    -0.972    -0.314   -32.300
284 2ZX6_01_bbn                              3.040     2.718     0.322    11.832
285 2ZX6_02_bbn                             -0.247    -0.331     0.084    25.505
286 2ZX6_03_bbn                             -0.462    -0.366    -0.096   -26.227
287 2ZX6_04_bbn                              1.707     1.694     0.013     0.747
288 2ZX6_05_phe                             -1.978    -2.454     0.476    19.398
289 2ZX6_06_hid                            -20.906   -21.607     0.701     3.246
290 2ZX6_07_leu                             -1.787    -1.413    -0.374   -26.488
291 2ZX6_08_tyr                             -2.343    -3.321     0.978    29.443
292 2ZX6_09_glu                            -79.766   -80.174     0.408     0.509
293 2ZX6_10_trp                             -1.524    -1.055    -0.469   -44.498
294 2ZX6_11_hie                             -0.154    -1.054     0.900    85.373
295 2ZX6_12_hid                            -15.989   -18.071     2.082    11.521
296 2ZX6_13_tyr                              0.079    -0.065     0.144   221.187
297 2ZX6_14_leu                             -0.611    -0.230    -0.381  -165.857
298 2ZX6_15_trp                             -3.187    -3.758     0.571    15.204
299 2ZX6_16_asp                           -109.332  -110.036     0.704     0.640
300 2ZX6_17_met                             -4.864    -4.204    -0.660   -15.707
301 2ZX6_18_arg                             59.011    55.564     3.447     6.203
302 2ZX6_19_glu                           -113.209  -111.740    -1.469    -1.315
303 2ZX6_20_val                             -1.781    -1.102    -0.679   -61.646
304 2ZX6_21_asn                             -5.972    -5.871    -0.101    -1.721
305 2ZX6_22_thr                             -3.084    -2.562    -0.522   -20.378
306 2ZX6_23_phe                             -7.210    -8.275     1.065    12.865
307 3G0W_01_bbn                             -0.027    -0.280     0.253    90.491
308 3G0W_02_bbn                             -1.906    -3.220     1.314    40.807
309 3G0W_03_bbn                              0.521     0.001     0.520 51963.836
310 3G0W_04_bbn                              0.129    -0.022     0.151   684.126
311 3G0W_05_bbn                             -1.124    -0.757    -0.367   -48.459
312 3G0W_06_bbn                              0.413     0.348     0.065    18.792
313 3G0W_07_bbn                             -0.844    -0.797    -0.047    -5.861
314 3G0W_08_bbn                             -0.096    -0.335     0.239    71.198
315 3G0W_09_bbn                             -1.478    -1.026    -0.452   -44.027
316 3G0W_10_bbn                             -0.099     1.077    -1.176  -109.152
317 3G0W_11_bbn                              2.485     2.491    -0.006    -0.249
318 3G0W_12_bbn                             -0.629    -0.473    -0.156   -33.017
319 3G0W_13_bbn                             -1.997    -1.851    -0.146    -7.885
320 3G0W_14_bbn                             -0.951    -0.879    -0.072    -8.174
321 3G0W_15_bbn                             -0.054    -0.077     0.023    30.330
322 3G0W_16_leu                             -1.901    -1.582    -0.319   -20.158
323 3G0W_17_leu                             -3.890    -4.177     0.287     6.872
324 3G0W_18_asn                            -14.752   -15.230     0.478     3.136
325 3G0W_19_leu                             -3.635    -2.527    -1.108   -43.860
326 3G0W_20_gln                              0.276     0.770    -0.494   -64.218
327 3G0W_21_trp                             -1.230    -1.224    -0.006    -0.450
328 3G0W_22_met                             -3.251    -2.943    -0.308   -10.478
329 3G0W_23_met                             -5.084    -6.038     0.954    15.801
330 3G0W_24_val                             -1.415    -2.021     0.606    30.000
331 3G0W_25_met                             -3.317    -2.591    -0.726   -28.028
332 3G0W_26_arg                            -16.323   -18.754     2.431    12.963
333 3G0W_27_phe                             -4.021    -3.633    -0.388   -10.690
334 3G0W_28_met                             -3.238    -2.138    -1.100   -51.436
335 3G0W_29_met                             -1.494    -0.973    -0.521   -53.537
336 3G0W_30_leu                             -2.217    -1.954    -0.263   -13.445
337 3G0W_31_phe                             -1.313    -0.746    -0.567   -76.018
338 3G0W_32_thr                             -4.205    -4.362     0.157     3.602
339 3G0W_33_leu                             -1.526    -0.959    -0.567   -59.079
340 3G0W_34_phe                             -2.688    -2.385    -0.303   -12.721
341 3G0W_35_met                             -1.008    -0.625    -0.383   -61.279
342 3G0W_36_ile                             -1.162    -0.474    -0.688  -145.106
343 3GCU_01_bbn                             -0.020    -0.282     0.262    92.739
344 3GCU_02_bbn                             -2.779    -3.124     0.345    11.047
345 3GCU_03_bbn                             -1.179    -1.441     0.262    18.197
346 3GCU_04_bbn                             -0.434    -1.028     0.594    57.762
347 3GCU_05_bbn                             -0.179    -0.689     0.510    74.014
348 3GCU_06_bbn                             -0.297    -0.328     0.031     9.501
349 3GCU_07_bbn                             -1.591    -1.867     0.276    14.806
350 3GCU_08_bbn                              0.144    -0.029     0.173   596.447
351 3GCU_09_bbn                             -1.079    -1.389     0.310    22.344
352 3GCU_10_bbn                             -0.199    -0.503     0.304    60.443
353 3GCU_11_bbn                             -1.199    -1.166    -0.033    -2.837
354 3GCU_12_bbn                              0.054    -0.152     0.206   135.706
355 3GCU_13_bbn                             -0.991    -1.220     0.229    18.783
356 3GCU_14_bbn                             -1.051    -1.261     0.210    16.668
357 3GCU_15_bbn                             -0.324    -0.618     0.294    47.540
358 3GCU_16_bbn                             -1.263    -2.654     1.391    52.396
359 3GCU_17_bbn                             -8.433    -8.222    -0.211    -2.563
360 3GCU_18_bbn                             -1.579    -2.033     0.454    22.333
361 3GCU_19_bbn                             -0.234    -0.332     0.098    29.649
362 3GCU_20_bbn                             -0.016    -0.237     0.221    93.436
363 3GCU_21_bbn                             -1.053    -1.341     0.288    21.501
364 3GCU_22_bbn                             -8.465    -8.470     0.005     0.060
365 3GCU_23_bbn                             -2.981    -3.359     0.378    11.240
366 3GCU_24_val                             -1.816    -1.617    -0.199   -12.317
367 3GCU_25_tyr                             -0.357    -0.332    -0.025    -7.673
368 3GCU_26_val                             -2.757    -2.777     0.020     0.720
369 3GCU_27_ala                             -1.748    -1.853     0.105     5.657
370 3GCU_28_lys                              3.761    -1.564     5.325   340.460
371 3GCU_29_arg                              0.598     1.022    -0.424   -41.489
372 3GCU_30_arg                             -1.060    -0.302    -0.758  -250.936
373 3GCU_31_glu                            -38.791   -40.107     1.316     3.282
374 3GCU_32_leu                             -1.903    -1.619    -0.284   -17.520
375 3GCU_33_leu                             -3.104    -3.539     0.435    12.304
376 3GCU_34_met                             -1.451    -1.363    -0.088    -6.486
377 3GCU_35_val                             -1.076    -0.854    -0.222   -26.041
378 3GCU_36_ile                             -3.499    -3.419    -0.080    -2.354
379 3GCU_37_leu                             -2.038    -1.666    -0.372   -22.309
380 3GCU_38_thr                             -5.098    -6.012     0.914    15.197
381 3GCU_39_leu                             -1.837    -1.675    -0.162    -9.692
382 3GCU_40_met                             -1.554    -1.631     0.077     4.697
383 3GCU_41_ile                             -1.803    -1.316    -0.487   -36.981
384 3GCU_42_ile                             -0.850    -0.576    -0.274   -47.557
385 3GCU_43_hie                             -2.037    -2.070     0.033     1.604
386 3GCU_44_ile                             -0.836    -0.486    -0.350   -72.054
387 3GCU_45_leu                             -3.632    -3.753     0.121     3.228
388 3GCU_46_asp                             -2.482    -3.510     1.028    29.276
389 3GCU_47_phe                             -3.347    -3.750     0.403    10.739
390 3GCU_48_leu                             -0.889    -0.619    -0.270   -43.623
391 3GNW_01_pro                             -2.689    -1.763    -0.926   -52.536
392 3GNW_02_bbn                             -0.142    -1.277     1.135    88.909
393 3GNW_03_bbn                             -2.696    -3.254     0.558    17.159
394 3GNW_04_bbn                             -2.980    -2.857    -0.123    -4.299
395 3GNW_05_bbn                             -0.322    -0.513     0.191    37.146
396 3GNW_06_bbn                             -0.191    -0.230     0.039    16.809
397 3GNW_07_bbn                             -1.685    -1.752     0.067     3.814
398 3GNW_08_bbn                             -0.411    -0.221    -0.190   -86.135
399 3GNW_09_bbn                             -0.713    -1.049     0.336    31.986
400 3GNW_10_bbn                             -0.976    -0.798    -0.178   -22.312
401 3GNW_11_bbn                             -1.838    -2.458     0.620    25.207
402 3GNW_12_bbn                             -0.681    -0.729     0.048     6.570
403 3GNW_13_bbn                             -8.053    -7.914    -0.139    -1.757
404 3GNW_14_bbn                             -9.460    -7.893    -1.567   -19.848
405 3GNW_15_bbn                             -9.149    -8.705    -0.444    -5.100
406 3GNW_16_bbn                             -2.985    -2.751    -0.234    -8.501
407 3GNW_17_arg                             -0.689    -1.153     0.464    40.208
408 3GNW_18_phe                             -2.112    -1.633    -0.479   -29.319
409 3GNW_19_arg                             -7.093    -5.693    -1.400   -24.593
410 3GNW_20_asn                             -2.483    -1.994    -0.489   -24.515
411 3GNW_21_asp                             -6.294    -4.875    -1.419   -29.113
412 3GNW_22_cys                             -3.423    -4.152     0.729    17.554
413 3GNW_23_ser                             -8.316    -8.521     0.205     2.404
414 3GNW_24_ser                             -0.778    -1.549     0.771    49.785
415 3GNW_25_leu                             -2.854    -2.381    -0.473   -19.848
416 3GNW_26_arg                              4.523     3.776     0.747    19.791
417 3GNW_27_ser                             -0.728    -0.516    -0.212   -41.139
418 3GNW_28_asn                             -1.249    -1.264     0.015     1.177
419 3GNW_29_met                             -5.441    -6.025     0.584     9.687
420 3GNW_30_tyr                             -4.527    -4.562     0.035     0.777
421 3GNW_31_gln                              0.348    -0.305     0.653   214.050
422 3GNW_32_ile                             -0.949    -0.859    -0.090   -10.494
423 3GNW_33_tyr                             -6.141    -6.613     0.472     7.140
424 3GNW_34_hie                             -0.227    -0.146    -0.081   -55.700
425 3GNW_35_ser                             -8.624    -4.733    -3.891   -82.213
426 3JVS_01_bbn                             -2.661    -1.960    -0.701   -35.741
427 3JVS_02_bbn                            -12.294   -13.696     1.402    10.236
428 3JVS_03_bbn                              0.111    -1.071     1.182   110.335
429 3JVS_04_bbn                             -0.710    -0.504    -0.206   -40.835
430 3JVS_05_bbn                            -12.656   -12.381    -0.275    -2.225
431 3JVS_06_pro                             -5.194    -4.961    -0.233    -4.687
432 3JVS_07_bbn                              0.956     0.651     0.305    46.873
433 3JVS_08_pro                             -2.140    -2.382     0.242    10.167
434 3JVS_09_bbn                             -0.638    -0.536    -0.102   -19.072
435 3JVS_10_bbn                             -1.281    -1.080    -0.201   -18.609
436 3JVS_11_bbn                             -0.249    -0.457     0.208    45.468
437 3JVS_12_bbn                             -2.375    -2.491     0.116     4.666
438 3JVS_13_bbn                             -0.692    -1.033     0.341    33.058
439 3JVS_14_phe                             -6.611    -7.727     1.116    14.446
440 3JVS_15_asp                             -7.909    -7.306    -0.603    -8.247
441 3JVS_16_arg                             -0.418    -0.422     0.004     0.971
442 3JVS_17_ile                             -3.643    -3.698     0.055     1.477
443 3JVS_18_glu                             -8.716    -8.054    -0.662    -8.225
444 3JVS_19_tyr                             -1.048    -1.071     0.023     2.114
445 3JVS_20_ala                             -0.685    -0.589    -0.096   -16.353
446 3JVS_21_glu                             -5.895    -3.715    -2.180   -58.675
447 3JVS_22_leu                             -2.913    -1.646    -1.267   -76.955
448 3NOX_01_bbn                              0.808     0.798     0.010     1.301
449 3NOX_02_bbn                             -5.887    -6.207     0.320     5.151
450 3NOX_03_bbn                              0.510     0.757    -0.247   -32.601
451 3NOX_04_bbn                             -1.998    -1.971    -0.027    -1.383
452 3NOX_05_bbn                              1.585     1.333     0.252    18.879
453 3NOX_06_bbn                             -1.396    -1.433     0.037     2.599
454 3NOX_07_arg                             46.993    45.802     1.191     2.600
455 3NOX_08_glu                           -109.279  -111.564     2.285     2.048
456 3NOX_09_glu                           -125.424  -122.376    -3.048    -2.491
457 3NOX_10_tyr                             -4.327    -4.538     0.211     4.651
458 3NOX_11_trp                             -0.421    -0.699     0.278    39.753
459 3NOX_12_ser                             -5.993    -6.327     0.334     5.272
460 3NOX_13_tyr                             -2.396    -2.286    -0.110    -4.827
461 3NOX_14_val                             -1.117    -0.341    -0.776  -227.483
462 3NOX_15_trp                             -1.794    -2.227     0.433    19.445
463 3NOX_16_tyr                            -16.369   -16.022    -0.347    -2.166
464 3NOX_17_asp                            -65.798   -62.357    -3.441    -5.518
465 3NOX_18_tyr                             -7.014    -8.583     1.569    18.283
466 3NOX_19_asn                             -5.634    -4.442    -1.192   -26.829
467 3NOX_20_val                             -2.492    -1.718    -0.774   -45.030
468 3NOX_21_hid                             -7.443    -8.313     0.870    10.467
469 3PE2_01_bbn                             -2.962    -3.063     0.101     3.297
470 3PE2_02_bbn                             -0.104    -0.120     0.016    12.985
471 3PE2_03_bbn                             -1.630    -1.582    -0.048    -3.012
472 3PE2_04_bbn                             -0.591    -1.140     0.549    48.170
473 3PE2_05_bbn                             -1.365    -2.152     0.787    36.582
474 3PE2_06_bbn                             -1.647    -2.152     0.505    23.483
475 3PE2_07_bbn                             -0.520    -1.632     1.112    68.120
476 3PE2_08_bbn                             -8.884    -8.648    -0.236    -2.733
477 3PE2_09_bbn                              1.607     0.102     1.505  1475.953
478 3PE2_10_bbn                             -1.350    -1.706     0.356    20.877
479 3PE2_11_bbn                             -2.536    -3.556     1.020    28.673
480 3PE2_12_bbn                            -18.765   -18.392    -0.373    -2.027
481 3PE2_13_bbn                             -6.377    -6.612     0.235     3.550
482 3PE2_14_leu                             -2.761    -3.361     0.600    17.851
483 3PE2_15_arg                            -22.322   -22.648     0.326     1.441
484 3PE2_16_val                             -4.268    -5.128     0.860    16.772
485 3PE2_17_val                             -3.345    -3.574     0.229     6.416
486 3PE2_18_lys                            -98.651  -101.837     3.186     3.129
487 3PE2_19_ile                             -3.177    -3.154    -0.023    -0.714
488 3PE2_20_phe                             -1.618    -2.992     1.374    45.919
489 3PE2_21_hid                             -1.413    -1.757     0.344    19.587
490 3PE2_22_val                             -0.882    -1.155     0.273    23.632
491 3PE2_23_asn                             -0.786    -0.799     0.013     1.665
492 3PE2_24_hid                             -2.699    -2.844     0.145     5.098
493 3PE2_25_met                             -2.814    -4.093     1.279    31.243
494 3PE2_26_ile                             -4.476    -5.304     0.828    15.619
495 3PE2_27_asp                             59.713    57.516     2.197     3.821
496 3PE2_28_trp                             -3.128    -4.656     1.528    32.826
497 4GID_01_bbn                             -2.240    -2.050    -0.190    -9.292
498 4GID_02_bbn                              0.905     1.595    -0.690   -43.271
499 4GID_03_bbn                             -2.028    -1.725    -0.303   -17.582
500 4GID_04_bbn                             -5.719    -5.236    -0.483    -9.224
501 4GID_05_bbn                              0.417     0.112     0.305   272.494
502 4GID_06_bbn                              3.254     2.493     0.761    30.543
503 4GID_07_bbn                            -14.724   -14.417    -0.307    -2.131
504 4GID_08_bbn                             -0.272    -0.097    -0.175  -179.934
505 4GID_09_pro                             -1.493    -1.047    -0.446   -42.602
506 4GID_10_bbn                             -3.949    -4.144     0.195     4.710
507 4GID_11_bbn                             -2.062    -2.179     0.117     5.383
508 4GID_12_bbn                             -3.363    -2.931    -0.432   -14.742
509 4GID_13_bbn                             -3.947    -5.824     1.877    32.228
510 4GID_14_bbn                             -1.951    -2.012     0.061     3.018
511 4GID_15_bbn                             -2.135    -1.966    -0.169    -8.587
512 4GID_16_bbn                             -4.294    -4.380     0.086     1.954
513 4GID_17_bbn                              0.742     0.779    -0.037    -4.710
514 4GID_18_bbn                             -3.643    -3.432    -0.211    -6.135
515 4GID_19_bbn                             -1.771    -1.652    -0.119    -7.187
516 4GID_20_bbn                              0.647    -0.379     1.026   270.691
517 4GID_21_bbn                            -17.609   -18.166     0.557     3.065
518 4GID_22_bbn                             -6.175    -6.907     0.732    10.597
519 4GID_23_bbn                             -6.201    -5.857    -0.344    -5.870
520 4GID_24_bbn                              0.625     0.454     0.171    37.719
521 4GID_25_ser                              0.179     0.291    -0.112   -38.448
522 4GID_26_gln                             -1.612    -1.744     0.132     7.597
523 4GID_27_tyr                             -0.298    -0.498     0.200    40.188
524 4GID_28_leu                             -2.623    -2.591    -0.032    -1.227
525 4GID_29_asp                            -81.209   -79.976    -1.233    -1.542
526 4GID_30_ser                              1.469     0.726     0.743   102.405
527 4GID_31_val                             -1.188    -0.830    -0.358   -43.096
528 4GID_32_tyr                             -6.815    -8.307     1.492    17.964
529 4GID_33_thr                             -0.215    -1.485     1.270    85.517
530 4GID_34_gln                             -1.686    -2.954     1.268    42.911
531 4GID_35_phe                             -2.768    -2.732    -0.036    -1.322
532 4GID_36_ile                             -2.185    -1.625    -0.560   -34.482
533 4GID_37_trp                             -2.779    -3.718     0.939    25.261
534 4GID_38_ile                             -2.161    -1.892    -0.269   -14.225
535 4GID_39_ile                             -1.906    -1.303    -0.603   -46.294
536 4GID_40_arg                             27.791    28.317    -0.526    -1.857
537 4GID_41_tyr                             -4.048    -4.078     0.030     0.734
538 4GID_42_ile                             -1.591    -1.315    -0.276   -20.958
539 4GID_43_asp                           -115.719  -114.321    -1.398    -1.223
540 4GID_44_thr                             -8.005    -6.629    -1.376   -20.762
541 4GID_45_thr                             -3.849    -4.836     0.987    20.418
542 4GID_46_asn                             -5.455    -5.295    -0.160    -3.022
543 4GID_47_arg                             29.054    27.645     1.409     5.097
544 4GID_48_lys                             23.915    23.587     0.328     1.389
545 4GID_49_ser                              0.283     0.084     0.199   237.339
546 4GID_50_val                             -1.452    -1.455     0.003     0.215
547 4GID_51_ala                             -0.509    -0.385    -0.124   -32.333
==========================================================================================
RMSE                0.897   kcal/mol
MUE                 0.592   kcal/mol
------------------------------------------------------------------------------------------
MSE                 0.162   kcal/mol
min                -3.891   kcal/mol
max                 5.325   kcal/mol
range               9.216   kcal/mol
min abs             0.003   kcal/mol
max abs             5.325   kcal/mol
==========================================================================================
RMSE             2356.049   %
MUE               175.715   %
MSE               142.639   %
min              -727.468   %
max             51963.836   %
range           52691.304   %
min abs             0.040   %
max abs         51963.836   %
------------------------------------------------------------------------------------------
RMSE/|avg|         11.080   %
MUE/|avg|           7.313   %
==========================================================================================
Statistics for groups:
neutral-neutral(225)RMSE      0.600   MSE       0.041   kcal/mol
charged-neutral(280)RMSE      0.916   MSE       0.215   kcal/mol
charged-charged(42) RMSE      1.724   MSE       0.458   kcal/mol
--------------------------------------------------------------------------------
neutral-neutralRMSE/|avg|     26.54 %
charged-neutralRMSE/|avg|     21.46 %
charged-chargedRMSE/|avg|     2.66 %
==========================================================================================

