WARNING: Interface fennol is under development and should be used with care:
         Only basic functionality, no error checks
        _______  
       /\______\ 
      / /      / 
     / / Cuby /   Dataset calculation
     \/______/   
                 
==========================================================================================
name                                             E      Eref     error  error(%)
------------------------------------------------------------------------------------------
01 Water ... Water                          -5.064    -5.011    -0.053    -1.065
02 Water ... MeOH                           -5.695    -5.701     0.006     0.107
03 Water ... MeNH2                          -7.230    -7.036    -0.194    -2.761
04 Water ... Peptide                        -8.348    -8.220    -0.128    -1.553
05 MeOH ... MeOH                            -5.837    -5.851     0.014     0.247
06 MeOH ... MeNH2                           -7.834    -7.666    -0.168    -2.190
07 MeOH ... Peptide                         -8.436    -8.337    -0.099    -1.184
08 MeOH ... Water                           -5.212    -5.087    -0.125    -2.457
09 MeNH2 ... MeOH                           -3.157    -3.113    -0.044    -1.415
10 MeNH2 ... MeNH2                          -4.303    -4.223    -0.080    -1.893
11 MeNH2 ... Peptide                        -5.453    -5.480     0.027     0.497
12 MeNH2 ... Water                          -7.510    -7.402    -0.108    -1.463
13 Peptide ... MeOH                         -6.030    -6.282     0.252     4.005
14 Peptide ... MeNH2                        -7.476    -7.561     0.085     1.118
15 Peptide ... Peptide                      -8.981    -8.721    -0.260    -2.983
16 Peptide ... Water                        -5.013    -5.199     0.186     3.575
17 Uracil ... Uracil (BP)                  -17.262   -17.448     0.186     1.065
18 Water ... Pyridine                       -7.072    -6.975    -0.097    -1.397
19 MeOH ... Pyridine                        -7.732    -7.510    -0.222    -2.954
20 AcOH ... AcOH                           -19.785   -19.415    -0.370    -1.904
21 AcNH2 ... AcNH2                         -16.365   -16.525     0.160     0.970
22 AcOH ... Uracil                         -20.254   -19.783    -0.471    -2.382
23 AcNH2 ... Uracil                        -19.436   -19.467     0.031     0.160
24 Benzene ... Benzene (pi-pi)              -2.710    -2.724     0.014     0.502
25 Pyridine ... Pyridine (pi-pi)            -3.818    -3.801    -0.017    -0.446
26 Uracil ... Uracil (pi-pi)               -10.348    -9.752    -0.596    -6.112
27 Benzene ... Pyridine (pi-pi)             -3.291    -3.342     0.051     1.520
28 Benzene ... Uracil (pi-pi)               -5.568    -5.593     0.025     0.452
29 Pyridine ... Uracil (pi-pi)              -6.696    -6.701     0.005     0.071
30 Benzene ... Ethene                       -1.045    -1.364     0.319    23.399
31 Uracil ... Ethene                        -3.360    -3.329    -0.031    -0.946
32 Uracil ... Ethyne                        -3.598    -3.693     0.095     2.567
33 Pyridine ... Ethene                      -1.470    -1.805     0.335    18.557
34 Pentane ... Pentane                      -4.294    -3.764    -0.530   -14.091
35 Neopentane ... Pentane                   -3.031    -2.604    -0.427   -16.395
36 Neopentane ... Neopentane                -2.152    -1.764    -0.388   -21.991
37 Cyclopentane ... Neopentane              -2.843    -2.397    -0.446   -18.602
38 Cyclopentane ... Cyclopentane            -3.371    -2.986    -0.385   -12.901
39 Benzene ... Cyclopentane                 -4.024    -3.514    -0.510   -14.500
40 Benzene ... Neopentane                   -3.241    -2.849    -0.392   -13.761
41 Uracil ... Pentane                       -5.040    -4.811    -0.229    -4.768
42 Uracil ... Cyclopentane                  -3.967    -4.091     0.124     3.019
43 Uracil ... Neopentane                    -3.792    -3.689    -0.103    -2.789
44 Ethene ... Pentane                       -2.379    -1.993    -0.386   -19.370
45 Ethyne ... Pentane                       -2.035    -1.715    -0.320   -18.647
46 Peptide ... Pentane                      -4.482    -4.256    -0.226    -5.317
47 Benzene ... Benzene (TS)                 -3.164    -2.828    -0.336   -11.873
48 Pyridine ... Pyridine (TS)               -3.778    -3.506    -0.272    -7.771
49 Benzene ... Pyridine (TS)                -3.652    -3.293    -0.359   -10.911
50 Benzene ... Ethyne (CH-pi)               -3.501    -2.857    -0.644   -22.540
51 Ethyne ... Ethyne (TS)                   -1.754    -1.539    -0.215   -13.979
52 Benzene ... AcOH (OH-pi)                 -5.116    -4.726    -0.390    -8.256
53 Benzene ... AcNH2 (NH-pi)                -4.768    -4.405    -0.363    -8.238
54 Benzene ... Water (OH-pi)                -3.746    -3.288    -0.458   -13.936
55 Benzene ... MeOH (OH-pi)                 -4.887    -4.168    -0.719   -17.262
56 Benzene ... MeNH2 (NH-pi)                -3.640    -3.199    -0.441   -13.781
57 Benzene ... Peptide (NH-pi)              -5.674    -5.255    -0.419    -7.972
58 Pyridine ... Pyridine (CH-N)             -3.288    -4.237     0.949    22.391
59 Ethyne ... Water (CH-O)                  -3.080    -2.927    -0.153    -5.228
60 Ethyne ... AcOH (OH-pi)                  -5.234    -4.966    -0.268    -5.405
61 Pentane ... AcOH                         -3.017    -2.906    -0.111    -3.834
62 Pentane ... AcNH2                        -3.665    -3.528    -0.137    -3.887
63 Benzene ... AcOH                         -4.055    -3.747    -0.308    -8.218
64 Peptide ... Ethene                       -3.265    -3.001    -0.264    -8.792
65 Pyridine ... Ethyne                      -3.687    -4.104     0.417    10.149
66 MeNH2 ... Pyridine                       -4.240    -3.966    -0.274    -6.902
==========================================================================================
RMSE                0.319   kcal/mol
MUE                 0.255   kcal/mol
------------------------------------------------------------------------------------------
MSE                -0.155   kcal/mol
min                -0.719   kcal/mol
max                 0.949   kcal/mol
range               1.668   kcal/mol
min abs             0.005   kcal/mol
max abs             0.949   kcal/mol
==========================================================================================
RMSE                9.905   %
MUE                 7.142   %
MSE                -4.283   %
min               -22.540   %
max                23.399   %
range              45.938   %
min abs             0.071   %
max abs            23.399   %
------------------------------------------------------------------------------------------
RMSE/|avg|          5.801   %
MUE/|avg|           4.633   %
==========================================================================================
Statistics for groups:
H-bonds        (23) RMSE      0.184   MSE      -0.064   kcal/mol
dispersion     (23) RMSE      0.319   MSE      -0.175   kcal/mol
others         (20) RMSE      0.424   MSE      -0.238   kcal/mol
--------------------------------------------------------------------------------
H-bonds        RMSE/|avg|     2.04 %
dispersion     RMSE/|avg|     8.89 %
others         RMSE/|avg|     11.71 %
==========================================================================================

