WARNING: Interface orbital is under development and should be used with care:
         Only basic functionality, no error checks
        _______  
       /\______\ 
      / /      / 
     / / Cuby /   Dataset calculation
     \/______/   
                 
==========================================================================================
name                                             E      Eref     error  error(%)
------------------------------------------------------------------------------------------
01 10GS                                   -268.800  -242.583   -26.217   -10.807
02 2CET                                   -252.765  -247.699    -5.066    -2.045
03 2FVD                                   -104.043   -88.726   -15.317   -17.263
04 2OBF                                   -207.635  -199.162    -8.473    -4.254
05 2P4Y                                   -172.864  -157.143   -15.721   -10.004
06 2VOT                                   -247.225  -238.717    -8.508    -3.564
07 2VW5                                   -100.349   -94.099    -6.250    -6.642
08 2XB8                                   -163.856  -178.476    14.620     8.192
09 2YKI                                   -108.907   -92.145   -16.762   -18.191
10 2ZX6                                   -239.523  -231.047    -8.476    -3.669
11 3G0W                                    -74.226   -66.594    -7.632   -11.461
12 3GNW                                    -85.036   -77.382    -7.654    -9.891
13 3NOX                                   -254.297  -244.475    -9.822    -4.017
14 3PE2                                   -147.191  -127.532   -19.659   -15.415
15 4GID                                   -197.276  -190.367    -6.909    -3.629
==========================================================================================
RMSE               13.145   kcal/mol
MUE                11.806   kcal/mol
------------------------------------------------------------------------------------------
MSE                -9.856   kcal/mol
min               -26.217   kcal/mol
max                14.620   kcal/mol
range              40.837   kcal/mol
min abs             5.066   kcal/mol
max abs            26.217   kcal/mol
==========================================================================================
RMSE               10.005   %
MUE                 8.603   %
MSE                -7.511   %
min               -18.191   %
max                 8.192   %
range              26.383   %
min abs             2.045   %
max abs            18.191   %
------------------------------------------------------------------------------------------
RMSE/|avg|          7.963   %
MUE/|avg|           7.152   %
==========================================================================================

