        _______  
       /\______\ 
      / /      / 
     / / Cuby /   Dataset calculation
     \/______/   
                 
==========================================================================================
name                                             E      Eref     error  error(%)
------------------------------------------------------------------------------------------
01 10GS                                   -237.320  -242.583     5.263     2.170
02 2CET                                   -258.388  -247.699   -10.689    -4.315
03 2FVD                                    -93.955   -88.726    -5.229    -5.894
04 2OBF                                   -205.204  -199.162    -6.042    -3.034
05 2P4Y                                   -153.747  -157.143     3.396     2.161
06 2VOT                                   -251.956  -238.717   -13.239    -5.546
07 2VW5                                    -96.562   -94.099    -2.463    -2.617
08 2XB8                                   -172.246  -178.476     6.230     3.491
09 2YKI                                    -91.262   -92.145     0.883     0.958
10 2ZX6                                   -237.718  -231.047    -6.671    -2.887
11 3G0W                                    -59.538   -66.594     7.056    10.596
12 3GNW                                    -78.674   -77.382    -1.292    -1.670
13 3NOX                                   -257.112  -244.475   -12.637    -5.169
14 3PE2                                   -118.916  -127.532     8.616     6.756
15 4GID                                   -208.380  -190.367   -18.013    -9.462
==========================================================================================
RMSE                8.535   kcal/mol
MUE                 7.181   kcal/mol
------------------------------------------------------------------------------------------
MSE                -2.989   kcal/mol
min               -18.013   kcal/mol
max                 8.616   kcal/mol
range              26.629   kcal/mol
min abs             0.883   kcal/mol
max abs            18.013   kcal/mol
==========================================================================================
RMSE                5.215   %
MUE                 4.448   %
MSE                -0.964   %
min                -9.462   %
max                10.596   %
range              20.058   %
min abs             0.958   %
max abs            10.596   %
------------------------------------------------------------------------------------------
RMSE/|avg|          5.170   %
MUE/|avg|           4.350   %
==========================================================================================

