WARNING: Interface fairchem is under development and should be used with care:
         Only basic functionality, no error checks
        _______  
       /\______\ 
      / /      / 
     / / Cuby /   Dataset calculation
     \/______/   
                 
==========================================================================================
name                                             E      Eref     error  error(%)
------------------------------------------------------------------------------------------
01 10GS                                   -263.097  -242.583   -20.514    -8.456
02 2CET                                   -256.698  -247.699    -8.999    -3.633
03 2FVD                                    -99.685   -88.726   -10.959   -12.352
04 2OBF                                   -210.515  -199.162   -11.353    -5.701
05 2P4Y                                   -180.289  -157.143   -23.146   -14.729
06 2VOT                                   -253.137  -238.717   -14.420    -6.041
07 2VW5                                   -105.589   -94.099   -11.490   -12.210
08 2XB8                                   -199.601  -178.476   -21.125   -11.836
09 2YKI                                    -99.762   -92.145    -7.617    -8.266
10 2ZX6                                   -245.442  -231.047   -14.395    -6.230
11 3G0W                                    -79.150   -66.594   -12.556   -18.854
12 3GNW                                    -90.634   -77.382   -13.252   -17.125
13 3NOX                                   -259.049  -244.475   -14.574    -5.961
14 3PE2                                   -143.138  -127.532   -15.606   -12.237
15 4GID                                   -206.957  -190.367   -16.590    -8.715
==========================================================================================
RMSE               15.061   kcal/mol
MUE                14.440   kcal/mol
------------------------------------------------------------------------------------------
MSE               -14.440   kcal/mol
min               -23.146   kcal/mol
max                -7.617   kcal/mol
range              15.529   kcal/mol
min abs             7.617   kcal/mol
max abs            23.146   kcal/mol
==========================================================================================
RMSE               11.044   %
MUE                10.156   %
MSE               -10.156   %
min               -18.854   %
max                -3.633   %
range              15.221   %
min abs             3.633   %
max abs            18.854   %
------------------------------------------------------------------------------------------
RMSE/|avg|          9.124   %
MUE/|avg|           8.747   %
==========================================================================================

