WARNING: Interface fairchem is under development and should be used with care:
         Only basic functionality, no error checks
        _______  
       /\______\ 
      / /      / 
     / / Cuby /   Dataset calculation
     \/______/   
                 
==========================================================================================
name                                             E      Eref     error  error(%)
------------------------------------------------------------------------------------------
01 Water ... Water                          -5.018    -5.011    -0.007    -0.136
02 Water ... MeOH                           -5.576    -5.701     0.125     2.184
03 Water ... MeNH2                          -7.015    -7.036     0.021     0.304
04 Water ... Peptide                        -8.177    -8.220     0.043     0.520
05 MeOH ... MeOH                            -5.712    -5.851     0.139     2.383
06 MeOH ... MeNH2                           -7.617    -7.666     0.049     0.644
07 MeOH ... Peptide                         -8.360    -8.337    -0.023    -0.279
08 MeOH ... Water                           -5.083    -5.087     0.004     0.075
09 MeNH2 ... MeOH                           -3.052    -3.113     0.061     1.956
10 MeNH2 ... MeNH2                          -4.173    -4.223     0.050     1.183
11 MeNH2 ... Peptide                        -5.545    -5.480    -0.065    -1.191
12 MeNH2 ... Water                          -7.306    -7.402     0.096     1.303
13 Peptide ... MeOH                         -6.117    -6.282     0.165     2.626
14 Peptide ... MeNH2                        -7.485    -7.561     0.076     1.002
15 Peptide ... Peptide                      -8.669    -8.721     0.052     0.593
16 Peptide ... Water                        -5.122    -5.199     0.077     1.490
17 Uracil ... Uracil (BP)                  -17.177   -17.448     0.271     1.556
18 Water ... Pyridine                       -6.811    -6.975     0.164     2.350
19 MeOH ... Pyridine                        -7.349    -7.510     0.161     2.149
20 AcOH ... AcOH                           -19.595   -19.415    -0.180    -0.929
21 AcNH2 ... AcNH2                         -16.278   -16.525     0.247     1.492
22 AcOH ... Uracil                         -19.693   -19.783     0.090     0.454
23 AcNH2 ... Uracil                        -19.222   -19.467     0.245     1.257
24 Benzene ... Benzene (pi-pi)              -3.122    -2.724    -0.398   -14.602
25 Pyridine ... Pyridine (pi-pi)            -4.105    -3.801    -0.304    -8.004
26 Uracil ... Uracil (pi-pi)               -10.369    -9.752    -0.617    -6.329
27 Benzene ... Pyridine (pi-pi)             -3.715    -3.342    -0.373   -11.168
28 Benzene ... Uracil (pi-pi)               -6.055    -5.593    -0.462    -8.258
29 Pyridine ... Uracil (pi-pi)              -7.134    -6.701    -0.433    -6.468
30 Benzene ... Ethene                       -1.583    -1.364    -0.219   -16.087
31 Uracil ... Ethene                        -3.590    -3.329    -0.261    -7.831
32 Uracil ... Ethyne                        -4.007    -3.693    -0.314    -8.505
33 Pyridine ... Ethene                      -1.981    -1.805    -0.176    -9.759
34 Pentane ... Pentane                      -4.009    -3.764    -0.245    -6.496
35 Neopentane ... Pentane                   -2.786    -2.604    -0.182    -6.994
36 Neopentane ... Neopentane                -1.925    -1.764    -0.161    -9.144
37 Cyclopentane ... Neopentane              -2.554    -2.397    -0.157    -6.563
38 Cyclopentane ... Cyclopentane            -3.068    -2.986    -0.082    -2.735
39 Benzene ... Cyclopentane                 -3.825    -3.514    -0.311    -8.854
40 Benzene ... Neopentane                   -3.142    -2.849    -0.293   -10.292
41 Uracil ... Pentane                       -5.101    -4.811    -0.290    -6.018
42 Uracil ... Cyclopentane                  -4.332    -4.091    -0.241    -5.892
43 Uracil ... Neopentane                    -3.955    -3.689    -0.266    -7.201
44 Ethene ... Pentane                       -2.006    -1.993    -0.013    -0.631
45 Ethyne ... Pentane                       -1.798    -1.715    -0.083    -4.849
46 Peptide ... Pentane                      -4.471    -4.256    -0.215    -5.049
47 Benzene ... Benzene (TS)                 -2.928    -2.828    -0.100    -3.520
48 Pyridine ... Pyridine (TS)               -3.502    -3.506     0.004     0.102
49 Benzene ... Pyridine (TS)                -3.394    -3.293    -0.101    -3.075
50 Benzene ... Ethyne (CH-pi)               -2.971    -2.857    -0.114    -3.975
51 Ethyne ... Ethyne (TS)                   -1.549    -1.539    -0.010    -0.678
52 Benzene ... AcOH (OH-pi)                 -4.867    -4.726    -0.141    -2.985
53 Benzene ... AcNH2 (NH-pi)                -4.379    -4.405     0.026     0.588
54 Benzene ... Water (OH-pi)                -3.470    -3.288    -0.182    -5.526
55 Benzene ... MeOH (OH-pi)                 -4.334    -4.168    -0.166    -3.988
56 Benzene ... MeNH2 (NH-pi)                -3.363    -3.199    -0.164    -5.139
57 Benzene ... Peptide (NH-pi)              -5.478    -5.255    -0.223    -4.239
58 Pyridine ... Pyridine (CH-N)             -3.860    -4.237     0.377     8.894
59 Ethyne ... Water (CH-O)                  -2.883    -2.927     0.044     1.497
60 Ethyne ... AcOH (OH-pi)                  -5.087    -4.966    -0.121    -2.433
61 Pentane ... AcOH                         -3.008    -2.906    -0.102    -3.511
62 Pentane ... AcNH2                        -3.687    -3.528    -0.159    -4.495
63 Benzene ... AcOH                         -4.057    -3.747    -0.310    -8.263
64 Peptide ... Ethene                       -3.037    -3.001    -0.036    -1.190
65 Pyridine ... Ethyne                      -4.006    -4.104     0.098     2.378
66 MeNH2 ... Pyridine                       -3.939    -3.966     0.027     0.678
==========================================================================================
RMSE                0.210   kcal/mol
MUE                 0.167   kcal/mol
------------------------------------------------------------------------------------------
MSE                -0.085   kcal/mol
min                -0.617   kcal/mol
max                 0.377   kcal/mol
range               0.994   kcal/mol
min abs             0.004   kcal/mol
max abs             0.617   kcal/mol
==========================================================================================
RMSE                5.509   %
MUE                 4.135   %
MSE                -2.934   %
min               -16.087   %
max                 8.894   %
range              24.981   %
min abs             0.075   %
max abs            16.087   %
------------------------------------------------------------------------------------------
RMSE/|avg|          3.811   %
MUE/|avg|           3.033   %
==========================================================================================
Statistics for groups:
H-bonds        (23) RMSE      0.130   MSE       0.081   kcal/mol
dispersion     (23) RMSE      0.296   MSE      -0.265   kcal/mol
others         (20) RMSE      0.157   MSE      -0.068   kcal/mol
--------------------------------------------------------------------------------
H-bonds        RMSE/|avg|     1.44 %
dispersion     RMSE/|avg|     8.25 %
others         RMSE/|avg|     4.33 %
==========================================================================================

