        _______  
       /\______\ 
      / /      / 
     / / Cuby /   Dataset calculation
     \/______/   
                 
==========================================================================================
name                                             E      Eref     error  error(%)
------------------------------------------------------------------------------------------
01 10GS_01_bbn                              -1.965    -2.184     0.219    10.035
02 10GS_02_bbn                               0.295    -0.132     0.427   323.337
03 10GS_03_bbn                               0.822     0.428     0.394    92.158
04 10GS_04_bbn                               7.384     4.504     2.880    63.951
05 10GS_05_bbn                             -11.815   -11.437    -0.378    -3.307
06 10GS_06_pro                              -5.290    -6.883     1.593    23.141
07 10GS_07_bbn                              -6.032    -6.112     0.080     1.304
08 10GS_08_bbn                             -15.136   -14.282    -0.854    -5.977
09 10GS_09_bbn                              -4.154    -4.063    -0.091    -2.230
10 10GS_10_bbn                              -4.025    -3.957    -0.068    -1.713
11 10GS_11_bbn                              -0.457    -0.762     0.305    40.068
12 10GS_12_tyr                              -6.889    -7.821     0.932    11.918
13 10GS_13_phe                              -6.413    -5.857    -0.556    -9.488
14 10GS_14_val                              -1.717    -1.308    -0.409   -31.247
15 10GS_15_arg                             -52.484   -53.819     1.335     2.481
16 10GS_16_val                              -0.746    -0.618    -0.128   -20.742
17 10GS_17_trp                             -16.845   -19.558     2.713    13.870
18 10GS_18_lys                             -85.368   -89.344     3.976     4.450
19 10GS_19_gln                             -33.181   -32.038    -1.143    -3.568
20 10GS_20_leu                              -0.985    -1.287     0.302    23.487
21 10GS_21_gln                              -9.489   -10.897     1.408    12.922
22 10GS_22_ser                             -11.353   -11.270    -0.083    -0.741
23 10GS_23_tyr                              -1.931    -1.617    -0.314   -19.390
24 10GS_24_asp                              18.245    19.608    -1.363    -6.952
25 10GS_25_asp                             -14.227   -14.741     0.514     3.486
26 2CET_01_bbn                              -0.205     0.231    -0.436  -188.626
27 2CET_02_bbn                              -1.228    -0.814    -0.414   -50.824
28 2CET_03_ala                              -0.726    -0.260    -0.466  -179.146
29 2CET_04_gln                              -9.587    -9.867     0.280     2.838
30 2CET_05_arg                              35.316    34.922     0.394     1.128
31 2CET_06_hie                              -2.018    -1.059    -0.959   -90.518
32 2CET_07_trp                              -4.485    -5.045     0.560    11.093
33 2CET_08_asn                              -3.423    -2.421    -1.002   -41.387
34 2CET_09_glu                            -103.071  -103.150     0.079     0.077
35 2CET_10_val                              -2.717    -2.021    -0.696   -34.425
36 2CET_11_val                              -1.278    -0.645    -0.633   -98.077
37 2CET_12_hie                               0.382    -0.152     0.534   351.087
38 2CET_13_asn                              -0.258    -0.471     0.213    45.276
39 2CET_14_asn                               4.014     3.300     0.714    21.648
40 2CET_15_tyr                              -5.945    -6.712     0.767    11.426
41 2CET_16_met                              -1.263    -0.626    -0.637  -101.802
42 2CET_17_trp                              -4.561    -4.775     0.214     4.491
43 2CET_18_glu                             -93.647   -92.916    -0.731    -0.787
44 2CET_19_trp                              -8.410    -9.608     1.198    12.468
45 2CET_20_asn                              -0.150     0.300    -0.450  -149.935
46 2CET_21_glu                            -108.524  -110.346     1.822     1.651
47 2CET_22_trp                              -2.535    -2.321    -0.214    -9.234
48 2CET_23_phe                              -4.935    -5.529     0.594    10.752
49 2FVD_01_bbn                              -1.153    -1.071    -0.082    -7.694
50 2FVD_02_bbn                              -1.242    -0.993    -0.249   -25.075
51 2FVD_03_bbn                              -0.983    -0.802    -0.181   -22.527
52 2FVD_04_bbn                              -0.699    -0.422    -0.277   -65.650
53 2FVD_05_bbn                              -4.118    -5.863     1.745    29.759
54 2FVD_06_bbn                              -3.600    -3.338    -0.262    -7.864
55 2FVD_07_bbn                              -7.525    -8.131     0.606     7.457
56 2FVD_08_bbn                              -2.520    -2.300    -0.220    -9.570
57 2FVD_09_bbn                              -8.332    -7.877    -0.455    -5.776
58 2FVD_10_bbn                               2.000     1.604     0.396    24.700
59 2FVD_11_bbn                              -1.442    -1.444     0.002     0.110
60 2FVD_12_bbn                               0.233     0.235    -0.002    -0.746
61 2FVD_13_bbn                              -2.688    -3.477     0.789    22.692
62 2FVD_14_bbn                               0.278     0.073     0.205   280.464
63 2FVD_15_bbn                              -0.321    -0.301    -0.020    -6.797
64 2FVD_16_bbn                              -3.351    -3.018    -0.333   -11.026
65 2FVD_17_ile                              -4.630    -3.780    -0.850   -22.498
66 2FVD_18_val                              -3.002    -2.692    -0.310   -11.517
67 2FVD_19_ala                              -2.042    -1.773    -0.269   -15.158
68 2FVD_20_lys                              -3.713    -5.495     1.782    32.421
69 2FVD_21_val                              -1.786    -1.148    -0.638   -55.566
70 2FVD_22_phe                              -1.991    -2.355     0.364    15.475
71 2FVD_23_glu                              -3.571    -1.405    -2.166  -154.164
72 2FVD_24_phe                              -3.204    -3.086    -0.118    -3.837
73 2FVD_25_leu                              -1.756    -1.099    -0.657   -59.755
74 2FVD_26_hie                              -0.663    -0.527    -0.136   -25.790
75 2FVD_27_gln                              -4.217    -3.566    -0.651   -18.256
76 2FVD_28_asp                             -12.291    -9.816    -2.475   -25.217
77 2FVD_29_lys                             -17.624   -18.966     1.342     7.075
78 2FVD_30_asn                              -5.058    -4.527    -0.531   -11.739
79 2FVD_31_leu                              -4.443    -4.344    -0.099    -2.279
80 2FVD_32_ala                              -1.586    -1.161    -0.425   -36.647
81 2FVD_33_asp                             -10.932    -9.472    -1.460   -15.415
82 2OBF_01_bbn                              -0.849    -0.518    -0.331   -63.854
83 2OBF_02_bbn                              -7.247    -7.805     0.558     7.155
84 2OBF_03_bbn                               0.250     0.825    -0.575   -69.657
85 2OBF_04_bbn                              -3.801    -3.767    -0.034    -0.895
86 2OBF_05_bbn                              -0.939    -0.402    -0.537  -133.620
87 2OBF_06_bbn                              -1.131    -0.817    -0.314   -38.491
88 2OBF_07_pro                              -2.030    -1.039    -0.991   -95.356
89 2OBF_08_bbn                              -0.147     0.362    -0.509  -140.628
90 2OBF_09_bbn                              -1.053    -0.473    -0.580  -122.531
91 2OBF_10_bbn                              -5.784    -5.683    -0.101    -1.773
92 2OBF_11_bbn                               0.147     0.668    -0.521   -77.928
93 2OBF_12_bbn                               1.767     1.836    -0.069    -3.753
94 2OBF_13_bbn                              -3.641    -2.971    -0.670   -22.546
95 2OBF_14_tyr                              -6.768    -6.909     0.141     2.034
96 2OBF_15_asn                              -7.101    -7.005    -0.096    -1.370
97 2OBF_16_tyr                              -6.491    -5.912    -0.579    -9.800
98 2OBF_17_arg                              41.627    41.108     0.519     1.263
99 2OBF_18_leu                              -1.738    -0.537    -1.201  -223.605
100 2OBF_19_val                             -3.677    -2.422    -1.255   -51.837
101 2OBF_20_ala                             -1.759    -0.973    -0.786   -80.736
102 2OBF_21_leu                             -2.707    -1.240    -1.467  -118.302
103 2OBF_22_tyr                             -4.324    -3.891    -0.433   -11.128
104 2OBF_23_tyr                             -3.739    -2.925    -0.814   -27.846
105 2OBF_24_phe                             -9.816    -9.337    -0.479    -5.128
106 2OBF_25_ala                             -1.403    -0.605    -0.798  -131.954
107 2OBF_26_ala                             -1.928    -1.585    -0.343   -21.616
108 2OBF_27_glu                           -132.481  -135.109     2.628     1.945
109 2OBF_28_tyr                             -7.139    -8.661     1.522    17.575
110 2OBF_29_val                             -1.981    -0.943    -1.038  -110.054
111 2OBF_30_met                             -1.637    -0.341    -1.296  -380.017
112 2OBF_31_asp                            -82.768   -82.912     0.144     0.174
113 2OBF_32_val                             -2.761    -1.915    -0.846   -44.179
114 2OBF_33_val                             -2.659    -1.506    -1.153   -76.554
115 2P4Y_01_bbn                              1.355     0.633     0.722   114.053
116 2P4Y_02_bbn                             -2.353    -3.158     0.805    25.484
117 2P4Y_03_bbn                             -0.271    -1.621     1.350    83.261
118 2P4Y_04_bbn                              0.827    -0.504     1.331   264.141
119 2P4Y_05_bbn                             -2.736    -3.285     0.549    16.721
120 2P4Y_06_bbn                             -0.839    -1.259     0.420    33.328
121 2P4Y_07_bbn                             -2.254    -1.965    -0.289   -14.704
122 2P4Y_08_bbn                             -1.331    -1.945     0.614    31.572
123 2P4Y_09_bbn                             -0.340    -0.814     0.474    58.224
124 2P4Y_10_bbn                             -0.267    -1.060     0.793    74.797
125 2P4Y_11_bbn                             -1.036    -1.549     0.513    33.108
126 2P4Y_12_bbn                             -0.956    -1.648     0.692    41.979
127 2P4Y_13_bbn                              1.343     0.388     0.955   246.054
128 2P4Y_14_bbn                             -4.822    -7.223     2.401    33.243
129 2P4Y_15_bbn                            -22.050   -22.002    -0.048    -0.218
130 2P4Y_16_bbn                             -6.227    -6.373     0.146     2.299
131 2P4Y_17_phe                             -0.126    -0.118    -0.008    -6.999
132 2P4Y_18_ile                             -1.060    -0.958    -0.102   -10.684
133 2P4Y_19_cys                             -6.132    -5.376    -0.756   -14.063
134 2P4Y_20_phe                             -1.459    -1.502     0.043     2.887
135 2P4Y_21_arg                            -69.151   -70.559     1.408     1.996
136 2P4Y_22_ser                             -2.002    -1.952    -0.050    -2.543
137 2P4Y_23_ala                             -1.999    -2.010     0.011     0.524
138 2P4Y_24_glu                             19.196    19.435    -0.239    -1.232
139 2P4Y_25_ile                             -1.268    -1.935     0.667    34.479
140 2P4Y_26_ile                             -2.888    -2.787    -0.101    -3.620
141 2P4Y_27_tyr                             -1.876    -1.841    -0.035    -1.901
142 2P4Y_28_met                             -2.777    -2.641    -0.136    -5.155
143 2P4Y_29_leu                             -4.058    -4.607     0.549    11.924
144 2P4Y_30_leu                             -2.674    -2.673    -0.001    -0.035
145 2P4Y_31_val                             -1.613    -1.593    -0.020    -1.264
146 2P4Y_32_ile                             -6.663    -7.524     0.861    11.450
147 2P4Y_33_ser                             -2.717    -3.787     1.070    28.260
148 2P4Y_34_met                             -2.077    -2.077    -0.000    -0.015
149 2P4Y_35_leu                             -1.484    -1.370    -0.114    -8.300
150 2P4Y_36_phe                             -1.587    -1.510    -0.077    -5.132
151 2P4Y_37_met                             -2.938    -3.066     0.128     4.190
152 2P4Y_38_lys                            -26.649   -28.948     2.299     7.942
153 2P4Y_39_hie                             -1.217    -1.154    -0.063    -5.467
154 2VOT_01_bbn                              2.080     2.471    -0.391   -15.828
155 2VOT_02_bbn                              0.478     0.834    -0.356   -42.693
156 2VOT_03_bbn                              1.596     1.814    -0.218   -12.042
157 2VOT_04_trp                             -3.070    -1.855    -1.215   -65.481
158 2VOT_05_asp                           -106.384  -108.715     2.331     2.144
159 2VOT_06_trp                             -1.139    -0.130    -1.009  -776.528
160 2VOT_07_arg                             41.184    41.149     0.035     0.086
161 2VOT_08_trp                             -2.329    -1.687    -0.642   -38.052
162 2VOT_09_cys                             -1.413    -1.784     0.371    20.772
163 2VOT_10_asn                             -4.805    -3.554    -1.251   -35.187
164 2VOT_11_glu                           -108.118  -109.350     1.232     1.126
165 2VOT_12_glu                            -47.061   -45.354    -1.707    -3.764
166 2VOT_13_trp                             -0.908    -0.448    -0.460  -102.669
167 2VOT_14_trp                              0.489     0.355     0.134    37.609
168 2VOT_15_hip                             52.113    52.496    -0.383    -0.730
169 2VOT_16_trp                             -6.042    -7.689     1.647    21.421
170 2VOT_17_tyr                             -4.127    -4.084    -0.043    -1.061
171 2VOT_18_glu                           -110.746  -111.797     1.051     0.940
172 2VOT_19_ser                              0.328     0.657    -0.329   -50.053
173 2VOT_20_ser                             -1.908    -1.306    -0.602   -46.129
174 2VOT_21_trp                            -12.129   -14.338     2.209    15.403
175 2VOT_22_trp                             -5.755    -7.156     1.401    19.577
176 2VW5_01_bbn                             -1.304    -1.602     0.298    18.626
177 2VW5_02_bbn                             -1.437    -2.012     0.575    28.565
178 2VW5_03_bbn                              0.021    -0.165     0.186   112.947
179 2VW5_04_bbn                             -0.267    -0.347     0.080    22.916
180 2VW5_05_bbn                             -1.107    -1.513     0.406    26.850
181 2VW5_06_bbn                              0.235     0.010     0.225  2248.411
182 2VW5_07_bbn                              0.028    -0.062     0.090   145.117
183 2VW5_08_bbn                             -0.070    -0.306     0.236    77.201
184 2VW5_09_bbn                             -1.457    -1.959     0.502    25.628
185 2VW5_10_bbn                             -0.707    -0.747     0.040     5.301
186 2VW5_11_bbn                             -3.483    -3.942     0.459    11.634
187 2VW5_12_bbn                              0.309     0.092     0.217   236.183
188 2VW5_13_bbn                             -8.199    -7.609    -0.590    -7.753
189 2VW5_14_bbn                             -2.866    -2.653    -0.213    -8.034
190 2VW5_15_bbn                              0.299     0.119     0.180   151.297
191 2VW5_16_asn                             -5.661    -6.153     0.492     8.001
192 2VW5_17_ala                             -0.499    -0.437    -0.062   -14.213
193 2VW5_18_asp                            -25.577   -27.702     2.125     7.671
194 2VW5_19_ala                             -1.634    -1.574    -0.060    -3.792
195 2VW5_20_lys                            -14.209   -16.841     2.632    15.628
196 2VW5_21_asp                            -20.107   -20.676     0.569     2.751
197 2VW5_22_ile                             -0.861    -0.966     0.105    10.825
198 2VW5_23_met                             -6.024    -5.847    -0.177    -3.019
199 2VW5_24_glu                             -8.172    -6.855    -1.317   -19.207
200 2VW5_25_asn                             -0.946    -1.838     0.892    48.538
201 2VW5_26_leu                             -1.609    -1.397    -0.212   -15.183
202 2VW5_28_val                             -0.601    -0.688     0.087    12.589
203 2VW5_29_phe                             -3.387    -3.685     0.298     8.092
204 2VW5_30_tyr                             -1.257    -1.319     0.062     4.678
205 2VW5_31_val                             -0.632    -0.469    -0.163   -34.735
206 2VW5_32_thr                             -4.507    -4.575     0.068     1.492
207 2VW5_33_leu                             -1.211    -0.905    -0.306   -33.856
208 2XB8_01_bbn                              4.366     2.947     1.419    48.166
209 2XB8_02_bbn                             -3.067    -3.648     0.581    15.921
210 2XB8_03_bbn                             -1.918    -2.281     0.363    15.913
211 2XB8_04_bbn                             -2.728    -3.228     0.500    15.480
212 2XB8_05_bbn                             -1.474    -1.707     0.233    13.621
213 2XB8_06_bbn                              3.212     1.795     1.417    78.933
214 2XB8_07_bbn                              1.335     0.743     0.592    79.682
215 2XB8_08_bbn                             -8.131    -8.427     0.296     3.517
216 2XB8_09_bbn                             -4.379    -4.519     0.140     3.105
217 2XB8_10_bbn                             -1.518    -1.881     0.363    19.294
218 2XB8_11_bbn                             -2.056    -3.191     1.135    35.581
219 2XB8_12_bbn                            -18.322   -18.509     0.187     1.009
220 2XB8_13_bbn                            -17.666   -18.726     1.060     5.663
221 2XB8_14_bbn                              4.599     3.105     1.494    48.125
222 2XB8_15_bbn                             -0.652    -1.108     0.456    41.193
223 2XB8_16_asn                              0.886     0.457     0.429    93.904
224 2XB8_17_leu                             -4.018    -4.157     0.139     3.332
225 2XB8_18_arg                            -22.818   -24.340     1.522     6.255
226 2XB8_19_leu                             -0.438    -0.451     0.013     2.834
227 2XB8_20_arg                            -19.425   -19.929     0.504     2.531
228 2XB8_21_tyr                             -7.334    -7.905     0.571     7.229
229 2XB8_22_asn                             -7.534    -9.067     1.533    16.912
230 2XB8_23_thr                             -0.704    -1.159     0.455    39.245
231 2XB8_24_hid                             -4.018    -4.787     0.769    16.056
232 2XB8_25_hie                              3.072     3.033     0.039     1.285
233 2XB8_26_ile                             -2.695    -3.670     0.975    26.554
234 2XB8_27_ser                            -12.535   -13.012     0.477     3.667
235 2XB8_28_val                             -1.231    -1.439     0.208    14.452
236 2XB8_29_arg                            -48.683   -51.470     2.787     5.414
237 2XB8_30_arg                            -54.634   -58.856     4.222     7.174
238 2XB8_31_val                             -0.597    -0.697     0.100    14.397
239 2XB8_32_asp                             28.333    28.727    -0.394    -1.372
240 2XB8_33_glu                             20.996    22.273    -1.277    -5.735
241 2YKI_01_bbn                              0.421     0.150     0.271   180.484
242 2YKI_02_bbn                             -0.140    -0.223     0.083    37.141
243 2YKI_03_bbn                             -0.429    -0.885     0.456    51.470
244 2YKI_04_bbn                             -0.224    -0.501     0.277    55.305
245 2YKI_05_bbn                             -0.859    -1.095     0.236    21.507
246 2YKI_06_bbn                             -0.364    -0.852     0.488    57.302
247 2YKI_07_bbn                             -0.541    -1.001     0.460    45.927
248 2YKI_08_bbn                             -6.936   -10.123     3.187    31.485
249 2YKI_09_bbn                              0.840    -0.006     0.846 14105.889
250 2YKI_10_bbn                             -0.543    -1.105     0.562    50.827
251 2YKI_11_bbn                             -3.205    -4.313     1.108    25.696
252 2YKI_12_bbn                             -0.482    -1.057     0.575    54.381
253 2YKI_13_bbn                             -0.067    -0.391     0.324    82.823
254 2YKI_14_bbn                             -1.678    -1.846     0.168     9.121
255 2YKI_15_bbn                             -0.077    -0.336     0.259    76.972
256 2YKI_16_bbn                             -0.029    -0.240     0.211    88.104
257 2YKI_17_bbn                             -2.314    -2.670     0.356    13.348
258 2YKI_18_bbn                             -1.712    -1.851     0.139     7.505
259 2YKI_19_bbn                              0.380     0.096     0.284   295.859
260 2YKI_20_bbn                              0.453     0.160     0.293   183.180
261 2YKI_21_bbn                              0.236    -0.036     0.272   754.772
262 2YKI_22_phe                             -2.777    -2.016    -0.761   -37.761
263 2YKI_23_gln                             -0.552    -0.677     0.125    18.461
264 2YKI_24_ile                             -1.913    -1.114    -0.799   -71.742
265 2YKI_25_leu                             -0.860    -0.415    -0.445  -107.148
266 2YKI_26_asn                             -8.162    -7.324    -0.838   -11.444
267 2YKI_27_ser                             -0.700     0.118    -0.818  -692.842
268 2YKI_28_ala                             -0.610    -0.284    -0.326  -114.655
269 2YKI_29_asp                            -24.696   -25.837     1.141     4.416
270 2YKI_30_ile                             -1.024    -0.373    -0.651  -174.456
271 2YKI_31_met                             -7.235    -7.012    -0.223    -3.173
272 2YKI_32_leu                             -2.075    -1.697    -0.378   -22.280
273 2YKI_33_ile                             -0.965    -0.356    -0.609  -171.068
274 2YKI_34_leu                             -6.271    -5.688    -0.583   -10.242
275 2YKI_35_ile                             -1.953    -1.195    -0.758   -63.419
276 2YKI_36_ala                             -2.098    -1.598    -0.500   -31.280
277 2YKI_37_val                             -1.342    -0.790    -0.552   -69.867
278 2YKI_38_phe                             -8.063    -8.399     0.336     4.006
279 2YKI_40_val                             -2.582    -1.733    -0.849   -49.005
280 2YKI_41_trp                             -5.241    -6.213     0.972    15.642
281 2YKI_42_phe                             -2.671    -2.736     0.065     2.366
282 2YKI_43_thr                             -3.883    -3.713    -0.170    -4.590
283 2YKI_44_val                             -1.481    -0.972    -0.509   -52.391
284 2ZX6_01_bbn                              2.582     2.718    -0.136    -5.017
285 2ZX6_02_bbn                             -0.471    -0.331    -0.140   -42.242
286 2ZX6_03_bbn                             -0.534    -0.366    -0.168   -45.836
287 2ZX6_04_bbn                              1.526     1.694    -0.168    -9.923
288 2ZX6_05_phe                             -2.009    -2.454     0.445    18.150
289 2ZX6_06_hid                            -21.572   -21.607     0.035     0.163
290 2ZX6_07_leu                             -1.946    -1.413    -0.533   -37.700
291 2ZX6_08_tyr                             -2.470    -3.321     0.851    25.610
292 2ZX6_09_glu                            -80.080   -80.174     0.094     0.117
293 2ZX6_10_trp                             -1.464    -1.055    -0.409   -38.775
294 2ZX6_11_hie                             -0.842    -1.054     0.212    20.070
295 2ZX6_12_hid                            -16.509   -18.071     1.562     8.646
296 2ZX6_13_tyr                              0.375    -0.065     0.440   677.094
297 2ZX6_14_leu                             -0.662    -0.230    -0.432  -187.959
298 2ZX6_15_trp                             -3.072    -3.758     0.686    18.262
299 2ZX6_16_asp                           -109.213  -110.036     0.823     0.748
300 2ZX6_17_met                             -5.090    -4.204    -0.886   -21.087
301 2ZX6_18_arg                             57.873    55.564     2.309     4.155
302 2ZX6_19_glu                           -112.566  -111.740    -0.826    -0.739
303 2ZX6_20_val                             -1.828    -1.102    -0.726   -65.845
304 2ZX6_21_asn                             -5.851    -5.871     0.020     0.339
305 2ZX6_22_thr                             -3.094    -2.562    -0.532   -20.756
306 2ZX6_23_phe                             -7.618    -8.275     0.657     7.943
307 3G0W_01_bbn                             -0.125    -0.280     0.155    55.336
308 3G0W_02_bbn                             -2.503    -3.220     0.717    22.252
309 3G0W_03_bbn                              0.431     0.001     0.430 42989.271
310 3G0W_04_bbn                              0.129    -0.022     0.151   687.475
311 3G0W_05_bbn                             -0.765    -0.757    -0.008    -1.004
312 3G0W_06_bbn                              0.556     0.348     0.208    59.755
313 3G0W_07_bbn                             -0.756    -0.797     0.041     5.121
314 3G0W_08_bbn                             -0.103    -0.335     0.232    69.166
315 3G0W_09_bbn                             -1.284    -1.026    -0.258   -25.134
316 3G0W_10_bbn                             -0.058     1.077    -1.135  -105.430
317 3G0W_11_bbn                              2.655     2.491     0.164     6.586
318 3G0W_12_bbn                             -0.585    -0.473    -0.112   -23.678
319 3G0W_13_bbn                             -1.841    -1.851     0.010     0.554
320 3G0W_14_bbn                             -0.980    -0.879    -0.101   -11.518
321 3G0W_15_bbn                             -0.037    -0.077     0.040    51.710
322 3G0W_16_leu                             -2.254    -1.582    -0.672   -42.465
323 3G0W_17_leu                             -4.207    -4.177    -0.030    -0.725
324 3G0W_18_asn                            -13.973   -15.230     1.257     8.256
325 3G0W_19_leu                             -3.718    -2.527    -1.191   -47.119
326 3G0W_20_gln                              0.426     0.770    -0.344   -44.614
327 3G0W_21_trp                             -1.459    -1.224    -0.235   -19.220
328 3G0W_22_met                             -3.253    -2.943    -0.310   -10.529
329 3G0W_23_met                             -5.034    -6.038     1.004    16.634
330 3G0W_24_val                             -1.442    -2.021     0.579    28.644
331 3G0W_25_met                             -3.275    -2.591    -0.684   -26.405
332 3G0W_26_arg                            -15.954   -18.754     2.800    14.930
333 3G0W_27_phe                             -4.104    -3.633    -0.471   -12.972
334 3G0W_28_met                             -3.374    -2.138    -1.236   -57.821
335 3G0W_29_met                             -1.525    -0.973    -0.552   -56.681
336 3G0W_30_leu                             -2.331    -1.954    -0.377   -19.296
337 3G0W_31_phe                             -1.307    -0.746    -0.561   -75.194
338 3G0W_32_thr                             -4.407    -4.362    -0.045    -1.028
339 3G0W_33_leu                             -1.654    -0.959    -0.695   -72.521
340 3G0W_34_phe                             -2.599    -2.385    -0.214    -8.956
341 3G0W_35_met                             -1.164    -0.625    -0.539   -86.273
342 3G0W_36_ile                             -1.129    -0.474    -0.655  -138.087
343 3GCU_01_bbn                             -0.057    -0.282     0.225    79.953
344 3GCU_02_bbn                             -2.645    -3.124     0.479    15.335
345 3GCU_03_bbn                             -1.179    -1.441     0.262    18.198
346 3GCU_04_bbn                             -0.557    -1.028     0.471    45.861
347 3GCU_05_bbn                             -0.332    -0.689     0.357    51.748
348 3GCU_06_bbn                             -0.296    -0.328     0.032     9.765
349 3GCU_07_bbn                             -1.559    -1.867     0.308    16.493
350 3GCU_08_bbn                              0.139    -0.029     0.168   579.049
351 3GCU_09_bbn                             -1.266    -1.389     0.123     8.878
352 3GCU_10_bbn                             -0.253    -0.503     0.250    49.726
353 3GCU_11_bbn                             -1.108    -1.166     0.058     4.969
354 3GCU_12_bbn                              0.120    -0.152     0.272   178.624
355 3GCU_13_bbn                             -0.970    -1.220     0.250    20.468
356 3GCU_14_bbn                             -1.097    -1.261     0.164    13.032
357 3GCU_15_bbn                             -0.346    -0.618     0.272    44.030
358 3GCU_16_bbn                             -1.638    -2.654     1.016    38.278
359 3GCU_17_bbn                             -8.724    -8.222    -0.502    -6.102
360 3GCU_18_bbn                             -1.563    -2.033     0.470    23.102
361 3GCU_19_bbn                             -0.224    -0.332     0.108    32.512
362 3GCU_20_bbn                             -0.020    -0.237     0.217    91.575
363 3GCU_21_bbn                             -0.996    -1.341     0.345    25.748
364 3GCU_22_bbn                             -8.576    -8.470    -0.106    -1.251
365 3GCU_23_bbn                             -2.736    -3.359     0.623    18.545
366 3GCU_24_val                             -1.973    -1.617    -0.356   -22.017
367 3GCU_25_tyr                             -0.226    -0.332     0.106    31.919
368 3GCU_26_val                             -3.009    -2.777    -0.232    -8.351
369 3GCU_27_ala                             -1.994    -1.853    -0.141    -7.604
370 3GCU_28_lys                              3.193    -1.564     4.757   304.124
371 3GCU_29_arg                              1.522     1.022     0.500    48.959
372 3GCU_30_arg                              0.038    -0.302     0.340   112.588
373 3GCU_31_glu                            -38.871   -40.107     1.236     3.081
374 3GCU_32_leu                             -2.161    -1.619    -0.542   -33.480
375 3GCU_33_leu                             -3.680    -3.539    -0.141    -3.977
376 3GCU_34_met                             -1.679    -1.363    -0.316   -23.208
377 3GCU_35_val                             -1.137    -0.854    -0.283   -33.080
378 3GCU_36_ile                             -3.868    -3.419    -0.449   -13.130
379 3GCU_37_leu                             -2.186    -1.666    -0.520   -31.203
380 3GCU_38_thr                             -5.336    -6.012     0.676    11.241
381 3GCU_39_leu                             -2.026    -1.675    -0.351   -20.984
382 3GCU_40_met                             -1.817    -1.631    -0.186   -11.403
383 3GCU_41_ile                             -1.758    -1.316    -0.442   -33.593
384 3GCU_42_ile                             -0.835    -0.576    -0.259   -45.052
385 3GCU_43_hie                             -2.249    -2.070    -0.179    -8.640
386 3GCU_44_ile                             -0.955    -0.486    -0.469   -96.492
387 3GCU_45_leu                             -4.060    -3.753    -0.307    -8.175
388 3GCU_46_asp                             -3.653    -3.510    -0.143    -4.079
389 3GCU_47_phe                             -3.601    -3.750     0.149     3.974
390 3GCU_48_leu                             -0.868    -0.619    -0.249   -40.280
391 3GNW_01_pro                             -2.698    -1.763    -0.935   -53.014
392 3GNW_02_bbn                              0.003    -1.277     1.280   100.249
393 3GNW_03_bbn                             -2.573    -3.254     0.681    20.923
394 3GNW_04_bbn                             -2.716    -2.857     0.141     4.936
395 3GNW_05_bbn                             -0.259    -0.513     0.254    49.545
396 3GNW_06_bbn                             -0.065    -0.230     0.165    71.798
397 3GNW_07_bbn                             -1.323    -1.752     0.429    24.504
398 3GNW_08_bbn                             -0.317    -0.221    -0.096   -43.423
399 3GNW_09_bbn                             -0.901    -1.049     0.148    14.148
400 3GNW_10_bbn                             -0.764    -0.798     0.034     4.252
401 3GNW_11_bbn                             -1.845    -2.458     0.613    24.949
402 3GNW_12_bbn                             -0.492    -0.729     0.237    32.533
403 3GNW_13_bbn                             -8.078    -7.914    -0.164    -2.070
404 3GNW_14_bbn                             -9.330    -7.893    -1.437   -18.202
405 3GNW_15_bbn                             -9.169    -8.705    -0.464    -5.329
406 3GNW_16_bbn                             -2.713    -2.751     0.038     1.389
407 3GNW_17_arg                              0.404    -1.153     1.557   135.068
408 3GNW_18_phe                             -1.652    -1.633    -0.019    -1.143
409 3GNW_19_arg                             -5.805    -5.693    -0.112    -1.976
410 3GNW_20_asn                             -2.182    -1.994    -0.188    -9.419
411 3GNW_21_asp                             -7.466    -4.875    -2.591   -53.158
412 3GNW_22_cys                             -3.891    -4.152     0.261     6.282
413 3GNW_23_ser                             -7.980    -8.521     0.541     6.348
414 3GNW_24_ser                             -0.825    -1.549     0.724    46.770
415 3GNW_25_leu                             -2.967    -2.381    -0.586   -24.601
416 3GNW_26_arg                              6.427     3.776     2.651    70.207
417 3GNW_27_ser                             -0.656    -0.516    -0.140   -27.220
418 3GNW_28_asn                             -1.103    -1.264     0.161    12.756
419 3GNW_29_met                             -6.035    -6.025    -0.010    -0.165
420 3GNW_30_tyr                             -4.587    -4.562    -0.025    -0.538
421 3GNW_31_gln                              0.313    -0.305     0.618   202.768
422 3GNW_32_ile                             -1.046    -0.859    -0.187   -21.791
423 3GNW_33_tyr                             -6.117    -6.613     0.496     7.494
424 3GNW_34_hie                             -0.273    -0.146    -0.127   -86.773
425 3GNW_35_ser                             -7.680    -4.733    -2.947   -62.266
426 3JVS_01_bbn                             -2.762    -1.960    -0.802   -40.929
427 3JVS_02_bbn                            -12.308   -13.696     1.388    10.133
428 3JVS_03_bbn                             -0.197    -1.071     0.874    81.641
429 3JVS_04_bbn                             -0.980    -0.504    -0.476   -94.485
430 3JVS_05_bbn                            -12.343   -12.381     0.038     0.304
431 3JVS_06_pro                             -5.682    -4.961    -0.721   -14.529
432 3JVS_07_bbn                              1.018     0.651     0.367    56.442
433 3JVS_08_pro                             -2.463    -2.382    -0.081    -3.408
434 3JVS_09_bbn                             -0.663    -0.536    -0.127   -23.719
435 3JVS_10_bbn                             -1.281    -1.080    -0.201   -18.567
436 3JVS_11_bbn                             -0.282    -0.457     0.175    38.391
437 3JVS_12_bbn                             -2.541    -2.491    -0.050    -2.017
438 3JVS_13_bbn                             -0.877    -1.033     0.156    15.095
439 3JVS_14_phe                             -7.601    -7.727     0.126     1.631
440 3JVS_15_asp                             -9.170    -7.306    -1.864   -25.515
441 3JVS_16_arg                              1.189    -0.422     1.611   381.667
442 3JVS_17_ile                             -4.191    -3.698    -0.493   -13.328
443 3JVS_18_glu                             -9.624    -8.054    -1.570   -19.499
444 3JVS_19_tyr                             -1.100    -1.071    -0.029    -2.673
445 3JVS_20_ala                             -0.813    -0.589    -0.224   -37.979
446 3JVS_21_glu                             -7.206    -3.715    -3.491   -93.971
447 3JVS_22_leu                             -2.992    -1.646    -1.346   -81.769
448 3NOX_01_bbn                              0.561     0.798    -0.237   -29.692
449 3NOX_02_bbn                             -5.754    -6.207     0.453     7.304
450 3NOX_03_bbn                              0.333     0.757    -0.424   -56.075
451 3NOX_04_bbn                             -2.217    -1.971    -0.246   -12.470
452 3NOX_05_bbn                              1.334     1.333     0.001     0.055
453 3NOX_06_bbn                             -1.547    -1.433    -0.114    -7.974
454 3NOX_07_arg                             47.313    45.802     1.511     3.299
455 3NOX_08_glu                           -108.450  -111.564     3.114     2.791
456 3NOX_09_glu                           -123.707  -122.376    -1.331    -1.087
457 3NOX_10_tyr                             -4.560    -4.538    -0.022    -0.484
458 3NOX_11_trp                             -0.650    -0.699     0.049     6.942
459 3NOX_12_ser                             -5.921    -6.327     0.406     6.422
460 3NOX_13_tyr                             -2.301    -2.286    -0.015    -0.637
461 3NOX_14_val                             -1.626    -0.341    -1.285  -376.893
462 3NOX_15_trp                             -1.772    -2.227     0.455    20.425
463 3NOX_16_tyr                            -15.403   -16.022     0.619     3.861
464 3NOX_17_asp                            -66.557   -62.357    -4.200    -6.735
465 3NOX_18_tyr                             -7.569    -8.583     1.014    11.809
466 3NOX_19_asn                             -5.546    -4.442    -1.104   -24.861
467 3NOX_20_val                             -2.858    -1.718    -1.140   -66.348
468 3NOX_21_hid                             -7.889    -8.313     0.424     5.100
469 3PE2_01_bbn                             -2.832    -3.063     0.231     7.539
470 3PE2_02_bbn                             -0.015    -0.120     0.105    87.346
471 3PE2_03_bbn                             -1.309    -1.582     0.273    17.231
472 3PE2_04_bbn                             -0.535    -1.140     0.605    53.075
473 3PE2_05_bbn                             -1.287    -2.152     0.865    40.175
474 3PE2_06_bbn                             -1.527    -2.152     0.625    29.034
475 3PE2_07_bbn                             -0.507    -1.632     1.125    68.931
476 3PE2_08_bbn                             -8.911    -8.648    -0.263    -3.043
477 3PE2_09_bbn                              1.599     0.102     1.497  1467.702
478 3PE2_10_bbn                             -1.194    -1.706     0.512    30.000
479 3PE2_11_bbn                             -2.408    -3.556     1.148    32.284
480 3PE2_12_bbn                            -18.692   -18.392    -0.300    -1.632
481 3PE2_13_bbn                             -6.046    -6.612     0.566     8.560
482 3PE2_14_leu                             -2.973    -3.361     0.388    11.557
483 3PE2_15_arg                            -20.850   -22.648     1.798     7.937
484 3PE2_16_val                             -4.266    -5.128     0.862    16.810
485 3PE2_17_val                             -3.068    -3.574     0.506    14.164
486 3PE2_18_lys                            -96.505  -101.837     5.332     5.236
487 3PE2_19_ile                             -3.150    -3.154     0.004     0.136
488 3PE2_20_phe                             -1.748    -2.992     1.244    41.585
489 3PE2_21_hid                             -1.245    -1.757     0.512    29.158
490 3PE2_22_val                             -0.952    -1.155     0.203    17.594
491 3PE2_23_asn                             -0.315    -0.799     0.484    60.561
492 3PE2_24_hid                             -2.553    -2.844     0.291    10.225
493 3PE2_25_met                             -3.152    -4.093     0.941    22.988
494 3PE2_26_ile                             -4.969    -5.304     0.335     6.313
495 3PE2_27_asp                             58.666    57.516     1.150     1.999
496 3PE2_28_trp                             -3.148    -4.656     1.508    32.399
497 4GID_01_bbn                             -2.047    -2.050     0.003     0.161
498 4GID_02_bbn                              0.682     1.595    -0.913   -57.271
499 4GID_03_bbn                             -2.516    -1.725    -0.791   -45.845
500 4GID_04_bbn                             -6.114    -5.236    -0.878   -16.776
501 4GID_05_bbn                              0.265     0.112     0.153   137.034
502 4GID_06_bbn                              3.017     2.493     0.524    21.036
503 4GID_07_bbn                            -14.856   -14.417    -0.439    -3.044
504 4GID_08_bbn                             -0.205    -0.097    -0.108  -111.683
505 4GID_09_pro                             -1.579    -1.047    -0.532   -50.770
506 4GID_10_bbn                             -3.627    -4.144     0.517    12.479
507 4GID_11_bbn                             -1.760    -2.179     0.419    19.237
508 4GID_12_bbn                             -3.218    -2.931    -0.287    -9.802
509 4GID_13_bbn                             -4.149    -5.824     1.675    28.763
510 4GID_14_bbn                             -1.954    -2.012     0.058     2.871
511 4GID_15_bbn                             -2.054    -1.966    -0.088    -4.492
512 4GID_16_bbn                             -4.265    -4.380     0.115     2.628
513 4GID_17_bbn                              0.700     0.779    -0.079   -10.083
514 4GID_18_bbn                             -3.506    -3.432    -0.074    -2.149
515 4GID_19_bbn                             -1.811    -1.652    -0.159    -9.614
516 4GID_20_bbn                              0.389    -0.379     0.768   202.678
517 4GID_21_bbn                            -17.762   -18.166     0.404     2.224
518 4GID_22_bbn                             -6.669    -6.907     0.238     3.442
519 4GID_23_bbn                             -6.683    -5.857    -0.826   -14.096
520 4GID_24_bbn                              0.629     0.454     0.175    38.565
521 4GID_25_ser                              0.198     0.291    -0.093   -31.867
522 4GID_26_gln                             -1.755    -1.744    -0.011    -0.640
523 4GID_27_tyr                             -0.167    -0.498     0.331    66.479
524 4GID_28_leu                             -2.871    -2.591    -0.280   -10.817
525 4GID_29_asp                            -81.466   -79.976    -1.490    -1.863
526 4GID_30_ser                              1.121     0.726     0.395    54.447
527 4GID_31_val                             -1.322    -0.830    -0.492   -59.289
528 4GID_32_tyr                             -6.825    -8.307     1.482    17.841
529 4GID_33_thr                             -0.421    -1.485     1.064    71.661
530 4GID_34_gln                             -2.201    -2.954     0.753    25.489
531 4GID_35_phe                             -2.791    -2.732    -0.059    -2.155
532 4GID_36_ile                             -2.050    -1.625    -0.425   -26.157
533 4GID_37_trp                             -2.731    -3.718     0.987    26.534
534 4GID_38_ile                             -2.313    -1.892    -0.421   -22.277
535 4GID_39_ile                             -1.830    -1.303    -0.527   -40.421
536 4GID_40_arg                             28.021    28.317    -0.296    -1.046
537 4GID_41_tyr                             -3.533    -4.078     0.545    13.353
538 4GID_42_ile                             -1.545    -1.315    -0.230   -17.459
539 4GID_43_asp                           -114.719  -114.321    -0.398    -0.348
540 4GID_44_thr                             -7.434    -6.629    -0.805   -12.139
541 4GID_45_thr                             -4.025    -4.836     0.811    16.774
542 4GID_46_asn                             -5.972    -5.295    -0.677   -12.784
543 4GID_47_arg                             28.866    27.645     1.221     4.416
544 4GID_48_lys                             24.019    23.587     0.432     1.830
545 4GID_49_ser                              0.190     0.084     0.106   126.146
546 4GID_50_val                             -1.597    -1.455    -0.142    -9.763
547 4GID_51_ala                             -0.810    -0.385    -0.425  -110.472
==========================================================================================
RMSE                0.928   kcal/mol
MUE                 0.621   kcal/mol
------------------------------------------------------------------------------------------
MSE                 0.132   kcal/mol
min                -4.200   kcal/mol
max                 5.332   kcal/mol
range               9.532   kcal/mol
min abs             0.000   kcal/mol
max abs             5.332   kcal/mol
==========================================================================================
RMSE             1940.432   %
MUE               155.451   %
MSE               115.879   %
min              -776.528   %
max             42989.271   %
range           43765.798   %
min abs             0.015   %
max abs         42989.271   %
------------------------------------------------------------------------------------------
RMSE/|avg|         11.462   %
MUE/|avg|           7.665   %
==========================================================================================
Statistics for groups:
neutral-neutral(225)RMSE      0.569   MSE      -0.010   kcal/mol
charged-neutral(280)RMSE      0.933   MSE       0.153   kcal/mol
charged-charged(42) RMSE      1.918   MSE       0.761   kcal/mol
--------------------------------------------------------------------------------
neutral-neutralRMSE/|avg|     25.17 %
charged-neutralRMSE/|avg|     21.88 %
charged-chargedRMSE/|avg|     2.95 %
==========================================================================================

