WARNING: Interface orbital is under development and should be used with care:
         Only basic functionality, no error checks
        _______  
       /\______\ 
      / /      / 
     / / Cuby /   Dataset calculation
     \/______/   
                 
==========================================================================================
name                                             E      Eref     error  error(%)
------------------------------------------------------------------------------------------
01 Water ... Water                          -4.971    -5.011     0.040     0.792
02 Water ... MeOH                           -5.529    -5.701     0.172     3.023
03 Water ... MeNH2                          -6.998    -7.036     0.038     0.539
04 Water ... Peptide                        -8.062    -8.220     0.158     1.920
05 MeOH ... MeOH                            -5.686    -5.851     0.165     2.815
06 MeOH ... MeNH2                           -7.589    -7.666     0.077     1.001
07 MeOH ... Peptide                         -8.293    -8.337     0.044     0.528
08 MeOH ... Water                           -5.050    -5.087     0.037     0.725
09 MeNH2 ... MeOH                           -2.990    -3.113     0.123     3.966
10 MeNH2 ... MeNH2                          -4.144    -4.223     0.079     1.878
11 MeNH2 ... Peptide                        -5.551    -5.480    -0.071    -1.299
12 MeNH2 ... Water                          -7.280    -7.402     0.122     1.653
13 Peptide ... MeOH                         -6.058    -6.282     0.224     3.567
14 Peptide ... MeNH2                        -7.420    -7.561     0.141     1.860
15 Peptide ... Peptide                      -8.580    -8.721     0.141     1.615
16 Peptide ... Water                        -5.056    -5.199     0.143     2.755
17 Uracil ... Uracil (BP)                  -17.115   -17.448     0.333     1.907
18 Water ... Pyridine                       -6.733    -6.975     0.242     3.462
19 MeOH ... Pyridine                        -7.375    -7.510     0.135     1.793
20 AcOH ... AcOH                           -19.649   -19.415    -0.234    -1.204
21 AcNH2 ... AcNH2                         -16.169   -16.525     0.356     2.152
22 AcOH ... Uracil                         -19.570   -19.783     0.213     1.077
23 AcNH2 ... Uracil                        -19.131   -19.467     0.336     1.727
24 Benzene ... Benzene (pi-pi)              -3.063    -2.724    -0.339   -12.435
25 Pyridine ... Pyridine (pi-pi)            -3.941    -3.801    -0.140    -3.684
26 Uracil ... Uracil (pi-pi)               -10.404    -9.752    -0.652    -6.689
27 Benzene ... Pyridine (pi-pi)             -3.626    -3.342    -0.284    -8.490
28 Benzene ... Uracil (pi-pi)               -5.957    -5.593    -0.364    -6.500
29 Pyridine ... Uracil (pi-pi)              -6.970    -6.701    -0.269    -4.014
30 Benzene ... Ethene                       -1.616    -1.364    -0.252   -18.461
31 Uracil ... Ethene                        -3.508    -3.329    -0.179    -5.362
32 Uracil ... Ethyne                        -3.918    -3.693    -0.225    -6.106
33 Pyridine ... Ethene                      -1.864    -1.805    -0.059    -3.243
34 Pentane ... Pentane                      -3.997    -3.764    -0.233    -6.199
35 Neopentane ... Pentane                   -2.781    -2.604    -0.177    -6.806
36 Neopentane ... Neopentane                -1.959    -1.764    -0.195   -11.068
37 Cyclopentane ... Neopentane              -2.534    -2.397    -0.137    -5.695
38 Cyclopentane ... Cyclopentane            -3.051    -2.986    -0.065    -2.193
39 Benzene ... Cyclopentane                 -3.806    -3.514    -0.292    -8.307
40 Benzene ... Neopentane                   -3.142    -2.849    -0.293   -10.268
41 Uracil ... Pentane                       -5.033    -4.811    -0.222    -4.619
42 Uracil ... Cyclopentane                  -4.211    -4.091    -0.120    -2.939
43 Uracil ... Neopentane                    -3.885    -3.689    -0.196    -5.305
44 Ethene ... Pentane                       -1.948    -1.993     0.045     2.259
45 Ethyne ... Pentane                       -1.864    -1.715    -0.149    -8.661
46 Peptide ... Pentane                      -4.380    -4.256    -0.124    -2.917
47 Benzene ... Benzene (TS)                 -2.928    -2.828    -0.100    -3.522
48 Pyridine ... Pyridine (TS)               -3.457    -3.506     0.049     1.402
49 Benzene ... Pyridine (TS)                -3.423    -3.293    -0.130    -3.949
50 Benzene ... Ethyne (CH-pi)               -2.905    -2.857    -0.048    -1.683
51 Ethyne ... Ethyne (TS)                   -1.571    -1.539    -0.032    -2.065
52 Benzene ... AcOH (OH-pi)                 -4.954    -4.726    -0.228    -4.833
53 Benzene ... AcNH2 (NH-pi)                -4.391    -4.405     0.014     0.308
54 Benzene ... Water (OH-pi)                -3.451    -3.288    -0.163    -4.964
55 Benzene ... MeOH (OH-pi)                 -4.284    -4.168    -0.116    -2.794
56 Benzene ... MeNH2 (NH-pi)                -3.232    -3.199    -0.033    -1.020
57 Benzene ... Peptide (NH-pi)              -5.484    -5.255    -0.229    -4.351
58 Pyridine ... Pyridine (CH-N)             -3.885    -4.237     0.352     8.315
59 Ethyne ... Water (CH-O)                  -2.871    -2.927     0.056     1.903
60 Ethyne ... AcOH (OH-pi)                  -5.258    -4.966    -0.292    -5.889
61 Pentane ... AcOH                         -2.916    -2.906    -0.010    -0.356
62 Pentane ... AcNH2                        -3.547    -3.528    -0.019    -0.536
63 Benzene ... AcOH                         -3.997    -3.747    -0.250    -6.680
64 Peptide ... Ethene                       -3.040    -3.001    -0.039    -1.307
65 Pyridine ... Ethyne                      -3.975    -4.104     0.129     3.148
66 MeNH2 ... Pyridine                       -3.890    -3.966     0.076     1.908
==========================================================================================
RMSE                0.202   kcal/mol
MUE                 0.167   kcal/mol
------------------------------------------------------------------------------------------
MSE                -0.044   kcal/mol
min                -0.652   kcal/mol
max                 0.356   kcal/mol
range               1.008   kcal/mol
min abs             0.010   kcal/mol
max abs             0.652   kcal/mol
==========================================================================================
RMSE                5.090   %
MUE                 3.885   %
MSE                -2.067   %
min               -18.461   %
max                 8.315   %
range              26.776   %
min abs             0.308   %
max abs            18.461   %
------------------------------------------------------------------------------------------
RMSE/|avg|          3.681   %
MUE/|avg|           3.030   %
==========================================================================================
Statistics for groups:
H-bonds        (23) RMSE      0.183   MSE       0.131   kcal/mol
dispersion     (23) RMSE      0.251   MSE      -0.214   kcal/mol
others         (20) RMSE      0.155   MSE      -0.051   kcal/mol
--------------------------------------------------------------------------------
H-bonds        RMSE/|avg|     2.03 %
dispersion     RMSE/|avg|     7.01 %
others         RMSE/|avg|     4.27 %
==========================================================================================

