WARNING: Interface mlatom is under development and should be used with care:
         Only basic functionality, no error checks
        _______  
       /\______\ 
      / /      / 
     / / Cuby /   Dataset calculation
     \/______/   
                 
==========================================================================================
name                                             E      Eref     error  error(%)
------------------------------------------------------------------------------------------
01 10GS_01_bbn                              -2.291    -2.184    -0.107    -4.910
02 10GS_02_bbn                               0.016    -0.132     0.148   112.142
03 10GS_03_bbn                               0.521     0.428     0.093    21.707
04 10GS_04_bbn                               5.913     4.504     1.409    31.280
05 10GS_05_bbn                             -12.167   -11.437    -0.730    -6.383
06 10GS_06_pro                              -5.887    -6.883     0.996    14.467
07 10GS_07_bbn                              -7.306    -6.112    -1.194   -19.528
08 10GS_08_bbn                             -16.949   -14.282    -2.667   -18.675
09 10GS_09_bbn                              -3.360    -4.063     0.703    17.294
10 10GS_10_bbn                              -4.280    -3.957    -0.323    -8.171
11 10GS_11_bbn                              -0.264    -0.762     0.498    65.347
12 10GS_12_tyr                              -7.956    -7.821    -0.135    -1.725
13 10GS_13_phe                              -5.553    -5.857     0.304     5.196
14 10GS_14_val                              -1.581    -1.308    -0.273   -20.852
15 10GS_15_arg                             -57.314   -53.819    -3.495    -6.494
16 10GS_16_val                              -0.563    -0.618     0.055     8.898
17 10GS_17_trp                             -18.931   -19.558     0.627     3.205
18 10GS_18_lys                             -82.385   -89.344     6.959     7.789
19 10GS_19_gln                             -30.431   -32.038     1.607     5.015
20 10GS_20_leu                              -0.594    -1.287     0.693    53.827
21 10GS_21_gln                             -10.822   -10.897     0.075     0.684
22 10GS_22_ser                             -12.943   -11.270    -1.673   -14.844
23 10GS_23_tyr                              -2.252    -1.617    -0.635   -39.258
24 10GS_24_asp                              19.203    19.608    -0.405    -2.065
25 10GS_25_asp                             -13.371   -14.741     1.370     9.291
26 2CET_01_bbn                               0.403     0.231     0.172    74.667
27 2CET_02_bbn                              -0.755    -0.814     0.059     7.294
28 2CET_03_ala                              -0.303    -0.260    -0.043   -16.627
29 2CET_04_gln                              -9.544    -9.867     0.323     3.275
30 2CET_05_arg                              34.489    34.922    -0.433    -1.241
31 2CET_06_hie                              -3.318    -1.059    -2.259  -213.271
32 2CET_07_trp                              -4.983    -5.045     0.062     1.223
33 2CET_08_asn                              -3.319    -2.421    -0.898   -37.105
34 2CET_09_glu                            -102.760  -103.150     0.390     0.378
35 2CET_10_val                              -1.478    -2.021     0.543    26.847
36 2CET_11_val                              -0.558    -0.645     0.087    13.508
37 2CET_12_hie                               0.287    -0.152     0.439   288.736
38 2CET_13_asn                              -0.261    -0.471     0.210    44.691
39 2CET_14_asn                               3.978     3.300     0.678    20.556
40 2CET_15_tyr                              -6.635    -6.712     0.077     1.144
41 2CET_16_met                              -0.473    -0.626     0.153    24.429
42 2CET_17_trp                              -4.379    -4.775     0.396     8.295
43 2CET_18_glu                             -93.420   -92.916    -0.504    -0.543
44 2CET_19_trp                              -8.664    -9.608     0.944     9.825
45 2CET_20_asn                               0.075     0.300    -0.225   -74.849
46 2CET_21_glu                            -108.437  -110.346     1.909     1.730
47 2CET_22_trp                              -5.158    -2.321    -2.837  -122.249
48 2CET_23_phe                              -4.491    -5.529     1.038    18.780
49 2FVD_01_bbn                              -1.469    -1.071    -0.398   -37.134
50 2FVD_02_bbn                              -1.290    -0.993    -0.297   -29.886
51 2FVD_03_bbn                              -1.155    -0.802    -0.353   -44.020
52 2FVD_04_bbn                              -0.477    -0.422    -0.055   -13.034
53 2FVD_05_bbn                              -5.481    -5.863     0.382     6.521
54 2FVD_06_bbn                              -3.957    -3.338    -0.619   -18.545
55 2FVD_07_bbn                              -8.654    -8.131    -0.523    -6.428
56 2FVD_08_bbn                              -2.903    -2.300    -0.603   -26.235
57 2FVD_09_bbn                              -8.869    -7.877    -0.992   -12.598
58 2FVD_10_bbn                               2.164     1.604     0.560    34.902
59 2FVD_11_bbn                              -1.935    -1.444    -0.491   -33.973
60 2FVD_12_bbn                               0.299     0.235     0.064    27.083
61 2FVD_13_bbn                              -3.644    -3.477    -0.167    -4.802
62 2FVD_14_bbn                               0.190     0.073     0.117   160.622
63 2FVD_15_bbn                              -0.402    -0.301    -0.101   -33.578
64 2FVD_16_bbn                              -3.062    -3.018    -0.044    -1.463
65 2FVD_17_ile                              -4.154    -3.780    -0.374    -9.902
66 2FVD_18_val                              -3.033    -2.692    -0.341   -12.674
67 2FVD_19_ala                              -2.282    -1.773    -0.509   -28.704
68 2FVD_20_lys                              -4.672    -5.495     0.823    14.972
69 2FVD_21_val                              -1.081    -1.148     0.067     5.815
70 2FVD_22_phe                              -1.740    -2.355     0.615    26.100
71 2FVD_23_glu                              -8.652    -1.405    -7.247  -515.833
72 2FVD_24_phe                              -3.761    -3.086    -0.675   -21.884
73 2FVD_25_leu                              -1.783    -1.099    -0.684   -62.261
74 2FVD_26_hie                              -0.589    -0.527    -0.062   -11.717
75 2FVD_27_gln                              -4.791    -3.566    -1.225   -34.347
76 2FVD_28_asp                             -14.068    -9.816    -4.252   -43.321
77 2FVD_29_lys                             -17.870   -18.966     1.096     5.778
78 2FVD_30_asn                              -5.388    -4.527    -0.861   -19.028
79 2FVD_31_leu                              -4.918    -4.344    -0.574   -13.207
80 2FVD_32_ala                              -1.561    -1.161    -0.400   -34.471
81 2FVD_33_asp                             -11.004    -9.472    -1.532   -16.171
82 2OBF_01_bbn                              -0.589    -0.518    -0.071   -13.615
83 2OBF_02_bbn                              -6.975    -7.805     0.830    10.629
84 2OBF_03_bbn                               0.905     0.825     0.080     9.707
85 2OBF_04_bbn                              -2.799    -3.767     0.968    25.698
86 2OBF_05_bbn                              -0.350    -0.402     0.052    12.849
87 2OBF_06_bbn                              -0.906    -0.817    -0.089   -10.913
88 2OBF_07_pro                              -1.233    -1.039    -0.194   -18.675
89 2OBF_08_bbn                               0.313     0.362    -0.049   -13.440
90 2OBF_09_bbn                              -0.181    -0.473     0.292    61.729
91 2OBF_10_bbn                              -5.322    -5.683     0.361     6.347
92 2OBF_11_bbn                               0.706     0.668     0.038     5.641
93 2OBF_12_bbn                               2.437     1.836     0.601    32.753
94 2OBF_13_bbn                              -2.831    -2.971     0.140     4.697
95 2OBF_14_tyr                              -7.510    -6.909    -0.601    -8.705
96 2OBF_15_asn                              -7.550    -7.005    -0.545    -7.785
97 2OBF_16_tyr                              -6.248    -5.912    -0.336    -5.682
98 2OBF_17_arg                              39.915    41.108    -1.193    -2.903
99 2OBF_18_leu                              -0.423    -0.537     0.114    21.226
100 2OBF_19_val                             -3.482    -2.422    -1.060   -43.786
101 2OBF_20_ala                             -0.736    -0.973     0.237    24.328
102 2OBF_21_leu                             -2.709    -1.240    -1.469  -118.472
103 2OBF_22_tyr                             -4.042    -3.891    -0.151    -3.886
104 2OBF_23_tyr                             -2.903    -2.925     0.022     0.744
105 2OBF_24_phe                             -7.560    -9.337     1.777    19.034
106 2OBF_25_ala                             -0.870    -0.605    -0.265   -43.755
107 2OBF_26_ala                             -1.828    -1.585    -0.243   -15.318
108 2OBF_27_glu                           -135.073  -135.109     0.036     0.027
109 2OBF_28_tyr                             -7.515    -8.661     1.146    13.233
110 2OBF_29_val                             -0.716    -0.943     0.227    24.103
111 2OBF_30_met                              0.290    -0.341     0.631   185.029
112 2OBF_31_asp                            -80.820   -82.912     2.092     2.523
113 2OBF_32_val                             -2.134    -1.915    -0.219   -11.443
114 2OBF_33_val                             -1.784    -1.506    -0.278   -18.480
115 2P4Y_01_bbn                              0.564     0.633    -0.069   -10.874
116 2P4Y_02_bbn                             -3.129    -3.158     0.029     0.923
117 2P4Y_03_bbn                             -1.555    -1.621     0.066     4.089
118 2P4Y_04_bbn                              0.040    -0.504     0.544   107.990
119 2P4Y_05_bbn                             -2.603    -3.285     0.682    20.762
120 2P4Y_06_bbn                             -0.943    -1.259     0.316    25.114
121 2P4Y_07_bbn                             -2.720    -1.965    -0.755   -38.418
122 2P4Y_08_bbn                             -1.385    -1.945     0.560    28.805
123 2P4Y_09_bbn                             -0.959    -0.814    -0.145   -17.761
124 2P4Y_10_bbn                             -0.150    -1.060     0.910    85.811
125 2P4Y_11_bbn                             -1.930    -1.549    -0.381   -24.584
126 2P4Y_12_bbn                             -1.819    -1.648    -0.171   -10.361
127 2P4Y_13_bbn                              0.328     0.388    -0.060   -15.547
128 2P4Y_14_bbn                             -6.442    -7.223     0.781    10.808
129 2P4Y_15_bbn                            -23.803   -22.002    -1.801    -8.184
130 2P4Y_16_bbn                             -5.163    -6.373     1.210    18.980
131 2P4Y_17_phe                             -0.726    -0.118    -0.608  -515.358
132 2P4Y_18_ile                             -0.714    -0.958     0.244    25.477
133 2P4Y_19_cys                             -4.994    -5.376     0.382     7.110
134 2P4Y_20_phe                             -1.116    -1.502     0.386    25.670
135 2P4Y_21_arg                            -68.293   -70.559     2.266     3.212
136 2P4Y_22_ser                             -1.872    -1.952     0.080     4.074
137 2P4Y_23_ala                             -2.489    -2.010    -0.479   -23.823
138 2P4Y_24_glu                             21.624    19.435     2.189    11.262
139 2P4Y_25_ile                             -1.451    -1.935     0.484    25.013
140 2P4Y_26_ile                             -1.960    -2.787     0.827    29.671
141 2P4Y_27_tyr                             -1.390    -1.841     0.451    24.471
142 2P4Y_28_met                             -3.535    -2.641    -0.894   -33.867
143 2P4Y_29_leu                             -4.285    -4.607     0.322     6.983
144 2P4Y_30_leu                             -3.053    -2.673    -0.380   -14.203
145 2P4Y_31_val                             -2.908    -1.593    -1.315   -82.524
146 2P4Y_32_ile                             -7.497    -7.524     0.027     0.365
147 2P4Y_33_ser                             -2.547    -3.787     1.240    32.749
148 2P4Y_34_met                             -2.558    -2.077    -0.481   -23.159
149 2P4Y_35_leu                             -2.889    -1.370    -1.519  -110.895
150 2P4Y_36_phe                             -0.634    -1.510     0.876    58.042
151 2P4Y_37_met                             -3.390    -3.066    -0.324   -10.578
152 2P4Y_38_lys                            -28.522   -28.948     0.426     1.470
153 2P4Y_39_hie                             -0.885    -1.154     0.269    23.274
154 2VOT_01_bbn                              2.477     2.471     0.006     0.236
155 2VOT_02_bbn                              1.071     0.834     0.237    28.378
156 2VOT_03_bbn                              1.678     1.814    -0.136    -7.500
157 2VOT_04_trp                             -4.516    -1.855    -2.661  -143.459
158 2VOT_05_asp                           -105.439  -108.715     3.276     3.014
159 2VOT_06_trp                             -2.543    -0.130    -2.413 -1855.796
160 2VOT_07_arg                             40.407    41.149    -0.742    -1.803
161 2VOT_08_trp                             -2.589    -1.687    -0.902   -53.454
162 2VOT_09_cys                             -1.867    -1.784    -0.083    -4.662
163 2VOT_10_asn                             -4.214    -3.554    -0.660   -18.578
164 2VOT_11_glu                           -109.420  -109.350    -0.070    -0.064
165 2VOT_12_glu                            -57.510   -45.354   -12.156   -26.802
166 2VOT_13_trp                             -1.574    -0.448    -1.126  -251.388
167 2VOT_14_trp                             -0.045     0.355    -0.400  -112.803
168 2VOT_15_hip                             51.855    52.496    -0.641    -1.220
169 2VOT_16_trp                             -8.095    -7.689    -0.406    -5.286
170 2VOT_17_tyr                             -4.895    -4.084    -0.811   -19.863
171 2VOT_18_glu                           -111.381  -111.797     0.416     0.372
172 2VOT_19_ser                              0.706     0.657     0.049     7.426
173 2VOT_20_ser                             -1.077    -1.306     0.229    17.552
174 2VOT_21_trp                            -12.005   -14.338     2.333    16.271
175 2VOT_22_trp                             -5.826    -7.156     1.330    18.584
176 2VW5_01_bbn                             -2.051    -1.602    -0.449   -28.055
177 2VW5_02_bbn                             -1.518    -2.012     0.494    24.533
178 2VW5_03_bbn                             -0.307    -0.165    -0.142   -86.202
179 2VW5_04_bbn                             -0.542    -0.347    -0.195   -56.194
180 2VW5_05_bbn                             -1.646    -1.513    -0.133    -8.766
181 2VW5_06_bbn                              0.308     0.010     0.298  2982.068
182 2VW5_07_bbn                             -0.166    -0.062    -0.104  -168.003
183 2VW5_08_bbn                             -0.366    -0.306    -0.060   -19.488
184 2VW5_09_bbn                             -1.681    -1.959     0.278    14.192
185 2VW5_10_bbn                             -1.188    -0.747    -0.441   -58.981
186 2VW5_11_bbn                             -4.282    -3.942    -0.340    -8.627
187 2VW5_12_bbn                             -0.665     0.092    -0.757  -822.838
188 2VW5_13_bbn                             -8.712    -7.609    -1.103   -14.493
189 2VW5_14_bbn                             -2.781    -2.653    -0.128    -4.833
190 2VW5_15_bbn                             -0.131     0.119    -0.250  -210.260
191 2VW5_16_asn                             -6.329    -6.153    -0.176    -2.865
192 2VW5_17_ala                             -0.616    -0.437    -0.179   -40.945
193 2VW5_18_asp                            -22.964   -27.702     4.738    17.103
194 2VW5_19_ala                             -2.085    -1.574    -0.511   -32.477
195 2VW5_20_lys                            -17.433   -16.841    -0.592    -3.518
196 2VW5_21_asp                            -19.216   -20.676     1.460     7.061
197 2VW5_22_ile                             -1.349    -0.966    -0.383   -39.607
198 2VW5_23_met                             -6.186    -5.847    -0.339    -5.805
199 2VW5_24_glu                             -6.641    -6.855     0.214     3.115
200 2VW5_25_asn                             -2.261    -1.838    -0.423   -23.002
201 2VW5_26_leu                             -2.082    -1.397    -0.685   -49.055
202 2VW5_28_val                             -0.758    -0.688    -0.070   -10.214
203 2VW5_29_phe                             -4.220    -3.685    -0.535   -14.521
204 2VW5_30_tyr                             -0.873    -1.319     0.446    33.776
205 2VW5_31_val                             -0.429    -0.469     0.040     8.479
206 2VW5_32_thr                             -5.221    -4.575    -0.646   -14.110
207 2VW5_33_leu                             -1.342    -0.905    -0.437   -48.278
208 2XB8_01_bbn                              4.252     2.947     1.305    44.288
209 2XB8_02_bbn                             -3.406    -3.648     0.242     6.634
210 2XB8_03_bbn                             -2.326    -2.281    -0.045    -1.985
211 2XB8_04_bbn                             -3.295    -3.228    -0.067    -2.065
212 2XB8_05_bbn                             -1.916    -1.707    -0.209   -12.239
213 2XB8_06_bbn                              2.181     1.795     0.386    21.523
214 2XB8_07_bbn                              1.014     0.743     0.271    36.537
215 2XB8_08_bbn                             -8.838    -8.427    -0.411    -4.880
216 2XB8_09_bbn                             -4.335    -4.519     0.184     4.078
217 2XB8_10_bbn                             -1.700    -1.881     0.181     9.633
218 2XB8_11_bbn                             -3.442    -3.191    -0.251    -7.881
219 2XB8_12_bbn                            -19.698   -18.509    -1.189    -6.422
220 2XB8_13_bbn                            -19.473   -18.726    -0.747    -3.990
221 2XB8_14_bbn                              4.361     3.105     1.256    40.455
222 2XB8_15_bbn                             -1.314    -1.108    -0.206   -18.555
223 2XB8_16_asn                              1.720     0.457     1.263   276.401
224 2XB8_17_leu                             -4.091    -4.157     0.066     1.590
225 2XB8_18_arg                            -31.262   -24.340    -6.922   -28.440
226 2XB8_19_leu                             -0.566    -0.451    -0.115   -25.473
227 2XB8_20_arg                            -29.820   -19.929    -9.891   -49.633
228 2XB8_21_tyr                             -8.198    -7.905    -0.293    -3.709
229 2XB8_22_asn                             -8.673    -9.067     0.394     4.344
230 2XB8_23_thr                             -1.168    -1.159    -0.009    -0.749
231 2XB8_24_hid                             -3.101    -4.787     1.686    35.228
232 2XB8_25_hie                              2.478     3.033    -0.555   -18.303
233 2XB8_26_ile                             -2.455    -3.670     1.215    33.097
234 2XB8_27_ser                            -13.192   -13.012    -0.180    -1.382
235 2XB8_28_val                             -1.430    -1.439     0.009     0.657
236 2XB8_29_arg                            -50.510   -51.470     0.960     1.865
237 2XB8_30_arg                            -56.716   -58.856     2.140     3.635
238 2XB8_31_val                             -0.759    -0.697    -0.062    -8.949
239 2XB8_32_asp                             28.181    28.727    -0.546    -1.901
240 2XB8_33_glu                             23.059    22.273     0.786     3.530
241 2YKI_01_bbn                              0.243     0.150     0.093    62.147
242 2YKI_02_bbn                             -0.539    -0.223    -0.316  -141.783
243 2YKI_03_bbn                             -1.092    -0.885    -0.207   -23.439
244 2YKI_04_bbn                             -0.566    -0.501    -0.065   -12.900
245 2YKI_05_bbn                             -1.201    -1.095    -0.106    -9.640
246 2YKI_06_bbn                             -0.325    -0.852     0.527    61.806
247 2YKI_07_bbn                             -1.260    -1.001    -0.259   -25.892
248 2YKI_08_bbn                             -8.978   -10.123     1.145    11.309
249 2YKI_09_bbn                              0.878    -0.006     0.884 14731.107
250 2YKI_10_bbn                             -1.175    -1.105    -0.070    -6.332
251 2YKI_11_bbn                             -3.718    -4.313     0.595    13.806
252 2YKI_12_bbn                             -0.374    -1.057     0.683    64.642
253 2YKI_13_bbn                             -0.180    -0.391     0.211    53.933
254 2YKI_14_bbn                             -1.740    -1.846     0.106     5.718
255 2YKI_15_bbn                             -0.217    -0.336     0.119    35.404
256 2YKI_16_bbn                             -0.283    -0.240    -0.043   -18.037
257 2YKI_17_bbn                             -3.055    -2.670    -0.385   -14.407
258 2YKI_18_bbn                             -1.874    -1.851    -0.023    -1.267
259 2YKI_19_bbn                              0.152     0.096     0.056    58.147
260 2YKI_20_bbn                              0.227     0.160     0.067    41.716
261 2YKI_21_bbn                             -0.400    -0.036    -0.364 -1011.222
262 2YKI_22_phe                             -2.044    -2.016    -0.028    -1.373
263 2YKI_23_gln                             -0.824    -0.677    -0.147   -21.736
264 2YKI_24_ile                             -1.167    -1.114    -0.053    -4.731
265 2YKI_25_leu                             -0.214    -0.415     0.201    48.482
266 2YKI_26_asn                             -8.850    -7.324    -1.526   -20.829
267 2YKI_27_ser                             -0.359     0.118    -0.477  -404.115
268 2YKI_28_ala                             -0.489    -0.284    -0.205   -72.248
269 2YKI_29_asp                            -26.689   -25.837    -0.852    -3.296
270 2YKI_30_ile                             -0.248    -0.373     0.125    33.443
271 2YKI_31_met                             -7.546    -7.012    -0.534    -7.610
272 2YKI_32_leu                             -1.921    -1.697    -0.224   -13.226
273 2YKI_33_ile                             -0.228    -0.356     0.128    35.910
274 2YKI_34_leu                             -7.840    -5.688    -2.152   -37.827
275 2YKI_35_ile                             -0.945    -1.195     0.250    20.942
276 2YKI_36_ala                             -1.337    -1.598     0.261    16.347
277 2YKI_37_val                             -0.671    -0.790     0.119    15.075
278 2YKI_38_phe                             -9.254    -8.399    -0.855   -10.184
279 2YKI_40_val                             -1.965    -1.733    -0.232   -13.367
280 2YKI_41_trp                             -6.067    -6.213     0.146     2.349
281 2YKI_42_phe                             -2.219    -2.736     0.517    18.887
282 2YKI_43_thr                             -4.295    -3.713    -0.582   -15.665
283 2YKI_44_val                             -0.373    -0.972     0.599    61.658
284 2ZX6_01_bbn                              2.304     2.718    -0.414   -15.243
285 2ZX6_02_bbn                              0.353    -0.331     0.684   206.682
286 2ZX6_03_bbn                              0.208    -0.366     0.574   156.893
287 2ZX6_04_bbn                              2.064     1.694     0.370    21.812
288 2ZX6_05_phe                             -2.385    -2.454     0.069     2.793
289 2ZX6_06_hid                            -18.539   -21.607     3.068    14.198
290 2ZX6_07_leu                             -1.359    -1.413     0.054     3.834
291 2ZX6_08_tyr                             -3.611    -3.321    -0.290    -8.744
292 2ZX6_09_glu                            -78.588   -80.174     1.586     1.978
293 2ZX6_10_trp                             -2.220    -1.055    -1.165  -110.399
294 2ZX6_11_hie                             -2.474    -1.054    -1.420  -134.769
295 2ZX6_12_hid                            -15.863   -18.071     2.208    12.216
296 2ZX6_13_tyr                             -0.318    -0.065    -0.253  -389.563
297 2ZX6_14_leu                             -0.263    -0.230    -0.033   -14.549
298 2ZX6_15_trp                             -4.133    -3.758    -0.375    -9.987
299 2ZX6_16_asp                           -109.266  -110.036     0.770     0.700
300 2ZX6_17_met                             -4.599    -4.204    -0.395    -9.390
301 2ZX6_18_arg                             55.636    55.564     0.072     0.129
302 2ZX6_19_glu                           -114.026  -111.740    -2.286    -2.046
303 2ZX6_20_val                             -1.053    -1.102     0.049     4.431
304 2ZX6_21_asn                             -5.623    -5.871     0.248     4.223
305 2ZX6_22_thr                             -2.839    -2.562    -0.277   -10.815
306 2ZX6_23_phe                             -7.048    -8.275     1.227    14.831
307 3G0W_01_bbn                              0.366    -0.280     0.646   230.726
308 3G0W_02_bbn                             -2.320    -3.220     0.900    27.945
309 3G0W_03_bbn                              0.416     0.001     0.415 41540.872
310 3G0W_04_bbn                              0.223    -0.022     0.245  1115.264
311 3G0W_05_bbn                             -0.409    -0.757     0.348    45.943
312 3G0W_06_bbn                              0.445     0.348     0.097    27.920
313 3G0W_07_bbn                             -1.030    -0.797    -0.233   -29.231
314 3G0W_08_bbn                             -7.145    -0.335    -6.810 -2032.923
315 3G0W_09_bbn                             -1.367    -1.026    -0.341   -33.214
316 3G0W_10_bbn                             -0.152     1.077    -1.229  -114.084
317 3G0W_11_bbn                              2.336     2.491    -0.155    -6.241
318 3G0W_12_bbn                             -0.498    -0.473    -0.025    -5.362
319 3G0W_13_bbn                             -1.724    -1.851     0.127     6.850
320 3G0W_14_bbn                             -0.943    -0.879    -0.064    -7.325
321 3G0W_15_bbn                              0.009    -0.077     0.086   111.670
322 3G0W_16_leu                             -2.123    -1.582    -0.541   -34.185
323 3G0W_17_leu                             -3.929    -4.177     0.248     5.933
324 3G0W_18_asn                            -14.973   -15.230     0.257     1.688
325 3G0W_19_leu                             -2.273    -2.527     0.254    10.048
326 3G0W_20_gln                              0.551     0.770    -0.219   -28.452
327 3G0W_21_trp                             -0.614    -1.224     0.610    49.851
328 3G0W_22_met                             -2.729    -2.943     0.214     7.262
329 3G0W_23_met                             -5.274    -6.038     0.764    12.660
330 3G0W_24_val                             -1.494    -2.021     0.527    26.078
331 3G0W_25_met                            -54.227    -2.591   -51.636 -1992.883
332 3G0W_26_arg                            -17.831   -18.754     0.923     4.924
333 3G0W_27_phe                             -4.658    -3.633    -1.025   -28.227
334 3G0W_28_met                             -2.254    -2.138    -0.116    -5.438
335 3G0W_29_met                             -0.765    -0.973     0.208    21.373
336 3G0W_30_leu                             -2.442    -1.954    -0.488   -24.988
337 3G0W_31_phe                             -0.658    -0.746     0.088    11.771
338 3G0W_32_thr                             -3.245    -4.362     1.117    25.618
339 3G0W_33_leu                             -1.369    -0.959    -0.410   -42.728
340 3G0W_34_phe                             -2.148    -2.385     0.237     9.927
341 3G0W_35_met                             -0.074    -0.625     0.551    88.148
342 3G0W_36_ile                             -1.159    -0.474    -0.685  -144.415
343 3GCU_01_bbn                             -0.462    -0.282    -0.180   -63.835
344 3GCU_02_bbn                             -2.725    -3.124     0.399    12.786
345 3GCU_03_bbn                             -1.849    -1.441    -0.408   -28.345
346 3GCU_04_bbn                             -0.308    -1.028     0.720    70.045
347 3GCU_05_bbn                             -0.903    -0.689    -0.214   -31.115
348 3GCU_06_bbn                             -0.270    -0.328     0.058    17.635
349 3GCU_07_bbn                             -1.799    -1.867     0.068     3.652
350 3GCU_08_bbn                             -0.035    -0.029    -0.006   -19.527
351 3GCU_09_bbn                             -1.139    -1.389     0.250    18.033
352 3GCU_10_bbn                             -0.510    -0.503    -0.007    -1.423
353 3GCU_11_bbn                             -1.577    -1.166    -0.411   -35.260
354 3GCU_12_bbn                             -0.082    -0.152     0.070    46.187
355 3GCU_13_bbn                             -1.479    -1.220    -0.259   -21.250
356 3GCU_14_bbn                             -1.735    -1.261    -0.474   -37.561
357 3GCU_15_bbn                             -0.681    -0.618    -0.063   -10.264
358 3GCU_16_bbn                             -1.580    -2.654     1.074    40.466
359 3GCU_17_bbn                             -8.485    -8.222    -0.263    -3.195
360 3GCU_18_bbn                             -1.286    -2.033     0.747    36.747
361 3GCU_19_bbn                             -0.377    -0.332    -0.045   -13.412
362 3GCU_20_bbn                             -0.319    -0.237    -0.082   -34.530
363 3GCU_21_bbn                             -0.947    -1.341     0.394    29.354
364 3GCU_22_bbn                             -9.508    -8.470    -1.038   -12.258
365 3GCU_23_bbn                             -3.245    -3.359     0.114     3.386
366 3GCU_24_val                             -2.164    -1.617    -0.547   -33.811
367 3GCU_25_tyr                             -0.317    -0.332     0.015     4.426
368 3GCU_26_val                             -3.718    -2.777    -0.941   -33.893
369 3GCU_27_ala                             -1.160    -1.853     0.693    37.392
370 3GCU_28_lys                              1.552    -1.564     3.116   199.230
371 3GCU_29_arg                              0.322     1.022    -0.700   -68.534
372 3GCU_30_arg                             -1.494    -0.302    -1.192  -394.746
373 3GCU_31_glu                            -40.233   -40.107    -0.126    -0.313
374 3GCU_32_leu                             -2.016    -1.619    -0.397   -24.495
375 3GCU_33_leu                             -4.622    -3.539    -1.083   -30.610
376 3GCU_34_met                             -1.477    -1.363    -0.114    -8.386
377 3GCU_35_val                             -0.856    -0.854    -0.002    -0.187
378 3GCU_36_ile                             -2.819    -3.419     0.600    17.551
379 3GCU_37_leu                             -1.786    -1.666    -0.120    -7.225
380 3GCU_38_thr                             -6.300    -6.012    -0.288    -4.795
381 3GCU_39_leu                             -1.588    -1.675     0.087     5.182
382 3GCU_40_met                             -2.054    -1.631    -0.423   -25.950
383 3GCU_41_ile                             -1.855    -1.316    -0.539   -40.925
384 3GCU_42_ile                             -0.549    -0.576     0.027     4.678
385 3GCU_43_hie                             -2.243    -2.070    -0.173    -8.340
386 3GCU_44_ile                             -0.916    -0.486    -0.430   -88.387
387 3GCU_45_leu                             -4.265    -3.753    -0.512   -13.636
388 3GCU_46_asp                             -7.593    -3.510    -4.083  -116.325
389 3GCU_47_phe                             -4.498    -3.750    -0.748   -19.942
390 3GCU_48_leu                             -0.919    -0.619    -0.300   -48.450
391 3GNW_01_pro                             -1.690    -1.763     0.073     4.163
392 3GNW_02_bbn                             -0.288    -1.277     0.989    77.418
393 3GNW_03_bbn                             -3.285    -3.254    -0.031    -0.942
394 3GNW_04_bbn                             -3.160    -2.857    -0.303   -10.597
395 3GNW_05_bbn                             -0.583    -0.513    -0.070   -13.608
396 3GNW_06_bbn                             -0.043    -0.230     0.187    81.092
397 3GNW_07_bbn                             -1.526    -1.752     0.226    12.905
398 3GNW_08_bbn                             -0.536    -0.221    -0.315  -142.625
399 3GNW_09_bbn                             -0.859    -1.049     0.190    18.156
400 3GNW_10_bbn                             -0.587    -0.798     0.211    26.436
401 3GNW_11_bbn                             -2.456    -2.458     0.002     0.080
402 3GNW_12_bbn                             -1.068    -0.729    -0.339   -46.568
403 3GNW_13_bbn                             -8.346    -7.914    -0.432    -5.460
404 3GNW_14_bbn                             -8.960    -7.893    -1.067   -13.518
405 3GNW_15_bbn                            -10.108    -8.705    -1.403   -16.115
406 3GNW_16_bbn                             -3.068    -2.751    -0.317   -11.539
407 3GNW_17_arg                             -1.506    -1.153    -0.353   -30.631
408 3GNW_18_phe                             -1.627    -1.633     0.006     0.338
409 3GNW_19_arg                             -6.665    -5.693    -0.972   -17.075
410 3GNW_20_asn                             -2.562    -1.994    -0.568   -28.487
411 3GNW_21_asp                             -6.401    -4.875    -1.526   -31.304
412 3GNW_22_cys                             -5.427    -4.152    -1.275   -30.705
413 3GNW_23_ser                             -8.961    -8.521    -0.440    -5.160
414 3GNW_24_ser                             -1.072    -1.549     0.477    30.775
415 3GNW_25_leu                             -2.218    -2.381     0.163     6.864
416 3GNW_26_arg                              4.269     3.776     0.493    13.062
417 3GNW_27_ser                             -0.697    -0.516    -0.181   -35.157
418 3GNW_28_asn                             -1.617    -1.264    -0.353   -27.954
419 3GNW_29_met                             -6.964    -6.025    -0.939   -15.585
420 3GNW_30_tyr                             -5.430    -4.562    -0.868   -19.024
421 3GNW_31_gln                              0.056    -0.305     0.361   118.410
422 3GNW_32_ile                             -0.800    -0.859     0.059     6.814
423 3GNW_33_tyr                             -7.022    -6.613    -0.409    -6.177
424 3GNW_34_hie                             -0.108    -0.146     0.038    25.937
425 3GNW_35_ser                             -5.084    -4.733    -0.351    -7.414
426 3JVS_01_bbn                             -2.731    -1.960    -0.771   -39.358
427 3JVS_02_bbn                            -13.356   -13.696     0.340     2.485
428 3JVS_03_bbn                             -1.058    -1.071     0.013     1.198
429 3JVS_04_bbn                             -1.419    -0.504    -0.915  -181.557
430 3JVS_05_bbn                            -13.216   -12.381    -0.835    -6.745
431 3JVS_06_pro                             -5.136    -4.961    -0.175    -3.536
432 3JVS_07_bbn                              0.492     0.651    -0.159   -24.443
433 3JVS_08_pro                             -2.553    -2.382    -0.171    -7.165
434 3JVS_09_bbn                             -0.758    -0.536    -0.222   -41.449
435 3JVS_10_bbn                             -1.296    -1.080    -0.216   -20.010
436 3JVS_11_bbn                             -0.461    -0.457    -0.004    -0.847
437 3JVS_12_bbn                             -2.896    -2.491    -0.405   -16.245
438 3JVS_13_bbn                             -0.862    -1.033     0.171    16.599
439 3JVS_14_phe                             -6.467    -7.727     1.260    16.302
440 3JVS_15_asp                            -21.854    -7.306   -14.548  -199.123
441 3JVS_16_arg                             -0.136    -0.422     0.286    67.658
442 3JVS_17_ile                             -4.615    -3.698    -0.917   -24.784
443 3JVS_18_glu                            -27.024    -8.054   -18.970  -235.540
444 3JVS_19_tyr                             -1.484    -1.071    -0.413   -38.523
445 3JVS_20_ala                             -0.676    -0.589    -0.087   -14.707
446 3JVS_21_glu                            -22.823    -3.715   -19.108  -514.342
447 3JVS_22_leu                             -2.564    -1.646    -0.918   -55.794
448 3NOX_01_bbn                              1.189     0.798     0.391    49.027
449 3NOX_02_bbn                             -5.016    -6.207     1.191    19.196
450 3NOX_03_bbn                              0.785     0.757     0.028     3.663
451 3NOX_04_bbn                             -1.633    -1.971     0.338    17.169
452 3NOX_05_bbn                              0.889     1.333    -0.444   -33.334
453 3NOX_06_bbn                             -1.337    -1.433     0.096     6.722
454 3NOX_07_arg                             39.101    45.802    -6.701   -14.631
455 3NOX_08_glu                           -108.967  -111.564     2.597     2.328
456 3NOX_09_glu                           -119.664  -122.376     2.712     2.216
457 3NOX_10_tyr                             -5.195    -4.538    -0.657   -14.467
458 3NOX_11_trp                             -2.218    -0.699    -1.519  -217.332
459 3NOX_12_ser                             -5.401    -6.327     0.926    14.628
460 3NOX_13_tyr                             -2.103    -2.286     0.183     7.988
461 3NOX_14_val                            -11.964    -0.341   -11.623 -3408.418
462 3NOX_15_trp                             -3.155    -2.227    -0.928   -41.675
463 3NOX_16_tyr                            -15.315   -16.022     0.707     4.410
464 3NOX_17_asp                            -73.345   -62.357   -10.988   -17.621
465 3NOX_18_tyr                             -7.678    -8.583     0.905    10.539
466 3NOX_19_asn                             -4.640    -4.442    -0.198    -4.466
467 3NOX_20_val                             -0.873    -1.718     0.845    49.194
468 3NOX_21_hid                             -7.861    -8.313     0.452     5.442
469 3PE2_01_bbn                             -2.817    -3.063     0.246     8.029
470 3PE2_02_bbn                             -0.078    -0.120     0.042    34.989
471 3PE2_03_bbn                             -2.023    -1.582    -0.441   -27.888
472 3PE2_04_bbn                             -0.798    -1.140     0.342    30.006
473 3PE2_05_bbn                             -2.493    -2.152    -0.341   -15.826
474 3PE2_06_bbn                             -2.225    -2.152    -0.073    -3.395
475 3PE2_07_bbn                             -0.418    -1.632     1.214    74.397
476 3PE2_08_bbn                            -10.389    -8.648    -1.741   -20.128
477 3PE2_09_bbn                              2.054     0.102     1.952  1914.213
478 3PE2_10_bbn                             -2.203    -1.706    -0.497   -29.105
479 3PE2_11_bbn                             -2.379    -3.556     1.177    33.108
480 3PE2_12_bbn                            -19.631   -18.392    -1.239    -6.738
481 3PE2_13_bbn                             -4.673    -6.612     1.939    29.325
482 3PE2_14_leu                             -4.098    -3.361    -0.737   -21.921
483 3PE2_15_arg                            -32.515   -22.648    -9.867   -43.565
484 3PE2_16_val                             -4.691    -5.128     0.437     8.517
485 3PE2_17_val                             -2.292    -3.574     1.282    35.875
486 3PE2_18_lys                            -96.085  -101.837     5.752     5.648
487 3PE2_19_ile                             -1.685    -3.154     1.469    46.585
488 3PE2_20_phe                             -1.747    -2.992     1.245    41.621
489 3PE2_21_hid                             -0.853    -1.757     0.904    51.429
490 3PE2_22_val                             -0.807    -1.155     0.348    30.128
491 3PE2_23_asn                             -1.601    -0.799    -0.802  -100.367
492 3PE2_24_hid                             -2.723    -2.844     0.121     4.256
493 3PE2_25_met                             -4.654    -4.093    -0.561   -13.711
494 3PE2_26_ile                             -4.989    -5.304     0.315     5.941
495 3PE2_27_asp                             48.333    57.516    -9.183   -15.966
496 3PE2_28_trp                             -2.276    -4.656     2.380    51.121
497 4GID_01_bbn                             -1.917    -2.050     0.133     6.464
498 4GID_02_bbn                              1.203     1.595    -0.392   -24.551
499 4GID_03_bbn                             -1.762    -1.725    -0.037    -2.168
500 4GID_04_bbn                             -5.605    -5.236    -0.369    -7.045
501 4GID_05_bbn                              0.246     0.112     0.134   119.865
502 4GID_06_bbn                              2.820     2.493     0.327    13.105
503 4GID_07_bbn                            -14.955   -14.417    -0.538    -3.732
504 4GID_08_bbn                             -0.528    -0.097    -0.431  -444.221
505 4GID_09_pro                             -0.981    -1.047     0.066     6.347
506 4GID_10_bbn                             -3.594    -4.144     0.550    13.279
507 4GID_11_bbn                             -3.423    -2.179    -1.244   -57.106
508 4GID_12_bbn                             -3.969    -2.931    -1.038   -35.423
509 4GID_13_bbn                             -5.376    -5.824     0.448     7.697
510 4GID_14_bbn                             -1.873    -2.012     0.139     6.894
511 4GID_15_bbn                             -1.538    -1.966     0.428    21.765
512 4GID_16_bbn                             -4.415    -4.380    -0.035    -0.801
513 4GID_17_bbn                              0.943     0.779     0.164    21.048
514 4GID_18_bbn                             -3.272    -3.432     0.160     4.671
515 4GID_19_bbn                             -1.893    -1.652    -0.241   -14.584
516 4GID_20_bbn                              0.077    -0.379     0.456   120.443
517 4GID_21_bbn                            -23.112   -18.166    -4.946   -27.224
518 4GID_22_bbn                             -8.931    -6.907    -2.024   -29.307
519 4GID_23_bbn                             -8.555    -5.857    -2.698   -46.068
520 4GID_24_bbn                              0.500     0.454     0.046    10.180
521 4GID_25_ser                              0.262     0.291    -0.029    -9.892
522 4GID_26_gln                             -1.463    -1.744     0.281    16.108
523 4GID_27_tyr                             -0.652    -0.498    -0.154   -30.932
524 4GID_28_leu                             -2.860    -2.591    -0.269   -10.380
525 4GID_29_asp                            -79.201   -79.976     0.775     0.970
526 4GID_30_ser                              0.755     0.726     0.029     4.002
527 4GID_31_val                             -1.212    -0.830    -0.382   -45.982
528 4GID_32_tyr                             -8.450    -8.307    -0.143    -1.727
529 4GID_33_thr                             -2.588    -1.485    -1.103   -74.256
530 4GID_34_gln                             -2.974    -2.954    -0.020    -0.679
531 4GID_35_phe                             -3.135    -2.732    -0.403   -14.745
532 4GID_36_ile                             -1.901    -1.625    -0.276   -16.998
533 4GID_37_trp                             -3.316    -3.718     0.402    10.823
534 4GID_38_ile                             -1.994    -1.892    -0.102    -5.415
535 4GID_39_ile                             -1.741    -1.303    -0.438   -33.602
536 4GID_40_arg                             27.571    28.317    -0.746    -2.633
537 4GID_41_tyr                             -4.427    -4.078    -0.349    -8.557
538 4GID_42_ile                             -1.255    -1.315     0.060     4.574
539 4GID_43_asp                           -113.388  -114.321     0.933     0.816
540 4GID_44_thr                             -8.571    -6.629    -1.942   -29.303
541 4GID_45_thr                             -5.342    -4.836    -0.506   -10.472
542 4GID_46_asn                             -6.177    -5.295    -0.882   -16.664
543 4GID_47_arg                             26.252    27.645    -1.393    -5.040
544 4GID_48_lys                             22.750    23.587    -0.837    -3.549
545 4GID_49_ser                             -0.023     0.084    -0.107  -126.858
546 4GID_50_val                             -1.273    -1.455     0.182    12.524
547 4GID_51_ala                             -0.408    -0.385    -0.023    -5.964
==========================================================================================
RMSE                3.020   kcal/mol
MUE                 0.955   kcal/mol
------------------------------------------------------------------------------------------
MSE                -0.373   kcal/mol
min               -51.636   kcal/mol
max                 6.959   kcal/mol
range              58.595   kcal/mol
min abs             0.002   kcal/mol
max abs            51.636   kcal/mol
==========================================================================================
RMSE             1904.566   %
MUE               168.572   %
MSE                84.532   %
min             -3408.418   %
max             41540.872   %
range           44949.290   %
min abs             0.027   %
max abs         41540.872   %
------------------------------------------------------------------------------------------
RMSE/|avg|         37.295   %
MUE/|avg|          11.787   %
==========================================================================================
Statistics for groups:
neutral-neutral(225)RMSE      3.510   MSE      -0.397   kcal/mol
charged-neutral(280)RMSE      2.248   MSE      -0.272   kcal/mol
charged-charged(42) RMSE      4.370   MSE      -0.919   kcal/mol
--------------------------------------------------------------------------------
neutral-neutralRMSE/|avg|     155.37 %
charged-neutralRMSE/|avg|     52.69 %
charged-chargedRMSE/|avg|     6.73 %
==========================================================================================

