        _______  
       /\______\ 
      / /      / 
     / / Cuby /   Dataset calculation
     \/______/   
                 
==========================================================================================
name                                             E      Eref     error  error(%)
------------------------------------------------------------------------------------------
01 Water ... Water                          -4.886    -5.011     0.125     2.504
02 Water ... MeOH                           -5.688    -5.701     0.013     0.233
03 Water ... MeNH2                          -6.238    -7.036     0.798    11.346
04 Water ... Peptide                        -8.453    -8.220    -0.233    -2.830
05 MeOH ... MeOH                            -5.666    -5.851     0.185     3.158
06 MeOH ... MeNH2                           -6.928    -7.666     0.738     9.627
07 MeOH ... Peptide                         -8.463    -8.337    -0.126    -1.512
08 MeOH ... Water                           -5.067    -5.087     0.020     0.401
09 MeNH2 ... MeOH                           -3.236    -3.113    -0.123    -3.950
10 MeNH2 ... MeNH2                          -3.919    -4.223     0.304     7.204
11 MeNH2 ... Peptide                        -5.880    -5.480    -0.400    -7.296
12 MeNH2 ... Water                          -6.831    -7.402     0.571     7.716
13 Peptide ... MeOH                         -6.125    -6.282     0.157     2.501
14 Peptide ... MeNH2                        -6.912    -7.561     0.649     8.584
15 Peptide ... Peptide                      -8.725    -8.721    -0.004    -0.042
16 Peptide ... Water                        -4.947    -5.199     0.252     4.840
17 Uracil ... Uracil (BP)                  -17.076   -17.448     0.372     2.130
18 Water ... Pyridine                       -6.597    -6.975     0.378     5.419
19 MeOH ... Pyridine                        -7.175    -7.510     0.335     4.460
20 AcOH ... AcOH                           -18.066   -19.415     1.349     6.947
21 AcNH2 ... AcNH2                         -16.282   -16.525     0.243     1.468
22 AcOH ... Uracil                         -18.801   -19.783     0.982     4.962
23 AcNH2 ... Uracil                        -19.214   -19.467     0.253     1.302
24 Benzene ... Benzene (pi-pi)              -3.265    -2.724    -0.541   -19.871
25 Pyridine ... Pyridine (pi-pi)            -4.498    -3.801    -0.697   -18.339
26 Uracil ... Uracil (pi-pi)               -10.396    -9.752    -0.644    -6.602
27 Benzene ... Pyridine (pi-pi)             -3.895    -3.342    -0.553   -16.551
28 Benzene ... Uracil (pi-pi)               -5.898    -5.593    -0.305    -5.456
29 Pyridine ... Uracil (pi-pi)              -7.340    -6.701    -0.639    -9.542
30 Benzene ... Ethene                       -1.920    -1.364    -0.556   -40.739
31 Uracil ... Ethene                        -3.953    -3.329    -0.624   -18.733
32 Uracil ... Ethyne                        -4.289    -3.693    -0.596   -16.142
33 Pyridine ... Ethene                      -2.408    -1.805    -0.603   -33.406
34 Pentane ... Pentane                      -4.058    -3.764    -0.294    -7.817
35 Neopentane ... Pentane                   -3.024    -2.604    -0.420   -16.140
36 Neopentane ... Neopentane                -2.234    -1.764    -0.470   -26.663
37 Cyclopentane ... Neopentane              -3.053    -2.397    -0.656   -27.371
38 Cyclopentane ... Cyclopentane            -3.782    -2.986    -0.796   -26.665
39 Benzene ... Cyclopentane                 -3.995    -3.514    -0.481   -13.700
40 Benzene ... Neopentane                   -3.179    -2.849    -0.330   -11.587
41 Uracil ... Pentane                       -5.566    -4.811    -0.755   -15.686
42 Uracil ... Cyclopentane                  -5.005    -4.091    -0.914   -22.336
43 Uracil ... Neopentane                    -4.051    -3.689    -0.362    -9.805
44 Ethene ... Pentane                       -2.555    -1.993    -0.562   -28.186
45 Ethyne ... Pentane                       -2.633    -1.715    -0.918   -53.527
46 Peptide ... Pentane                      -4.436    -4.256    -0.180    -4.225
47 Benzene ... Benzene (TS)                 -2.993    -2.828    -0.165    -5.821
48 Pyridine ... Pyridine (TS)               -3.573    -3.506    -0.067    -1.903
49 Benzene ... Pyridine (TS)                -3.432    -3.293    -0.139    -4.235
50 Benzene ... Ethyne (CH-pi)               -3.103    -2.857    -0.246    -8.613
51 Ethyne ... Ethyne (TS)                   -2.106    -1.539    -0.567   -36.827
52 Benzene ... AcOH (OH-pi)                 -5.549    -4.726    -0.823   -17.419
53 Benzene ... AcNH2 (NH-pi)                -4.782    -4.405    -0.377    -8.561
54 Benzene ... Water (OH-pi)                -4.428    -3.288    -1.140   -34.671
55 Benzene ... MeOH (OH-pi)                 -4.623    -4.168    -0.455   -10.907
56 Benzene ... MeNH2 (NH-pi)                -3.624    -3.199    -0.425   -13.290
57 Benzene ... Peptide (NH-pi)              -5.409    -5.255    -0.154    -2.939
58 Pyridine ... Pyridine (CH-N)             -4.073    -4.237     0.164     3.880
59 Ethyne ... Water (CH-O)                  -2.847    -2.927     0.080     2.729
60 Ethyne ... AcOH (OH-pi)                  -5.738    -4.966    -0.772   -15.554
61 Pentane ... AcOH                         -3.917    -2.906    -1.011   -34.777
62 Pentane ... AcNH2                        -4.285    -3.528    -0.757   -21.444
63 Benzene ... AcOH                         -3.999    -3.747    -0.252    -6.724
64 Peptide ... Ethene                       -3.513    -3.001    -0.512   -17.060
65 Pyridine ... Ethyne                      -3.942    -4.104     0.162     3.958
66 MeNH2 ... Pyridine                       -3.942    -3.966     0.024     0.609
==========================================================================================
RMSE                0.540   kcal/mol
MUE                 0.451   kcal/mol
------------------------------------------------------------------------------------------
MSE                -0.204   kcal/mol
min                -1.140   kcal/mol
max                 1.349   kcal/mol
range               2.489   kcal/mol
min abs             0.004   kcal/mol
max abs             1.349   kcal/mol
==========================================================================================
RMSE               16.609   %
MUE                12.143   %
MSE                -9.235   %
min               -53.527   %
max                11.346   %
range              64.872   %
min abs             0.042   %
max abs            53.527   %
------------------------------------------------------------------------------------------
RMSE/|avg|          9.826   %
MUE/|avg|           8.209   %
==========================================================================================
Statistics for groups:
H-bonds        (23) RMSE      0.498   MSE       0.297   kcal/mol
dispersion     (23) RMSE      0.591   MSE      -0.561   kcal/mol
others         (20) RMSE      0.526   MSE      -0.372   kcal/mol
--------------------------------------------------------------------------------
H-bonds        RMSE/|avg|     5.51 %
dispersion     RMSE/|avg|     16.47 %
others         RMSE/|avg|     14.53 %
==========================================================================================

