WARNING: Interface aimnet2 is under development and should be used with care:
         Only basic functionality, no error checks
        _______  
       /\______\ 
      / /      / 
     / / Cuby /   Dataset calculation
     \/______/   
                 
Warp CUDA warning: Could not find or load the NVIDIA CUDA driver. Proceeding in CPU-only mode.
Warp CUDA warning: Could not find or load the NVIDIA CUDA driver. Proceeding in CPU-only mode.
Warp CUDA warning: Could not find or load the NVIDIA CUDA driver. Proceeding in CPU-only mode.
Warp CUDA warning: Could not find or load the NVIDIA CUDA driver. Proceeding in CPU-only mode.
Warp CUDA warning: Could not find or load the NVIDIA CUDA driver. Proceeding in CPU-only mode.
Warp CUDA warning: Could not find or load the NVIDIA CUDA driver. Proceeding in CPU-only mode.
Warp CUDA warning: Could not find or load the NVIDIA CUDA driver. Proceeding in CPU-only mode.
Warp CUDA warning: Could not find or load the NVIDIA CUDA driver. Proceeding in CPU-only mode.
Warp CUDA warning: Could not find or load the NVIDIA CUDA driver. Proceeding in CPU-only mode.
Warp CUDA warning: Could not find or load the NVIDIA CUDA driver. Proceeding in CPU-only mode.
Warp CUDA warning: Could not find or load the NVIDIA CUDA driver. Proceeding in CPU-only mode.
Warp CUDA warning: Could not find or load the NVIDIA CUDA driver. Proceeding in CPU-only mode.
Warp CUDA warning: Could not find or load the NVIDIA CUDA driver. Proceeding in CPU-only mode.
Warp CUDA warning: Could not find or load the NVIDIA CUDA driver. Proceeding in CPU-only mode.
Warp CUDA warning: Could not find or load the NVIDIA CUDA driver. Proceeding in CPU-only mode.
Warp CUDA warning: Could not find or load the NVIDIA CUDA driver. Proceeding in CPU-only mode.
Warp CUDA warning: Could not find or load the NVIDIA CUDA driver. Proceeding in CPU-only mode.
Warp CUDA warning: Could not find or load the NVIDIA CUDA driver. Proceeding in CPU-only mode.
*** Open Babel Warning  in PerceiveBondOrders
  Failed to kekulize aromatic bonds in OBMol::PerceiveBondOrders

Warp CUDA warning: Could not find or load the NVIDIA CUDA driver. Proceeding in CPU-only mode.
Warp CUDA warning: Could not find or load the NVIDIA CUDA driver. Proceeding in CPU-only mode.
*** Open Babel Warning  in PerceiveBondOrders
  Failed to kekulize aromatic bonds in OBMol::PerceiveBondOrders

Warp CUDA warning: Could not find or load the NVIDIA CUDA driver. Proceeding in CPU-only mode.
Warp CUDA warning: Could not find or load the NVIDIA CUDA driver. Proceeding in CPU-only mode.
Warp CUDA warning: Could not find or load the NVIDIA CUDA driver. Proceeding in CPU-only mode.
*** Open Babel Warning  in PerceiveBondOrders
  Failed to kekulize aromatic bonds in OBMol::PerceiveBondOrders

Warp CUDA warning: Could not find or load the NVIDIA CUDA driver. Proceeding in CPU-only mode.
Warp CUDA warning: Could not find or load the NVIDIA CUDA driver. Proceeding in CPU-only mode.
Warp CUDA warning: Could not find or load the NVIDIA CUDA driver. Proceeding in CPU-only mode.
Warp CUDA warning: Could not find or load the NVIDIA CUDA driver. Proceeding in CPU-only mode.
Warp CUDA warning: Could not find or load the NVIDIA CUDA driver. Proceeding in CPU-only mode.
Warp CUDA warning: Could not find or load the NVIDIA CUDA driver. Proceeding in CPU-only mode.
Warp CUDA warning: Could not find or load the NVIDIA CUDA driver. Proceeding in CPU-only mode.
Warp CUDA warning: Could not find or load the NVIDIA CUDA driver. Proceeding in CPU-only mode.
Warp CUDA warning: Could not find or load the NVIDIA CUDA driver. Proceeding in CPU-only mode.
Warp CUDA warning: Could not find or load the NVIDIA CUDA driver. Proceeding in CPU-only mode.
Warp CUDA warning: Could not find or load the NVIDIA CUDA driver. Proceeding in CPU-only mode.
Warp CUDA warning: Could not find or load the NVIDIA CUDA driver. Proceeding in CPU-only mode.
Warp CUDA warning: Could not find or load the NVIDIA CUDA driver. Proceeding in CPU-only mode.
Warp CUDA warning: Could not find or load the NVIDIA CUDA driver. Proceeding in CPU-only mode.
Warp CUDA warning: Could not find or load the NVIDIA CUDA driver. Proceeding in CPU-only mode.
Warp CUDA warning: Could not find or load the NVIDIA CUDA driver. Proceeding in CPU-only mode.
Warp CUDA warning: Could not find or load the NVIDIA CUDA driver. Proceeding in CPU-only mode.
*** Open Babel Warning  in PerceiveBondOrders
  Failed to kekulize aromatic bonds in OBMol::PerceiveBondOrders

Warp CUDA warning: Could not find or load the NVIDIA CUDA driver. Proceeding in CPU-only mode.
*** Open Babel Warning  in PerceiveBondOrders
  Failed to kekulize aromatic bonds in OBMol::PerceiveBondOrders

Warp CUDA warning: Could not find or load the NVIDIA CUDA driver. Proceeding in CPU-only mode.
Warp CUDA warning: Could not find or load the NVIDIA CUDA driver. Proceeding in CPU-only mode.
Warp CUDA warning: Could not find or load the NVIDIA CUDA driver. Proceeding in CPU-only mode.
Warp CUDA warning: Could not find or load the NVIDIA CUDA driver. Proceeding in CPU-only mode.
==========================================================================================
name                                             E      Eref     error  error(%)
------------------------------------------------------------------------------------------
01 10GS                                   -227.409  -242.583    15.174     6.255
02 2CET                                   -238.897  -247.699     8.802     3.554
03 2FVD                                    -75.279   -88.726    13.447    15.156
04 2OBF                                   -192.277  -199.162     6.885     3.457
05 2P4Y                                   -150.182  -157.143     6.961     4.430
06 2VOT                                   -237.624  -238.717     1.093     0.458
07 2VW5                                    -89.672   -94.099     4.427     4.705
08 2XB8                                   -171.616  -178.476     6.860     3.844
09 2YKI                                    -81.520   -92.145    10.625    11.531
10 2ZX6                                   -223.765  -231.047     7.282     3.152
11 3G0W                                    -48.244   -66.594    18.350    27.556
12 3GNW                                    -72.851   -77.382     4.531     5.855
13 3NOX                                   -223.552  -244.475    20.923     8.558
14 3PE2                                   -125.080  -127.532     2.452     1.923
15 4GID                                   -176.900  -190.367    13.467     7.074
==========================================================================================
RMSE               10.956   kcal/mol
MUE                 9.419   kcal/mol
------------------------------------------------------------------------------------------
MSE                 9.419   kcal/mol
min                 1.093   kcal/mol
max                20.923   kcal/mol
range              19.830   kcal/mol
min abs             1.093   kcal/mol
max abs            20.923   kcal/mol
==========================================================================================
RMSE                9.708   %
MUE                 7.167   %
MSE                 7.167   %
min                 0.458   %
max                27.556   %
range              27.098   %
min abs             0.458   %
max abs            27.556   %
------------------------------------------------------------------------------------------
RMSE/|avg|          6.637   %
MUE/|avg|           5.706   %
==========================================================================================

