WARNING: Interface fennol is under development and should be used with care:
         Only basic functionality, no error checks
        _______  
       /\______\ 
      / /      / 
     / / Cuby /   Dataset calculation
     \/______/   
                 
==========================================================================================
name                                             E      Eref     error  error(%)
------------------------------------------------------------------------------------------
01 Water ... Water                          -4.972    -5.011     0.039     0.777
02 Water ... MeOH                           -5.601    -5.701     0.100     1.746
03 Water ... MeNH2                          -7.198    -7.036    -0.162    -2.306
04 Water ... Peptide                        -8.374    -8.220    -0.154    -1.879
05 MeOH ... MeOH                            -5.775    -5.851     0.076     1.299
06 MeOH ... MeNH2                           -8.107    -7.666    -0.441    -5.749
07 MeOH ... Peptide                         -8.379    -8.337    -0.042    -0.508
08 MeOH ... Water                           -5.003    -5.087     0.084     1.648
09 MeNH2 ... MeOH                           -3.136    -3.113    -0.023    -0.733
10 MeNH2 ... MeNH2                          -4.187    -4.223     0.036     0.859
11 MeNH2 ... Peptide                        -5.493    -5.480    -0.013    -0.232
12 MeNH2 ... Water                          -7.468    -7.402    -0.066    -0.894
13 Peptide ... MeOH                         -6.065    -6.282     0.217     3.456
14 Peptide ... MeNH2                        -7.795    -7.561    -0.234    -3.094
15 Peptide ... Peptide                      -9.168    -8.721    -0.447    -5.127
16 Peptide ... Water                        -5.116    -5.199     0.083     1.598
17 Uracil ... Uracil (BP)                  -16.943   -17.448     0.505     2.895
18 Water ... Pyridine                       -6.994    -6.975    -0.019    -0.266
19 MeOH ... Pyridine                        -7.729    -7.510    -0.219    -2.917
20 AcOH ... AcOH                           -19.746   -19.415    -0.331    -1.706
21 AcNH2 ... AcNH2                         -16.204   -16.525     0.321     1.940
22 AcOH ... Uracil                         -20.191   -19.783    -0.408    -2.062
23 AcNH2 ... Uracil                        -19.227   -19.467     0.240     1.231
24 Benzene ... Benzene (pi-pi)              -2.740    -2.724    -0.016    -0.605
25 Pyridine ... Pyridine (pi-pi)            -3.983    -3.801    -0.182    -4.787
26 Uracil ... Uracil (pi-pi)               -11.436    -9.752    -1.684   -17.272
27 Benzene ... Pyridine (pi-pi)             -3.348    -3.342    -0.006    -0.188
28 Benzene ... Uracil (pi-pi)               -6.317    -5.593    -0.724   -12.951
29 Pyridine ... Uracil (pi-pi)              -7.255    -6.701    -0.554    -8.261
30 Benzene ... Ethene                       -1.343    -1.364     0.021     1.557
31 Uracil ... Ethene                        -4.026    -3.329    -0.697   -20.947
32 Uracil ... Ethyne                        -4.367    -3.693    -0.674   -18.247
33 Pyridine ... Ethene                      -1.837    -1.805    -0.032    -1.758
34 Pentane ... Pentane                      -4.304    -3.764    -0.540   -14.347
35 Neopentane ... Pentane                   -3.041    -2.604    -0.437   -16.775
36 Neopentane ... Neopentane                -2.233    -1.764    -0.469   -26.602
37 Cyclopentane ... Neopentane              -2.753    -2.397    -0.356   -14.838
38 Cyclopentane ... Cyclopentane            -3.117    -2.986    -0.131    -4.392
39 Benzene ... Cyclopentane                 -3.874    -3.514    -0.360   -10.250
40 Benzene ... Neopentane                   -3.368    -2.849    -0.519   -18.226
41 Uracil ... Pentane                       -5.688    -4.811    -0.877   -18.219
42 Uracil ... Cyclopentane                  -4.566    -4.091    -0.475   -11.622
43 Uracil ... Neopentane                    -4.601    -3.689    -0.912   -24.729
44 Ethene ... Pentane                       -2.213    -1.993    -0.220   -11.031
45 Ethyne ... Pentane                       -2.377    -1.715    -0.662   -38.598
46 Peptide ... Pentane                      -4.420    -4.256    -0.164    -3.861
47 Benzene ... Benzene (TS)                 -2.982    -2.828    -0.154    -5.431
48 Pyridine ... Pyridine (TS)               -3.527    -3.506    -0.021    -0.592
49 Benzene ... Pyridine (TS)                -3.344    -3.293    -0.051    -1.550
50 Benzene ... Ethyne (CH-pi)               -3.391    -2.857    -0.534   -18.704
51 Ethyne ... Ethyne (TS)                   -2.471    -1.539    -0.932   -60.580
52 Benzene ... AcOH (OH-pi)                 -5.162    -4.726    -0.436    -9.231
53 Benzene ... AcNH2 (NH-pi)                -4.547    -4.405    -0.142    -3.222
54 Benzene ... Water (OH-pi)                -3.703    -3.288    -0.415   -12.608
55 Benzene ... MeOH (OH-pi)                 -4.759    -4.168    -0.591   -14.185
56 Benzene ... MeNH2 (NH-pi)                -3.745    -3.199    -0.546   -17.061
57 Benzene ... Peptide (NH-pi)              -5.468    -5.255    -0.213    -4.057
58 Pyridine ... Pyridine (CH-N)             -3.709    -4.237     0.528    12.453
59 Ethyne ... Water (CH-O)                  -2.907    -2.927     0.020     0.697
60 Ethyne ... AcOH (OH-pi)                  -5.179    -4.966    -0.213    -4.281
61 Pentane ... AcOH                         -3.127    -2.906    -0.221    -7.605
62 Pentane ... AcNH2                        -3.664    -3.528    -0.136    -3.860
63 Benzene ... AcOH                         -4.057    -3.747    -0.310    -8.283
64 Peptide ... Ethene                       -3.236    -3.001    -0.235    -7.836
65 Pyridine ... Ethyne                      -3.695    -4.104     0.409     9.970
66 MeNH2 ... Pyridine                       -4.146    -3.966    -0.180    -4.542
==========================================================================================
RMSE                0.436   kcal/mol
MUE                 0.322   kcal/mol
------------------------------------------------------------------------------------------
MSE                -0.241   kcal/mol
min                -1.684   kcal/mol
max                 0.528   kcal/mol
range               2.212   kcal/mol
min abs             0.006   kcal/mol
max abs             1.684   kcal/mol
==========================================================================================
RMSE               13.117   %
MUE                 8.360   %
MSE                -7.083   %
min               -60.580   %
max                12.453   %
range              73.033   %
min abs             0.188   %
max abs            60.580   %
------------------------------------------------------------------------------------------
RMSE/|avg|          7.930   %
MUE/|avg|           5.857   %
==========================================================================================
Statistics for groups:
H-bonds        (23) RMSE      0.240   MSE      -0.037   kcal/mol
dispersion     (23) RMSE      0.598   MSE      -0.464   kcal/mol
others         (20) RMSE      0.387   MSE      -0.219   kcal/mol
--------------------------------------------------------------------------------
H-bonds        RMSE/|avg|     2.65 %
dispersion     RMSE/|avg|     16.67 %
others         RMSE/|avg|     10.69 %
==========================================================================================

