WARNING: Interface fennol is under development and should be used with care:
         Only basic functionality, no error checks
        _______  
       /\______\ 
      / /      / 
     / / Cuby /   Dataset calculation
     \/______/   
                 
==========================================================================================
name                                             E      Eref     error  error(%)
------------------------------------------------------------------------------------------
001-CA2 / 5NXG                            -187.520  -211.986    24.466    11.541
001-CA2 / 5NXI                            -197.018  -212.762    15.744     7.400
001-CA2 / 5NXO                            -185.842  -207.567    21.725    10.466
001-CA2 / 5NXP                            -196.953  -220.995    24.042    10.879
001-CA2 / 5NXV                            -193.158  -209.193    16.036     7.665
001-CA2 / 5NXW                            -184.975  -209.313    24.337    11.627
001-CA2 / 5NY1                            -197.375  -211.771    14.396     6.798
001-CA2 / 5NY3                            -191.908  -209.831    17.923     8.542
001-CA2 / 5NY6                            -210.577  -215.493     4.916     2.281
001-CA2 / 5NYA                            -191.472  -201.861    10.388     5.146
002-HIV-PR / 1HSG                         -177.475  -159.436   -18.039   -11.315
002-HIV-PR / 1HXW                         -141.290  -164.946    23.656    14.342
002-HIV-PR / 1IZH                         -167.343  -185.506    18.162     9.791
002-HIV-PR / 1T3R                         -123.770  -142.718    18.947    13.276
002-HIV-PR / 2Q54                         -127.501  -148.952    21.451    14.401
002-HIV-PR / 2Q55                         -138.168  -158.114    19.946    12.615
002-HIV-PR / 2Q5K                         -139.270  -154.373    15.103     9.783
002-HIV-PR / 3EKX                         -166.483  -147.017   -19.466   -13.240
002-HIV-PR / 3EL1                         -151.133  -172.163    21.030    12.215
002-HIV-PR / 3NU3                         -117.022  -134.550    17.528    13.027
002-HIV-PR / 3OXC                         -190.530  -168.252   -22.278   -13.241
002-HIV-PR / 5HVP                         -159.665  -177.938    18.273    10.269
002-HIV-PR / model13a                     -134.107  -156.858    22.751    14.504
002-HIV-PR / model13c                     -128.022  -149.031    21.010    14.097
002-HIV-PR / model13d                     -128.746  -150.288    21.542    14.334
002-HIV-PR / model16a                     -126.420  -148.081    21.661    14.628
002-HIV-PR / model16e                     -120.330  -141.468    21.138    14.942
002-HIV-PR / model16f                     -129.741  -150.523    20.782    13.807
002-HIV-PR / model22a                     -126.575  -147.097    20.522    13.951
002-HIV-PR / model22d                     -131.562  -151.568    20.006    13.200
002-HIV-PR / model23a                     -117.891  -140.381    22.490    16.021
002-HIV-PR / model25d                     -123.074  -147.422    24.347    16.515
003-CK2 / 1F0Q                             -30.498   -41.139    10.641    25.866
003-CK2 / 1J91                             -27.988   -38.947    10.959    28.137
003-CK2 / 1M2P                             -40.477   -45.809     5.331    11.638
003-CK2 / 1M2Q                             -40.708   -49.296     8.588    17.422
003-CK2 / 1M2R                             -38.790   -51.230    12.440    24.282
003-CK2 / 1ZOE                             -29.216   -45.791    16.575    36.198
003-CK2 / 1ZOG                             -24.540   -42.556    18.016    42.335
003-CK2 / 1ZOH                             -31.884   -51.919    20.035    38.588
003-CK2 / 2OXD                             -20.496   -38.405    17.909    46.633
003-CK2 / 2OXX                             -24.260   -42.194    17.933    42.502
003-CK2 / 2OXY                             -19.553   -36.497    16.944    46.426
003-CK2 / 3KXG                             -24.852   -42.526    17.674    41.560
003-CK2 / 3KXH                             -89.898  -134.643    44.746    33.233
003-CK2 / 3KXM                             -40.742   -58.057    17.315    29.823
003-CK2 / 3KXN                             -30.991   -35.022     4.031    11.510
003-CK2 / 3PVG                             -61.484   -75.017    13.532    18.039
004-AR / 1US0                              -95.760  -116.681    20.920    17.930
004-AR / 2IKG                             -114.556  -135.387    20.831    15.387
004-AR / 2IKH                             -104.424  -121.544    17.120    14.085
004-AR / 2IKI                             -100.724  -122.467    21.743    17.755
004-AR / 2IKJ                             -106.828  -125.206    18.378    14.678
004-AR / 4LAU                             -103.328  -123.618    20.290    16.414
004-AR / 4LAZ                             -103.681  -129.806    26.125    20.126
004-AR / 4LB3                             -102.989  -130.783    27.795    21.252
004-AR / 4LB4                             -100.811  -126.052    25.241    20.024
004-AR / 4LBR                             -102.157  -133.005    30.848    23.193
004-AR / 4LBS                             -101.274  -126.029    24.755    19.642
004-AR / 4QXI                             -109.776  -134.458    24.682    18.357
004-AR / 4XZH                             -108.900  -127.370    18.469    14.501
004-AR / 4XZI                             -102.553  -124.183    21.630    17.417
005-Cath-D / 6QBG                         -124.913  -141.732    16.819    11.867
005-Cath-D / 6QBH                         -119.211  -134.751    15.540    11.533
005-Cath-D / 6QCB                         -123.126  -138.797    15.671    11.290
005-Cath-D / model08                      -120.165  -134.845    14.680    10.887
005-Cath-D / model22                      -125.866  -139.915    14.050    10.042
005-Cath-D / model24                      -118.157  -133.666    15.509    11.603
005-Cath-D / model25                      -130.803  -149.974    19.171    12.783
005-Cath-D / model31                      -122.508  -136.938    14.429    10.537
005-Cath-D / model35                      -121.385  -137.815    16.430    11.921
005-Cath-D / model36                       -96.843  -112.987    16.145    14.289
006-BACE1 / 5QCO                          -138.455   -52.470   -85.985  -163.877
006-BACE1 / 5QCP                          -136.244   -53.010   -83.234  -157.014
006-BACE1 / 5QCR                          -118.385  -132.453    14.068    10.621
006-BACE1 / 5QCT                          -127.709  -138.476    10.766     7.775
006-BACE1 / 5QCU                          -116.886  -134.121    17.235    12.850
006-BACE1 / 5QCV                          -129.901   -43.669   -86.232  -197.468
006-BACE1 / 5QCX                          -133.268   -47.485   -85.783  -180.652
006-BACE1 / 5QCY                          -147.770   -63.325   -84.446  -133.354
006-BACE1 / 5QCZ                          -127.788   -42.338   -85.450  -201.827
006-BACE1 / 5QD0                          -134.770   -51.837   -82.933  -159.986
006-BACE1 / 5QD1                          -129.179   -45.141   -84.038  -186.169
006-BACE1 / 5QD2                          -125.797   -47.054   -78.743  -167.345
006-BACE1 / 5QD3                          -131.753   -45.228   -86.526  -191.310
006-BACE1 / 5QD5                          -128.099   -48.822   -79.277  -162.379
006-BACE1 / 5QD9                          -139.217   -56.152   -83.065  -147.929
006-BACE1 / 5QDA                          -125.438   -46.774   -78.664  -168.177
007-JAK1 / 4E4L                            -66.484   -85.629    19.145    22.358
007-JAK1 / 4E4N                            -72.264   -90.019    17.756    19.725
007-JAK1 / 4E5W                           -119.764  -112.641    -7.123    -6.323
007-JAK1 / 4EHZ                           -151.807  -146.744    -5.064    -3.451
007-JAK1 / 4EI4                            -66.868   -81.834    14.966    18.288
007-JAK1 / 4FK6                            -85.932  -104.602    18.671    17.849
007-JAK1 / 4I5C                            -72.463   -88.563    16.100    18.180
007-JAK1 / 4IVB                            -68.496   -87.282    18.786    21.523
007-JAK1 / 4IVC                            -82.589  -104.103    21.513    20.665
007-JAK1 / 4IVD                            -86.379  -107.100    20.721    19.347
007-JAK1 / 4K6Z                            -68.538   -92.596    24.057    25.981
007-JAK1 / 4K77                            -47.630   -64.250    16.620    25.868
008-Trypsin / 1K1I                        -169.365  -199.042    29.677    14.910
008-Trypsin / 1K1J                        -166.233  -197.068    30.835    15.647
008-Trypsin / 1K1L                        -164.965  -194.468    29.502    15.171
008-Trypsin / 1K1M                        -165.846  -194.773    28.927    14.852
008-Trypsin / 1K1N                        -124.937  -146.330    21.393    14.619
008-Trypsin / 2ZHD                        -214.436  -223.671     9.235     4.129
008-Trypsin / 2ZQ2                        -208.037  -222.638    14.601     6.558
008-Trypsin / 3LJJ                        -220.119  -220.327     0.208     0.095
008-Trypsin / 3LJO                        -216.648  -218.065     1.417     0.650
008-Trypsin / 5MNG                        -132.235  -140.649     8.414     5.982
008-Trypsin / 5MO2                        -127.690  -133.110     5.420     4.072
008-Trypsin / 6SY3                        -194.008  -188.975    -5.033    -2.663
008-Trypsin / 6T0M                        -221.599  -221.793     0.194     0.087
008-Trypsin / 6T0P                        -225.233  -222.309    -2.924    -1.315
008-Trypsin / 6T5W                        -212.588  -203.253    -9.335    -4.593
009-CDK2 / 3QQK                            -49.285   -61.680    12.395    20.095
009-CDK2 / 3QTQ                            -57.753   -72.420    14.667    20.253
009-CDK2 / 3QTR                            -51.896   -68.080    16.184    23.771
009-CDK2 / 3QTS                            -55.283   -74.760    19.477    26.052
009-CDK2 / 3QTU                           -119.947  -136.080    16.133    11.856
009-CDK2 / 3QTW                            -61.449   -79.690    18.241    22.890
009-CDK2 / 3QTX                            -96.213  -110.260    14.047    12.739
009-CDK2 / 3QTZ                            -87.514  -101.400    13.886    13.694
009-CDK2 / 3QU0                            -94.797  -108.200    13.403    12.387
009-CDK2 / 3QXP                            -98.150  -112.610    14.460    12.841
009-CDK2 / 3R8U                            -54.624   -69.770    15.146    21.708
009-CDK2 / 3R8V                            -48.576   -64.550    15.974    24.746
009-CDK2 / 3R8Z                            -44.379   -55.730    11.351    20.369
009-CDK2 / 3R9D                           -100.795  -112.600    11.805    10.484
009-CDK2 / 3R9N                            -52.049   -68.240    16.191    23.727
009-CDK2 / 3RAH                            -57.223   -74.470    17.247    23.160
009-CDK2 / 3RAK                            -85.135   -97.000    11.865    12.232
009-CDK2 / 3RAL                            -94.779  -105.740    10.961    10.366
009-CDK2 / 3RJC                            -52.460   -67.770    15.310    22.591
009-CDK2 / 3RK5                           -111.074  -146.140    35.066    23.995
009-CDK2 / 3RK7                            -77.073   -92.550    15.477    16.723
009-CDK2 / 3RK9                            -57.505   -72.320    14.815    20.486
009-CDK2 / 3RKB                            -57.543   -72.210    14.667    20.311
009-CDK2 / 3RMF                            -87.283  -103.770    16.487    15.888
009-CDK2 / 3RNI                            -83.018   -95.570    12.552    13.134
009-CDK2 / 3RPV                            -92.226  -105.500    13.274    12.582
009-CDK2 / 3RPY                            -74.756   -84.740     9.984    11.782
009-CDK2 / 3S00                            -45.399   -64.690    19.291    29.821
009-CDK2 / 3S0O                            -48.929   -64.210    15.281    23.798
009-CDK2 / 3S1H                            -89.213  -103.980    14.767    14.202
009-CDK2 / 3SQQ                            -89.571  -101.630    12.059    11.866
010-MMP12 / 3EHX                           -89.982  -128.764    38.781    30.118
010-MMP12 / 3EHY                           -77.313  -112.893    35.581    31.517
010-MMP12 / 3F15                           -84.218  -133.428    49.210    36.881
010-MMP12 / 3F16                           -93.910  -129.731    35.820    27.611
010-MMP12 / 3F17                           -86.841  -132.057    45.217    34.240
010-MMP12 / 3F18                           -85.928  -133.044    47.116    35.414
010-MMP12 / 3F19                           -76.209  -119.632    43.423    36.297
010-MMP12 / 3F1A                           -72.797  -118.100    45.303    38.360
010-MMP12 / 3LK8                           -79.845  -123.865    44.020    35.539
010-MMP12 / 3N2U                          -113.349  -154.459    41.110    26.616
010-MMP12 / 3N2V                           -95.517  -131.516    35.999    27.372
010-MMP12 / 3NX7                           -85.361  -126.899    41.538    32.733
010-MMP12 / 3RTS                           -77.199  -125.882    48.682    38.673
010-MMP12 / 3RTT                           -82.225  -126.266    44.040    34.879
010-MMP12 / 4GUY                           -67.464  -134.390    66.927    49.800
010-MMP12 / 5LAB                           -88.170  -126.075    37.905    30.066
010-MMP12 / 6RD0                           -59.317   -72.888    13.571    18.618
010-MMP12 / 6RLY                           -52.004   -60.709     8.704    14.338
==========================================================================================
RMSE               31.900   kcal/mol
MUE                24.839   kcal/mol
------------------------------------------------------------------------------------------
MSE                10.526   kcal/mol
min               -86.526   kcal/mol
max                66.927   kcal/mol
range             153.452   kcal/mol
min abs             0.194   kcal/mol
max abs            86.526   kcal/mol
==========================================================================================
RMSE               52.269   %
MUE                30.188   %
MSE                 2.461   %
min              -201.827   %
max                49.800   %
range             251.628   %
min abs             0.087   %
max abs           201.827   %
------------------------------------------------------------------------------------------
RMSE/|avg|         26.755   %
MUE/|avg|          20.833   %
==========================================================================================
Statistics for groups:
001-CA2        (10) RMSE     18.456   MSE      17.397   kcal/mol
002-HIV-PR     (22) RMSE     20.571   MSE      15.026   kcal/mol
003-CK2        (16) RMSE     18.087   MSE      15.792   kcal/mol
004-AR         (14) RMSE     23.086   MSE      22.773   kcal/mol
005-Cath-D     (10) RMSE     15.905   MSE      15.844   kcal/mol
006-BACE1      (16) RMSE     75.482   MSE     -65.144   kcal/mol
007-JAK1       (12) RMSE     17.536   MSE      14.679   kcal/mol
008-Trypsin    (15) RMSE     17.355   MSE      10.835   kcal/mol
009-CDK2       (31) RMSE     15.829   MSE      15.241   kcal/mol
010-MMP12      (18) RMSE     42.039   MSE      40.164   kcal/mol
--------------------------------------------------------------------------------
001-CA2        RMSE/|avg|     8.74 %
002-HIV-PR     RMSE/|avg|     13.32 %
003-CK2        RMSE/|avg|     34.91 %
004-AR         RMSE/|avg|     18.19 %
005-Cath-D     RMSE/|avg|     11.68 %
006-BACE1      RMSE/|avg|     115.20 %
007-JAK1       RMSE/|avg|     18.06 %
008-Trypsin    RMSE/|avg|     8.90 %
009-CDK2       RMSE/|avg|     17.85 %
010-MMP12      RMSE/|avg|     34.54 %
==========================================================================================

