        _______  
       /\______\ 
      / /      / 
     / / Cuby /   Dataset calculation
     \/______/   
                 
==========================================================================================
name                                             E      Eref     error  error(%)
------------------------------------------------------------------------------------------
01 10GS_01_bbn                              -1.007    -0.348    -0.659  -189.442
02 10GS_02_bbn                               0.200    -0.237     0.437   184.450
03 10GS_03_bbn                               0.456    -0.115     0.571   496.940
04 10GS_04_bbn                               2.841    -1.575     4.416   280.397
05 10GS_05_bbn                              -5.769    -4.010    -1.759   -43.873
06 10GS_06_pro                              -1.246    -3.179     1.933    60.795
07 10GS_07_bbn                              -2.848    -1.200    -1.648  -137.334
08 10GS_08_bbn                              -6.010    -3.944    -2.066   -52.377
09 10GS_09_bbn                              -1.543    -0.414    -1.129  -272.631
10 10GS_10_bbn                              -2.663    -1.611    -1.052   -65.274
11 10GS_11_bbn                              -0.378    -0.488     0.110    22.579
12 10GS_12_tyr                              -5.265    -3.931    -1.334   -33.923
13 10GS_13_phe                              -5.858    -6.259     0.401     6.402
14 10GS_14_val                              -1.679    -1.624    -0.055    -3.384
15 10GS_15_arg                             -20.914    -4.914   -16.000  -325.602
16 10GS_16_val                              -0.730    -0.519    -0.211   -40.711
17 10GS_17_trp                              -8.570    -6.405    -2.165   -33.808
18 10GS_18_lys                             -30.100    -2.327   -27.773 -1193.532
19 10GS_19_gln                             -15.787    -8.928    -6.859   -76.830
20 10GS_20_leu                              -0.979    -0.765    -0.214   -27.996
21 10GS_21_gln                               1.515    -5.033     6.548   130.096
22 10GS_22_ser                              -0.057    -5.387     5.330    98.936
23 10GS_23_tyr                              -2.473    -2.564     0.091     3.552
24 10GS_24_asp                               6.036     0.219     5.817  2656.063
25 10GS_25_asp                              -3.311    -4.560     1.249    27.386
26 2CET_01_bbn                              -0.690    -0.410    -0.280   -68.326
27 2CET_02_bbn                              -0.974    -0.236    -0.738  -312.651
28 2CET_03_ala                              -0.846    -0.170    -0.676  -397.680
29 2CET_04_gln                              -4.825    -5.261     0.436     8.287
30 2CET_05_arg                              13.876     0.264    13.612  5156.147
31 2CET_06_hie                              -2.037    -3.298     1.261    38.227
32 2CET_07_trp                              -3.317    -3.332     0.015     0.438
33 2CET_08_asn                              -2.284    -1.822    -0.462   -25.344
34 2CET_09_glu                             -35.422    -6.069   -29.353  -483.658
35 2CET_10_val                              -2.739    -2.533    -0.206    -8.131
36 2CET_11_val                              -1.421    -0.525    -0.896  -170.747
37 2CET_12_hie                              -0.161    -0.502     0.341    67.923
38 2CET_13_asn                              -1.179    -1.859     0.680    36.571
39 2CET_14_asn                               1.153    -0.981     2.134   217.488
40 2CET_15_tyr                              -4.500    -5.604     1.104    19.702
41 2CET_16_met                              -1.409    -0.520    -0.889  -171.005
42 2CET_17_trp                              -3.316    -2.646    -0.670   -25.317
43 2CET_18_glu                             -34.743    -7.060   -27.683  -392.115
44 2CET_19_trp                              -5.950    -5.017    -0.933   -18.598
45 2CET_20_asn                              -0.244    -0.193    -0.051   -26.595
46 2CET_21_glu                             -41.150   -14.960   -26.190  -175.064
47 2CET_22_trp                              -2.425    -4.375     1.950    44.571
48 2CET_23_phe                              -3.093    -2.841    -0.252    -8.872
49 2FVD_01_bbn                              -0.789    -0.753    -0.036    -4.731
50 2FVD_02_bbn                              -0.781    -0.556    -0.225   -40.413
51 2FVD_03_bbn                              -0.760    -0.420    -0.340   -80.839
52 2FVD_04_bbn                              -0.615    -0.580    -0.035    -6.084
53 2FVD_05_bbn                              -0.164    -2.238     2.074    92.691
54 2FVD_06_bbn                              -3.772    -2.166    -1.606   -74.147
55 2FVD_07_bbn                              -2.805    -3.066     0.261     8.528
56 2FVD_08_bbn                              -3.218    -1.187    -2.031  -171.108
57 2FVD_09_bbn                              -4.509    -3.037    -1.472   -48.477
58 2FVD_10_bbn                               0.781    -0.252     1.033   410.083
59 2FVD_11_bbn                              -0.878    -0.282    -0.596  -211.427
60 2FVD_12_bbn                              -0.181    -0.190     0.009     4.763
61 2FVD_13_bbn                               0.069    -1.117     1.186   106.198
62 2FVD_14_bbn                              -0.268    -0.371     0.103    27.657
63 2FVD_15_bbn                              -0.299    -0.441     0.142    32.107
64 2FVD_16_bbn                              -2.380    -1.382    -0.998   -72.200
65 2FVD_17_ile                              -4.622    -3.026    -1.596   -52.744
66 2FVD_18_val                              -3.038    -3.621     0.583    16.090
67 2FVD_19_ala                              -2.100    -2.211     0.111     5.027
68 2FVD_20_lys                               0.336    -1.219     1.555   127.601
69 2FVD_21_val                              -2.056    -1.088    -0.968   -89.003
70 2FVD_22_phe                              -2.596    -3.303     0.707    21.398
71 2FVD_23_glu                              -2.776    -0.169    -2.607 -1542.582
72 2FVD_24_phe                              -2.936    -2.147    -0.789   -36.759
73 2FVD_25_leu                              -1.923    -1.032    -0.891   -86.327
74 2FVD_26_hie                              -0.443    -0.335    -0.108   -32.147
75 2FVD_27_gln                              -2.654    -1.152    -1.502  -130.339
76 2FVD_28_asp                              -6.274    -2.823    -3.451  -122.253
77 2FVD_29_lys                              -6.046    -1.988    -4.058  -204.115
78 2FVD_30_asn                              -2.461    -0.804    -1.657  -206.131
79 2FVD_31_leu                              -4.494    -4.755     0.261     5.479
80 2FVD_32_ala                              -1.683    -1.285    -0.398   -30.941
81 2FVD_33_asp                              -5.743    -2.602    -3.141  -120.726
82 2OBF_01_bbn                              -1.440    -0.959    -0.481   -50.185
83 2OBF_02_bbn                              -2.967    -2.262    -0.705   -31.181
84 2OBF_03_bbn                              -0.485    -0.425    -0.060   -14.103
85 2OBF_04_bbn                              -2.036    -1.224    -0.812   -66.354
86 2OBF_05_bbn                              -0.709    -0.211    -0.498  -236.133
87 2OBF_06_bbn                              -1.411    -2.110     0.699    33.125
88 2OBF_07_pro                              -2.010    -0.799    -1.211  -151.560
89 2OBF_08_bbn                              -0.650    -0.348    -0.302   -86.747
90 2OBF_09_bbn                              -1.090    -0.545    -0.545   -99.943
91 2OBF_10_bbn                              -2.838    -0.530    -2.308  -435.402
92 2OBF_11_bbn                              -0.395    -0.220    -0.175   -79.484
93 2OBF_12_bbn                               0.419    -0.449     0.868   193.371
94 2OBF_13_bbn                              -2.052    -0.382    -1.670  -437.162
95 2OBF_14_tyr                              -2.848    -1.167    -1.681  -144.020
96 2OBF_15_asn                              -5.128    -3.815    -1.313   -34.419
97 2OBF_16_tyr                              -4.927    -5.759     0.832    14.452
98 2OBF_17_arg                              14.451    -2.280    16.731   733.835
99 2OBF_18_leu                              -1.834    -0.504    -1.330  -263.908
100 2OBF_19_val                             -4.056    -2.236    -1.820   -81.415
101 2OBF_20_ala                             -1.902    -1.108    -0.794   -71.659
102 2OBF_21_leu                             -2.891    -1.343    -1.548  -115.237
103 2OBF_22_tyr                             -3.033    -2.638    -0.395   -14.961
104 2OBF_23_tyr                             -2.538    -1.766    -0.772   -43.697
105 2OBF_24_phe                             -8.300    -8.010    -0.290    -3.621
106 2OBF_25_ala                             -1.549    -0.428    -1.121  -261.886
107 2OBF_26_ala                             -1.765    -1.109    -0.656   -59.185
108 2OBF_27_glu                            -46.887   -14.831   -32.056  -216.144
109 2OBF_28_tyr                             -4.705    -4.709     0.004     0.083
110 2OBF_29_val                             -1.995    -0.778    -1.217  -156.386
111 2OBF_30_met                             -2.008    -0.875    -1.133  -129.521
112 2OBF_31_asp                            -32.049    -2.308   -29.741 -1288.619
113 2OBF_32_val                             -2.297    -1.573    -0.724   -46.027
114 2OBF_33_val                             -2.691    -0.839    -1.852  -220.719
115 2P4Y_01_bbn                              0.805    -0.281     1.086   386.604
116 2P4Y_02_bbn                             -1.138    -1.735     0.597    34.400
117 2P4Y_03_bbn                             -1.824    -4.014     2.190    54.561
118 2P4Y_04_bbn                              0.056    -1.537     1.593   103.650
119 2P4Y_05_bbn                             -2.089    -2.015    -0.074    -3.690
120 2P4Y_06_bbn                             -0.398    -0.299    -0.099   -33.146
121 2P4Y_07_bbn                             -1.315    -1.329     0.014     1.066
122 2P4Y_08_bbn                             -0.465    -0.539     0.074    13.811
123 2P4Y_09_bbn                             -0.571    -0.996     0.425    42.717
124 2P4Y_10_bbn                             -0.157    -1.032     0.875    84.771
125 2P4Y_11_bbn                             -0.374    -0.621     0.247    39.700
126 2P4Y_12_bbn                             -0.926    -1.488     0.562    37.752
127 2P4Y_13_bbn                              0.684    -0.396     1.080   272.815
128 2P4Y_14_bbn                             -0.353    -1.922     1.569    81.652
129 2P4Y_15_bbn                             -8.094    -4.551    -3.543   -77.856
130 2P4Y_16_bbn                             -2.629    -0.529    -2.100  -397.030
131 2P4Y_17_phe                             -0.173    -1.057     0.884    83.590
132 2P4Y_18_ile                             -1.022    -1.052     0.030     2.845
133 2P4Y_19_cys                             -5.224    -5.041    -0.183    -3.638
134 2P4Y_20_phe                             -1.033    -0.659    -0.374   -56.683
135 2P4Y_21_arg                            -29.107    -7.010   -22.097  -315.224
136 2P4Y_22_ser                             -1.286    -0.362    -0.924  -255.312
137 2P4Y_23_ala                             -1.869    -2.685     0.816    30.408
138 2P4Y_24_glu                              6.592    -0.940     7.532   801.274
139 2P4Y_25_ile                             -1.210    -1.277     0.067     5.231
140 2P4Y_26_ile                             -2.859    -3.183     0.324    10.184
141 2P4Y_27_tyr                             -1.332    -0.948    -0.384   -40.461
142 2P4Y_28_met                             -2.261    -2.408     0.147     6.121
143 2P4Y_29_leu                             -3.956    -4.870     0.914    18.768
144 2P4Y_30_leu                             -2.483    -2.952     0.469    15.885
145 2P4Y_31_val                             -1.533    -1.664     0.131     7.872
146 2P4Y_32_ile                             -5.185    -4.660    -0.525   -11.257
147 2P4Y_33_ser                             -0.012    -0.346     0.334    96.492
148 2P4Y_34_met                             -1.822    -1.274    -0.548   -42.993
149 2P4Y_35_leu                             -1.348    -1.086    -0.262   -24.122
150 2P4Y_36_phe                             -1.454    -1.354    -0.100    -7.377
151 2P4Y_37_met                             -2.891    -2.954     0.063     2.119
152 2P4Y_38_lys                             -7.459    -1.348    -6.111  -453.326
153 2P4Y_39_hie                             -0.823    -0.694    -0.129   -18.622
154 2VOT_01_bbn                              0.475    -0.276     0.751   272.112
155 2VOT_02_bbn                             -0.152    -0.195     0.043    22.258
156 2VOT_03_bbn                              0.337    -0.165     0.502   304.212
157 2VOT_04_trp                             -2.524    -3.513     0.989    28.147
158 2VOT_05_asp                            -39.534   -14.866   -24.668  -165.934
159 2VOT_06_trp                             -0.986    -2.304     1.318    57.196
160 2VOT_07_arg                             16.599     0.260    16.339  6284.163
161 2VOT_08_trp                             -2.257    -2.847     0.590    20.727
162 2VOT_09_cys                             -0.982    -0.955    -0.027    -2.832
163 2VOT_10_asn                             -2.855    -1.350    -1.505  -111.458
164 2VOT_11_glu                            -39.722    -7.800   -31.922  -409.256
165 2VOT_12_glu                            -18.967    -0.842   -18.125 -2152.582
166 2VOT_13_trp                              0.170     0.015     0.155  1034.866
167 2VOT_14_trp                              0.240    -0.418     0.658   157.527
168 2VOT_15_hip                             20.261    -0.487    20.748  4260.472
169 2VOT_16_trp                             -4.649    -6.369     1.720    27.010
170 2VOT_17_tyr                             -4.529    -6.168     1.639    26.579
171 2VOT_18_glu                            -41.738   -11.141   -30.597  -274.632
172 2VOT_19_ser                             -0.223    -0.244     0.021     8.460
173 2VOT_20_ser                             -1.448    -0.485    -0.963  -198.578
174 2VOT_21_trp                             -7.139    -5.854    -1.285   -21.943
175 2VOT_22_trp                             -3.234    -3.665     0.431    11.755
176 2VW5_01_bbn                             -1.396    -1.998     0.602    30.124
177 2VW5_02_bbn                             -1.597    -2.025     0.428    21.119
178 2VW5_03_bbn                             -0.085    -0.338     0.253    74.710
179 2VW5_04_bbn                             -0.394    -0.516     0.122    23.612
180 2VW5_05_bbn                             -1.122    -1.755     0.633    36.048
181 2VW5_06_bbn                              0.039    -0.360     0.399   110.810
182 2VW5_07_bbn                             -0.190    -0.179    -0.011    -5.873
183 2VW5_08_bbn                             -0.407    -0.576     0.169    29.317
184 2VW5_09_bbn                             -0.615    -1.070     0.455    42.489
185 2VW5_10_bbn                             -0.758    -0.741    -0.017    -2.339
186 2VW5_11_bbn                             -2.297    -1.379    -0.918   -66.595
187 2VW5_12_bbn                             -0.232    -0.982     0.750    76.383
188 2VW5_13_bbn                             -4.534    -3.652    -0.882   -24.157
189 2VW5_14_bbn                             -1.463    -0.491    -0.972  -197.925
190 2VW5_15_bbn                              0.020    -0.274     0.294   107.422
191 2VW5_16_asn                             -4.347    -4.070    -0.277    -6.811
192 2VW5_17_ala                             -0.489    -0.332    -0.157   -47.294
193 2VW5_18_asp                            -11.431    -7.549    -3.882   -51.427
194 2VW5_19_ala                             -1.624    -2.582     0.958    37.097
195 2VW5_20_lys                             -4.324    -7.131     2.807    39.358
196 2VW5_21_asp                             -5.774    -3.261    -2.513   -77.073
197 2VW5_22_ile                             -0.947    -1.419     0.472    33.292
198 2VW5_23_met                             -5.085    -5.163     0.078     1.509
199 2VW5_24_glu                             -4.141    -1.686    -2.455  -145.601
200 2VW5_25_asn                             -1.907    -3.585     1.678    46.811
201 2VW5_26_leu                             -1.660    -2.126     0.466    21.911
202 2VW5_28_val                             -0.620    -0.532    -0.088   -16.503
203 2VW5_29_phe                             -2.521    -3.111     0.590    18.970
204 2VW5_30_tyr                             -0.918    -1.018     0.100     9.799
205 2VW5_31_val                             -0.681    -0.452    -0.229   -50.644
206 2VW5_32_thr                             -3.535    -3.062    -0.473   -15.448
207 2VW5_33_leu                             -1.237    -0.936    -0.301   -32.202
208 2XB8_01_bbn                              1.584    -0.980     2.564   261.622
209 2XB8_02_bbn                             -2.751    -2.440    -0.311   -12.757
210 2XB8_03_bbn                             -0.857    -0.530    -0.327   -61.760
211 2XB8_04_bbn                             -1.803    -1.167    -0.636   -54.472
212 2XB8_05_bbn                             -0.508    -0.203    -0.305  -150.343
213 2XB8_06_bbn                              1.395    -0.342     1.737   507.882
214 2XB8_07_bbn                              0.695    -0.252     0.947   375.943
215 2XB8_08_bbn                             -3.670    -2.347    -1.323   -56.379
216 2XB8_09_bbn                             -2.941    -2.649    -0.292   -11.037
217 2XB8_10_bbn                             -0.516    -0.341    -0.175   -51.357
218 2XB8_11_bbn                              0.161    -0.778     0.939   120.700
219 2XB8_12_bbn                             -6.605    -3.719    -2.886   -77.594
220 2XB8_13_bbn                             -7.236    -3.811    -3.425   -89.863
221 2XB8_14_bbn                              2.303    -0.182     2.485  1365.292
222 2XB8_15_bbn                             -0.142    -0.160     0.018    11.308
223 2XB8_16_asn                             -0.129    -1.472     1.343    91.225
224 2XB8_17_leu                             -3.712    -3.981     0.269     6.763
225 2XB8_18_arg                             -7.066    -1.104    -5.962  -540.061
226 2XB8_19_leu                             -0.307    -0.585     0.278    47.563
227 2XB8_20_arg                             -6.395    -0.466    -5.929 -1272.266
228 2XB8_21_tyr                             -5.407    -6.256     0.849    13.572
229 2XB8_22_asn                             -2.566    -3.492     0.926    26.521
230 2XB8_23_thr                             -0.465    -0.393    -0.072   -18.421
231 2XB8_24_hid                             -5.600    -6.907     1.307    18.924
232 2XB8_25_hie                              1.797     1.777     0.020     1.139
233 2XB8_26_ile                             -1.922    -2.049     0.127     6.180
234 2XB8_27_ser                             -6.022    -4.462    -1.560   -34.951
235 2XB8_28_val                             -0.877    -1.414     0.537    37.955
236 2XB8_29_arg                            -17.816    -1.930   -15.886  -823.111
237 2XB8_30_arg                            -19.795    -4.639   -15.156  -326.712
238 2XB8_31_val                             -0.452    -0.558     0.106    19.032
239 2XB8_32_asp                              8.905    -5.161    14.066   272.550
240 2XB8_33_glu                              7.022    -0.155     7.177  4630.536
241 2YKI_01_bbn                              0.269    -0.247     0.516   208.986
242 2YKI_02_bbn                             -0.143    -0.216     0.073    33.900
243 2YKI_03_bbn                             -1.151    -1.690     0.539    31.889
244 2YKI_04_bbn                             -0.046    -0.299     0.253    84.601
245 2YKI_05_bbn                             -0.729    -0.457    -0.272   -59.564
246 2YKI_06_bbn                             -0.071    -0.454     0.383    84.471
247 2YKI_07_bbn                             -0.863    -1.448     0.585    40.419
248 2YKI_08_bbn                             -2.334    -3.961     1.627    41.086
249 2YKI_09_bbn                              0.540    -0.944     1.484   157.168
250 2YKI_10_bbn                             -0.586    -1.380     0.794    57.533
251 2YKI_11_bbn                             -2.417    -3.429     1.012    29.506
252 2YKI_12_bbn                             -0.156    -0.808     0.652    80.664
253 2YKI_13_bbn                             -0.063    -0.314     0.251    79.944
254 2YKI_14_bbn                             -1.541    -1.241    -0.300   -24.178
255 2YKI_15_bbn                             -0.072    -0.298     0.226    75.833
256 2YKI_16_bbn                              0.013    -0.137     0.150   109.693
257 2YKI_17_bbn                             -0.885    -0.404    -0.481  -119.077
258 2YKI_18_bbn                             -1.136    -0.823    -0.313   -38.033
259 2YKI_19_bbn                              0.287    -0.158     0.445   281.487
260 2YKI_20_bbn                              0.323    -0.142     0.465   327.340
261 2YKI_21_bbn                             -0.000    -0.403     0.403    99.961
262 2YKI_22_phe                             -2.707    -2.357    -0.350   -14.858
263 2YKI_23_gln                             -0.404    -0.219    -0.185   -84.325
264 2YKI_24_ile                             -2.058    -1.302    -0.756   -58.069
265 2YKI_25_leu                             -0.905    -0.363    -0.542  -149.386
266 2YKI_26_asn                             -3.969    -3.611    -0.358    -9.906
267 2YKI_27_ser                             -0.915    -1.233     0.318    25.755
268 2YKI_28_ala                             -0.624     0.879    -1.503  -170.972
269 2YKI_29_asp                             -8.032    -3.430    -4.602  -134.183
270 2YKI_30_ile                             -1.144    -0.243    -0.901  -370.599
271 2YKI_31_met                             -6.045    -5.801    -0.244    -4.212
272 2YKI_32_leu                             -2.223    -1.930    -0.293   -15.161
273 2YKI_33_ile                             -1.089    -0.249    -0.840  -337.190
274 2YKI_34_leu                             -6.433    -6.300    -0.133    -2.103
275 2YKI_35_ile                             -2.084    -1.187    -0.897   -75.546
276 2YKI_36_ala                             -2.153    -2.322     0.169     7.271
277 2YKI_37_val                             -1.453    -0.683    -0.770  -112.790
278 2YKI_38_phe                             -7.285    -7.188    -0.097    -1.354
279 2YKI_40_val                             -2.538    -2.151    -0.387   -17.980
280 2YKI_41_trp                             -4.429    -5.163     0.734    14.221
281 2YKI_42_phe                             -2.704    -2.104    -0.600   -28.536
282 2YKI_43_thr                             -3.673    -3.004    -0.669   -22.254
283 2YKI_44_val                             -1.608    -1.327    -0.281   -21.181
284 2ZX6_01_bbn                              0.720    -0.134     0.854   637.368
285 2ZX6_02_bbn                             -1.202    -1.046    -0.156   -14.893
286 2ZX6_03_bbn                             -0.734    -0.515    -0.219   -42.603
287 2ZX6_04_bbn                              0.463    -0.140     0.603   430.458
288 2ZX6_05_phe                             -1.204    -1.510     0.306    20.297
289 2ZX6_06_hid                            -13.237    -7.766    -5.471   -70.448
290 2ZX6_07_leu                             -2.071    -1.346    -0.725   -53.846
291 2ZX6_08_tyr                             -2.202    -3.248     1.046    32.202
292 2ZX6_09_glu                            -30.006    -8.566   -21.440  -250.287
293 2ZX6_10_trp                             -1.740    -3.448     1.708    49.529
294 2ZX6_11_hie                             -0.314    -3.576     3.262    91.215
295 2ZX6_12_hid                            -10.235    -7.356    -2.879   -39.141
296 2ZX6_13_tyr                             -0.040    -2.142     2.102    98.128
297 2ZX6_14_leu                             -0.720    -0.135    -0.585  -433.672
298 2ZX6_15_trp                             -1.422    -1.115    -0.307   -27.553
299 2ZX6_16_asp                            -38.261    -8.563   -29.698  -346.821
300 2ZX6_17_met                             -3.759    -1.973    -1.786   -90.504
301 2ZX6_18_arg                             16.834    -3.561    20.395   572.742
302 2ZX6_19_glu                            -41.974   -10.066   -31.908  -316.983
303 2ZX6_20_val                             -1.883    -1.099    -0.784   -71.320
304 2ZX6_21_asn                             -2.659    -0.455    -2.204  -484.367
305 2ZX6_22_thr                             -1.933    -0.619    -1.314  -212.312
306 2ZX6_23_phe                             -5.105    -4.570    -0.535   -11.706
307 3G0W_01_bbn                             -0.793    -1.103     0.310    28.097
308 3G0W_02_bbn                             -2.390    -3.158     0.768    24.319
309 3G0W_03_bbn                             -0.222    -0.522     0.300    57.433
310 3G0W_04_bbn                             -0.172    -0.417     0.245    58.805
311 3G0W_05_bbn                             -1.076    -2.268     1.192    52.577
312 3G0W_06_bbn                              0.100    -0.572     0.672   117.548
313 3G0W_07_bbn                             -0.479    -0.618     0.139    22.417
314 3G0W_08_bbn                             -1.235    -1.537     0.302    19.673
315 3G0W_09_bbn                             -0.766    -0.455    -0.311   -68.319
316 3G0W_10_bbn                             -0.129    -0.460     0.331    71.986
317 3G0W_11_bbn                              1.450    -0.337     1.787   530.376
318 3G0W_12_bbn                             -0.614    -0.239    -0.375  -157.012
319 3G0W_13_bbn                             -0.895    -0.380    -0.515  -135.523
320 3G0W_14_bbn                             -1.141    -1.278     0.137    10.746
321 3G0W_15_bbn                             -0.236    -0.259     0.023     8.848
322 3G0W_16_leu                             -2.243    -1.732    -0.511   -29.479
323 3G0W_17_leu                             -4.262    -4.259    -0.003    -0.069
324 3G0W_18_asn                             -6.018    -5.752    -0.266    -4.630
325 3G0W_19_leu                             -3.633    -3.092    -0.541   -17.500
326 3G0W_20_gln                             -0.083    -1.151     1.068    92.802
327 3G0W_21_trp                             -1.251    -1.449     0.198    13.630
328 3G0W_22_met                             -3.046    -1.763    -1.283   -72.758
329 3G0W_23_met                             -5.026    -4.666    -0.360    -7.710
330 3G0W_24_val                             -1.598    -1.185    -0.413   -34.875
331 3G0W_25_met                             -2.947    -2.173    -0.774   -35.633
332 3G0W_26_arg                             -5.658    -1.160    -4.498  -387.774
333 3G0W_27_phe                             -3.861    -4.138     0.277     6.701
334 3G0W_28_met                             -3.032    -1.955    -1.077   -55.066
335 3G0W_29_met                             -1.591    -0.951    -0.640   -67.275
336 3G0W_30_leu                             -2.424    -2.355    -0.069    -2.915
337 3G0W_31_phe                             -1.395    -1.401     0.006     0.406
338 3G0W_32_thr                             -3.089    -0.949    -2.140  -225.448
339 3G0W_33_leu                             -1.682    -0.504    -1.178  -233.646
340 3G0W_34_phe                             -2.098    -1.700    -0.398   -23.434
341 3G0W_35_met                             -1.512    -0.640    -0.872  -136.322
342 3G0W_36_ile                             -1.200    -0.533    -0.667  -125.139
343 3GCU_01_bbn                             -0.145    -0.306     0.161    52.713
344 3GCU_02_bbn                             -1.386    -1.130    -0.256   -22.688
345 3GCU_03_bbn                             -0.952    -1.106     0.154    13.961
346 3GCU_04_bbn                             -0.213    -0.699     0.486    69.582
347 3GCU_05_bbn                             -0.585    -0.746     0.161    21.631
348 3GCU_06_bbn                             -0.450    -0.490     0.040     8.169
349 3GCU_07_bbn                             -0.887    -0.485    -0.402   -82.866
350 3GCU_08_bbn                             -0.012    -0.225     0.213    94.843
351 3GCU_09_bbn                             -1.375    -2.111     0.736    34.867
352 3GCU_10_bbn                             -0.300    -0.511     0.211    41.343
353 3GCU_11_bbn                             -0.639    -0.389    -0.250   -64.329
354 3GCU_12_bbn                             -0.032    -0.267     0.235    88.085
355 3GCU_13_bbn                             -0.536    -0.711     0.175    24.587
356 3GCU_14_bbn                             -0.934    -0.674    -0.260   -38.557
357 3GCU_15_bbn                             -0.273    -0.424     0.151    35.538
358 3GCU_16_bbn                             -0.214    -0.300     0.086    28.830
359 3GCU_17_bbn                             -6.356    -3.782    -2.574   -68.058
360 3GCU_18_bbn                             -0.754    -0.720    -0.034    -4.717
361 3GCU_19_bbn                             -0.137    -0.320     0.183    57.163
362 3GCU_20_bbn                             -0.118    -0.233     0.115    49.394
363 3GCU_21_bbn                             -0.238    -1.603     1.365    85.130
364 3GCU_22_bbn                             -4.918    -4.884    -0.034    -0.703
365 3GCU_23_bbn                             -2.772    -2.597    -0.175    -6.726
366 3GCU_24_val                             -2.028    -1.634    -0.394   -24.118
367 3GCU_25_tyr                             -0.327    -0.316    -0.011    -3.570
368 3GCU_26_val                             -2.938    -2.929    -0.009    -0.299
369 3GCU_27_ala                             -1.982    -2.671     0.689    25.805
370 3GCU_28_lys                              1.320    -5.284     6.604   124.983
371 3GCU_29_arg                              1.036    -1.227     2.263   184.411
372 3GCU_30_arg                             -0.157    -1.763     1.606    91.120
373 3GCU_31_glu                            -16.029   -10.909    -5.120   -46.931
374 3GCU_32_leu                             -2.285    -1.857    -0.428   -23.062
375 3GCU_33_leu                             -3.648    -4.505     0.857    19.026
376 3GCU_34_met                             -1.679    -1.482    -0.197   -13.278
377 3GCU_35_val                             -1.224    -0.918    -0.306   -33.316
378 3GCU_36_ile                             -3.827    -3.001    -0.826   -27.529
379 3GCU_37_leu                             -2.313    -1.729    -0.584   -33.805
380 3GCU_38_thr                             -4.255    -3.272    -0.983   -30.036
381 3GCU_39_leu                             -2.006    -1.034    -0.972   -94.041
382 3GCU_40_met                             -1.755    -1.079    -0.676   -62.666
383 3GCU_41_ile                             -1.848    -1.443    -0.405   -28.072
384 3GCU_42_ile                             -0.937    -0.529    -0.408   -77.155
385 3GCU_43_hie                             -2.075    -2.328     0.253    10.862
386 3GCU_44_ile                             -1.032    -0.766    -0.266   -34.690
387 3GCU_45_leu                             -3.834    -2.902    -0.932   -32.119
388 3GCU_46_asp                             -3.978    -3.452    -0.526   -15.231
389 3GCU_47_phe                             -3.500    -4.343     0.843    19.401
390 3GCU_48_leu                             -0.973    -0.562    -0.411   -73.132
391 3GNW_01_pro                             -2.682    -2.478    -0.204    -8.229
392 3GNW_02_bbn                             -0.051    -0.287     0.236    82.223
393 3GNW_03_bbn                             -1.993    -3.019     1.026    33.981
394 3GNW_04_bbn                             -2.299    -3.795     1.496    39.432
395 3GNW_05_bbn                             -0.644    -0.764     0.120    15.768
396 3GNW_06_bbn                             -0.329    -0.597     0.268    44.956
397 3GNW_07_bbn                             -0.442    -0.738     0.296    40.088
398 3GNW_08_bbn                             -0.707    -1.103     0.396    35.876
399 3GNW_09_bbn                             -1.328    -1.891     0.563    29.758
400 3GNW_10_bbn                             -0.922    -0.953     0.031     3.228
401 3GNW_11_bbn                             -1.053    -1.064     0.011     1.071
402 3GNW_12_bbn                             -0.334    -0.735     0.401    54.551
403 3GNW_13_bbn                             -4.535    -2.261    -2.274  -100.570
404 3GNW_14_bbn                             -5.038    -3.316    -1.722   -51.926
405 3GNW_15_bbn                             -4.576    -3.432    -1.144   -33.322
406 3GNW_16_bbn                             -1.764    -0.650    -1.114  -171.360
407 3GNW_17_arg                              0.934    -1.325     2.259   170.476
408 3GNW_18_phe                             -1.197    -0.900    -0.297   -33.051
409 3GNW_19_arg                             -2.950    -3.592     0.642    17.882
410 3GNW_20_asn                             -1.693    -1.055    -0.638   -60.442
411 3GNW_21_asp                             -3.972    -0.332    -3.640 -1096.452
412 3GNW_22_cys                             -4.241    -5.571     1.330    23.870
413 3GNW_23_ser                             -4.570    -4.670     0.100     2.135
414 3GNW_24_ser                             -0.545    -1.888     1.343    71.120
415 3GNW_25_leu                             -3.033    -2.933    -0.100    -3.395
416 3GNW_26_arg                              4.702    -1.283     5.985   466.496
417 3GNW_27_ser                             -0.782    -0.564    -0.218   -38.733
418 3GNW_28_asn                             -1.098    -2.044     0.946    46.262
419 3GNW_29_met                             -5.469    -5.680     0.211     3.716
420 3GNW_30_tyr                             -4.106    -4.216     0.110     2.604
421 3GNW_31_gln                             -0.066    -1.268     1.202    94.808
422 3GNW_32_ile                             -1.088    -0.595    -0.493   -82.935
423 3GNW_33_tyr                             -4.883    -5.161     0.278     5.381
424 3GNW_34_hie                             -0.336    -0.255    -0.081   -31.874
425 3GNW_35_ser                             -5.680    -2.406    -3.274  -136.090
426 3JVS_01_bbn                             -2.057    -1.180    -0.877   -74.355
427 3JVS_02_bbn                             -4.719    -5.452     0.733    13.448
428 3JVS_03_bbn                             -0.821    -2.279     1.458    63.994
429 3JVS_04_bbn                             -1.754    -2.936     1.182    40.248
430 3JVS_05_bbn                             -6.517    -7.035     0.518     7.360
431 3JVS_06_pro                             -4.610    -4.758     0.148     3.109
432 3JVS_07_bbn                              0.324    -0.386     0.710   183.968
433 3JVS_08_pro                             -1.823    -1.481    -0.342   -23.108
434 3JVS_09_bbn                             -0.704    -0.558    -0.146   -26.115
435 3JVS_10_bbn                             -0.682    -0.360    -0.322   -89.432
436 3JVS_11_bbn                             -0.629    -0.904     0.275    30.374
437 3JVS_12_bbn                             -1.565    -2.445     0.880    35.996
438 3JVS_13_bbn                             -1.027    -1.413     0.386    27.352
439 3JVS_14_phe                             -5.658    -6.431     0.773    12.018
440 3JVS_15_asp                             -5.446    -1.018    -4.428  -434.994
441 3JVS_16_arg                              1.761    -0.295     2.056   696.989
442 3JVS_17_ile                             -4.154    -3.274    -0.880   -26.865
443 3JVS_18_glu                             -7.218    -5.010    -2.208   -44.064
444 3JVS_19_tyr                             -0.932    -1.009     0.077     7.620
445 3JVS_20_ala                             -0.880    -1.100     0.220    19.982
446 3JVS_21_glu                             -4.643    -0.345    -4.298 -1245.809
447 3JVS_22_leu                             -2.980    -2.826    -0.154    -5.447
448 3NOX_01_bbn                             -0.230    -0.214    -0.016    -7.413
449 3NOX_02_bbn                             -2.458    -1.057    -1.401  -132.534
450 3NOX_03_bbn                             -0.447    -0.388    -0.059   -15.085
451 3NOX_04_bbn                             -1.580    -1.660     0.080     4.791
452 3NOX_05_bbn                             -0.575    -1.733     1.158    66.841
453 3NOX_06_bbn                             -1.002    -0.297    -0.705  -237.475
454 3NOX_07_arg                             16.458    -3.626    20.084   553.894
455 3NOX_08_glu                            -40.500   -10.853   -29.647  -273.166
456 3NOX_09_glu                            -44.066    -9.173   -34.893  -380.388
457 3NOX_10_tyr                             -4.043    -4.631     0.588    12.697
458 3NOX_11_trp                             -1.809    -3.327     1.518    45.621
459 3NOX_12_ser                             -3.665    -2.759    -0.906   -32.846
460 3NOX_13_tyr                             -2.234    -2.358     0.124     5.268
461 3NOX_14_val                             -1.620    -0.094    -1.526 -1623.261
462 3NOX_15_trp                             -0.989    -0.937    -0.052    -5.583
463 3NOX_16_tyr                             -6.536    -5.588    -0.948   -16.967
464 3NOX_17_asp                            -27.310    -1.137   -26.173 -2301.912
465 3NOX_18_tyr                             -5.378    -4.833    -0.545   -11.277
466 3NOX_19_asn                             -2.968    -1.655    -1.313   -79.336
467 3NOX_20_val                             -2.862    -1.256    -1.606  -127.893
468 3NOX_21_hid                             -5.749    -1.416    -4.333  -306.013
469 3PE2_01_bbn                             -2.527    -3.011     0.484    16.067
470 3PE2_02_bbn                             -0.661    -2.667     2.006    75.210
471 3PE2_03_bbn                             -0.677    -0.967     0.290    29.966
472 3PE2_04_bbn                             -0.182    -0.298     0.116    38.983
473 3PE2_05_bbn                             -0.817    -0.895     0.078     8.693
474 3PE2_06_bbn                             -0.428    -0.325    -0.103   -31.811
475 3PE2_07_bbn                             -0.786    -0.758    -0.028    -3.709
476 3PE2_08_bbn                             -5.017    -2.279    -2.738  -120.133
477 3PE2_09_bbn                              0.724    -0.742     1.466   197.522
478 3PE2_10_bbn                             -0.106    -0.158     0.052    33.019
479 3PE2_11_bbn                             -0.367    -0.710     0.343    48.252
480 3PE2_12_bbn                             -8.107    -3.919    -4.188  -106.860
481 3PE2_13_bbn                             -2.140    -0.512    -1.628  -318.025
482 3PE2_14_leu                             -2.695    -2.955     0.260     8.790
483 3PE2_15_arg                             -6.254    -0.494    -5.760 -1166.087
484 3PE2_16_val                             -4.078    -4.473     0.395     8.838
485 3PE2_17_val                             -2.736    -4.138     1.402    33.891
486 3PE2_18_lys                            -34.106    -7.299   -26.807  -367.276
487 3PE2_19_ile                             -2.620    -2.431    -0.189    -7.762
488 3PE2_20_phe                             -2.699    -4.037     1.338    33.156
489 3PE2_21_hid                             -1.389    -1.624     0.235    14.487
490 3PE2_22_val                             -0.864    -0.770    -0.094   -12.171
491 3PE2_23_asn                             -0.211    -0.575     0.364    63.260
492 3PE2_24_hid                             -2.119    -1.429    -0.690   -48.261
493 3PE2_25_met                             -2.660    -2.741     0.081     2.968
494 3PE2_26_ile                             -4.390    -4.740     0.350     7.392
495 3PE2_27_asp                             21.600    -0.354    21.954  6201.800
496 3PE2_28_trp                             -1.455    -0.187    -1.268  -678.326
497 4GID_01_bbn                             -1.142    -0.872    -0.270   -30.932
498 4GID_02_bbn                             -0.351     0.391    -0.742  -189.791
499 4GID_03_bbn                             -2.210    -1.970    -0.240   -12.188
500 4GID_04_bbn                             -4.773    -3.534    -1.239   -35.063
501 4GID_05_bbn                             -0.252    -0.819     0.567    69.239
502 4GID_06_bbn                              0.405    -1.602     2.007   125.272
503 4GID_07_bbn                             -6.781    -3.878    -2.903   -74.863
504 4GID_08_bbn                             -0.471    -0.480     0.009     1.949
505 4GID_09_pro                             -1.458    -0.770    -0.688   -89.365
506 4GID_10_bbn                             -1.712    -2.336     0.624    26.706
507 4GID_11_bbn                             -1.116    -4.221     3.105    73.570
508 4GID_12_bbn                             -2.038    -3.177     1.139    35.847
509 4GID_13_bbn                             -1.052     0.213    -1.265  -593.993
510 4GID_14_bbn                             -1.130    -0.282    -0.848  -300.537
511 4GID_15_bbn                             -1.291    -0.560    -0.731  -130.621
512 4GID_16_bbn                             -2.010    -0.641    -1.369  -213.505
513 4GID_17_bbn                              0.083    -0.135     0.218   161.394
514 4GID_18_bbn                             -1.661    -0.484    -1.177  -243.202
515 4GID_19_bbn                             -1.082    -0.404    -0.678  -167.887
516 4GID_20_bbn                             -1.336    -3.343     2.007    60.032
517 4GID_21_bbn                             -7.955    -9.158     1.203    13.135
518 4GID_22_bbn                             -5.997    -6.153     0.156     2.533
519 4GID_23_bbn                             -3.359    -2.717    -0.642   -23.620
520 4GID_24_bbn                             -0.099    -0.496     0.397    80.008
521 4GID_25_ser                             -0.131    -0.087    -0.044   -50.396
522 4GID_26_gln                             -0.917    -0.383    -0.534  -139.466
523 4GID_27_tyr                             -0.437    -1.136     0.699    61.566
524 4GID_28_leu                             -2.814    -2.872     0.058     2.030
525 4GID_29_asp                            -31.249    -3.315   -27.934  -842.666
526 4GID_30_ser                             -0.544    -1.974     1.430    72.467
527 4GID_31_val                             -1.433    -0.828    -0.605   -73.104
528 4GID_32_tyr                             -6.068    -8.971     2.903    32.363
529 4GID_33_thr                              2.306     3.200    -0.894   -27.948
530 4GID_34_gln                             -4.769    -5.721     0.952    16.638
531 4GID_35_phe                             -2.474    -2.960     0.486    16.403
532 4GID_36_ile                             -2.103    -1.955    -0.148    -7.551
533 4GID_37_trp                             -2.460    -2.845     0.385    13.534
534 4GID_38_ile                             -2.427    -1.981    -0.446   -22.489
535 4GID_39_ile                             -1.914    -1.502    -0.412   -27.397
536 4GID_40_arg                              9.676    -0.888    10.564  1189.643
537 4GID_41_tyr                             -2.532    -2.281    -0.251   -11.024
538 4GID_42_ile                             -1.561    -1.130    -0.431   -38.160
539 4GID_43_asp                            -39.689    -9.099   -30.590  -336.194
540 4GID_44_thr                             -4.267    -4.582     0.315     6.864
541 4GID_45_thr                             -3.576    -2.270    -1.306   -57.520
542 4GID_46_asn                             -4.108    -2.547    -1.561   -61.269
543 4GID_47_arg                             10.019    -1.902    11.921   626.739
544 4GID_48_lys                              8.504     0.007     8.497121387.450
545 4GID_49_ser                             -0.362    -0.441     0.079    17.842
546 4GID_50_val                             -1.552    -0.849    -0.703   -82.745
547 4GID_51_ala                             -0.894    -1.084     0.190    17.505
==========================================================================================
RMSE                6.184   kcal/mol
MUE                 2.336   kcal/mol
------------------------------------------------------------------------------------------
MSE                -0.908   kcal/mol
min               -34.893   kcal/mol
max                21.954   kcal/mol
range              56.847   kcal/mol
min abs             0.003   kcal/mol
max abs            34.893   kcal/mol
==========================================================================================
RMSE             5224.248   %
MUE               403.040   %
MSE               236.325   %
min             -2301.912   %
max            121387.450   %
range          123689.363   %
min abs             0.069   %
max abs        121387.450   %
------------------------------------------------------------------------------------------
RMSE/|avg|        286.706   %
MUE/|avg|         108.292   %
==========================================================================================
Statistics for groups:
neutral-neutral(225)RMSE      0.770   MSE      -0.047   kcal/mol
charged-neutral(280)RMSE      1.711   MSE      -0.188   kcal/mol
charged-charged(42) RMSE     21.802   MSE     -10.319   kcal/mol
--------------------------------------------------------------------------------
neutral-neutralRMSE/|avg|     44.59 %
charged-neutralRMSE/|avg|     80.56 %
charged-chargedRMSE/|avg|     465.19 %
==========================================================================================

