WARNING: Interface orbital is under development and should be used with care:
         Only basic functionality, no error checks
        _______  
       /\______\ 
      / /      / 
     / / Cuby /   Dataset calculation
     \/______/   
                 
==========================================================================================
name                                             E      Eref     error  error(%)
------------------------------------------------------------------------------------------
01 10GS_01_bbn                              -2.511    -2.184    -0.327   -14.972
02 10GS_02_bbn                              -0.845    -0.132    -0.713  -539.775
03 10GS_03_bbn                              -0.529     0.428    -0.957  -223.650
04 10GS_04_bbn                               3.952     4.504    -0.552   -12.250
05 10GS_05_bbn                             -12.690   -11.437    -1.253   -10.956
06 10GS_06_pro                              -7.769    -6.883    -0.886   -12.878
07 10GS_07_bbn                              -6.587    -6.112    -0.475    -7.774
08 10GS_08_bbn                             -14.863   -14.282    -0.581    -4.070
09 10GS_09_bbn                              -4.605    -4.063    -0.542   -13.349
10 10GS_10_bbn                              -4.279    -3.957    -0.322    -8.133
11 10GS_11_bbn                              -1.374    -0.762    -0.612   -80.279
12 10GS_12_tyr                              -8.423    -7.821    -0.602    -7.691
13 10GS_13_phe                              -6.002    -5.857    -0.145    -2.469
14 10GS_14_val                              -1.391    -1.308    -0.083    -6.316
15 10GS_15_arg                             -54.724   -53.819    -0.905    -1.681
16 10GS_16_val                              -0.653    -0.618    -0.035    -5.677
17 10GS_17_trp                             -20.110   -19.558    -0.552    -2.825
18 10GS_18_lys                             -89.225   -89.344     0.119     0.134
19 10GS_19_gln                             -34.478   -32.038    -2.440    -7.617
20 10GS_20_leu                              -2.072    -1.287    -0.785   -60.983
21 10GS_21_gln                             -11.519   -10.897    -0.622    -5.708
22 10GS_22_ser                             -11.367   -11.270    -0.097    -0.861
23 10GS_23_tyr                              -1.824    -1.617    -0.207   -12.809
24 10GS_24_asp                              24.198    19.608     4.590    23.408
25 10GS_25_asp                             -14.751   -14.741    -0.010    -0.065
26 2CET_01_bbn                               0.338     0.231     0.107    46.234
27 2CET_02_bbn                              -1.227    -0.814    -0.413   -50.779
28 2CET_03_ala                              -0.155    -0.260     0.105    40.452
29 2CET_04_gln                             -10.494    -9.867    -0.627    -6.358
30 2CET_05_arg                              38.487    34.922     3.565    10.208
31 2CET_06_hie                              -1.858    -1.059    -0.799   -75.440
32 2CET_07_trp                              -5.517    -5.045    -0.472    -9.364
33 2CET_08_asn                              -2.612    -2.421    -0.191    -7.903
34 2CET_09_glu                            -104.245  -103.150    -1.095    -1.062
35 2CET_10_val                              -1.959    -2.021     0.062     3.056
36 2CET_11_val                              -0.388    -0.645     0.257    39.772
37 2CET_12_hie                               0.631    -0.152     0.783   514.843
38 2CET_13_asn                              -0.282    -0.471     0.189    40.233
39 2CET_14_asn                               3.299     3.300    -0.001    -0.025
40 2CET_15_tyr                              -7.364    -6.712    -0.652    -9.715
41 2CET_16_met                              -0.721    -0.626    -0.095   -15.119
42 2CET_17_trp                              -4.932    -4.775    -0.157    -3.286
43 2CET_18_glu                             -93.537   -92.916    -0.621    -0.668
44 2CET_19_trp                             -10.449    -9.608    -0.841    -8.756
45 2CET_20_asn                              -0.101     0.300    -0.401  -133.780
46 2CET_21_glu                            -111.227  -110.346    -0.881    -0.798
47 2CET_22_trp                              -3.063    -2.321    -0.742   -31.957
48 2CET_23_phe                              -5.923    -5.529    -0.394    -7.122
49 2FVD_01_bbn                              -0.923    -1.071     0.148    13.789
50 2FVD_02_bbn                              -0.822    -0.993     0.171    17.222
51 2FVD_03_bbn                              -0.653    -0.802     0.149    18.568
52 2FVD_04_bbn                              -0.597    -0.422    -0.175   -41.417
53 2FVD_05_bbn                              -5.765    -5.863     0.098     1.669
54 2FVD_06_bbn                              -3.569    -3.338    -0.231    -6.933
55 2FVD_07_bbn                              -8.276    -8.131    -0.145    -1.785
56 2FVD_08_bbn                              -2.916    -2.300    -0.616   -26.798
57 2FVD_09_bbn                              -8.152    -7.877    -0.275    -3.495
58 2FVD_10_bbn                               1.340     1.604    -0.264   -16.462
59 2FVD_11_bbn                              -1.464    -1.444    -0.020    -1.371
60 2FVD_12_bbn                               0.124     0.235    -0.111   -47.293
61 2FVD_13_bbn                              -3.412    -3.477     0.065     1.875
62 2FVD_14_bbn                               0.034     0.073    -0.039   -53.726
63 2FVD_15_bbn                              -0.169    -0.301     0.132    43.887
64 2FVD_16_bbn                              -3.187    -3.018    -0.169    -5.586
65 2FVD_17_ile                              -4.200    -3.780    -0.420   -11.111
66 2FVD_18_val                              -2.984    -2.692    -0.292   -10.844
67 2FVD_19_ala                              -2.134    -1.773    -0.361   -20.348
68 2FVD_20_lys                              -5.056    -5.495     0.439     7.994
69 2FVD_21_val                              -1.092    -1.148     0.056     4.859
70 2FVD_22_phe                              -2.308    -2.355     0.047     1.983
71 2FVD_23_glu                               1.194    -1.405     2.599   184.951
72 2FVD_24_phe                              -3.254    -3.086    -0.168    -5.449
73 2FVD_25_leu                              -1.284    -1.099    -0.185   -16.801
74 2FVD_26_hie                              -0.484    -0.527     0.043     8.125
75 2FVD_27_gln                              -3.828    -3.566    -0.262    -7.359
76 2FVD_28_asp                              -9.650    -9.816     0.166     1.693
77 2FVD_29_lys                             -20.617   -18.966    -1.651    -8.706
78 2FVD_30_asn                              -4.650    -4.527    -0.123    -2.726
79 2FVD_31_leu                              -4.876    -4.344    -0.532   -12.237
80 2FVD_32_ala                              -1.241    -1.161    -0.080    -6.927
81 2FVD_33_asp                              -9.481    -9.472    -0.009    -0.094
82 2OBF_01_bbn                              -0.282    -0.518     0.236    45.656
83 2OBF_02_bbn                              -8.141    -7.805    -0.336    -4.305
84 2OBF_03_bbn                               0.248     0.825    -0.577   -69.973
85 2OBF_04_bbn                              -4.301    -3.767    -0.534   -14.185
86 2OBF_05_bbn                              -0.439    -0.402    -0.037    -9.239
87 2OBF_06_bbn                              -1.013    -0.817    -0.196   -24.040
88 2OBF_07_pro                              -1.126    -1.039    -0.087    -8.374
89 2OBF_08_bbn                               0.676     0.362     0.314    86.630
90 2OBF_09_bbn                              -0.394    -0.473     0.079    16.681
91 2OBF_10_bbn                              -5.416    -5.683     0.267     4.697
92 2OBF_11_bbn                               0.552     0.668    -0.116   -17.404
93 2OBF_12_bbn                               1.284     1.836    -0.552   -30.085
94 2OBF_13_bbn                              -2.984    -2.971    -0.013    -0.434
95 2OBF_14_tyr                              -7.026    -6.909    -0.117    -1.697
96 2OBF_15_asn                              -7.454    -7.005    -0.449    -6.412
97 2OBF_16_tyr                              -6.508    -5.912    -0.596   -10.086
98 2OBF_17_arg                              39.185    41.108    -1.923    -4.678
99 2OBF_18_leu                              -0.495    -0.537     0.042     7.739
100 2OBF_19_val                             -2.635    -2.422    -0.213    -8.788
101 2OBF_20_ala                             -0.726    -0.973     0.247    25.357
102 2OBF_21_leu                             -1.295    -1.240    -0.055    -4.428
103 2OBF_22_tyr                             -4.189    -3.891    -0.298    -7.652
104 2OBF_23_tyr                             -3.108    -2.925    -0.183    -6.249
105 2OBF_24_phe                            -10.179    -9.337    -0.842    -9.019
106 2OBF_25_ala                             -0.200    -0.605     0.405    66.964
107 2OBF_26_ala                             -1.261    -1.585     0.324    20.434
108 2OBF_27_glu                           -135.346  -135.109    -0.237    -0.175
109 2OBF_28_tyr                             -9.098    -8.661    -0.437    -5.047
110 2OBF_29_val                             -0.783    -0.943     0.160    17.012
111 2OBF_30_met                             -0.315    -0.341     0.026     7.542
112 2OBF_31_asp                            -82.198   -82.912     0.714     0.861
113 2OBF_32_val                             -1.880    -1.915     0.035     1.805
114 2OBF_33_val                             -1.250    -1.506     0.256    17.008
115 2P4Y_01_bbn                              0.056     0.633    -0.577   -91.106
116 2P4Y_02_bbn                             -3.513    -3.158    -0.355   -11.245
117 2P4Y_03_bbn                             -1.971    -1.621    -0.350   -21.561
118 2P4Y_04_bbn                             -1.115    -0.504    -0.611  -121.179
119 2P4Y_05_bbn                             -3.547    -3.285    -0.262    -7.973
120 2P4Y_06_bbn                             -1.182    -1.259     0.077     6.092
121 2P4Y_07_bbn                             -2.725    -1.965    -0.760   -38.673
122 2P4Y_08_bbn                             -2.139    -1.945    -0.194    -9.995
123 2P4Y_09_bbn                             -0.822    -0.814    -0.008    -0.981
124 2P4Y_10_bbn                             -1.351    -1.060    -0.291   -27.472
125 2P4Y_11_bbn                             -1.993    -1.549    -0.444   -28.665
126 2P4Y_12_bbn                             -2.128    -1.648    -0.480   -29.135
127 2P4Y_13_bbn                             -0.383     0.388    -0.771  -198.670
128 2P4Y_14_bbn                             -7.285    -7.223    -0.062    -0.862
129 2P4Y_15_bbn                            -22.329   -22.002    -0.327    -1.485
130 2P4Y_16_bbn                             -6.632    -6.373    -0.259    -4.067
131 2P4Y_17_phe                             -0.034    -0.118     0.084    71.373
132 2P4Y_18_ile                             -1.081    -0.958    -0.123   -12.835
133 2P4Y_19_cys                             -5.495    -5.376    -0.119    -2.212
134 2P4Y_20_phe                             -1.700    -1.502    -0.198   -13.200
135 2P4Y_21_arg                            -72.267   -70.559    -1.708    -2.421
136 2P4Y_22_ser                             -2.184    -1.952    -0.232   -11.908
137 2P4Y_23_ala                             -2.179    -2.010    -0.169    -8.399
138 2P4Y_24_glu                             18.590    19.435    -0.845    -4.346
139 2P4Y_25_ile                             -1.025    -1.935     0.910    47.046
140 2P4Y_26_ile                             -2.770    -2.787     0.017     0.611
141 2P4Y_27_tyr                             -2.049    -1.841    -0.208   -11.316
142 2P4Y_28_met                             -2.702    -2.641    -0.061    -2.325
143 2P4Y_29_leu                             -4.932    -4.607    -0.325    -7.052
144 2P4Y_30_leu                             -2.804    -2.673    -0.131    -4.891
145 2P4Y_31_val                             -1.503    -1.593     0.090     5.636
146 2P4Y_32_ile                             -8.389    -7.524    -0.865   -11.493
147 2P4Y_33_ser                             -4.054    -3.787    -0.267    -7.040
148 2P4Y_34_met                             -2.094    -2.077    -0.017    -0.836
149 2P4Y_35_leu                             -1.453    -1.370    -0.083    -6.025
150 2P4Y_36_phe                             -1.531    -1.510    -0.021    -1.415
151 2P4Y_37_met                             -3.333    -3.066    -0.267    -8.707
152 2P4Y_38_lys                            -31.415   -28.948    -2.467    -8.524
153 2P4Y_39_hie                             -1.284    -1.154    -0.130   -11.234
154 2VOT_01_bbn                              2.286     2.471    -0.185    -7.495
155 2VOT_02_bbn                              1.070     0.834     0.236    28.262
156 2VOT_03_bbn                              1.802     1.814    -0.012    -0.683
157 2VOT_04_trp                             -2.747    -1.855    -0.892   -48.110
158 2VOT_05_asp                           -109.267  -108.715    -0.552    -0.508
159 2VOT_06_trp                             -2.139    -0.130    -2.009 -1545.697
160 2VOT_07_arg                             40.829    41.149    -0.320    -0.778
161 2VOT_08_trp                             -2.432    -1.687    -0.745   -44.171
162 2VOT_09_cys                             -1.757    -1.784     0.027     1.538
163 2VOT_10_asn                             -3.795    -3.554    -0.241    -6.771
164 2VOT_11_glu                           -109.898  -109.350    -0.548    -0.501
165 2VOT_12_glu                            -44.714   -45.354     0.640     1.412
166 2VOT_13_trp                             -0.586    -0.448    -0.138   -30.697
167 2VOT_14_trp                             -0.045     0.355    -0.400  -112.687
168 2VOT_15_hip                             52.652    52.496     0.156     0.297
169 2VOT_16_trp                             -8.220    -7.689    -0.531    -6.904
170 2VOT_17_tyr                             -4.662    -4.084    -0.578   -14.144
171 2VOT_18_glu                           -111.947  -111.797    -0.150    -0.134
172 2VOT_19_ser                              0.580     0.657    -0.077   -11.736
173 2VOT_20_ser                             -1.312    -1.306    -0.006    -0.444
174 2VOT_21_trp                            -15.179   -14.338    -0.841    -5.862
175 2VOT_22_trp                             -7.905    -7.156    -0.749   -10.460
176 2VW5_01_bbn                             -1.588    -1.602     0.014     0.895
177 2VW5_02_bbn                             -2.027    -2.012    -0.015    -0.736
178 2VW5_03_bbn                             -0.124    -0.165     0.041    24.933
179 2VW5_04_bbn                             -0.315    -0.347     0.032     9.141
180 2VW5_05_bbn                             -1.520    -1.513    -0.007    -0.470
181 2VW5_06_bbn                             -0.146     0.010    -0.156 -1563.804
182 2VW5_07_bbn                              0.191    -0.062     0.253   408.743
183 2VW5_08_bbn                             -0.315    -0.306    -0.009    -3.033
184 2VW5_09_bbn                             -1.971    -1.959    -0.012    -0.587
185 2VW5_10_bbn                             -0.642    -0.747     0.105    14.080
186 2VW5_11_bbn                             -4.121    -3.942    -0.179    -4.545
187 2VW5_12_bbn                             -0.124     0.092    -0.216  -234.631
188 2VW5_13_bbn                             -7.612    -7.609    -0.003    -0.037
189 2VW5_14_bbn                             -2.353    -2.653     0.300    11.295
190 2VW5_15_bbn                              0.225     0.119     0.106    89.244
191 2VW5_16_asn                             -6.418    -6.153    -0.265    -4.310
192 2VW5_17_ala                             -0.324    -0.437     0.113    25.921
193 2VW5_18_asp                            -27.733   -27.702    -0.031    -0.114
194 2VW5_19_ala                             -1.712    -1.574    -0.138    -8.737
195 2VW5_20_lys                            -16.856   -16.841    -0.015    -0.091
196 2VW5_21_asp                            -18.692   -20.676     1.984     9.597
197 2VW5_22_ile                             -0.980    -0.966    -0.014    -1.410
198 2VW5_23_met                             -6.418    -5.847    -0.571    -9.769
199 2VW5_24_glu                             -5.754    -6.855     1.101    16.063
200 2VW5_25_asn                             -2.218    -1.838    -0.380   -20.687
201 2VW5_26_leu                             -1.565    -1.397    -0.168   -12.036
202 2VW5_28_val                             -0.591    -0.688     0.097    14.077
203 2VW5_29_phe                             -4.099    -3.685    -0.414   -11.225
204 2VW5_30_tyr                             -1.036    -1.319     0.283    21.461
205 2VW5_31_val                             -0.490    -0.469    -0.021    -4.437
206 2VW5_32_thr                             -4.797    -4.575    -0.222    -4.848
207 2VW5_33_leu                             -0.833    -0.905     0.072     7.929
208 2XB8_01_bbn                              3.187     2.947     0.240     8.130
209 2XB8_02_bbn                             -3.727    -3.648    -0.079    -2.168
210 2XB8_03_bbn                             -2.139    -2.281     0.142     6.208
211 2XB8_04_bbn                             -2.995    -3.228     0.233     7.213
212 2XB8_05_bbn                             -1.486    -1.707     0.221    12.928
213 2XB8_06_bbn                              1.959     1.795     0.164     9.150
214 2XB8_07_bbn                             -0.270     0.743    -1.013  -136.372
215 2XB8_08_bbn                             -9.042    -8.427    -0.615    -7.296
216 2XB8_09_bbn                             -5.371    -4.519    -0.852   -18.855
217 2XB8_10_bbn                             -1.937    -1.881    -0.056    -2.963
218 2XB8_11_bbn                             -3.918    -3.191    -0.727   -22.798
219 2XB8_12_bbn                            -18.816   -18.509    -0.307    -1.656
220 2XB8_13_bbn                            -19.108   -18.726    -0.382    -2.041
221 2XB8_14_bbn                              2.601     3.105    -0.504   -16.230
222 2XB8_15_bbn                             -1.025    -1.108     0.083     7.521
223 2XB8_16_asn                              0.721     0.457     0.264    57.690
224 2XB8_17_leu                             -4.560    -4.157    -0.403    -9.702
225 2XB8_18_arg                            -27.024   -24.340    -2.684   -11.027
226 2XB8_19_leu                             -0.405    -0.451     0.046    10.119
227 2XB8_20_arg                            -24.907   -19.929    -4.978   -24.980
228 2XB8_21_tyr                             -9.053    -7.905    -1.148   -14.523
229 2XB8_22_asn                             -9.312    -9.067    -0.245    -2.703
230 2XB8_23_thr                             -1.272    -1.159    -0.113    -9.783
231 2XB8_24_hid                             -5.033    -4.787    -0.246    -5.144
232 2XB8_25_hie                              2.252     3.033    -0.781   -25.750
233 2XB8_26_ile                             -3.783    -3.670    -0.113    -3.089
234 2XB8_27_ser                            -13.484   -13.012    -0.472    -3.627
235 2XB8_28_val                             -1.509    -1.439    -0.070    -4.854
236 2XB8_29_arg                            -50.355   -51.470     1.115     2.167
237 2XB8_30_arg                            -58.034   -58.856     0.822     1.396
238 2XB8_31_val                             -0.563    -0.697     0.134    19.225
239 2XB8_32_asp                             28.567    28.727    -0.160    -0.558
240 2XB8_33_glu                             23.792    22.273     1.519     6.822
241 2YKI_01_bbn                              0.270     0.150     0.120    80.161
242 2YKI_02_bbn                             -0.158    -0.223     0.065    29.309
243 2YKI_03_bbn                             -0.766    -0.885     0.119    13.482
244 2YKI_04_bbn                             -0.417    -0.501     0.084    16.842
245 2YKI_05_bbn                             -0.901    -1.095     0.194    17.735
246 2YKI_06_bbn                             -0.890    -0.852    -0.038    -4.406
247 2YKI_07_bbn                             -0.743    -1.001     0.258    25.758
248 2YKI_08_bbn                             -9.988   -10.123     0.135     1.337
249 2YKI_09_bbn                              0.045    -0.006     0.051   850.669
250 2YKI_10_bbn                             -1.036    -1.105     0.069     6.251
251 2YKI_11_bbn                             -4.493    -4.313    -0.180    -4.168
252 2YKI_12_bbn                             -1.002    -1.057     0.055     5.190
253 2YKI_13_bbn                             -0.236    -0.391     0.155    39.524
254 2YKI_14_bbn                             -1.644    -1.846     0.202    10.944
255 2YKI_15_bbn                             -0.079    -0.336     0.257    76.542
256 2YKI_16_bbn                              0.056    -0.240     0.296   123.458
257 2YKI_17_bbn                             -2.522    -2.670     0.148     5.534
258 2YKI_18_bbn                             -1.621    -1.851     0.230    12.402
259 2YKI_19_bbn                              0.282     0.096     0.186   193.230
260 2YKI_20_bbn                              0.236     0.160     0.076    47.788
261 2YKI_21_bbn                              0.191    -0.036     0.227   631.724
262 2YKI_22_phe                             -1.666    -2.016     0.350    17.337
263 2YKI_23_gln                             -0.721    -0.677    -0.044    -6.446
264 2YKI_24_ile                             -0.754    -1.114     0.360    32.278
265 2YKI_25_leu                             -0.315    -0.415     0.100    24.029
266 2YKI_26_asn                             -7.499    -7.324    -0.175    -2.392
267 2YKI_27_ser                              0.321     0.118     0.203   171.958
268 2YKI_28_ala                             -0.329    -0.284    -0.045   -15.970
269 2YKI_29_asp                            -26.461   -25.837    -0.624    -2.415
270 2YKI_30_ile                             -0.304    -0.373     0.069    18.493
271 2YKI_31_met                             -7.544    -7.012    -0.532    -7.590
272 2YKI_32_leu                             -1.554    -1.697     0.143     8.433
273 2YKI_33_ile                             -0.236    -0.356     0.120    33.578
274 2YKI_34_leu                             -6.351    -5.688    -0.663   -11.650
275 2YKI_35_ile                             -0.957    -1.195     0.238    19.908
276 2YKI_36_ala                             -1.458    -1.598     0.140     8.750
277 2YKI_37_val                             -0.580    -0.790     0.210    26.596
278 2YKI_38_phe                             -8.772    -8.399    -0.373    -4.436
279 2YKI_40_val                             -1.374    -1.733     0.359    20.731
280 2YKI_41_trp                             -6.148    -6.213     0.065     1.047
281 2YKI_42_phe                             -2.432    -2.736     0.304    11.105
282 2YKI_43_thr                             -3.671    -3.713     0.042     1.137
283 2YKI_44_val                             -0.721    -0.972     0.251    25.860
284 2ZX6_01_bbn                              2.770     2.718     0.052     1.912
285 2ZX6_02_bbn                             -0.664    -0.331    -0.333  -100.708
286 2ZX6_03_bbn                             -0.845    -0.366    -0.479  -130.738
287 2ZX6_04_bbn                              1.655     1.694    -0.039    -2.289
288 2ZX6_05_phe                             -2.534    -2.454    -0.080    -3.240
289 2ZX6_06_hid                            -21.799   -21.607    -0.192    -0.891
290 2ZX6_07_leu                             -1.498    -1.413    -0.085    -5.986
291 2ZX6_08_tyr                             -4.054    -3.321    -0.733   -22.060
292 2ZX6_09_glu                            -81.286   -80.174    -1.112    -1.387
293 2ZX6_10_trp                             -2.117    -1.055    -1.062  -100.653
294 2ZX6_11_hie                             -1.543    -1.054    -0.489   -46.359
295 2ZX6_12_hid                            -18.117   -18.071    -0.046    -0.257
296 2ZX6_13_tyr                             -0.383    -0.065    -0.318  -488.986
297 2ZX6_14_leu                             -0.259    -0.230    -0.029   -12.600
298 2ZX6_15_trp                             -3.513    -3.758     0.245     6.516
299 2ZX6_16_asp                           -110.157  -110.036    -0.121    -0.110
300 2ZX6_17_met                             -4.481    -4.204    -0.277    -6.601
301 2ZX6_18_arg                             55.242    55.564    -0.322    -0.580
302 2ZX6_19_glu                           -113.276  -111.740    -1.536    -1.375
303 2ZX6_20_val                             -0.963    -1.102     0.139    12.638
304 2ZX6_21_asn                             -5.731    -5.871     0.140     2.379
305 2ZX6_22_thr                             -2.556    -2.562     0.006     0.233
306 2ZX6_23_phe                             -8.997    -8.275    -0.722    -8.722
307 3G0W_01_bbn                             -0.236    -0.280     0.044    15.550
308 3G0W_02_bbn                             -3.558    -3.220    -0.338   -10.502
309 3G0W_03_bbn                              0.045     0.001     0.044  4404.013
310 3G0W_04_bbn                             -0.169    -0.022    -0.147  -667.730
311 3G0W_05_bbn                             -0.901    -0.757    -0.144   -18.996
312 3G0W_06_bbn                              0.113     0.348    -0.235   -67.644
313 3G0W_07_bbn                             -0.766    -0.797     0.031     3.929
314 3G0W_08_bbn                             -0.428    -0.335    -0.093   -27.726
315 3G0W_09_bbn                             -1.013    -1.026     0.013     1.228
316 3G0W_10_bbn                             -0.518     1.077    -1.595  -148.093
317 3G0W_11_bbn                              2.579     2.491     0.088     3.515
318 3G0W_12_bbn                             -0.248    -0.473     0.225    47.628
319 3G0W_13_bbn                             -1.802    -1.851     0.049     2.669
320 3G0W_14_bbn                             -0.991    -0.879    -0.112   -12.728
321 3G0W_15_bbn                             -0.304    -0.077    -0.227  -294.832
322 3G0W_16_leu                             -1.768    -1.582    -0.186   -11.746
323 3G0W_17_leu                             -4.493    -4.177    -0.316    -7.559
324 3G0W_18_asn                            -14.751   -15.230     0.479     3.147
325 3G0W_19_leu                             -2.725    -2.527    -0.198    -7.833
326 3G0W_20_gln                              0.709     0.770    -0.061    -7.872
327 3G0W_21_trp                             -0.991    -1.224     0.233    19.046
328 3G0W_22_met                             -2.928    -2.943     0.015     0.523
329 3G0W_23_met                             -5.247    -6.038     0.791    13.097
330 3G0W_24_val                             -1.002    -2.021     1.019    50.414
331 3G0W_25_met                             -2.815    -2.591    -0.224    -8.646
332 3G0W_26_arg                            -21.101   -18.754    -2.347   -12.516
333 3G0W_27_phe                             -3.705    -3.633    -0.072    -1.969
334 3G0W_28_met                             -2.139    -2.138    -0.001    -0.066
335 3G0W_29_met                             -1.058    -0.973    -0.085    -8.781
336 3G0W_30_leu                             -1.993    -1.954    -0.039    -1.997
337 3G0W_31_phe                             -0.619    -0.746     0.127    16.984
338 3G0W_32_thr                             -5.101    -4.362    -0.739   -16.937
339 3G0W_33_leu                             -1.149    -0.959    -0.190   -19.763
340 3G0W_34_phe                             -2.398    -2.385    -0.013    -0.561
341 3G0W_35_met                             -0.698    -0.625    -0.073   -11.700
342 3G0W_36_ile                             -0.574    -0.474    -0.100   -21.152
343 3GCU_01_bbn                             -0.191    -0.282     0.091    32.120
344 3GCU_02_bbn                             -3.187    -3.124    -0.063    -2.004
345 3GCU_03_bbn                             -1.295    -1.441     0.146    10.139
346 3GCU_04_bbn                             -0.912    -1.028     0.116    11.278
347 3GCU_05_bbn                             -0.619    -0.689     0.070    10.116
348 3GCU_06_bbn                             -0.372    -0.328    -0.044   -13.287
349 3GCU_07_bbn                             -1.824    -1.867     0.043     2.296
350 3GCU_08_bbn                             -0.034    -0.029    -0.005   -16.483
351 3GCU_09_bbn                             -1.543    -1.389    -0.154   -11.060
352 3GCU_10_bbn                             -0.563    -0.503    -0.060   -11.929
353 3GCU_11_bbn                             -0.991    -1.166     0.175    15.019
354 3GCU_12_bbn                             -0.169    -0.152    -0.017   -11.119
355 3GCU_13_bbn                             -1.149    -1.220     0.071     5.859
356 3GCU_14_bbn                             -1.013    -1.261     0.248    19.635
357 3GCU_15_bbn                             -0.439    -0.618     0.179    28.942
358 3GCU_16_bbn                             -2.792    -2.654    -0.138    -5.218
359 3GCU_17_bbn                             -8.287    -8.222    -0.065    -0.795
360 3GCU_18_bbn                             -1.948    -2.033     0.085     4.182
361 3GCU_19_bbn                             -0.248    -0.332     0.084    25.385
362 3GCU_20_bbn                             -0.315    -0.237    -0.078   -33.030
363 3GCU_21_bbn                             -1.565    -1.341    -0.224   -16.715
364 3GCU_22_bbn                             -8.907    -8.470    -0.437    -5.156
365 3GCU_23_bbn                             -3.446    -3.359    -0.087    -2.577
366 3GCU_24_val                             -1.728    -1.617    -0.111    -6.890
367 3GCU_25_tyr                             -0.428    -0.332    -0.096   -28.880
368 3GCU_26_val                             -2.928    -2.777    -0.151    -5.423
369 3GCU_27_ala                             -2.072    -1.853    -0.219   -11.810
370 3GCU_28_lys                             -4.054    -1.564    -2.490  -159.182
371 3GCU_29_arg                             -2.590     1.022    -3.612  -353.406
372 3GCU_30_arg                             -2.545    -0.302    -2.243  -742.638
373 3GCU_31_glu                            -40.547   -40.107    -0.440    -1.098
374 3GCU_32_leu                             -1.599    -1.619     0.020     1.240
375 3GCU_33_leu                             -3.750    -3.539    -0.211    -5.951
376 3GCU_34_met                             -1.486    -1.363    -0.123    -9.048
377 3GCU_35_val                             -0.957    -0.854    -0.103   -12.073
378 3GCU_36_ile                             -3.434    -3.419    -0.015    -0.448
379 3GCU_37_leu                             -1.689    -1.666    -0.023    -1.381
380 3GCU_38_thr                             -6.159    -6.012    -0.147    -2.449
381 3GCU_39_leu                             -1.790    -1.675    -0.115    -6.886
382 3GCU_40_met                             -1.847    -1.631    -0.216   -13.222
383 3GCU_41_ile                             -1.565    -1.316    -0.249   -18.932
384 3GCU_42_ile                             -0.743    -0.576    -0.167   -29.021
385 3GCU_43_hie                             -2.049    -2.070     0.021     0.999
386 3GCU_44_ile                             -0.653    -0.486    -0.167   -34.379
387 3GCU_45_leu                             -3.783    -3.753    -0.030    -0.809
388 3GCU_46_asp                             -2.894    -3.510     0.616    17.555
389 3GCU_47_phe                             -3.964    -3.750    -0.214    -5.694
390 3GCU_48_leu                             -0.586    -0.619     0.033     5.408
391 3GNW_01_pro                             -1.599    -1.763     0.164     9.307
392 3GNW_02_bbn                             -0.259    -1.277     1.018    79.720
393 3GNW_03_bbn                             -3.401    -3.254    -0.147    -4.503
394 3GNW_04_bbn                             -3.389    -2.857    -0.532   -18.630
395 3GNW_05_bbn                             -0.439    -0.513     0.074    14.397
396 3GNW_06_bbn                             -0.338    -0.230    -0.108   -46.870
397 3GNW_07_bbn                             -1.835    -1.752    -0.083    -4.759
398 3GNW_08_bbn                             -0.259    -0.221    -0.038   -17.186
399 3GNW_09_bbn                             -1.464    -1.049    -0.415   -39.543
400 3GNW_10_bbn                             -0.968    -0.798    -0.170   -21.349
401 3GNW_11_bbn                             -2.657    -2.458    -0.199    -8.111
402 3GNW_12_bbn                             -1.036    -0.729    -0.307   -42.102
403 3GNW_13_bbn                             -8.389    -7.914    -0.475    -5.999
404 3GNW_14_bbn                             -8.614    -7.893    -0.721    -9.134
405 3GNW_15_bbn                             -9.368    -8.705    -0.663    -7.620
406 3GNW_16_bbn                             -2.792    -2.751    -0.041    -1.508
407 3GNW_17_arg                             -2.342    -1.153    -1.189  -103.130
408 3GNW_18_phe                             -1.419    -1.633     0.214    13.119
409 3GNW_19_arg                             -7.522    -5.693    -1.829   -32.122
410 3GNW_20_asn                             -1.937    -1.994     0.057     2.872
411 3GNW_21_asp                             -5.067    -4.875    -0.192    -3.939
412 3GNW_22_cys                             -4.797    -4.152    -0.645   -15.529
413 3GNW_23_ser                             -8.451    -8.521     0.070     0.826
414 3GNW_24_ser                             -1.835    -1.549    -0.286   -18.488
415 3GNW_25_leu                             -2.635    -2.381    -0.254   -10.661
416 3GNW_26_arg                              2.725     3.776    -1.051   -27.836
417 3GNW_27_ser                             -0.355    -0.516     0.161    31.261
418 3GNW_28_asn                             -1.678    -1.264    -0.414   -32.733
419 3GNW_29_met                             -6.756    -6.025    -0.731   -12.133
420 3GNW_30_tyr                             -4.459    -4.562     0.103     2.258
421 3GNW_31_gln                             -0.833    -0.305    -0.528  -173.194
422 3GNW_32_ile                             -0.968    -0.859    -0.109   -12.731
423 3GNW_33_tyr                             -6.824    -6.613    -0.211    -3.184
424 3GNW_34_hie                              0.146    -0.146     0.292   200.261
425 3GNW_35_ser                             -5.202    -4.733    -0.469    -9.912
426 3JVS_01_bbn                             -1.858    -1.960     0.102     5.209
427 3JVS_02_bbn                            -12.972   -13.696     0.724     5.289
428 3JVS_03_bbn                             -1.171    -1.071    -0.100    -9.341
429 3JVS_04_bbn                             -1.284    -0.504    -0.780  -154.691
430 3JVS_05_bbn                            -13.298   -12.381    -0.917    -7.407
431 3JVS_06_pro                             -5.202    -4.961    -0.241    -4.861
432 3JVS_07_bbn                              0.586     0.651    -0.065   -10.058
433 3JVS_08_pro                             -2.365    -2.382     0.017     0.730
434 3JVS_09_bbn                             -0.383    -0.536     0.153    28.574
435 3JVS_10_bbn                             -0.957    -1.080     0.123    11.379
436 3JVS_11_bbn                             -0.383    -0.457     0.074    16.227
437 3JVS_12_bbn                             -2.860    -2.491    -0.369   -14.815
438 3JVS_13_bbn                             -1.115    -1.033    -0.082    -7.913
439 3JVS_14_phe                             -8.400    -7.727    -0.673    -8.710
440 3JVS_15_asp                             -8.197    -7.306    -0.891   -12.200
441 3JVS_16_arg                              2.072    -0.422     2.494   590.959
442 3JVS_17_ile                             -3.907    -3.698    -0.209    -5.658
443 3JVS_18_glu                             -7.634    -8.054     0.420     5.211
444 3JVS_19_tyr                             -1.126    -1.071    -0.055    -5.136
445 3JVS_20_ala                             -0.597    -0.589    -0.008    -1.321
446 3JVS_21_glu                             -2.151    -3.715     1.564    42.109
447 3JVS_22_leu                             -1.937    -1.646    -0.291   -17.663
448 3NOX_01_bbn                              0.327     0.798    -0.471   -59.080
449 3NOX_02_bbn                             -6.779    -6.207    -0.572    -9.208
450 3NOX_03_bbn                              1.002     0.757     0.245    32.383
451 3NOX_04_bbn                             -1.903    -1.971     0.068     3.453
452 3NOX_05_bbn                              1.408     1.333     0.075     5.589
453 3NOX_06_bbn                             -1.802    -1.433    -0.369   -25.723
454 3NOX_07_arg                             43.847    45.802    -1.955    -4.269
455 3NOX_08_glu                           -110.641  -111.564     0.923     0.827
456 3NOX_09_glu                           -121.180  -122.376     1.196     0.977
457 3NOX_10_tyr                             -5.180    -4.538    -0.642   -14.139
458 3NOX_11_trp                             -1.689    -0.699    -0.990  -141.632
459 3NOX_12_ser                             -6.615    -6.327    -0.288    -4.556
460 3NOX_13_tyr                             -2.027    -2.286     0.259    11.338
461 3NOX_14_val                             -0.118    -0.341     0.223    65.328
462 3NOX_15_trp                             -1.486    -2.227     0.741    33.259
463 3NOX_16_tyr                            -16.259   -16.022    -0.237    -1.482
464 3NOX_17_asp                            -58.034   -62.357     4.323     6.932
465 3NOX_18_tyr                             -8.986    -8.583    -0.403    -4.690
466 3NOX_19_asn                             -4.403    -4.442     0.039     0.885
467 3NOX_20_val                             -1.571    -1.718     0.147     8.570
468 3NOX_21_hid                             -8.265    -8.313     0.048     0.579
469 3PE2_01_bbn                             -3.344    -3.063    -0.281    -9.182
470 3PE2_02_bbn                              0.236    -0.120     0.356   297.051
471 3PE2_03_bbn                             -0.777    -1.582     0.805    50.889
472 3PE2_04_bbn                             -0.754    -1.140     0.386    33.823
473 3PE2_05_bbn                             -3.187    -2.152    -1.035   -48.076
474 3PE2_06_bbn                             -2.680    -2.152    -0.528   -24.530
475 3PE2_07_bbn                             -1.509    -1.632     0.123     7.546
476 3PE2_08_bbn                             -8.614    -8.648     0.034     0.394
477 3PE2_09_bbn                              0.090     0.102    -0.012   -11.686
478 3PE2_10_bbn                             -1.768    -1.706    -0.062    -3.624
479 3PE2_11_bbn                             -4.256    -3.556    -0.700   -19.693
480 3PE2_12_bbn                            -18.816   -18.392    -0.424    -2.303
481 3PE2_13_bbn                             -6.947    -6.612    -0.335    -5.073
482 3PE2_14_leu                             -3.536    -3.361    -0.175    -5.196
483 3PE2_15_arg                            -25.380   -22.648    -2.732   -12.063
484 3PE2_16_val                             -4.346    -5.128     0.782    15.242
485 3PE2_17_val                             -4.251    -3.574    -0.677   -18.933
486 3PE2_18_lys                           -101.937  -101.837    -0.100    -0.098
487 3PE2_19_ile                             -2.928    -3.154     0.226     7.178
488 3PE2_20_phe                             -3.491    -2.992    -0.499   -16.665
489 3PE2_21_hid                             -1.362    -1.757     0.395    22.455
490 3PE2_22_val                             -0.963    -1.155     0.192    16.647
491 3PE2_23_asn                             -0.878    -0.799    -0.079    -9.923
492 3PE2_24_hid                             -2.916    -2.844    -0.072    -2.544
493 3PE2_25_met                             -4.324    -4.093    -0.231    -5.640
494 3PE2_26_ile                             -6.384    -5.304    -1.080   -20.370
495 3PE2_27_asp                             55.827    57.516    -1.689    -2.936
496 3PE2_28_trp                             -3.828    -4.656     0.828    17.775
497 4GID_01_bbn                             -1.858    -2.050     0.192     9.370
498 4GID_02_bbn                              1.847     1.595     0.252    15.777
499 4GID_03_bbn                             -2.083    -1.725    -0.358   -20.760
500 4GID_04_bbn                             -5.810    -5.236    -0.574   -10.966
501 4GID_05_bbn                             -0.101     0.112    -0.213  -190.482
502 4GID_06_bbn                              2.184     2.493    -0.309   -12.377
503 4GID_07_bbn                            -15.043   -14.417    -0.626    -4.345
504 4GID_08_bbn                             -0.011    -0.097     0.086    88.392
505 4GID_09_pro                             -0.878    -1.047     0.169    16.114
506 4GID_10_bbn                             -4.121    -4.144     0.023     0.551
507 4GID_11_bbn                             -2.320    -2.179    -0.141    -6.451
508 4GID_12_bbn                             -2.905    -2.931     0.026     0.884
509 4GID_13_bbn                             -5.619    -5.824     0.205     3.524
510 4GID_14_bbn                             -1.700    -2.012     0.312    15.494
511 4GID_15_bbn                             -2.094    -1.966    -0.128    -6.529
512 4GID_16_bbn                             -4.268    -4.380     0.112     2.567
513 4GID_17_bbn                              0.405     0.779    -0.374   -47.964
514 4GID_18_bbn                             -3.434    -3.432    -0.002    -0.067
515 4GID_19_bbn                             -2.229    -1.652    -0.577   -34.957
516 4GID_20_bbn                             -0.462    -0.379    -0.083   -21.810
517 4GID_21_bbn                            -18.962   -18.166    -0.796    -4.381
518 4GID_22_bbn                             -7.015    -6.907    -0.108    -1.564
519 4GID_23_bbn                             -5.641    -5.857     0.216     3.683
520 4GID_24_bbn                              1.013     0.454     0.559   123.217
521 4GID_25_ser                              0.135     0.291    -0.156   -53.567
522 4GID_26_gln                             -2.049    -1.744    -0.305   -17.507
523 4GID_27_tyr                             -0.473    -0.498     0.025     5.036
524 4GID_28_leu                             -2.567    -2.591     0.024     0.915
525 4GID_29_asp                            -79.226   -79.976     0.750     0.938
526 4GID_30_ser                              0.450     0.726    -0.276   -37.961
527 4GID_31_val                             -0.906    -0.830    -0.076    -9.209
528 4GID_32_tyr                             -9.323    -8.307    -1.016   -12.234
529 4GID_33_thr                             -1.813    -1.485    -0.328   -22.078
530 4GID_34_gln                             -3.502    -2.954    -0.548   -18.547
531 4GID_35_phe                             -2.387    -2.732     0.345    12.623
532 4GID_36_ile                             -1.565    -1.625     0.060     3.683
533 4GID_37_trp                             -2.612    -3.718     1.106    29.738
534 4GID_38_ile                             -1.971    -1.892    -0.079    -4.149
535 4GID_39_ile                             -1.317    -1.303    -0.014    -1.107
536 4GID_40_arg                             25.470    28.317    -2.847   -10.053
537 4GID_41_tyr                             -4.504    -4.078    -0.426   -10.447
538 4GID_42_ile                             -1.317    -1.315    -0.002    -0.184
539 4GID_43_asp                           -114.042  -114.321     0.279     0.244
540 4GID_44_thr                             -7.263    -6.629    -0.634    -9.560
541 4GID_45_thr                             -5.495    -4.836    -0.659   -13.625
542 4GID_46_asn                             -5.698    -5.295    -0.403    -7.603
543 4GID_47_arg                             25.110    27.645    -2.535    -9.170
544 4GID_48_lys                             25.346    23.587     1.759     7.459
545 4GID_49_ser                             -0.045     0.084    -0.129  -153.619
546 4GID_50_val                             -1.368    -1.455     0.087     5.973
547 4GID_51_ala                             -0.124    -0.385     0.261    67.828
==========================================================================================
RMSE                0.722   kcal/mol
MUE                 0.409   kcal/mol
------------------------------------------------------------------------------------------
MSE                -0.162   kcal/mol
min                -4.978   kcal/mol
max                 4.590   kcal/mol
range               9.568   kcal/mol
min abs             0.001   kcal/mol
max abs             4.978   kcal/mol
==========================================================================================
RMSE              229.480   %
MUE                45.168   %
MSE                -1.932   %
min             -1563.804   %
max              4404.013   %
range            5967.818   %
min abs             0.025   %
max abs          4404.013   %
------------------------------------------------------------------------------------------
RMSE/|avg|          8.919   %
MUE/|avg|           5.051   %
==========================================================================================
Statistics for groups:
neutral-neutral(225)RMSE      0.294   MSE      -0.060   kcal/mol
charged-neutral(280)RMSE      0.656   MSE      -0.224   kcal/mol
charged-charged(42) RMSE      1.861   MSE      -0.299   kcal/mol
--------------------------------------------------------------------------------
neutral-neutralRMSE/|avg|     13.00 %
charged-neutralRMSE/|avg|     15.38 %
charged-chargedRMSE/|avg|     2.87 %
==========================================================================================

