WARNING: Interface fennol is under development and should be used with care:
         Only basic functionality, no error checks
        _______  
       /\______\ 
      / /      / 
     / / Cuby /   Dataset calculation
     \/______/   
                 
==========================================================================================
name                                             E      Eref     error  error(%)
------------------------------------------------------------------------------------------
01 10GS                                   -213.260  -242.583    29.323    12.088
02 2CET                                   -201.123  -247.699    46.576    18.803
03 2FVD                                    -89.197   -88.726    -0.471    -0.531
04 2OBF                                   -190.163  -199.162     8.999     4.518
05 2P4Y                                   -108.950  -157.143    48.193    30.668
06 2VOT                                   -208.136  -238.717    30.581    12.811
07 2VW5                                    -87.614   -94.099     6.485     6.892
08 2XB8                                   -169.593  -178.476     8.883     4.977
09 2YKI                                    -83.486   -92.145     8.659     9.397
10 2ZX6                                   -195.407  -231.047    35.640    15.426
11 3G0W                                    -52.229   -66.594    14.365    21.571
12 3GNW                                    -84.642   -77.382    -7.260    -9.382
13 3NOX                                   -187.485  -244.475    56.990    23.311
14 3PE2                                   -109.980  -127.532    17.552    13.763
15 4GID                                   -186.121  -190.367     4.246     2.230
==========================================================================================
RMSE               27.889   kcal/mol
MUE                21.615   kcal/mol
------------------------------------------------------------------------------------------
MSE                20.584   kcal/mol
min                -7.260   kcal/mol
max                56.990   kcal/mol
range              64.249   kcal/mol
min abs             0.471   kcal/mol
max abs            56.990   kcal/mol
==========================================================================================
RMSE               14.865   %
MUE                12.425   %
MSE                11.103   %
min                -9.382   %
max                30.668   %
range              40.050   %
min abs             0.531   %
max abs            30.668   %
------------------------------------------------------------------------------------------
RMSE/|avg|         16.895   %
MUE/|avg|          13.094   %
==========================================================================================

