        _______  
       /\______\ 
      / /      / 
     / / Cuby /   Dataset calculation
     \/______/   
                 
==========================================================================================
name                                             E      Eref     error  error(%)
------------------------------------------------------------------------------------------
01 10GS_01_bbn                               0.117    -2.184     2.301   105.376
02 10GS_02_bbn                               0.259    -0.132     0.391   296.577
03 10GS_03_bbn                               0.273     0.428    -0.155   -36.213
04 10GS_04_bbn                               4.505     4.504     0.001     0.027
05 10GS_05_bbn                             -11.904   -11.437    -0.467    -4.084
06 10GS_06_pro                              -7.165    -6.883    -0.282    -4.093
07 10GS_07_bbn                              -5.477    -6.112     0.635    10.391
08 10GS_08_bbn                             -13.557   -14.282     0.725     5.077
09 10GS_09_bbn                              -4.907    -4.063    -0.844   -20.765
10 10GS_10_bbn                              -2.373    -3.957     1.584    40.031
11 10GS_11_bbn                              -0.433    -0.762     0.329    43.169
12 10GS_12_tyr                              -6.806    -7.821     1.015    12.976
13 10GS_13_phe                              -6.121    -5.857    -0.264    -4.516
14 10GS_14_val                              -0.402    -1.308     0.906    69.293
15 10GS_15_arg                             -59.032   -53.819    -5.213    -9.687
16 10GS_16_val                               0.778    -0.618     1.396   225.874
17 10GS_17_trp                             -19.575   -19.558    -0.017    -0.087
18 10GS_18_lys                             -86.638   -89.344     2.706     3.029
19 10GS_19_gln                             -31.423   -32.038     0.615     1.919
20 10GS_20_leu                              -0.288    -1.287     0.999    77.631
21 10GS_21_gln                             -11.673   -10.897    -0.776    -7.118
22 10GS_22_ser                             -11.624   -11.270    -0.354    -3.141
23 10GS_23_tyr                              -0.584    -1.617     1.033    63.905
24 10GS_24_asp                               1.166    19.608   -18.442   -94.052
25 10GS_25_asp                             -34.428   -14.741   -19.687  -133.553
26 2CET_01_bbn                              -1.546     0.231    -1.777  -769.221
27 2CET_02_bbn                              -2.177    -0.814    -1.363  -167.430
28 2CET_03_ala                              -1.249    -0.260    -0.989  -380.366
29 2CET_04_gln                             -10.986    -9.867    -1.119   -11.345
30 2CET_05_arg                               5.198    34.922   -29.724   -85.117
31 2CET_06_hie                              -4.264    -1.059    -3.205  -302.599
32 2CET_07_trp                              -5.484    -5.045    -0.439    -8.698
33 2CET_08_asn                              -3.885    -2.421    -1.464   -60.488
34 2CET_09_glu                            -104.600  -103.150    -1.450    -1.405
35 2CET_10_val                              -3.627    -2.021    -1.606   -79.443
36 2CET_11_val                              -2.472    -0.645    -1.827  -283.221
37 2CET_12_hie                              -2.832    -0.152    -2.680 -1763.104
38 2CET_13_asn                              -1.884    -0.471    -1.413  -299.918
39 2CET_14_asn                               1.676     3.300    -1.624   -49.216
40 2CET_15_tyr                              -7.737    -6.712    -1.025   -15.271
41 2CET_16_met                              -3.078    -0.626    -2.452  -391.719
42 2CET_17_trp                              -6.089    -4.775    -1.314   -27.518
43 2CET_18_glu                             -93.874   -92.916    -0.958    -1.031
44 2CET_19_trp                             -10.487    -9.608    -0.879    -9.153
45 2CET_20_asn                              -1.155     0.300    -1.455  -485.033
46 2CET_21_glu                            -111.302  -110.346    -0.956    -0.866
47 2CET_22_trp                              -4.204    -2.321    -1.883   -81.119
48 2CET_23_phe                              -6.686    -5.529    -1.157   -20.924
49 2FVD_01_bbn                              -0.857    -1.071     0.214    20.005
50 2FVD_02_bbn                              -0.744    -0.993     0.249    25.028
51 2FVD_03_bbn                              -0.796    -0.802     0.006     0.703
52 2FVD_04_bbn                              -0.443    -0.422    -0.021    -4.865
53 2FVD_05_bbn                              -4.998    -5.863     0.865    14.746
54 2FVD_06_bbn                              -3.565    -3.338    -0.227    -6.814
55 2FVD_07_bbn                              -7.249    -8.131     0.882    10.845
56 2FVD_08_bbn                              -2.325    -2.300    -0.025    -1.088
57 2FVD_09_bbn                              -8.477    -7.877    -0.600    -7.622
58 2FVD_10_bbn                               1.368     1.604    -0.236   -14.730
59 2FVD_11_bbn                              -1.894    -1.444    -0.450   -31.195
60 2FVD_12_bbn                               0.089     0.235    -0.146   -62.157
61 2FVD_13_bbn                              -3.265    -3.477     0.212     6.102
62 2FVD_14_bbn                              -0.017     0.073    -0.090  -122.640
63 2FVD_15_bbn                              -0.703    -0.301    -0.402  -133.409
64 2FVD_16_bbn                              -2.814    -3.018     0.204     6.771
65 2FVD_17_ile                              -4.201    -3.780    -0.421   -11.151
66 2FVD_18_val                              -2.862    -2.692    -0.170    -6.297
67 2FVD_19_ala                              -1.887    -1.773    -0.114    -6.405
68 2FVD_20_lys                              -7.332    -5.495    -1.837   -33.432
69 2FVD_21_val                              -1.470    -1.148    -0.322   -28.023
70 2FVD_22_phe                              -2.342    -2.355     0.013     0.539
71 2FVD_23_glu                              -4.793    -1.405    -3.388  -241.156
72 2FVD_24_phe                              -3.151    -3.086    -0.065    -2.107
73 2FVD_25_leu                              -1.152    -1.099    -0.053    -4.840
74 2FVD_26_hie                              -0.433    -0.527     0.094    17.808
75 2FVD_27_gln                              -4.205    -3.566    -0.639   -17.920
76 2FVD_28_asp                             -11.702    -9.816    -1.886   -19.212
77 2FVD_29_lys                             -23.409   -18.966    -4.443   -23.424
78 2FVD_30_asn                              -4.688    -4.527    -0.161    -3.553
79 2FVD_31_leu                              -4.712    -4.344    -0.368    -8.482
80 2FVD_32_ala                              -1.113    -1.161     0.048     4.151
81 2FVD_33_asp                             -12.631    -9.472    -3.159   -33.353
82 2OBF_01_bbn                              -3.195    -0.518    -2.677  -516.873
83 2OBF_02_bbn                              -9.786    -7.805    -1.981   -25.382
84 2OBF_03_bbn                              -3.318     0.825    -4.143  -502.133
85 2OBF_04_bbn                              -5.697    -3.767    -1.930   -51.244
86 2OBF_05_bbn                              -3.242    -0.402    -2.840  -706.556
87 2OBF_06_bbn                              -4.834    -0.817    -4.017  -491.643
88 2OBF_07_pro                              -5.368    -1.039    -4.329  -416.650
89 2OBF_08_bbn                              -3.400     0.362    -3.762 -1039.199
90 2OBF_09_bbn                              -2.509    -0.473    -2.036  -430.458
91 2OBF_10_bbn                              -6.022    -5.683    -0.339    -5.964
92 2OBF_11_bbn                              -2.531     0.668    -3.199  -478.889
93 2OBF_12_bbn                              -1.548     1.836    -3.384  -184.333
94 2OBF_13_bbn                              -4.355    -2.971    -1.384   -46.590
95 2OBF_14_tyr                              -8.845    -6.909    -1.936   -28.022
96 2OBF_15_asn                              -8.949    -7.005    -1.944   -27.753
97 2OBF_16_tyr                              -9.534    -5.912    -3.622   -61.265
98 2OBF_17_arg                              14.237    41.108   -26.871   -65.368
99 2OBF_18_leu                              -4.197    -0.537    -3.660  -681.512
100 2OBF_19_val                             -4.833    -2.422    -2.411   -99.547
101 2OBF_20_ala                             -2.486    -0.973    -1.513  -155.479
102 2OBF_21_leu                             -4.733    -1.240    -3.493  -281.717
103 2OBF_22_tyr                             -6.749    -3.891    -2.858   -73.444
104 2OBF_23_tyr                             -6.480    -2.925    -3.555  -121.546
105 2OBF_24_phe                            -12.261    -9.337    -2.924   -31.314
106 2OBF_25_ala                             -1.460    -0.605    -0.855  -141.280
107 2OBF_26_ala                             -2.404    -1.585    -0.819   -51.657
108 2OBF_27_glu                           -138.667  -135.109    -3.558    -2.634
109 2OBF_28_tyr                            -11.105    -8.661    -2.444   -28.221
110 2OBF_29_val                             -3.222    -0.943    -2.279  -241.709
111 2OBF_30_met                             -4.475    -0.341    -4.134 -1212.257
112 2OBF_31_asp                            -86.016   -82.912    -3.104    -3.744
113 2OBF_32_val                             -4.089    -1.915    -2.174  -113.517
114 2OBF_33_val                             -3.462    -1.506    -1.956  -129.852
115 2P4Y_01_bbn                             -0.729     0.633    -1.362  -215.241
116 2P4Y_02_bbn                             -3.080    -3.158     0.078     2.456
117 2P4Y_03_bbn                             -2.675    -1.621    -1.054   -65.032
118 2P4Y_04_bbn                             -1.173    -0.504    -0.669  -132.657
119 2P4Y_05_bbn                             -2.793    -3.285     0.492    14.980
120 2P4Y_06_bbn                             -0.845    -1.259     0.414    32.888
121 2P4Y_07_bbn                             -1.824    -1.965     0.141     7.188
122 2P4Y_08_bbn                             -1.736    -1.945     0.209    10.737
123 2P4Y_09_bbn                             -1.397    -0.814    -0.583   -71.565
124 2P4Y_10_bbn                             -2.554    -1.060    -1.494  -140.957
125 2P4Y_11_bbn                             -1.710    -1.549    -0.161   -10.411
126 2P4Y_12_bbn                             -1.753    -1.648    -0.105    -6.366
127 2P4Y_13_bbn                             -0.696     0.388    -1.084  -279.428
128 2P4Y_14_bbn                             -7.100    -7.223     0.123     1.708
129 2P4Y_15_bbn                            -21.648   -22.002     0.354     1.608
130 2P4Y_16_bbn                             -6.686    -6.373    -0.313    -4.916
131 2P4Y_17_phe                             -0.393    -0.118    -0.275  -232.763
132 2P4Y_18_ile                             -0.629    -0.958     0.329    34.386
133 2P4Y_19_cys                             -5.613    -5.376    -0.237    -4.415
134 2P4Y_20_phe                             -1.045    -1.502     0.457    30.420
135 2P4Y_21_arg                            -66.952   -70.559     3.607     5.112
136 2P4Y_22_ser                             -2.006    -1.952    -0.054    -2.754
137 2P4Y_23_ala                             -2.372    -2.010    -0.362   -18.008
138 2P4Y_24_glu                             -6.549    19.435   -25.984  -133.695
139 2P4Y_25_ile                             -1.068    -1.935     0.867    44.829
140 2P4Y_26_ile                             -3.213    -2.787    -0.426   -15.302
141 2P4Y_27_tyr                             -1.178    -1.841     0.663    35.992
142 2P4Y_28_met                             -2.750    -2.641    -0.109    -4.128
143 2P4Y_29_leu                             -4.935    -4.607    -0.328    -7.122
144 2P4Y_30_leu                             -2.513    -2.673     0.160     5.968
145 2P4Y_31_val                             -1.557    -1.593     0.036     2.243
146 2P4Y_32_ile                             -9.056    -7.524    -1.532   -20.363
147 2P4Y_33_ser                             -4.391    -3.787    -0.604   -15.941
148 2P4Y_34_met                             -2.309    -2.077    -0.232   -11.166
149 2P4Y_35_leu                             -1.156    -1.370     0.214    15.591
150 2P4Y_36_phe                             -0.995    -1.510     0.515    34.119
151 2P4Y_37_met                             -3.218    -3.066    -0.152    -4.963
152 2P4Y_38_lys                            -45.757   -28.948   -16.809   -58.067
153 2P4Y_39_hie                             -0.841    -1.154     0.313    27.092
154 2VOT_01_bbn                             -1.203     2.471    -3.674  -148.668
155 2VOT_02_bbn                             -1.840     0.834    -2.674  -320.645
156 2VOT_03_bbn                             -1.826     1.814    -3.640  -200.658
157 2VOT_04_trp                             -4.261    -1.855    -2.406  -129.683
158 2VOT_05_asp                           -109.554  -108.715    -0.839    -0.772
159 2VOT_06_trp                             -3.969    -0.130    -3.839 -2952.941
160 2VOT_07_arg                              8.349    41.149   -32.800   -79.710
161 2VOT_08_trp                             -3.828    -1.687    -2.141  -126.924
162 2VOT_09_cys                             -2.803    -1.784    -1.019   -57.138
163 2VOT_10_asn                             -4.718    -3.554    -1.164   -32.758
164 2VOT_11_glu                           -112.118  -109.350    -2.768    -2.531
165 2VOT_12_glu                            -55.627   -45.354   -10.273   -22.651
166 2VOT_13_trp                             -3.986    -0.448    -3.538  -789.628
167 2VOT_14_trp                             -3.847     0.355    -4.202 -1183.609
168 2VOT_15_hip                             27.668    52.496   -24.828   -47.294
169 2VOT_16_trp                             -8.565    -7.689    -0.876   -11.392
170 2VOT_17_tyr                             -7.407    -4.084    -3.323   -81.356
171 2VOT_18_glu                           -112.869  -111.797    -1.072    -0.959
172 2VOT_19_ser                             -1.473     0.657    -2.130  -324.253
173 2VOT_20_ser                             -2.486    -1.306    -1.180   -90.331
174 2VOT_21_trp                            -14.876   -14.338    -0.538    -3.751
175 2VOT_22_trp                             -8.425    -7.156    -1.269   -17.738
176 2VW5_01_bbn                             -1.357    -1.602     0.245    15.308
177 2VW5_02_bbn                             -1.940    -2.012     0.072     3.560
178 2VW5_03_bbn                             -0.255    -0.165    -0.090   -54.760
179 2VW5_04_bbn                              0.029    -0.347     0.376   108.227
180 2VW5_05_bbn                             -1.789    -1.513    -0.276   -18.234
181 2VW5_06_bbn                             -0.289     0.010    -0.299 -2987.858
182 2VW5_07_bbn                              0.116    -0.062     0.178   287.613
183 2VW5_08_bbn                             -0.141    -0.306     0.165    53.874
184 2VW5_09_bbn                             -2.130    -1.959    -0.171    -8.752
185 2VW5_10_bbn                             -0.713    -0.747     0.034     4.542
186 2VW5_11_bbn                             -3.638    -3.942     0.304     7.712
187 2VW5_12_bbn                              0.167     0.092     0.075    81.514
188 2VW5_13_bbn                             -7.722    -7.609    -0.113    -1.480
189 2VW5_14_bbn                             -2.671    -2.653    -0.018    -0.668
190 2VW5_15_bbn                             -0.012     0.119    -0.131  -109.991
191 2VW5_16_asn                             -6.543    -6.153    -0.390    -6.333
192 2VW5_17_ala                             -0.141    -0.437     0.296    67.831
193 2VW5_18_asp                            -30.554   -27.702    -2.852   -10.297
194 2VW5_19_ala                             -1.826    -1.574    -0.252   -16.038
195 2VW5_20_lys                            -19.227   -16.841    -2.386   -14.166
196 2VW5_21_asp                            -23.060   -20.676    -2.384   -11.530
197 2VW5_22_ile                             -1.164    -0.966    -0.198   -20.454
198 2VW5_23_met                             -6.289    -5.847    -0.442    -7.553
199 2VW5_24_glu                            -10.826    -6.855    -3.971   -57.924
200 2VW5_25_asn                             -2.262    -1.838    -0.424   -23.043
201 2VW5_26_leu                             -1.651    -1.397    -0.254   -18.193
202 2VW5_28_val                             -0.771    -0.688    -0.083   -11.997
203 2VW5_29_phe                             -4.068    -3.685    -0.383   -10.387
204 2VW5_30_tyr                             -1.278    -1.319     0.041     3.140
205 2VW5_31_val                             -0.436    -0.469     0.033     6.954
206 2VW5_32_thr                             -4.642    -4.575    -0.067    -1.460
207 2VW5_33_leu                             -0.834    -0.905     0.071     7.900
208 2XB8_01_bbn                             -0.595     2.947    -3.542  -120.191
209 2XB8_02_bbn                             -5.067    -3.648    -1.419   -38.904
210 2XB8_03_bbn                             -2.581    -2.281    -0.300   -13.141
211 2XB8_04_bbn                             -4.345    -3.228    -1.117   -34.609
212 2XB8_05_bbn                             -2.189    -1.707    -0.482   -28.237
213 2XB8_06_bbn                             -2.336     1.795    -4.131  -230.143
214 2XB8_07_bbn                             -2.307     0.743    -3.050  -410.466
215 2XB8_08_bbn                             -9.327    -8.427    -0.900   -10.676
216 2XB8_09_bbn                             -6.456    -4.519    -1.937   -42.867
217 2XB8_10_bbn                             -3.316    -1.881    -1.435   -76.309
218 2XB8_11_bbn                             -5.893    -3.191    -2.702   -84.685
219 2XB8_12_bbn                            -19.760   -18.509    -1.251    -6.761
220 2XB8_13_bbn                            -20.712   -18.726    -1.986   -10.608
221 2XB8_14_bbn                             -0.045     3.105    -3.150  -101.445
222 2XB8_15_bbn                             -2.432    -1.108    -1.324  -119.505
223 2XB8_16_asn                             -2.969     0.457    -3.426  -749.718
224 2XB8_17_leu                             -6.571    -4.157    -2.414   -58.082
225 2XB8_18_arg                            -44.955   -24.340   -20.615   -84.695
226 2XB8_19_leu                             -2.151    -0.451    -1.700  -377.044
227 2XB8_20_arg                            -44.140   -19.929   -24.211  -121.485
228 2XB8_21_tyr                            -10.583    -7.905    -2.678   -33.881
229 2XB8_22_asn                            -10.109    -9.067    -1.042   -11.493
230 2XB8_23_thr                             -2.461    -1.159    -1.302  -112.362
231 2XB8_24_hid                             -9.033    -4.787    -4.246   -88.704
232 2XB8_25_hie                              0.022     3.033    -3.011   -99.281
233 2XB8_26_ile                             -6.008    -3.670    -2.338   -63.701
234 2XB8_27_ser                            -15.733   -13.012    -2.721   -20.909
235 2XB8_28_val                             -3.256    -1.439    -1.817  -126.260
236 2XB8_29_arg                            -56.079   -51.470    -4.609    -8.955
237 2XB8_30_arg                            -64.948   -58.856    -6.092   -10.351
238 2XB8_31_val                             -1.604    -0.697    -0.907  -130.112
239 2XB8_32_asp                              8.250    28.727   -20.477   -71.281
240 2XB8_33_glu                              5.295    22.273   -16.978   -76.225
241 2YKI_01_bbn                              0.086     0.150    -0.064   -42.536
242 2YKI_02_bbn                              0.043    -0.223     0.266   119.325
243 2YKI_03_bbn                             -0.527    -0.885     0.358    40.482
244 2YKI_04_bbn                             -0.384    -0.501     0.117    23.299
245 2YKI_05_bbn                             -1.005    -1.095     0.090     8.244
246 2YKI_06_bbn                             -0.906    -0.852    -0.054    -6.306
247 2YKI_07_bbn                             -1.260    -1.001    -0.259   -25.915
248 2YKI_08_bbn                             -9.999   -10.123     0.124     1.223
249 2YKI_09_bbn                             -0.116    -0.006    -0.110 -1834.493
250 2YKI_10_bbn                             -1.291    -1.105    -0.186   -16.839
251 2YKI_11_bbn                             -4.333    -4.313    -0.020    -0.459
252 2YKI_12_bbn                             -1.263    -1.057    -0.206   -19.449
253 2YKI_13_bbn                             -0.055    -0.391     0.336    86.012
254 2YKI_14_bbn                             -1.905    -1.846    -0.059    -3.181
255 2YKI_15_bbn                             -0.131    -0.336     0.205    60.905
256 2YKI_16_bbn                              0.018    -0.240     0.258   107.359
257 2YKI_17_bbn                             -2.252    -2.670     0.418    15.644
258 2YKI_18_bbn                             -1.936    -1.851    -0.085    -4.615
259 2YKI_19_bbn                              0.185     0.096     0.089    93.157
260 2YKI_20_bbn                              0.316     0.160     0.156    97.271
261 2YKI_21_bbn                              0.151    -0.036     0.187   518.662
262 2YKI_22_phe                             -2.235    -2.016    -0.219   -10.885
263 2YKI_23_gln                             -0.530    -0.677     0.147    21.693
264 2YKI_24_ile                             -1.353    -1.114    -0.239   -21.499
265 2YKI_25_leu                             -0.786    -0.415    -0.371   -89.372
266 2YKI_26_asn                             -7.998    -7.324    -0.674    -9.197
267 2YKI_27_ser                              0.010     0.118    -0.108   -91.714
268 2YKI_28_ala                             -0.123    -0.284     0.161    56.630
269 2YKI_29_asp                            -28.840   -25.837    -3.003   -11.622
270 2YKI_30_ile                             -0.630    -0.373    -0.257   -68.859
271 2YKI_31_met                             -7.097    -7.012    -0.085    -1.215
272 2YKI_32_leu                             -1.754    -1.697    -0.057    -3.381
273 2YKI_33_ile                             -0.484    -0.356    -0.128   -36.093
274 2YKI_34_leu                             -6.825    -5.688    -1.137   -19.993
275 2YKI_35_ile                             -1.434    -1.195    -0.239   -19.977
276 2YKI_36_ala                             -1.358    -1.598     0.240    15.043
277 2YKI_37_val                             -1.006    -0.790    -0.216   -27.360
278 2YKI_38_phe                             -8.319    -8.399     0.080     0.949
279 2YKI_40_val                             -1.971    -1.733    -0.238   -13.744
280 2YKI_41_trp                             -5.797    -6.213     0.416     6.694
281 2YKI_42_phe                             -2.928    -2.736    -0.192    -7.010
282 2YKI_43_thr                             -4.079    -3.713    -0.366    -9.864
283 2YKI_44_val                             -1.185    -0.972    -0.213   -21.956
284 2ZX6_01_bbn                              1.104     2.718    -1.614   -59.393
285 2ZX6_02_bbn                             -2.186    -0.331    -1.855  -560.474
286 2ZX6_03_bbn                             -1.960    -0.366    -1.594  -435.441
287 2ZX6_04_bbn                              0.060     1.694    -1.634   -96.467
288 2ZX6_05_phe                             -2.298    -2.454     0.156     6.359
289 2ZX6_06_hid                            -21.180   -21.607     0.427     1.977
290 2ZX6_07_leu                             -1.479    -1.413    -0.066    -4.645
291 2ZX6_08_tyr                             -3.212    -3.321     0.109     3.278
292 2ZX6_09_glu                            -82.225   -80.174    -2.051    -2.558
293 2ZX6_10_trp                             -2.327    -1.055    -1.272  -120.525
294 2ZX6_11_hie                             -0.980    -1.054     0.074     7.030
295 2ZX6_12_hid                            -16.478   -18.071     1.593     8.817
296 2ZX6_13_tyr                              1.168    -0.065     1.233  1896.806
297 2ZX6_14_leu                             -0.800    -0.230    -0.570  -247.676
298 2ZX6_15_trp                             -2.256    -3.758     1.502    39.977
299 2ZX6_16_asp                           -110.662  -110.036    -0.626    -0.569
300 2ZX6_17_met                             -4.414    -4.204    -0.210    -5.000
301 2ZX6_18_arg                             35.301    55.564   -20.263   -36.468
302 2ZX6_19_glu                           -113.867  -111.740    -2.127    -1.903
303 2ZX6_20_val                             -1.475    -1.102    -0.373   -33.849
304 2ZX6_21_asn                             -4.836    -5.871     1.035    17.636
305 2ZX6_22_thr                             -2.028    -2.562     0.534    20.825
306 2ZX6_23_phe                             -9.021    -8.275    -0.746    -9.013
307 3G0W_01_bbn                             -0.466    -0.280    -0.186   -66.428
308 3G0W_02_bbn                             -4.054    -3.220    -0.834   -25.906
309 3G0W_03_bbn                             -0.051     0.001    -0.052 -5226.944
310 3G0W_04_bbn                              0.055    -0.022     0.077   349.949
311 3G0W_05_bbn                             -1.729    -0.757    -0.972  -128.351
312 3G0W_06_bbn                             -0.272     0.348    -0.620  -178.213
313 3G0W_07_bbn                             -0.953    -0.797    -0.156   -19.623
314 3G0W_08_bbn                             -0.433    -0.335    -0.098   -29.201
315 3G0W_09_bbn                             -1.061    -1.026    -0.035    -3.372
316 3G0W_10_bbn                             -0.628     1.077    -1.705  -158.323
317 3G0W_11_bbn                              2.986     2.491     0.495    19.884
318 3G0W_12_bbn                              0.053    -0.473     0.526   111.122
319 3G0W_13_bbn                             -1.339    -1.851     0.512    27.642
320 3G0W_14_bbn                             -0.684    -0.879     0.195    22.139
321 3G0W_15_bbn                              0.264    -0.077     0.341   442.651
322 3G0W_16_leu                             -1.535    -1.582     0.047     2.982
323 3G0W_17_leu                             -4.044    -4.177     0.133     3.193
324 3G0W_18_asn                            -14.888   -15.230     0.342     2.244
325 3G0W_19_leu                             -2.813    -2.527    -0.286   -11.304
326 3G0W_20_gln                              1.031     0.770     0.261    33.911
327 3G0W_21_trp                             -0.796    -1.224     0.428    34.989
328 3G0W_22_met                             -3.294    -2.943    -0.351   -11.941
329 3G0W_23_met                             -5.616    -6.038     0.422     6.997
330 3G0W_24_val                             -1.069    -2.021     0.952    47.102
331 3G0W_25_met                             -2.570    -2.591     0.021     0.817
332 3G0W_26_arg                            -17.057   -18.754     1.697     9.051
333 3G0W_27_phe                             -3.682    -3.633    -0.049    -1.362
334 3G0W_28_met                             -2.036    -2.138     0.102     4.780
335 3G0W_29_met                             -1.053    -0.973    -0.080    -8.268
336 3G0W_30_leu                             -1.922    -1.954     0.032     1.633
337 3G0W_31_phe                             -0.735    -0.746     0.011     1.460
338 3G0W_32_thr                             -4.037    -4.362     0.325     7.452
339 3G0W_33_leu                             -0.900    -0.959     0.059     6.154
340 3G0W_34_phe                             -2.025    -2.385     0.360    15.087
341 3G0W_35_met                             -0.455    -0.625     0.170    27.215
342 3G0W_36_ile                             -0.368    -0.474     0.106    22.466
343 3GCU_01_bbn                             -0.034    -0.282     0.248    87.850
344 3GCU_02_bbn                             -3.345    -3.124    -0.221    -7.084
345 3GCU_03_bbn                             -1.412    -1.441     0.029     1.989
346 3GCU_04_bbn                             -1.195    -1.028    -0.167   -16.232
347 3GCU_05_bbn                             -0.547    -0.689     0.142    20.629
348 3GCU_06_bbn                             -0.193    -0.328     0.135    41.287
349 3GCU_07_bbn                             -1.731    -1.867     0.136     7.303
350 3GCU_08_bbn                              0.124    -0.029     0.153   526.650
351 3GCU_09_bbn                             -1.819    -1.389    -0.430   -30.946
352 3GCU_10_bbn                             -0.906    -0.503    -0.403   -80.036
353 3GCU_11_bbn                             -0.473    -1.166     0.693    59.393
354 3GCU_12_bbn                              0.114    -0.152     0.266   175.000
355 3GCU_13_bbn                             -1.086    -1.220     0.134    10.966
356 3GCU_14_bbn                             -0.811    -1.261     0.450    35.696
357 3GCU_15_bbn                             -0.318    -0.618     0.300    48.612
358 3GCU_16_bbn                             -2.955    -2.654    -0.301   -11.324
359 3GCU_17_bbn                             -8.793    -8.222    -0.571    -6.946
360 3GCU_18_bbn                             -1.522    -2.033     0.511    25.141
361 3GCU_19_bbn                             -0.321    -0.332     0.011     3.268
362 3GCU_20_bbn                             -0.132    -0.237     0.105    44.464
363 3GCU_21_bbn                             -1.839    -1.341    -0.498   -37.171
364 3GCU_22_bbn                             -9.185    -8.470    -0.715    -8.447
365 3GCU_23_bbn                             -3.075    -3.359     0.284     8.442
366 3GCU_24_val                             -1.546    -1.617     0.071     4.387
367 3GCU_25_tyr                             -0.075    -0.332     0.257    77.316
368 3GCU_26_val                             -3.121    -2.777    -0.344   -12.396
369 3GCU_27_ala                             -2.200    -1.853    -0.347   -18.726
370 3GCU_28_lys                             -1.643    -1.564    -0.079    -5.034
371 3GCU_29_arg                             -4.525     1.022    -5.547  -542.773
372 3GCU_30_arg                             -4.676    -0.302    -4.374 -1448.317
373 3GCU_31_glu                            -42.686   -40.107    -2.579    -6.430
374 3GCU_32_leu                             -1.612    -1.619     0.007     0.423
375 3GCU_33_leu                             -4.079    -3.539    -0.540   -15.257
376 3GCU_34_met                             -1.600    -1.363    -0.237   -17.415
377 3GCU_35_val                             -0.788    -0.854     0.066     7.716
378 3GCU_36_ile                             -3.538    -3.419    -0.119    -3.488
379 3GCU_37_leu                             -1.449    -1.666     0.217    13.055
380 3GCU_38_thr                             -5.982    -6.012     0.030     0.505
381 3GCU_39_leu                             -1.712    -1.675    -0.037    -2.214
382 3GCU_40_met                             -2.191    -1.631    -0.560   -34.337
383 3GCU_41_ile                             -1.267    -1.316     0.049     3.707
384 3GCU_42_ile                             -0.418    -0.576     0.158    27.480
385 3GCU_43_hie                             -2.037    -2.070     0.033     1.601
386 3GCU_44_ile                             -0.425    -0.486     0.061    12.502
387 3GCU_45_leu                             -3.999    -3.753    -0.246    -6.544
388 3GCU_46_asp                             -7.515    -3.510    -4.005  -114.093
389 3GCU_47_phe                             -4.296    -3.750    -0.546   -14.566
390 3GCU_48_leu                             -0.185    -0.619     0.434    70.134
391 3GNW_01_pro                             -1.670    -1.763     0.093     5.247
392 3GNW_02_bbn                             -0.034    -1.277     1.243    97.339
393 3GNW_03_bbn                             -3.203    -3.254     0.051     1.575
394 3GNW_04_bbn                             -3.770    -2.857    -0.913   -31.967
395 3GNW_05_bbn                              0.688    -0.513     1.201   234.029
396 3GNW_06_bbn                             -0.340    -0.230    -0.110   -47.774
397 3GNW_07_bbn                             -1.846    -1.752    -0.094    -5.392
398 3GNW_08_bbn                             -0.021    -0.221     0.200    90.371
399 3GNW_09_bbn                             -1.603    -1.049    -0.554   -52.855
400 3GNW_10_bbn                             -0.359    -0.798     0.439    55.023
401 3GNW_11_bbn                             -2.381    -2.458     0.077     3.136
402 3GNW_12_bbn                             -1.055    -0.729    -0.326   -44.775
403 3GNW_13_bbn                             -7.051    -7.914     0.863    10.909
404 3GNW_14_bbn                             -8.615    -7.893    -0.722    -9.144
405 3GNW_15_bbn                             -9.620    -8.705    -0.915   -10.507
406 3GNW_16_bbn                             -2.522    -2.751     0.229     8.315
407 3GNW_17_arg                             -3.770    -1.153    -2.617  -226.952
408 3GNW_18_phe                             -1.925    -1.633    -0.292   -17.868
409 3GNW_19_arg                             -9.530    -5.693    -3.837   -67.399
410 3GNW_20_asn                             -0.987    -1.994     1.007    50.506
411 3GNW_21_asp                             -5.108    -4.875    -0.233    -4.779
412 3GNW_22_cys                             -5.079    -4.152    -0.927   -22.338
413 3GNW_23_ser                             -8.966    -8.521    -0.445    -5.225
414 3GNW_24_ser                             -1.782    -1.549    -0.233   -15.013
415 3GNW_25_leu                             -2.328    -2.381     0.053     2.232
416 3GNW_26_arg                             -1.542     3.776    -5.318  -140.832
417 3GNW_27_ser                             -0.180    -0.516     0.336    65.085
418 3GNW_28_asn                             -0.642    -1.264     0.622    49.186
419 3GNW_29_met                             -7.170    -6.025    -1.145   -18.997
420 3GNW_30_tyr                             -4.297    -4.562     0.265     5.800
421 3GNW_31_gln                             -1.530    -0.305    -1.225  -401.722
422 3GNW_32_ile                             -0.872    -0.859    -0.013    -1.488
423 3GNW_33_tyr                             -6.963    -6.613    -0.350    -5.296
424 3GNW_34_hie                              0.158    -0.146     0.304   208.127
425 3GNW_35_ser                             -5.735    -4.733    -1.002   -21.172
426 3JVS_01_bbn                             -1.689    -1.960     0.271    13.827
427 3JVS_02_bbn                            -12.397   -13.696     1.299     9.486
428 3JVS_03_bbn                             -1.399    -1.071    -0.328   -30.624
429 3JVS_04_bbn                             -1.428    -0.504    -0.924  -183.421
430 3JVS_05_bbn                            -12.255   -12.381     0.126     1.019
431 3JVS_06_pro                             -5.771    -4.961    -0.810   -16.320
432 3JVS_07_bbn                              0.426     0.651    -0.225   -34.581
433 3JVS_08_pro                             -3.004    -2.382    -0.622   -26.123
434 3JVS_09_bbn                             -0.442    -0.536     0.094    17.628
435 3JVS_10_bbn                             -0.707    -1.080     0.373    34.519
436 3JVS_11_bbn                             -0.459    -0.457    -0.002    -0.546
437 3JVS_12_bbn                             -2.527    -2.491    -0.036    -1.433
438 3JVS_13_bbn                             -1.188    -1.033    -0.155   -15.043
439 3JVS_14_phe                             -7.201    -7.727     0.526     6.812
440 3JVS_15_asp                            -13.568    -7.306    -6.262   -85.708
441 3JVS_16_arg                             -0.950    -0.422    -0.528  -125.111
442 3JVS_17_ile                             -3.471    -3.698     0.227     6.136
443 3JVS_18_glu                            -14.218    -8.054    -6.164   -76.537
444 3JVS_19_tyr                             -1.503    -1.071    -0.432   -40.315
445 3JVS_20_ala                             -0.749    -0.589    -0.160   -27.210
446 3JVS_21_glu                             -7.836    -3.715    -4.121  -110.926
447 3JVS_22_leu                             -2.365    -1.646    -0.719   -43.687
448 3NOX_01_bbn                             -1.246     0.798    -2.044  -256.141
449 3NOX_02_bbn                             -8.278    -6.207    -2.071   -33.369
450 3NOX_03_bbn                             -1.728     0.757    -2.485  -328.226
451 3NOX_04_bbn                             -3.530    -1.971    -1.559   -79.117
452 3NOX_05_bbn                             -1.327     1.333    -2.660  -199.557
453 3NOX_06_bbn                             -2.389    -1.433    -0.956   -66.701
454 3NOX_07_arg                             11.901    45.802   -33.901   -74.016
455 3NOX_08_glu                           -112.488  -111.564    -0.924    -0.828
456 3NOX_09_glu                           -124.031  -122.376    -1.655    -1.353
457 3NOX_10_tyr                             -5.143    -4.538    -0.605   -13.326
458 3NOX_11_trp                             -5.293    -0.699    -4.594  -657.266
459 3NOX_12_ser                             -5.797    -6.327     0.530     8.383
460 3NOX_13_tyr                             -3.429    -2.286    -1.143   -50.016
461 3NOX_14_val                             -0.887    -0.341    -0.546  -160.082
462 3NOX_15_trp                             -4.264    -2.227    -2.037   -91.486
463 3NOX_16_tyr                            -16.727   -16.022    -0.705    -4.401
464 3NOX_17_asp                            -64.396   -62.357    -2.039    -3.270
465 3NOX_18_tyr                             -9.147    -8.583    -0.564    -6.575
466 3NOX_19_asn                             -3.799    -4.442     0.643    14.471
467 3NOX_20_val                             -2.438    -1.718    -0.720   -41.914
468 3NOX_21_hid                             -6.907    -8.313     1.406    16.907
469 3PE2_01_bbn                             -4.347    -3.063    -1.284   -41.923
470 3PE2_02_bbn                             -1.972    -0.120    -1.852 -1542.968
471 3PE2_03_bbn                             -1.908    -1.582    -0.326   -20.629
472 3PE2_04_bbn                             -2.488    -1.140    -1.348  -118.256
473 3PE2_05_bbn                             -3.795    -2.152    -1.643   -76.331
474 3PE2_06_bbn                             -2.243    -2.152    -0.091    -4.219
475 3PE2_07_bbn                             -5.267    -1.632    -3.635  -222.738
476 3PE2_08_bbn                             -9.236    -8.648    -0.588    -6.804
477 3PE2_09_bbn                             -2.825     0.102    -2.927 -2869.655
478 3PE2_10_bbn                             -1.799    -1.706    -0.093    -5.478
479 3PE2_11_bbn                             -5.035    -3.556    -1.479   -41.592
480 3PE2_12_bbn                            -19.715   -18.392    -1.323    -7.193
481 3PE2_13_bbn                             -8.416    -6.612    -1.804   -27.289
482 3PE2_14_leu                             -3.997    -3.361    -0.636   -18.913
483 3PE2_15_arg                            -38.137   -22.648   -15.489   -68.391
484 3PE2_16_val                             -6.123    -5.128    -0.995   -19.404
485 3PE2_17_val                             -5.385    -3.574    -1.811   -50.682
486 3PE2_18_lys                           -104.190  -101.837    -2.353    -2.310
487 3PE2_19_ile                             -4.422    -3.154    -1.268   -40.195
488 3PE2_20_phe                             -4.839    -2.992    -1.847   -61.717
489 3PE2_21_hid                             -3.120    -1.757    -1.363   -77.596
490 3PE2_22_val                             -1.628    -1.155    -0.473   -40.917
491 3PE2_23_asn                             -2.709    -0.799    -1.910  -239.067
492 3PE2_24_hid                             -3.138    -2.844    -0.294   -10.327
493 3PE2_25_met                             -4.513    -4.093    -0.420   -10.251
494 3PE2_26_ile                             -7.722    -5.304    -2.418   -45.594
495 3PE2_27_asp                             29.498    57.516   -28.018   -48.713
496 3PE2_28_trp                             -3.479    -4.656     1.177    25.279
497 4GID_01_bbn                             -2.460    -2.050    -0.410   -20.004
498 4GID_02_bbn                             -0.946     1.595    -2.541  -159.295
499 4GID_03_bbn                             -3.509    -1.725    -1.784  -103.420
500 4GID_04_bbn                             -6.995    -5.236    -1.759   -33.595
501 4GID_05_bbn                             -2.743     0.112    -2.855 -2548.734
502 4GID_06_bbn                              1.597     2.493    -0.896   -35.938
503 4GID_07_bbn                            -14.896   -14.417    -0.479    -3.324
504 4GID_08_bbn                             -1.243    -0.097    -1.146 -1181.686
505 4GID_09_pro                             -3.980    -1.047    -2.933  -280.089
506 4GID_10_bbn                             -4.345    -4.144    -0.201    -4.841
507 4GID_11_bbn                             -3.442    -2.179    -1.263   -57.984
508 4GID_12_bbn                             -4.949    -2.931    -2.018   -68.863
509 4GID_13_bbn                             -5.134    -5.824     0.690    11.846
510 4GID_14_bbn                             -1.927    -2.012     0.085     4.235
511 4GID_15_bbn                             -2.701    -1.966    -0.735   -37.370
512 4GID_16_bbn                             -4.079    -4.380     0.301     6.868
513 4GID_17_bbn                             -1.738     0.779    -2.517  -323.077
514 4GID_18_bbn                             -3.143    -3.432     0.289     8.424
515 4GID_19_bbn                             -2.602    -1.652    -0.950   -57.530
516 4GID_20_bbn                             -2.078    -0.379    -1.699  -448.397
517 4GID_21_bbn                            -19.247   -18.166    -1.081    -5.949
518 4GID_22_bbn                             -8.865    -6.907    -1.958   -28.353
519 4GID_23_bbn                             -8.956    -5.857    -3.099   -52.917
520 4GID_24_bbn                             -1.925     0.454    -2.379  -524.005
521 4GID_25_ser                             -1.308     0.291    -1.599  -549.329
522 4GID_26_gln                             -3.499    -1.744    -1.755  -100.621
523 4GID_27_tyr                             -3.981    -0.498    -3.483  -699.391
524 4GID_28_leu                             -5.236    -2.591    -2.645  -102.086
525 4GID_29_asp                            -76.580   -79.976     3.396     4.247
526 4GID_30_ser                             -0.445     0.726    -1.171  -161.329
527 4GID_31_val                             -3.268    -0.830    -2.438  -293.789
528 4GID_32_tyr                            -11.019    -8.307    -2.712   -32.647
529 4GID_33_thr                             -2.135    -1.485    -0.650   -43.771
530 4GID_34_gln                             -5.407    -2.954    -2.453   -83.039
531 4GID_35_phe                             -5.509    -2.732    -2.777  -101.648
532 4GID_36_ile                             -4.659    -1.625    -3.034  -186.722
533 4GID_37_trp                             -6.569    -3.718    -2.851   -76.676
534 4GID_38_ile                             -4.475    -1.892    -2.583  -136.520
535 4GID_39_ile                             -4.183    -1.303    -2.880  -221.010
536 4GID_40_arg                              4.084    28.317   -24.233   -85.577
537 4GID_41_tyr                             -5.864    -4.078    -1.786   -43.786
538 4GID_42_ile                             -3.655    -1.315    -2.340  -177.970
539 4GID_43_asp                           -111.143  -114.321     3.178     2.780
540 4GID_44_thr                             -7.175    -6.629    -0.546    -8.244
541 4GID_45_thr                             -5.666    -4.836    -0.830   -17.154
542 4GID_46_asn                             -7.053    -5.295    -1.758   -33.209
543 4GID_47_arg                             -3.043    27.645   -30.688  -111.006
544 4GID_48_lys                              5.607    23.587   -17.980   -76.226
545 4GID_49_ser                             -0.834     0.084    -0.918 -1092.853
546 4GID_50_val                             -3.134    -1.455    -1.679  -115.386
547 4GID_51_ala                             -1.301    -0.385    -0.916  -237.801
==========================================================================================
RMSE                4.814   kcal/mol
MUE                 1.911   kcal/mol
------------------------------------------------------------------------------------------
MSE                -1.645   kcal/mol
min               -33.901   kcal/mol
max                 3.607   kcal/mol
range              37.507   kcal/mol
min abs             0.001   kcal/mol
max abs            33.901   kcal/mol
==========================================================================================
RMSE              411.943   %
MUE               131.036   %
MSE               -98.535   %
min             -5226.944   %
max              1896.806   %
range            7123.750   %
min abs             0.027   %
max abs          5226.944   %
------------------------------------------------------------------------------------------
RMSE/|avg|         59.447   %
MUE/|avg|          23.594   %
==========================================================================================
Statistics for groups:
neutral-neutral(225)RMSE      0.420   MSE      -0.045   kcal/mol
charged-neutral(280)RMSE      2.077   MSE      -1.434   kcal/mol
charged-charged(42) RMSE     16.497   MSE     -11.614   kcal/mol
--------------------------------------------------------------------------------
neutral-neutralRMSE/|avg|     18.59 %
charged-neutralRMSE/|avg|     48.68 %
charged-chargedRMSE/|avg|     25.41 %
==========================================================================================

