        _______  
       /\______\ 
      / /      / 
     / / Cuby /   Dataset calculation
     \/______/   
                 
==========================================================================================
name                                             E      Eref     error  error(%)
------------------------------------------------------------------------------------------
01 10GS_01_bbn                              -0.135    -2.184     2.049    93.806
02 10GS_02_bbn                              -0.194    -0.132    -0.062   -47.248
03 10GS_03_bbn                              -0.141     0.428    -0.569  -132.932
04 10GS_04_bbn                               5.586     4.504     1.082    24.029
05 10GS_05_bbn                             -11.501   -11.437    -0.064    -0.558
06 10GS_06_pro                              -7.066    -6.883    -0.183    -2.663
07 10GS_07_bbn                              -5.182    -6.112     0.930    15.213
08 10GS_08_bbn                             -13.369   -14.282     0.913     6.392
09 10GS_09_bbn                              -4.980    -4.063    -0.917   -22.566
10 10GS_10_bbn                              -2.116    -3.957     1.841    46.535
11 10GS_11_bbn                              -0.935    -0.762    -0.173   -22.652
12 10GS_12_tyr                              -5.810    -7.821     2.011    25.716
13 10GS_13_phe                              -4.970    -5.857     0.887    15.142
14 10GS_14_val                               0.032    -1.308     1.340   102.473
15 10GS_15_arg                             -61.682   -53.819    -7.863   -14.610
16 10GS_16_val                               1.042    -0.618     1.660   268.619
17 10GS_17_trp                             -18.558   -19.558     1.000     5.113
18 10GS_18_lys                             -87.036   -89.344     2.308     2.584
19 10GS_19_gln                             -30.831   -32.038     1.207     3.768
20 10GS_20_leu                               0.351    -1.287     1.638   127.284
21 10GS_21_gln                             -10.900   -10.897    -0.003    -0.028
22 10GS_22_ser                             -11.546   -11.270    -0.276    -2.445
23 10GS_23_tyr                              -0.334    -1.617     1.283    79.319
24 10GS_24_asp                              -1.667    19.608   -21.275  -108.500
25 10GS_25_asp                             -38.076   -14.741   -23.335  -158.298
26 2CET_01_bbn                              -2.248     0.231    -2.479 -1073.312
27 2CET_02_bbn                              -2.568    -0.814    -1.754  -215.521
28 2CET_03_ala                              -1.426    -0.260    -1.166  -448.388
29 2CET_04_gln                             -11.100    -9.867    -1.233   -12.500
30 2CET_05_arg                               2.739    34.922   -32.183   -92.156
31 2CET_06_hie                              -6.128    -1.059    -5.069  -478.644
32 2CET_07_trp                              -5.829    -5.045    -0.784   -15.549
33 2CET_08_asn                              -4.097    -2.421    -1.676   -69.229
34 2CET_09_glu                            -104.115  -103.150    -0.965    -0.936
35 2CET_10_val                              -3.685    -2.021    -1.664   -82.350
36 2CET_11_val                              -2.935    -0.645    -2.290  -355.041
37 2CET_12_hie                              -3.070    -0.152    -2.918 -1919.797
38 2CET_13_asn                              -2.181    -0.471    -1.710  -363.123
39 2CET_14_asn                               1.643     3.300    -1.657   -50.210
40 2CET_15_tyr                              -7.709    -6.712    -0.997   -14.852
41 2CET_16_met                              -3.611    -0.626    -2.985  -476.842
42 2CET_17_trp                              -6.138    -4.775    -1.363   -28.537
43 2CET_18_glu                             -95.589   -92.916    -2.673    -2.877
44 2CET_19_trp                              -9.983    -9.608    -0.375    -3.903
45 2CET_20_asn                              -2.015     0.300    -2.315  -771.576
46 2CET_21_glu                            -113.436  -110.346    -3.090    -2.800
47 2CET_22_trp                              -5.366    -2.321    -3.045  -131.198
48 2CET_23_phe                              -6.614    -5.529    -1.085   -19.630
49 2FVD_01_bbn                              -0.932    -1.071     0.139    12.956
50 2FVD_02_bbn                              -0.788    -0.993     0.205    20.640
51 2FVD_03_bbn                              -0.992    -0.802    -0.190   -23.687
52 2FVD_04_bbn                              -0.546    -0.422    -0.124   -29.359
53 2FVD_05_bbn                              -5.315    -5.863     0.548     9.347
54 2FVD_06_bbn                              -3.246    -3.338     0.092     2.759
55 2FVD_07_bbn                              -7.393    -8.131     0.738     9.079
56 2FVD_08_bbn                              -1.778    -2.300     0.522    22.705
57 2FVD_09_bbn                              -7.803    -7.877     0.074     0.944
58 2FVD_10_bbn                               1.370     1.604    -0.234   -14.586
59 2FVD_11_bbn                              -2.079    -1.444    -0.635   -43.998
60 2FVD_12_bbn                              -0.019     0.235    -0.254  -108.024
61 2FVD_13_bbn                              -3.038    -3.477     0.439    12.619
62 2FVD_14_bbn                              -0.008     0.073    -0.081  -111.512
63 2FVD_15_bbn                              -0.800    -0.301    -0.499  -165.891
64 2FVD_16_bbn                              -2.463    -3.018     0.555    18.402
65 2FVD_17_ile                              -4.132    -3.780    -0.352    -9.306
66 2FVD_18_val                              -2.716    -2.692    -0.024    -0.890
67 2FVD_19_ala                              -2.195    -1.773    -0.422   -23.774
68 2FVD_20_lys                              -9.583    -5.495    -4.088   -74.386
69 2FVD_21_val                              -1.601    -1.148    -0.453   -39.425
70 2FVD_22_phe                              -1.733    -2.355     0.622    26.432
71 2FVD_23_glu                              -8.587    -1.405    -7.182  -511.184
72 2FVD_24_phe                              -3.002    -3.086     0.084     2.713
73 2FVD_25_leu                              -1.168    -1.099    -0.069    -6.243
74 2FVD_26_hie                              -0.597    -0.527    -0.070   -13.202
75 2FVD_27_gln                              -4.332    -3.566    -0.766   -21.472
76 2FVD_28_asp                             -11.176    -9.816    -1.360   -13.853
77 2FVD_29_lys                             -25.732   -18.966    -6.766   -35.674
78 2FVD_30_asn                              -4.685    -4.527    -0.158    -3.498
79 2FVD_31_leu                              -4.749    -4.344    -0.405    -9.320
80 2FVD_32_ala                              -1.432    -1.161    -0.271   -23.299
81 2FVD_33_asp                             -13.280    -9.472    -3.808   -40.198
82 2OBF_01_bbn                              -3.961    -0.518    -3.443  -664.694
83 2OBF_02_bbn                             -10.331    -7.805    -2.526   -32.369
84 2OBF_03_bbn                              -4.408     0.825    -5.233  -634.309
85 2OBF_04_bbn                              -6.476    -3.767    -2.709   -71.904
86 2OBF_05_bbn                              -4.261    -0.402    -3.859  -959.912
87 2OBF_06_bbn                              -5.081    -0.817    -4.264  -521.971
88 2OBF_07_pro                              -5.454    -1.039    -4.415  -424.938
89 2OBF_08_bbn                              -4.625     0.362    -4.987 -1377.581
90 2OBF_09_bbn                              -3.759    -0.473    -3.286  -694.738
91 2OBF_10_bbn                              -6.443    -5.683    -0.760   -13.380
92 2OBF_11_bbn                              -4.236     0.668    -4.904  -734.070
93 2OBF_12_bbn                              -2.506     1.836    -4.342  -236.497
94 2OBF_13_bbn                              -4.335    -2.971    -1.364   -45.916
95 2OBF_14_tyr                              -9.072    -6.909    -2.163   -31.314
96 2OBF_15_asn                              -8.361    -7.005    -1.356   -19.359
97 2OBF_16_tyr                              -8.808    -5.912    -2.896   -48.984
98 2OBF_17_arg                               7.134    41.108   -33.974   -82.646
99 2OBF_18_leu                              -4.771    -0.537    -4.234  -788.456
100 2OBF_19_val                             -5.366    -2.422    -2.944  -121.537
101 2OBF_20_ala                             -2.834    -0.973    -1.861  -191.267
102 2OBF_21_leu                             -5.303    -1.240    -4.063  -327.634
103 2OBF_22_tyr                             -5.866    -3.891    -1.975   -50.765
104 2OBF_23_tyr                             -6.509    -2.925    -3.584  -122.523
105 2OBF_24_phe                            -12.461    -9.337    -3.124   -33.458
106 2OBF_25_ala                             -2.216    -0.605    -1.611  -266.347
107 2OBF_26_ala                             -2.845    -1.585    -1.260   -79.486
108 2OBF_27_glu                           -141.037  -135.109    -5.928    -4.388
109 2OBF_28_tyr                            -10.940    -8.661    -2.279   -26.319
110 2OBF_29_val                             -4.001    -0.943    -3.058  -324.246
111 2OBF_30_met                             -5.759    -0.341    -5.418 -1588.821
112 2OBF_31_asp                            -86.323   -82.912    -3.411    -4.115
113 2OBF_32_val                             -3.981    -1.915    -2.066  -107.888
114 2OBF_33_val                             -4.501    -1.506    -2.995  -198.882
115 2P4Y_01_bbn                             -1.206     0.633    -1.839  -290.533
116 2P4Y_02_bbn                             -2.782    -3.158     0.376    11.918
117 2P4Y_03_bbn                             -2.749    -1.621    -1.128   -69.572
118 2P4Y_04_bbn                             -1.851    -0.504    -1.347  -267.292
119 2P4Y_05_bbn                             -3.019    -3.285     0.266     8.108
120 2P4Y_06_bbn                             -1.280    -1.259    -0.021    -1.683
121 2P4Y_07_bbn                             -2.017    -1.965    -0.052    -2.653
122 2P4Y_08_bbn                             -2.221    -1.945    -0.276   -14.188
123 2P4Y_09_bbn                             -1.867    -0.814    -1.053  -129.328
124 2P4Y_10_bbn                             -2.977    -1.060    -1.917  -180.851
125 2P4Y_11_bbn                             -2.081    -1.549    -0.532   -34.367
126 2P4Y_12_bbn                             -2.184    -1.648    -0.536   -32.547
127 2P4Y_13_bbn                             -1.187     0.388    -1.575  -405.920
128 2P4Y_14_bbn                             -6.015    -7.223     1.208    16.724
129 2P4Y_15_bbn                            -21.203   -22.002     0.799     3.633
130 2P4Y_16_bbn                             -5.911    -6.373     0.462     7.252
131 2P4Y_17_phe                              0.140    -0.118     0.258   218.492
132 2P4Y_18_ile                             -0.634    -0.958     0.324    33.847
133 2P4Y_19_cys                             -4.720    -5.376     0.656    12.195
134 2P4Y_20_phe                             -0.534    -1.502     0.968    64.419
135 2P4Y_21_arg                            -67.947   -70.559     2.612     3.701
136 2P4Y_22_ser                             -2.418    -1.952    -0.466   -23.898
137 2P4Y_23_ala                             -2.176    -2.010    -0.166    -8.256
138 2P4Y_24_glu                             -7.781    19.435   -27.216  -140.034
139 2P4Y_25_ile                             -1.009    -1.935     0.926    47.854
140 2P4Y_26_ile                             -2.767    -2.787     0.020     0.723
141 2P4Y_27_tyr                             -0.268    -1.841     1.573    85.460
142 2P4Y_28_met                             -2.495    -2.641     0.146     5.524
143 2P4Y_29_leu                             -3.892    -4.607     0.715    15.514
144 2P4Y_30_leu                             -1.867    -2.673     0.806    30.152
145 2P4Y_31_val                             -1.231    -1.593     0.362    22.708
146 2P4Y_32_ile                             -7.895    -7.524    -0.371    -4.936
147 2P4Y_33_ser                             -4.963    -3.787    -1.176   -31.060
148 2P4Y_34_met                             -1.780    -2.077     0.297    14.308
149 2P4Y_35_leu                             -0.687    -1.370     0.683    49.872
150 2P4Y_36_phe                             -0.553    -1.510     0.957    63.381
151 2P4Y_37_met                             -2.896    -3.066     0.170     5.551
152 2P4Y_38_lys                            -50.866   -28.948   -21.918   -75.714
153 2P4Y_39_hie                             -0.543    -1.154     0.611    52.945
154 2VOT_01_bbn                             -1.658     2.471    -4.129  -167.096
155 2VOT_02_bbn                             -2.585     0.834    -3.419  -409.932
156 2VOT_03_bbn                             -2.736     1.814    -4.550  -250.813
157 2VOT_04_trp                             -6.448    -1.855    -4.593  -247.577
158 2VOT_05_asp                           -111.293  -108.715    -2.578    -2.371
159 2VOT_06_trp                             -5.792    -0.130    -5.662 -4355.349
160 2VOT_07_arg                              7.789    41.149   -33.360   -81.071
161 2VOT_08_trp                             -5.053    -1.687    -3.366  -199.523
162 2VOT_09_cys                             -3.356    -1.784    -1.572   -88.129
163 2VOT_10_asn                             -4.673    -3.554    -1.119   -31.478
164 2VOT_11_glu                           -110.893  -109.350    -1.543    -1.411
165 2VOT_12_glu                            -59.338   -45.354   -13.984   -30.833
166 2VOT_13_trp                             -3.906    -0.448    -3.458  -771.921
167 2VOT_14_trp                             -4.471     0.355    -4.826 -1359.471
168 2VOT_15_hip                             25.414    52.496   -27.082   -51.588
169 2VOT_16_trp                             -7.711    -7.689    -0.022    -0.290
170 2VOT_17_tyr                             -6.518    -4.084    -2.434   -59.607
171 2VOT_18_glu                           -113.815  -111.797    -2.018    -1.805
172 2VOT_19_ser                             -1.955     0.657    -2.612  -397.550
173 2VOT_20_ser                             -2.716    -1.306    -1.410  -107.982
174 2VOT_21_trp                            -14.530   -14.338    -0.192    -1.341
175 2VOT_22_trp                             -8.748    -7.156    -1.592   -22.245
176 2VW5_01_bbn                             -1.226    -1.602     0.376    23.465
177 2VW5_02_bbn                             -1.322    -2.012     0.690    34.301
178 2VW5_03_bbn                             -0.212    -0.165    -0.047   -28.681
179 2VW5_04_bbn                             -0.108    -0.347     0.239    68.841
180 2VW5_05_bbn                             -1.553    -1.513    -0.040    -2.669
181 2VW5_06_bbn                             -0.136     0.010    -0.146 -1455.355
182 2VW5_07_bbn                              0.110    -0.062     0.172   277.561
183 2VW5_08_bbn                             -0.052    -0.306     0.254    82.949
184 2VW5_09_bbn                             -1.830    -1.959     0.129     6.597
185 2VW5_10_bbn                             -0.711    -0.747     0.036     4.881
186 2VW5_11_bbn                             -3.781    -3.942     0.161     4.088
187 2VW5_12_bbn                             -0.005     0.092    -0.097  -105.089
188 2VW5_13_bbn                             -7.677    -7.609    -0.068    -0.889
189 2VW5_14_bbn                             -2.822    -2.653    -0.169    -6.369
190 2VW5_15_bbn                             -0.013     0.119    -0.132  -111.264
191 2VW5_16_asn                             -5.721    -6.153     0.432     7.014
192 2VW5_17_ala                             -0.338    -0.437     0.099    22.586
193 2VW5_18_asp                            -29.414   -27.702    -1.712    -6.181
194 2VW5_19_ala                             -1.933    -1.574    -0.359   -22.799
195 2VW5_20_lys                            -21.724   -16.841    -4.883   -28.995
196 2VW5_21_asp                            -22.825   -20.676    -2.149   -10.394
197 2VW5_22_ile                             -1.334    -0.966    -0.368   -38.127
198 2VW5_23_met                             -5.351    -5.847     0.496     8.477
199 2VW5_24_glu                            -11.642    -6.855    -4.787   -69.838
200 2VW5_25_asn                             -1.965    -1.838    -0.127    -6.901
201 2VW5_26_leu                             -1.845    -1.397    -0.448   -32.084
202 2VW5_28_val                             -1.118    -0.688    -0.430   -62.431
203 2VW5_29_phe                             -3.819    -3.685    -0.134    -3.633
204 2VW5_30_tyr                             -1.191    -1.319     0.128     9.719
205 2VW5_31_val                             -0.659    -0.469    -0.190   -40.489
206 2VW5_32_thr                             -4.692    -4.575    -0.117    -2.549
207 2VW5_33_leu                             -0.952    -0.905    -0.047    -5.144
208 2XB8_01_bbn                             -1.377     2.947    -4.324  -146.735
209 2XB8_02_bbn                             -6.549    -3.648    -2.901   -79.520
210 2XB8_03_bbn                             -3.120    -2.281    -0.839   -36.780
211 2XB8_04_bbn                             -5.383    -3.228    -2.155   -66.773
212 2XB8_05_bbn                             -2.813    -1.707    -1.106   -64.767
213 2XB8_06_bbn                             -3.139     1.795    -4.934  -274.874
214 2XB8_07_bbn                             -2.853     0.743    -3.596  -483.975
215 2XB8_08_bbn                             -9.524    -8.427    -1.097   -13.016
216 2XB8_09_bbn                             -8.228    -4.519    -3.709   -82.072
217 2XB8_10_bbn                             -4.247    -1.881    -2.366  -125.786
218 2XB8_11_bbn                             -5.965    -3.191    -2.774   -86.936
219 2XB8_12_bbn                            -20.143   -18.509    -1.634    -8.826
220 2XB8_13_bbn                            -20.043   -18.726    -1.317    -7.033
221 2XB8_14_bbn                             -0.206     3.105    -3.311  -106.633
222 2XB8_15_bbn                             -3.283    -1.108    -2.175  -196.289
223 2XB8_16_asn                             -3.129     0.457    -3.586  -784.590
224 2XB8_17_leu                             -6.239    -4.157    -2.082   -50.092
225 2XB8_18_arg                            -49.645   -24.340   -25.305  -103.963
226 2XB8_19_leu                             -2.121    -0.451    -1.670  -370.361
227 2XB8_20_arg                            -50.161   -19.929   -30.232  -151.698
228 2XB8_21_tyr                            -10.258    -7.905    -2.353   -29.764
229 2XB8_22_asn                             -9.734    -9.067    -0.667    -7.352
230 2XB8_23_thr                             -2.867    -1.159    -1.708  -147.404
231 2XB8_24_hid                             -9.788    -4.787    -5.001  -104.467
232 2XB8_25_hie                             -0.442     3.033    -3.475  -114.559
233 2XB8_26_ile                             -5.621    -3.670    -1.951   -53.156
234 2XB8_27_ser                            -15.937   -13.012    -2.925   -22.481
235 2XB8_28_val                             -3.373    -1.439    -1.934  -134.385
236 2XB8_29_arg                            -58.227   -51.470    -6.757   -13.128
237 2XB8_30_arg                            -67.630   -58.856    -8.774   -14.908
238 2XB8_31_val                             -2.176    -0.697    -1.479  -212.185
239 2XB8_32_asp                              6.033    28.727   -22.694   -78.998
240 2XB8_33_glu                              3.352    22.273   -18.921   -84.950
241 2YKI_01_bbn                             -0.018     0.150    -0.168  -112.160
242 2YKI_02_bbn                              0.114    -0.223     0.337   150.916
243 2YKI_03_bbn                             -0.596    -0.885     0.289    32.626
244 2YKI_04_bbn                             -0.427    -0.501     0.074    14.764
245 2YKI_05_bbn                             -1.035    -1.095     0.060     5.518
246 2YKI_06_bbn                             -0.837    -0.852     0.015     1.761
247 2YKI_07_bbn                             -1.301    -1.001    -0.300   -29.976
248 2YKI_08_bbn                             -9.971   -10.123     0.152     1.499
249 2YKI_09_bbn                             -0.054    -0.006    -0.048  -803.607
250 2YKI_10_bbn                             -1.136    -1.105    -0.031    -2.816
251 2YKI_11_bbn                             -4.090    -4.313     0.223     5.174
252 2YKI_12_bbn                             -0.805    -1.057     0.252    23.860
253 2YKI_13_bbn                             -0.126    -0.391     0.265    67.657
254 2YKI_14_bbn                             -1.635    -1.846     0.211    11.431
255 2YKI_15_bbn                             -0.064    -0.336     0.272    80.880
256 2YKI_16_bbn                             -0.081    -0.240     0.159    66.452
257 2YKI_17_bbn                             -2.221    -2.670     0.449    16.812
258 2YKI_18_bbn                             -2.155    -1.851    -0.304   -16.426
259 2YKI_19_bbn                              0.126     0.096     0.030    30.754
260 2YKI_20_bbn                              0.247     0.160     0.087    54.095
261 2YKI_21_bbn                              0.143    -0.036     0.179   496.830
262 2YKI_22_phe                             -2.300    -2.016    -0.284   -14.108
263 2YKI_23_gln                             -0.308    -0.677     0.369    54.546
264 2YKI_24_ile                             -1.077    -1.114     0.037     3.303
265 2YKI_25_leu                             -0.581    -0.415    -0.166   -39.941
266 2YKI_26_asn                             -7.321    -7.324     0.003     0.043
267 2YKI_27_ser                             -0.120     0.118    -0.238  -201.818
268 2YKI_28_ala                             -0.361    -0.284    -0.077   -26.952
269 2YKI_29_asp                            -28.033   -25.837    -2.196    -8.498
270 2YKI_30_ile                             -0.487    -0.373    -0.114   -30.665
271 2YKI_31_met                             -6.793    -7.012     0.219     3.128
272 2YKI_32_leu                             -1.391    -1.697     0.306    18.014
273 2YKI_33_ile                             -0.361    -0.356    -0.005    -1.394
274 2YKI_34_leu                             -5.809    -5.688    -0.121    -2.130
275 2YKI_35_ile                             -1.194    -1.195     0.001     0.065
276 2YKI_36_ala                             -1.642    -1.598    -0.044    -2.759
277 2YKI_37_val                             -0.807    -0.790    -0.017    -2.137
278 2YKI_38_phe                             -6.600    -8.399     1.799    21.420
279 2YKI_40_val                             -1.738    -1.733    -0.005    -0.283
280 2YKI_41_trp                             -4.859    -6.213     1.354    21.786
281 2YKI_42_phe                             -2.300    -2.736     0.436    15.934
282 2YKI_43_thr                             -4.061    -3.713    -0.348    -9.379
283 2YKI_44_val                             -1.040    -0.972    -0.068    -7.044
284 2ZX6_01_bbn                              0.743     2.718    -1.975   -72.652
285 2ZX6_02_bbn                             -2.711    -0.331    -2.380  -719.117
286 2ZX6_03_bbn                             -2.649    -0.366    -2.283  -623.639
287 2ZX6_04_bbn                             -0.671     1.694    -2.365  -139.622
288 2ZX6_05_phe                             -2.488    -2.454    -0.034    -1.375
289 2ZX6_06_hid                            -20.926   -21.607     0.681     3.153
290 2ZX6_07_leu                             -1.590    -1.413    -0.177   -12.547
291 2ZX6_08_tyr                             -3.026    -3.321     0.295     8.895
292 2ZX6_09_glu                            -86.445   -80.174    -6.271    -7.822
293 2ZX6_10_trp                             -4.372    -1.055    -3.317  -314.439
294 2ZX6_11_hie                             -2.385    -1.054    -1.331  -126.287
295 2ZX6_12_hid                            -16.398   -18.071     1.673     9.258
296 2ZX6_13_tyr                              0.719    -0.065     0.784  1205.500
297 2ZX6_14_leu                             -1.023    -0.230    -0.793  -344.755
298 2ZX6_15_trp                             -2.493    -3.758     1.265    33.670
299 2ZX6_16_asp                           -110.731  -110.036    -0.695    -0.631
300 2ZX6_17_met                             -3.624    -4.204     0.580    13.808
301 2ZX6_18_arg                             35.743    55.564   -19.821   -35.673
302 2ZX6_19_glu                           -115.447  -111.740    -3.707    -3.317
303 2ZX6_20_val                             -1.631    -1.102    -0.529   -48.033
304 2ZX6_21_asn                             -5.679    -5.871     0.192     3.265
305 2ZX6_22_thr                             -2.237    -2.562     0.325    12.694
306 2ZX6_23_phe                             -9.427    -8.275    -1.152   -13.923
307 3G0W_01_bbn                             -0.448    -0.280    -0.168   -60.177
308 3G0W_02_bbn                             -3.678    -3.220    -0.458   -14.229
309 3G0W_03_bbn                              0.082     0.001     0.081  8083.317
310 3G0W_04_bbn                             -0.174    -0.022    -0.152  -689.184
311 3G0W_05_bbn                             -1.539    -0.757    -0.782  -103.292
312 3G0W_06_bbn                             -0.280     0.348    -0.628  -180.359
313 3G0W_07_bbn                             -0.918    -0.797    -0.121   -15.123
314 3G0W_08_bbn                             -0.291    -0.335     0.044    13.242
315 3G0W_09_bbn                             -1.351    -1.026    -0.325   -31.710
316 3G0W_10_bbn                             -0.686     1.077    -1.763  -163.722
317 3G0W_11_bbn                              2.697     2.491     0.206     8.281
318 3G0W_12_bbn                             -0.136    -0.473     0.337    71.162
319 3G0W_13_bbn                             -1.309    -1.851     0.542    29.259
320 3G0W_14_bbn                             -1.116    -0.879    -0.237   -26.923
321 3G0W_15_bbn                              0.066    -0.077     0.143   185.081
322 3G0W_16_leu                             -1.663    -1.582    -0.081    -5.147
323 3G0W_17_leu                             -3.580    -4.177     0.597    14.301
324 3G0W_18_asn                            -14.545   -15.230     0.685     4.500
325 3G0W_19_leu                             -2.926    -2.527    -0.399   -15.771
326 3G0W_20_gln                              0.657     0.770    -0.113   -14.634
327 3G0W_21_trp                             -1.238    -1.224    -0.014    -1.162
328 3G0W_22_met                             -2.878    -2.943     0.065     2.222
329 3G0W_23_met                             -3.937    -6.038     2.101    34.798
330 3G0W_24_val                             -1.122    -2.021     0.899    44.496
331 3G0W_25_met                             -2.728    -2.591    -0.137    -5.294
332 3G0W_26_arg                            -18.974   -18.754    -0.220    -1.173
333 3G0W_27_phe                             -3.229    -3.633     0.404    11.124
334 3G0W_28_met                             -2.059    -2.138     0.079     3.692
335 3G0W_29_met                             -1.180    -0.973    -0.207   -21.239
336 3G0W_30_leu                             -2.116    -1.954    -0.162    -8.267
337 3G0W_31_phe                             -0.908    -0.746    -0.162   -21.650
338 3G0W_32_thr                             -3.969    -4.362     0.393     9.018
339 3G0W_33_leu                             -1.270    -0.959    -0.311   -32.414
340 3G0W_34_phe                             -2.192    -2.385     0.193     8.111
341 3G0W_35_met                             -0.824    -0.625    -0.199   -31.823
342 3G0W_36_ile                             -0.537    -0.474    -0.063   -13.187
343 3GCU_01_bbn                             -0.121    -0.282     0.161    56.987
344 3GCU_02_bbn                             -3.447    -3.124    -0.323   -10.353
345 3GCU_03_bbn                             -1.366    -1.441     0.075     5.172
346 3GCU_04_bbn                             -0.945    -1.028     0.083     8.028
347 3GCU_05_bbn                             -0.459    -0.689     0.230    33.365
348 3GCU_06_bbn                             -0.373    -0.328    -0.045   -13.824
349 3GCU_07_bbn                             -1.643    -1.867     0.224    11.994
350 3GCU_08_bbn                             -0.081    -0.029    -0.052  -179.965
351 3GCU_09_bbn                             -1.836    -1.389    -0.447   -32.191
352 3GCU_10_bbn                             -0.776    -0.503    -0.273   -54.317
353 3GCU_11_bbn                             -0.515    -1.166     0.651    55.841
354 3GCU_12_bbn                              0.007    -0.152     0.159   104.583
355 3GCU_13_bbn                             -1.251    -1.220    -0.031    -2.562
356 3GCU_14_bbn                             -0.756    -1.261     0.505    40.022
357 3GCU_15_bbn                             -0.350    -0.618     0.268    43.333
358 3GCU_16_bbn                             -2.745    -2.654    -0.091    -3.415
359 3GCU_17_bbn                             -8.271    -8.222    -0.049    -0.596
360 3GCU_18_bbn                             -1.003    -2.033     1.030    50.655
361 3GCU_19_bbn                             -0.371    -0.332    -0.039   -11.713
362 3GCU_20_bbn                             -0.189    -0.237     0.048    20.451
363 3GCU_21_bbn                             -1.783    -1.341    -0.442   -32.997
364 3GCU_22_bbn                             -8.401    -8.470     0.069     0.813
365 3GCU_23_bbn                             -2.487    -3.359     0.872    25.950
366 3GCU_24_val                             -1.822    -1.617    -0.205   -12.688
367 3GCU_25_tyr                             -0.139    -0.332     0.193    58.171
368 3GCU_26_val                             -2.903    -2.777    -0.126    -4.532
369 3GCU_27_ala                             -2.089    -1.853    -0.236   -12.743
370 3GCU_28_lys                             -2.454    -1.564    -0.890   -56.932
371 3GCU_29_arg                             -9.170     1.022   -10.192  -997.275
372 3GCU_30_arg                             -8.884    -0.302    -8.582 -2841.854
373 3GCU_31_glu                            -42.657   -40.107    -2.550    -6.357
374 3GCU_32_leu                             -1.031    -1.619     0.588    36.346
375 3GCU_33_leu                             -3.239    -3.539     0.300     8.463
376 3GCU_34_met                             -1.512    -1.363    -0.149   -10.914
377 3GCU_35_val                             -0.756    -0.854     0.098    11.433
378 3GCU_36_ile                             -3.087    -3.419     0.332     9.716
379 3GCU_37_leu                             -1.280    -1.666     0.386    23.166
380 3GCU_38_thr                             -5.821    -6.012     0.191     3.175
381 3GCU_39_leu                             -1.679    -1.675    -0.004    -0.265
382 3GCU_40_met                             -2.063    -1.631    -0.432   -26.493
383 3GCU_41_ile                             -1.127    -1.316     0.189    14.388
384 3GCU_42_ile                             -0.383    -0.576     0.193    33.589
385 3GCU_43_hie                             -1.949    -2.070     0.121     5.852
386 3GCU_44_ile                             -0.420    -0.486     0.066    13.544
387 3GCU_45_leu                             -3.178    -3.753     0.575    15.324
388 3GCU_46_asp                             -4.532    -3.510    -1.022   -29.123
389 3GCU_47_phe                             -3.653    -3.750     0.097     2.596
390 3GCU_48_leu                             -0.173    -0.619     0.446    72.120
391 3GNW_01_pro                             -1.637    -1.763     0.126     7.162
392 3GNW_02_bbn                             -0.134    -1.277     1.143    89.485
393 3GNW_03_bbn                             -3.074    -3.254     0.180     5.531
394 3GNW_04_bbn                             -3.964    -2.857    -1.107   -38.755
395 3GNW_05_bbn                              0.649    -0.513     1.162   226.494
396 3GNW_06_bbn                             -0.591    -0.230    -0.361  -157.039
397 3GNW_07_bbn                             -1.770    -1.752    -0.018    -1.011
398 3GNW_08_bbn                             -0.232    -0.221    -0.011    -4.963
399 3GNW_09_bbn                             -1.792    -1.049    -0.743   -70.822
400 3GNW_10_bbn                             -0.606    -0.798     0.192    24.006
401 3GNW_11_bbn                             -2.351    -2.458     0.107     4.356
402 3GNW_12_bbn                             -1.048    -0.729    -0.319   -43.766
403 3GNW_13_bbn                             -6.793    -7.914     1.121    14.163
404 3GNW_14_bbn                             -9.069    -7.893    -1.176   -14.896
405 3GNW_15_bbn                             -9.312    -8.705    -0.607    -6.975
406 3GNW_16_bbn                             -2.671    -2.751     0.080     2.916
407 3GNW_17_arg                             -6.142    -1.153    -4.989  -432.712
408 3GNW_18_phe                             -1.341    -1.633     0.292    17.906
409 3GNW_19_arg                            -12.522    -5.693    -6.829  -119.950
410 3GNW_20_asn                             -0.831    -1.994     1.163    58.306
411 3GNW_21_asp                             -5.106    -4.875    -0.231    -4.744
412 3GNW_22_cys                             -4.428    -4.152    -0.276    -6.640
413 3GNW_23_ser                             -9.156    -8.521    -0.635    -7.456
414 3GNW_24_ser                             -1.628    -1.549    -0.079    -5.126
415 3GNW_25_leu                             -2.420    -2.381    -0.039    -1.639
416 3GNW_26_arg                             -4.550     3.776    -8.326  -220.501
417 3GNW_27_ser                             -0.380    -0.516     0.136    26.409
418 3GNW_28_asn                             -0.746    -1.264     0.518    41.019
419 3GNW_29_met                             -6.681    -6.025    -0.656   -10.884
420 3GNW_30_tyr                             -3.646    -4.562     0.916    20.085
421 3GNW_31_gln                             -1.390    -0.305    -1.085  -355.857
422 3GNW_32_ile                             -1.064    -0.859    -0.205   -23.859
423 3GNW_33_tyr                             -6.438    -6.613     0.175     2.643
424 3GNW_34_hie                             -0.028    -0.146     0.118    80.832
425 3GNW_35_ser                             -5.722    -4.733    -0.989   -20.905
426 3JVS_01_bbn                             -1.737    -1.960     0.223    11.381
427 3JVS_02_bbn                            -12.463   -13.696     1.233     9.003
428 3JVS_03_bbn                             -1.197    -1.071    -0.126   -11.750
429 3JVS_04_bbn                             -0.350    -0.504     0.154    30.470
430 3JVS_05_bbn                            -11.819   -12.381     0.562     4.539
431 3JVS_06_pro                             -5.183    -4.961    -0.222    -4.472
432 3JVS_07_bbn                              0.234     0.651    -0.417   -63.998
433 3JVS_08_pro                             -3.199    -2.382    -0.817   -34.303
434 3JVS_09_bbn                             -0.623    -0.536    -0.087   -16.291
435 3JVS_10_bbn                             -0.601    -1.080     0.479    44.388
436 3JVS_11_bbn                             -0.617    -0.457    -0.160   -34.978
437 3JVS_12_bbn                             -2.803    -2.491    -0.312   -12.536
438 3JVS_13_bbn                             -1.211    -1.033    -0.178   -17.236
439 3JVS_14_phe                             -7.055    -7.727     0.672     8.700
440 3JVS_15_asp                            -13.330    -7.306    -6.024   -82.454
441 3JVS_16_arg                             -2.575    -0.422    -2.153  -510.192
442 3JVS_17_ile                             -3.103    -3.698     0.595    16.095
443 3JVS_18_glu                            -14.899    -8.054    -6.845   -84.986
444 3JVS_19_tyr                             -1.770    -1.071    -0.699   -65.301
445 3JVS_20_ala                             -1.187    -0.589    -0.598  -101.533
446 3JVS_21_glu                            -10.979    -3.715    -7.264  -195.520
447 3JVS_22_leu                             -2.724    -1.646    -1.078   -65.489
448 3NOX_01_bbn                             -1.933     0.798    -2.731  -342.242
449 3NOX_02_bbn                             -7.967    -6.207    -1.760   -28.351
450 3NOX_03_bbn                             -2.863     0.757    -3.620  -478.151
451 3NOX_04_bbn                             -4.101    -1.971    -2.130  -108.051
452 3NOX_05_bbn                             -1.877     1.333    -3.210  -240.806
453 3NOX_06_bbn                             -3.468    -1.433    -2.035  -142.035
454 3NOX_07_arg                             13.725    45.802   -32.077   -70.034
455 3NOX_08_glu                           -112.822  -111.564    -1.258    -1.127
456 3NOX_09_glu                           -124.347  -122.376    -1.971    -1.611
457 3NOX_10_tyr                             -5.959    -4.538    -1.421   -31.308
458 3NOX_11_trp                             -5.723    -0.699    -5.024  -718.742
459 3NOX_12_ser                             -5.420    -6.327     0.907    14.331
460 3NOX_13_tyr                             -4.344    -2.286    -2.058   -90.017
461 3NOX_14_val                             -2.229    -0.341    -1.888  -553.550
462 3NOX_15_trp                             -6.107    -2.227    -3.880  -174.221
463 3NOX_16_tyr                            -16.010   -16.022     0.012     0.075
464 3NOX_17_asp                            -65.027   -62.357    -2.670    -4.282
465 3NOX_18_tyr                             -8.287    -8.583     0.296     3.448
466 3NOX_19_asn                             -3.344    -4.442     1.098    24.723
467 3NOX_20_val                             -3.527    -1.718    -1.809  -105.318
468 3NOX_21_hid                             -7.469    -8.313     0.844    10.152
469 3PE2_01_bbn                             -5.938    -3.063    -2.875   -93.857
470 3PE2_02_bbn                             -3.407    -0.120    -3.287 -2738.941
471 3PE2_03_bbn                             -2.418    -1.582    -0.836   -52.873
472 3PE2_04_bbn                             -3.550    -1.140    -2.410  -211.427
473 3PE2_05_bbn                             -3.723    -2.152    -1.571   -73.012
474 3PE2_06_bbn                             -2.318    -2.152    -0.166    -7.713
475 3PE2_07_bbn                             -6.288    -1.632    -4.656  -285.296
476 3PE2_08_bbn                            -10.176    -8.648    -1.528   -17.668
477 3PE2_09_bbn                             -2.959     0.102    -3.061 -3000.819
478 3PE2_10_bbn                             -2.228    -1.706    -0.522   -30.613
479 3PE2_11_bbn                             -4.716    -3.556    -1.160   -32.621
480 3PE2_12_bbn                            -19.589   -18.392    -1.197    -6.507
481 3PE2_13_bbn                             -8.229    -6.612    -1.617   -24.462
482 3PE2_14_leu                             -3.805    -3.361    -0.444   -13.215
483 3PE2_15_arg                            -42.332   -22.648   -19.684   -86.915
484 3PE2_16_val                             -5.371    -5.128    -0.243    -4.736
485 3PE2_17_val                             -4.321    -3.574    -0.747   -20.911
486 3PE2_18_lys                           -104.588  -101.837    -2.751    -2.702
487 3PE2_19_ile                             -3.400    -3.154    -0.246    -7.796
488 3PE2_20_phe                             -3.847    -2.992    -0.855   -28.580
489 3PE2_21_hid                             -3.462    -1.757    -1.705   -97.023
490 3PE2_22_val                             -1.760    -1.155    -0.605   -52.381
491 3PE2_23_asn                             -2.379    -0.799    -1.580  -197.802
492 3PE2_24_hid                             -3.351    -2.844    -0.507   -17.811
493 3PE2_25_met                             -3.132    -4.093     0.961    23.474
494 3PE2_26_ile                             -6.449    -5.304    -1.145   -21.596
495 3PE2_27_asp                             26.387    57.516   -31.129   -54.122
496 3PE2_28_trp                             -2.667    -4.656     1.989    42.727
497 4GID_01_bbn                             -2.253    -2.050    -0.203    -9.890
498 4GID_02_bbn                             -0.645     1.595    -2.240  -140.411
499 4GID_03_bbn                             -2.979    -1.725    -1.254   -72.676
500 4GID_04_bbn                             -6.802    -5.236    -1.566   -29.916
501 4GID_05_bbn                             -2.533     0.112    -2.645 -2361.209
502 4GID_06_bbn                              1.634     2.493    -0.859   -34.445
503 4GID_07_bbn                            -14.808   -14.417    -0.391    -2.713
504 4GID_08_bbn                             -1.151    -0.097    -1.054 -1086.088
505 4GID_09_pro                             -3.988    -1.047    -2.941  -280.939
506 4GID_10_bbn                             -4.597    -4.144    -0.453   -10.921
507 4GID_11_bbn                             -3.576    -2.179    -1.397   -64.108
508 4GID_12_bbn                             -5.024    -2.931    -2.093   -71.400
509 4GID_13_bbn                             -4.092    -5.824     1.732    29.744
510 4GID_14_bbn                             -1.950    -2.012     0.062     3.072
511 4GID_15_bbn                             -2.690    -1.966    -0.724   -36.810
512 4GID_16_bbn                             -3.612    -4.380     0.768    17.539
513 4GID_17_bbn                             -1.940     0.779    -2.719  -349.098
514 4GID_18_bbn                             -3.021    -3.432     0.411    11.963
515 4GID_19_bbn                             -2.488    -1.652    -0.836   -50.580
516 4GID_20_bbn                             -1.293    -0.379    -0.914  -241.100
517 4GID_21_bbn                            -17.880   -18.166     0.286     1.573
518 4GID_22_bbn                             -7.238    -6.907    -0.331    -4.793
519 4GID_23_bbn                             -9.292    -5.857    -3.435   -58.645
520 4GID_24_bbn                             -2.374     0.454    -2.828  -622.912
521 4GID_25_ser                             -1.505     0.291    -1.796  -617.285
522 4GID_26_gln                             -3.435    -1.744    -1.691   -96.940
523 4GID_27_tyr                             -3.936    -0.498    -3.438  -690.461
524 4GID_28_leu                             -5.003    -2.591    -2.412   -93.096
525 4GID_29_asp                            -79.737   -79.976     0.239     0.299
526 4GID_30_ser                             -0.041     0.726    -0.767  -105.700
527 4GID_31_val                             -3.326    -0.830    -2.496  -300.781
528 4GID_32_tyr                             -9.888    -8.307    -1.581   -19.035
529 4GID_33_thr                             -3.023    -1.485    -1.538  -103.557
530 4GID_34_gln                             -3.353    -2.954    -0.399   -13.512
531 4GID_35_phe                             -5.612    -2.732    -2.880  -105.412
532 4GID_36_ile                             -4.818    -1.625    -3.193  -196.492
533 4GID_37_trp                             -6.532    -3.718    -2.814   -75.692
534 4GID_38_ile                             -4.802    -1.892    -2.910  -153.819
535 4GID_39_ile                             -4.435    -1.303    -3.132  -240.367
536 4GID_40_arg                              1.943    28.317   -26.374   -93.139
537 4GID_41_tyr                             -5.723    -4.078    -1.645   -40.344
538 4GID_42_ile                             -4.230    -1.315    -2.915  -221.639
539 4GID_43_asp                           -114.564  -114.321    -0.243    -0.212
540 4GID_44_thr                             -7.584    -6.629    -0.955   -14.405
541 4GID_45_thr                             -4.907    -4.836    -0.071    -1.459
542 4GID_46_asn                             -6.573    -5.295    -1.278   -24.136
543 4GID_47_arg                             -4.565    27.645   -32.210  -116.514
544 4GID_48_lys                              2.200    23.587   -21.387   -90.672
545 4GID_49_ser                             -0.725     0.084    -0.809  -963.512
546 4GID_50_val                             -3.262    -1.455    -1.807  -124.180
547 4GID_51_ala                             -1.678    -0.385    -1.293  -335.963
==========================================================================================
RMSE                5.433   kcal/mol
MUE                 2.224   kcal/mol
------------------------------------------------------------------------------------------
MSE                -1.889   kcal/mol
min               -33.974   kcal/mol
max                 2.612   kcal/mol
range              36.586   kcal/mol
min abs             0.001   kcal/mol
max abs            33.974   kcal/mol
==========================================================================================
RMSE              521.982   %
MUE               153.551   %
MSE               -98.759   %
min             -4355.349   %
max              8083.317   %
range           12438.666   %
min abs             0.028   %
max abs          8083.317   %
------------------------------------------------------------------------------------------
RMSE/|avg|         67.083   %
MUE/|avg|          27.467   %
==========================================================================================
Statistics for groups:
neutral-neutral(225)RMSE      0.470   MSE       0.037   kcal/mol
charged-neutral(280)RMSE      2.605   MSE      -1.669   kcal/mol
charged-charged(42) RMSE     18.383   MSE     -13.671   kcal/mol
--------------------------------------------------------------------------------
neutral-neutralRMSE/|avg|     20.81 %
charged-neutralRMSE/|avg|     61.06 %
charged-chargedRMSE/|avg|     28.32 %
==========================================================================================

