        _______  
       /\______\ 
      / /      / 
     / / Cuby /   Dataset calculation
     \/______/   
                 
==========================================================================================
name                                             E      Eref     error  error(%)
------------------------------------------------------------------------------------------
01 10GS                                   -235.204  -242.583     7.379     3.042
02 2CET                                   -247.246  -247.699     0.453     0.183
03 2FVD                                    -84.236   -88.726     4.490     5.060
04 2OBF                                   -198.723  -199.162     0.439     0.220
05 2P4Y                                   -149.729  -157.143     7.414     4.718
06 2VOT                                   -243.210  -238.717    -4.493    -1.882
07 2VW5                                    -84.770   -94.099     9.329     9.914
08 2XB8                                   -165.095  -178.476    13.381     7.497
09 2YKI                                    -80.344   -92.145    11.801    12.807
10 2ZX6                                   -235.333  -231.047    -4.286    -1.855
11 3G0W                                    -56.293   -66.594    10.301    15.468
12 3GNW                                    -71.352   -77.382     6.030     7.793
13 3NOX                                   -254.422  -244.475    -9.947    -4.069
14 3PE2                                   -119.632  -127.532     7.900     6.194
15 4GID                                   -182.296  -190.367     8.071     4.240
==========================================================================================
RMSE                7.928   kcal/mol
MUE                 7.048   kcal/mol
------------------------------------------------------------------------------------------
MSE                 4.551   kcal/mol
min                -9.947   kcal/mol
max                13.381   kcal/mol
range              23.329   kcal/mol
min abs             0.439   kcal/mol
max abs            13.381   kcal/mol
==========================================================================================
RMSE                7.097   %
MUE                 5.663   %
MSE                 4.622   %
min                -4.069   %
max                15.468   %
range              19.537   %
min abs             0.183   %
max abs            15.468   %
------------------------------------------------------------------------------------------
RMSE/|avg|          4.803   %
MUE/|avg|           4.269   %
==========================================================================================

