WARNING: Interface orbital is under development and should be used with care:
         Only basic functionality, no error checks
        _______  
       /\______\ 
      / /      / 
     / / Cuby /   Dataset calculation
     \/______/   
                 
==========================================================================================
name                                             E      Eref     error  error(%)
------------------------------------------------------------------------------------------
01 10GS_01_bbn                              -2.691    -2.184    -0.507   -23.221
02 10GS_02_bbn                              -0.766    -0.132    -0.634  -480.062
03 10GS_03_bbn                              -0.270     0.428    -0.698  -163.140
04 10GS_04_bbn                               3.367     4.504    -1.137   -25.250
05 10GS_05_bbn                             -12.668   -11.437    -1.231   -10.759
06 10GS_06_pro                              -7.972    -6.883    -1.089   -15.823
07 10GS_07_bbn                              -5.529    -6.112     0.583     9.544
08 10GS_08_bbn                             -14.075   -14.282     0.207     1.449
09 10GS_09_bbn                              -4.132    -4.063    -0.069    -1.709
10 10GS_10_bbn                              -4.301    -3.957    -0.344    -8.702
11 10GS_11_bbn                              -1.408    -0.762    -0.646   -84.712
12 10GS_12_tyr                              -7.950    -7.821    -0.129    -1.644
13 10GS_13_phe                              -6.475    -5.857    -0.618   -10.543
14 10GS_14_val                              -1.436    -1.308    -0.128    -9.759
15 10GS_15_arg                             -54.724   -53.819    -0.905    -1.681
16 10GS_16_val                              -1.143    -0.618    -0.525   -84.934
17 10GS_17_trp                             -20.628   -19.558    -1.070    -5.473
18 10GS_18_lys                             -90.486   -89.344    -1.142    -1.278
19 10GS_19_gln                             -35.683   -32.038    -3.645   -11.377
20 10GS_20_leu                              -1.329    -1.287    -0.042    -3.239
21 10GS_21_gln                             -11.429   -10.897    -0.532    -4.881
22 10GS_22_ser                             -10.843   -11.270     0.427     3.785
23 10GS_23_tyr                              -1.734    -1.617    -0.117    -7.238
24 10GS_24_asp                              17.971    19.608    -1.637    -8.349
25 10GS_25_asp                             -17.419   -14.741    -2.678   -18.169
26 2CET_01_bbn                               0.214     0.231    -0.017    -7.385
27 2CET_02_bbn                              -0.552    -0.814     0.262    32.218
28 2CET_03_ala                               0.099    -0.260     0.359   137.894
29 2CET_04_gln                              -9.853    -9.867     0.014     0.147
30 2CET_05_arg                              35.154    34.922     0.232     0.664
31 2CET_06_hie                              -1.047    -1.059     0.012     1.116
32 2CET_07_trp                              -4.887    -5.045     0.158     3.135
33 2CET_08_asn                              -2.252    -2.421     0.169     6.980
34 2CET_09_glu                            -104.133  -103.150    -0.983    -0.953
35 2CET_10_val                              -2.348    -2.021    -0.327   -16.166
36 2CET_11_val                              -0.738    -0.645    -0.093   -14.346
37 2CET_12_hie                               0.079    -0.152     0.231   151.855
38 2CET_13_asn                              -0.563    -0.471    -0.092   -19.533
39 2CET_14_asn                               3.142     3.300    -0.158    -4.802
40 2CET_15_tyr                              -6.981    -6.712    -0.269    -4.011
41 2CET_16_met                              -0.721    -0.626    -0.095   -15.119
42 2CET_17_trp                              -4.797    -4.775    -0.022    -0.456
43 2CET_18_glu                             -93.751   -92.916    -0.835    -0.899
44 2CET_19_trp                              -9.436    -9.608     0.172     1.791
45 2CET_20_asn                              -0.079     0.300    -0.379  -126.273
46 2CET_21_glu                            -111.418  -110.346    -1.072    -0.972
47 2CET_22_trp                              -1.982    -2.321     0.339    14.616
48 2CET_23_phe                              -5.675    -5.529    -0.146    -2.642
49 2FVD_01_bbn                              -0.788    -1.071     0.283    26.405
50 2FVD_02_bbn                              -1.036    -0.993    -0.043    -4.323
51 2FVD_03_bbn                              -0.518    -0.802     0.284    35.416
52 2FVD_04_bbn                              -0.495    -0.422    -0.073   -17.403
53 2FVD_05_bbn                              -5.754    -5.863     0.109     1.861
54 2FVD_06_bbn                              -3.524    -3.338    -0.186    -5.584
55 2FVD_07_bbn                              -8.164    -8.131    -0.033    -0.400
56 2FVD_08_bbn                              -3.164    -2.300    -0.864   -37.568
57 2FVD_09_bbn                              -8.535    -7.877    -0.658    -8.355
58 2FVD_10_bbn                               0.845     1.604    -0.759   -47.350
59 2FVD_11_bbn                              -1.576    -1.444    -0.132    -9.169
60 2FVD_12_bbn                               0.180     0.235    -0.055   -23.336
61 2FVD_13_bbn                              -3.254    -3.477     0.223     6.409
62 2FVD_14_bbn                              -0.146     0.073    -0.219  -300.521
63 2FVD_15_bbn                              -0.236    -0.301     0.065    21.442
64 2FVD_16_bbn                              -2.939    -3.018     0.079     2.622
65 2FVD_17_ile                              -4.200    -3.780    -0.420   -11.111
66 2FVD_18_val                              -2.843    -2.692    -0.151    -5.615
67 2FVD_19_ala                              -1.954    -1.773    -0.181   -10.187
68 2FVD_20_lys                              -5.247    -5.495     0.248     4.510
69 2FVD_21_val                              -0.946    -1.148     0.202    17.610
70 2FVD_22_phe                              -2.252    -2.355     0.103     4.373
71 2FVD_23_glu                               5.044    -1.405     6.449   459.039
72 2FVD_24_phe                              -3.164    -3.086    -0.078    -2.530
73 2FVD_25_leu                              -1.171    -1.099    -0.072    -6.555
74 2FVD_26_hie                              -0.304    -0.527     0.223    42.311
75 2FVD_27_gln                              -3.716    -3.566    -0.150    -4.201
76 2FVD_28_asp                              -9.931    -9.816    -0.115    -1.175
77 2FVD_29_lys                             -19.153   -18.966    -0.187    -0.988
78 2FVD_30_asn                              -4.358    -4.527     0.169     3.741
79 2FVD_31_leu                              -4.583    -4.344    -0.239    -5.498
80 2FVD_32_ala                              -1.149    -1.161     0.012     1.075
81 2FVD_33_asp                              -9.526    -9.472    -0.054    -0.570
82 2OBF_01_bbn                               0.124    -0.518     0.642   123.911
83 2OBF_02_bbn                              -8.963    -7.805    -1.158   -14.836
84 2OBF_03_bbn                              -0.180     0.825    -1.005  -121.838
85 2OBF_04_bbn                              -4.650    -3.767    -0.883   -23.451
86 2OBF_05_bbn                              -2.252    -0.402    -1.850  -460.201
87 2OBF_06_bbn                              -1.272    -0.817    -0.455   -55.739
88 2OBF_07_pro                              -1.982    -1.039    -0.943   -90.738
89 2OBF_08_bbn                               0.034     0.362    -0.328   -90.668
90 2OBF_09_bbn                              -0.034    -0.473     0.439    92.858
91 2OBF_10_bbn                              -5.664    -5.683     0.019     0.338
92 2OBF_11_bbn                               0.619     0.668    -0.049    -7.290
93 2OBF_12_bbn                               1.768     1.836    -0.068    -3.713
94 2OBF_13_bbn                              -2.871    -2.971     0.100     3.355
95 2OBF_14_tyr                              -7.071    -6.909    -0.162    -2.349
96 2OBF_15_asn                              -7.567    -7.005    -0.562    -8.019
97 2OBF_16_tyr                              -6.553    -5.912    -0.641   -10.848
98 2OBF_17_arg                              41.797    41.108     0.689     1.677
99 2OBF_18_leu                              -1.261    -0.537    -0.724  -134.846
100 2OBF_19_val                             -3.018    -2.422    -0.596   -24.595
101 2OBF_20_ala                             -0.808    -0.973     0.165    16.967
102 2OBF_21_leu                             -1.993    -1.240    -0.753   -60.728
103 2OBF_22_tyr                             -4.301    -3.891    -0.410   -10.546
104 2OBF_23_tyr                             -4.009    -2.925    -1.084   -37.045
105 2OBF_24_phe                            -10.100    -9.337    -0.763    -8.174
106 2OBF_25_ala                             -0.194    -0.605     0.411    67.895
107 2OBF_26_ala                             -1.343    -1.585     0.242    15.283
108 2OBF_27_glu                           -136.359  -135.109    -1.250    -0.925
109 2OBF_28_tyr                             -9.346    -8.661    -0.685    -7.907
110 2OBF_29_val                             -0.974    -0.943    -0.031    -3.287
111 2OBF_30_met                              0.000    -0.341     0.341   100.000
112 2OBF_31_asp                            -83.369   -82.912    -0.457    -0.552
113 2OBF_32_val                             -1.661    -1.915     0.254    13.271
114 2OBF_33_val                             -1.374    -1.506     0.132     8.783
115 2P4Y_01_bbn                             -0.214     0.633    -0.847  -133.798
116 2P4Y_02_bbn                             -2.669    -3.158     0.489    15.496
117 2P4Y_03_bbn                             -2.229    -1.621    -0.608   -37.538
118 2P4Y_04_bbn                             -0.676    -0.504    -0.172   -34.048
119 2P4Y_05_bbn                             -2.871    -3.285     0.414    12.593
120 2P4Y_06_bbn                             -1.025    -1.259     0.234    18.613
121 2P4Y_07_bbn                             -2.094    -1.965    -0.129    -6.584
122 2P4Y_08_bbn                             -2.376    -1.945    -0.431   -22.153
123 2P4Y_09_bbn                             -0.822    -0.814    -0.008    -0.981
124 2P4Y_10_bbn                             -1.227    -1.060    -0.167   -15.787
125 2P4Y_11_bbn                             -1.531    -1.549     0.018     1.139
126 2P4Y_12_bbn                             -1.453    -1.648     0.195    11.860
127 2P4Y_13_bbn                              0.236     0.388    -0.152   -39.057
128 2P4Y_14_bbn                             -7.578    -7.223    -0.355    -4.915
129 2P4Y_15_bbn                            -22.171   -22.002    -0.169    -0.768
130 2P4Y_16_bbn                             -7.769    -6.373    -1.396   -21.912
131 2P4Y_17_phe                             -0.034    -0.118     0.084    71.373
132 2P4Y_18_ile                             -1.261    -0.958    -0.303   -31.641
133 2P4Y_19_cys                             -5.292    -5.376     0.084     1.558
134 2P4Y_20_phe                             -1.689    -1.502    -0.187   -12.450
135 2P4Y_21_arg                            -71.636   -70.559    -1.077    -1.527
136 2P4Y_22_ser                             -1.841    -1.952     0.111     5.686
137 2P4Y_23_ala                             -2.004    -2.010     0.006     0.284
138 2P4Y_24_glu                             16.597    19.435    -2.838   -14.601
139 2P4Y_25_ile                             -1.137    -1.935     0.798    41.227
140 2P4Y_26_ile                             -2.567    -2.787     0.220     7.883
141 2P4Y_27_tyr                             -0.856    -1.841     0.985    53.516
142 2P4Y_28_met                             -2.432    -2.641     0.209     7.907
143 2P4Y_29_leu                             -4.707    -4.607    -0.100    -2.164
144 2P4Y_30_leu                             -2.590    -2.673     0.083     3.112
145 2P4Y_31_val                             -1.621    -1.593    -0.028    -1.786
146 2P4Y_32_ile                             -8.569    -7.524    -1.045   -13.887
147 2P4Y_33_ser                             -4.442    -3.787    -0.655   -17.298
148 2P4Y_34_met                             -2.139    -2.077    -0.062    -3.005
149 2P4Y_35_leu                             -1.239    -1.370     0.131     9.591
150 2P4Y_36_phe                             -1.137    -1.510     0.373    24.685
151 2P4Y_37_met                             -2.883    -3.066     0.183     5.983
152 2P4Y_38_lys                            -29.062   -28.948    -0.114    -0.394
153 2P4Y_39_hie                              0.023    -1.154     1.177   101.951
154 2VOT_01_bbn                              3.006     2.471     0.535    21.669
155 2VOT_02_bbn                              1.666     0.834     0.832    99.818
156 2VOT_03_bbn                              1.362     1.814    -0.452   -24.892
157 2VOT_04_trp                             -1.396    -1.855     0.459    24.731
158 2VOT_05_asp                           -109.628  -108.715    -0.913    -0.840
159 2VOT_06_trp                             -0.856    -0.130    -0.726  -558.279
160 2VOT_07_arg                             42.180    41.149     1.031     2.506
161 2VOT_08_trp                             -1.351    -1.687     0.336    19.905
162 2VOT_09_cys                             -1.847    -1.784    -0.063    -3.512
163 2VOT_10_asn                             -3.389    -3.554     0.165     4.635
164 2VOT_11_glu                           -110.619  -109.350    -1.269    -1.160
165 2VOT_12_glu                            -47.506   -45.354    -2.152    -4.745
166 2VOT_13_trp                             -1.171    -0.448    -0.723  -161.394
167 2VOT_14_trp                             -0.068     0.355    -0.423  -119.031
168 2VOT_15_hip                             51.436    52.496    -1.060    -2.020
169 2VOT_16_trp                             -8.220    -7.689    -0.531    -6.904
170 2VOT_17_tyr                             -3.626    -4.084     0.458    11.221
171 2VOT_18_glu                           -112.623  -111.797    -0.826    -0.739
172 2VOT_19_ser                              0.535     0.657    -0.122   -18.592
173 2VOT_20_ser                             -1.458    -1.306    -0.152   -11.652
174 2VOT_21_trp                            -14.098   -14.338     0.240     1.677
175 2VOT_22_trp                             -7.522    -7.156    -0.366    -5.110
176 2VW5_01_bbn                             -1.689    -1.602    -0.087    -5.431
177 2VW5_02_bbn                             -2.241    -2.012    -0.229   -11.369
178 2VW5_03_bbn                             -0.586    -0.165    -0.421  -254.862
179 2VW5_04_bbn                             -0.158    -0.347     0.189    54.570
180 2VW5_05_bbn                             -1.633    -1.513    -0.120    -7.912
181 2VW5_06_bbn                             -0.293     0.010    -0.303 -3027.609
182 2VW5_07_bbn                              0.135    -0.062     0.197   317.936
183 2VW5_08_bbn                             -0.360    -0.306    -0.054   -17.752
184 2VW5_09_bbn                             -2.263    -1.959    -0.304   -15.532
185 2VW5_10_bbn                             -0.586    -0.747     0.161    21.617
186 2VW5_11_bbn                             -4.380    -3.942    -0.438   -11.115
187 2VW5_12_bbn                             -0.135     0.092    -0.227  -246.870
188 2VW5_13_bbn                             -7.443    -7.609     0.166     2.183
189 2VW5_14_bbn                             -2.612    -2.653     0.041     1.533
190 2VW5_15_bbn                              0.090     0.119    -0.029   -24.302
191 2VW5_16_asn                             -6.339    -6.153    -0.186    -3.029
192 2VW5_17_ala                             -0.228    -0.437     0.209    47.823
193 2VW5_18_asp                            -27.632   -27.702     0.070     0.252
194 2VW5_19_ala                             -1.543    -1.574     0.031     1.993
195 2VW5_20_lys                            -16.935   -16.841    -0.094    -0.559
196 2VW5_21_asp                            -18.759   -20.676     1.917     9.271
197 2VW5_22_ile                             -1.025    -0.966    -0.059    -6.073
198 2VW5_23_met                             -6.576    -5.847    -0.729   -12.466
199 2VW5_24_glu                             -5.765    -6.855     1.090    15.899
200 2VW5_25_asn                             -2.286    -1.838    -0.448   -24.363
201 2VW5_26_leu                             -1.610    -1.397    -0.213   -15.260
202 2VW5_28_val                             -0.625    -0.688     0.063     9.167
203 2VW5_29_phe                             -4.042    -3.685    -0.357    -9.697
204 2VW5_30_tyr                             -1.329    -1.319    -0.010    -0.734
205 2VW5_31_val                             -0.552    -0.469    -0.083   -17.642
206 2VW5_32_thr                             -4.864    -4.575    -0.289    -6.324
207 2VW5_33_leu                             -0.833    -0.905     0.072     7.929
208 2XB8_01_bbn                              3.119     2.947     0.172     5.837
209 2XB8_02_bbn                             -3.817    -3.648    -0.169    -4.637
210 2XB8_03_bbn                             -2.151    -2.281     0.130     5.714
211 2XB8_04_bbn                             -3.220    -3.228     0.008     0.236
212 2XB8_05_bbn                             -1.948    -1.707    -0.241   -14.118
213 2XB8_06_bbn                              2.162     1.795     0.367    20.442
214 2XB8_07_bbn                             -1.430     0.743    -2.173  -292.466
215 2XB8_08_bbn                             -9.064    -8.427    -0.637    -7.563
216 2XB8_09_bbn                             -5.303    -4.519    -0.784   -17.359
217 2XB8_10_bbn                             -1.621    -1.881     0.260    13.799
218 2XB8_11_bbn                             -4.324    -3.191    -1.133   -35.501
219 2XB8_12_bbn                            -19.120   -18.509    -0.611    -3.299
220 2XB8_13_bbn                            -19.333   -18.726    -0.607    -3.244
221 2XB8_14_bbn                              2.151     3.105    -0.954   -30.735
222 2XB8_15_bbn                             -0.890    -1.108     0.218    19.716
223 2XB8_16_asn                              0.833     0.457     0.376    82.329
224 2XB8_17_leu                             -4.729    -4.157    -0.572   -13.765
225 2XB8_18_arg                            -26.776   -24.340    -2.436   -10.010
226 2XB8_19_leu                             -0.574    -0.451    -0.123   -27.331
227 2XB8_20_arg                            -24.389   -19.929    -4.460   -22.381
228 2XB8_21_tyr                             -8.828    -7.905    -0.923   -11.674
229 2XB8_22_asn                             -9.503    -9.067    -0.436    -4.814
230 2XB8_23_thr                             -1.126    -1.159     0.033     2.847
231 2XB8_24_hid                             -4.966    -4.787    -0.179    -3.732
232 2XB8_25_hie                              2.286     3.033    -0.747   -24.636
233 2XB8_26_ile                             -4.414    -3.670    -0.744   -20.271
234 2XB8_27_ser                            -13.664   -13.012    -0.652    -5.011
235 2XB8_28_val                             -1.650    -1.439    -0.211   -14.635
236 2XB8_29_arg                            -52.449   -51.470    -0.979    -1.903
237 2XB8_30_arg                            -59.340   -58.856    -0.484    -0.823
238 2XB8_31_val                             -0.586    -0.697     0.111    15.994
239 2XB8_32_asp                             27.959    28.727    -0.768    -2.675
240 2XB8_33_glu                             23.297    22.273     1.024     4.598
241 2YKI_01_bbn                              0.383     0.150     0.233   155.227
242 2YKI_02_bbn                             -0.383    -0.223    -0.160   -71.678
243 2YKI_03_bbn                             -0.867    -0.885     0.018     2.031
244 2YKI_04_bbn                             -0.833    -0.501    -0.332   -66.316
245 2YKI_05_bbn                             -1.070    -1.095     0.025     2.310
246 2YKI_06_bbn                             -1.160    -0.852    -0.308   -36.125
247 2YKI_07_bbn                             -1.171    -1.001    -0.170   -16.987
248 2YKI_08_bbn                            -10.337   -10.123    -0.214    -2.111
249 2YKI_09_bbn                             -0.079    -0.006    -0.073 -1213.671
250 2YKI_10_bbn                             -0.980    -1.105     0.125    11.346
251 2YKI_11_bbn                             -4.808    -4.313    -0.495   -11.478
252 2YKI_12_bbn                             -1.284    -1.057    -0.227   -21.442
253 2YKI_13_bbn                             -0.653    -0.391    -0.262   -67.029
254 2YKI_14_bbn                             -1.982    -1.846    -0.136    -7.355
255 2YKI_15_bbn                             -0.507    -0.336    -0.171   -50.804
256 2YKI_16_bbn                             -0.236    -0.240     0.004     1.475
257 2YKI_17_bbn                             -2.590    -2.670     0.080     3.003
258 2YKI_18_bbn                             -1.757    -1.851     0.094     5.102
259 2YKI_19_bbn                              0.090     0.096    -0.006    -6.166
260 2YKI_20_bbn                              0.056     0.160    -0.104   -64.812
261 2YKI_21_bbn                              0.203    -0.036     0.239   663.002
262 2YKI_22_phe                             -1.858    -2.016     0.158     7.842
263 2YKI_23_gln                             -1.002    -0.677    -0.325   -48.027
264 2YKI_24_ile                             -1.058    -1.114     0.056     4.987
265 2YKI_25_leu                             -0.462    -0.415    -0.047   -11.244
266 2YKI_26_asn                             -7.679    -7.324    -0.355    -4.852
267 2YKI_27_ser                              0.236     0.118     0.118   100.390
268 2YKI_28_ala                             -0.338    -0.284    -0.054   -18.944
269 2YKI_29_asp                            -27.869   -25.837    -2.032    -7.863
270 2YKI_30_ile                             -0.428    -0.373    -0.055   -14.713
271 2YKI_31_met                             -7.612    -7.012    -0.600    -8.554
272 2YKI_32_leu                             -1.712    -1.697    -0.015    -0.856
273 2YKI_33_ile                             -0.563    -0.356    -0.207   -58.147
274 2YKI_34_leu                             -6.610    -5.688    -0.922   -16.203
275 2YKI_35_ile                             -1.227    -1.195    -0.032    -2.707
276 2YKI_36_ala                             -1.453    -1.598     0.145     9.102
277 2YKI_37_val                             -0.811    -0.790    -0.021    -2.623
278 2YKI_38_phe                             -9.042    -8.399    -0.643    -7.653
279 2YKI_40_val                             -1.683    -1.733     0.050     2.864
280 2YKI_41_trp                             -6.981    -6.213    -0.768   -12.365
281 2YKI_42_phe                             -2.883    -2.736    -0.147    -5.357
282 2YKI_43_thr                             -3.941    -3.713    -0.228    -6.141
283 2YKI_44_val                             -0.974    -0.972    -0.002    -0.205
284 2ZX6_01_bbn                              2.488     2.718    -0.230    -8.445
285 2ZX6_02_bbn                             -0.676    -0.331    -0.345  -104.109
286 2ZX6_03_bbn                             -1.160    -0.366    -0.794  -216.881
287 2ZX6_04_bbn                              2.151     1.694     0.457    26.958
288 2ZX6_05_phe                             -2.511    -2.454    -0.057    -2.322
289 2ZX6_06_hid                            -22.047   -21.607    -0.440    -2.037
290 2ZX6_07_leu                             -1.126    -1.413     0.287    20.311
291 2ZX6_08_tyr                             -3.896    -3.321    -0.575   -17.313
292 2ZX6_09_glu                            -80.329   -80.174    -0.155    -0.193
293 2ZX6_10_trp                             -1.689    -1.055    -0.634   -60.095
294 2ZX6_11_hie                             -1.340    -1.054    -0.286   -27.129
295 2ZX6_12_hid                            -19.108   -18.071    -1.037    -5.740
296 2ZX6_13_tyr                             -0.135    -0.065    -0.070  -107.878
297 2ZX6_14_leu                             -0.270    -0.230    -0.040   -17.496
298 2ZX6_15_trp                             -4.391    -3.758    -0.633   -16.855
299 2ZX6_16_asp                           -110.607  -110.036    -0.571    -0.519
300 2ZX6_17_met                             -4.459    -4.204    -0.255    -6.065
301 2ZX6_18_arg                             55.062    55.564    -0.502    -0.904
302 2ZX6_19_glu                           -113.343  -111.740    -1.603    -1.435
303 2ZX6_20_val                             -0.878    -1.102     0.224    20.301
304 2ZX6_21_asn                             -5.720    -5.871     0.151     2.570
305 2ZX6_22_thr                             -2.646    -2.562    -0.084    -3.283
306 2ZX6_23_phe                             -8.681    -8.275    -0.406    -4.912
307 3G0W_01_bbn                             -0.023    -0.280     0.257    91.957
308 3G0W_02_bbn                             -3.637    -3.220    -0.417   -12.950
309 3G0W_03_bbn                             -0.124     0.001    -0.125-12486.037
310 3G0W_04_bbn                             -0.113    -0.022    -0.091  -411.820
311 3G0W_05_bbn                             -0.766    -0.757    -0.009    -1.147
312 3G0W_06_bbn                             -0.428     0.348    -0.776  -222.954
313 3G0W_07_bbn                             -0.721    -0.797     0.076     9.581
314 3G0W_08_bbn                             -0.540    -0.335    -0.205   -61.338
315 3G0W_09_bbn                             -1.306    -1.026    -0.280   -27.306
316 3G0W_10_bbn                             -0.405     1.077    -1.482  -137.638
317 3G0W_11_bbn                              2.376     2.491    -0.115    -4.622
318 3G0W_12_bbn                             -0.079    -0.473     0.394    83.336
319 3G0W_13_bbn                             -1.835    -1.851     0.016     0.844
320 3G0W_14_bbn                             -0.980    -0.879    -0.101   -11.447
321 3G0W_15_bbn                             -0.158    -0.077    -0.081  -104.728
322 3G0W_16_leu                             -1.734    -1.582    -0.152    -9.611
323 3G0W_17_leu                             -4.369    -4.177    -0.192    -4.594
324 3G0W_18_asn                            -15.122   -15.230     0.108     0.708
325 3G0W_19_leu                             -2.804    -2.527    -0.277   -10.952
326 3G0W_20_gln                              0.439     0.770    -0.331   -42.969
327 3G0W_21_trp                             -1.261    -1.224    -0.037    -3.033
328 3G0W_22_met                             -2.838    -2.943     0.105     3.584
329 3G0W_23_met                             -5.067    -6.038     0.971    16.081
330 3G0W_24_val                             -1.058    -2.021     0.963    47.628
331 3G0W_25_met                             -2.860    -2.591    -0.269   -10.384
332 3G0W_26_arg                            -23.308   -18.754    -4.554   -24.284
333 3G0W_27_phe                             -3.727    -3.633    -0.094    -2.589
334 3G0W_28_met                             -2.275    -2.138    -0.137    -6.386
335 3G0W_29_met                             -0.991    -0.973    -0.018    -1.838
336 3G0W_30_leu                             -1.802    -1.954     0.152     7.799
337 3G0W_31_phe                             -0.608    -0.746     0.138    18.493
338 3G0W_32_thr                             -5.011    -4.362    -0.649   -14.872
339 3G0W_33_leu                             -1.002    -0.959    -0.043    -4.499
340 3G0W_34_phe                             -2.590    -2.385    -0.205    -8.587
341 3G0W_35_met                             -0.968    -0.625    -0.343   -54.938
342 3G0W_36_ile                             -0.732    -0.474    -0.258   -54.410
343 3GCU_01_bbn                             -0.056    -0.282     0.226    80.035
344 3GCU_02_bbn                             -3.367    -3.124    -0.243    -7.770
345 3GCU_03_bbn                             -1.295    -1.441     0.146    10.139
346 3GCU_04_bbn                             -1.396    -1.028    -0.368   -35.821
347 3GCU_05_bbn                             -0.833    -0.689    -0.144   -20.935
348 3GCU_06_bbn                             -0.315    -0.328     0.013     3.878
349 3GCU_07_bbn                             -1.959    -1.867    -0.092    -4.941
350 3GCU_08_bbn                              0.101    -0.029     0.130   449.449
351 3GCU_09_bbn                             -1.261    -1.389     0.128     9.206
352 3GCU_10_bbn                             -0.811    -0.503    -0.308   -61.177
353 3GCU_11_bbn                             -0.732    -1.166     0.434    37.230
354 3GCU_12_bbn                             -0.090    -0.152     0.062    40.737
355 3GCU_13_bbn                             -1.171    -1.220     0.049     4.013
356 3GCU_14_bbn                             -1.081    -1.261     0.180    14.277
357 3GCU_15_bbn                             -0.282    -0.618     0.336    54.450
358 3GCU_16_bbn                             -2.804    -2.654    -0.150    -5.642
359 3GCU_17_bbn                             -8.265    -8.222    -0.043    -0.521
360 3GCU_18_bbn                             -1.925    -2.033     0.108     5.289
361 3GCU_19_bbn                             -0.304    -0.332     0.028     8.427
362 3GCU_20_bbn                             -0.113    -0.237     0.124    52.489
363 3GCU_21_bbn                             -1.599    -1.341    -0.258   -19.234
364 3GCU_22_bbn                             -8.591    -8.470    -0.121    -1.433
365 3GCU_23_bbn                             -3.254    -3.359     0.105     3.121
366 3GCU_24_val                             -1.582    -1.617     0.035     2.162
367 3GCU_25_tyr                             -0.495    -0.332    -0.163   -49.229
368 3GCU_26_val                             -2.714    -2.777     0.063     2.281
369 3GCU_27_ala                             -1.883    -1.853    -0.030    -1.632
370 3GCU_28_lys                             -3.569    -1.564    -2.005  -128.224
371 3GCU_29_arg                              3.693     1.022     2.671   261.379
372 3GCU_30_arg                             -4.234    -0.302    -3.932 -1301.911
373 3GCU_31_glu                            -40.424   -40.107    -0.317    -0.789
374 3GCU_32_leu                             -1.374    -1.619     0.245    15.150
375 3GCU_33_leu                             -3.626    -3.539    -0.087    -2.451
376 3GCU_34_met                             -1.396    -1.363    -0.033    -2.439
377 3GCU_35_val                             -0.856    -0.854    -0.002    -0.206
378 3GCU_36_ile                             -3.085    -3.419     0.334     9.762
379 3GCU_37_leu                             -1.757    -1.666    -0.091    -5.436
380 3GCU_38_thr                             -6.103    -6.012    -0.091    -1.513
381 3GCU_39_leu                             -1.757    -1.675    -0.082    -4.870
382 3GCU_40_met                             -1.666    -1.631    -0.035    -2.176
383 3GCU_41_ile                             -1.419    -1.316    -0.103    -7.809
384 3GCU_42_ile                             -0.586    -0.576    -0.010    -1.653
385 3GCU_43_hie                             -1.903    -2.070     0.167     8.070
386 3GCU_44_ile                             -0.473    -0.486     0.013     2.691
387 3GCU_45_leu                             -3.491    -3.753     0.262     6.991
388 3GCU_46_asp                             -3.637    -3.510    -0.127    -3.618
389 3GCU_47_phe                             -3.952    -3.750    -0.202    -5.394
390 3GCU_48_leu                             -0.563    -0.619     0.056     9.047
391 3GNW_01_pro                             -1.689    -1.763     0.074     4.197
392 3GNW_02_bbn                             -0.282    -1.277     0.995    77.956
393 3GNW_03_bbn                             -3.457    -3.254    -0.203    -6.233
394 3GNW_04_bbn                             -3.558    -2.857    -0.701   -24.542
395 3GNW_05_bbn                             -0.135    -0.513     0.378    73.661
396 3GNW_06_bbn                             -0.428    -0.230    -0.198   -86.035
397 3GNW_07_bbn                             -2.027    -1.752    -0.275   -15.685
398 3GNW_08_bbn                             -0.124    -0.221     0.097    43.955
399 3GNW_09_bbn                             -1.531    -1.049    -0.482   -45.983
400 3GNW_10_bbn                             -0.822    -0.798    -0.024    -3.005
401 3GNW_11_bbn                             -2.725    -2.458    -0.267   -10.860
402 3GNW_12_bbn                             -1.115    -0.729    -0.386   -52.914
403 3GNW_13_bbn                             -8.321    -7.914    -0.407    -5.145
404 3GNW_14_bbn                             -8.636    -7.893    -0.743    -9.419
405 3GNW_15_bbn                             -9.233    -8.705    -0.528    -6.068
406 3GNW_16_bbn                             -3.018    -2.751    -0.267    -9.694
407 3GNW_17_arg                             -1.058    -1.153     0.095     8.201
408 3GNW_18_phe                             -1.284    -1.633     0.349    21.394
409 3GNW_19_arg                             -9.053    -5.693    -3.360   -59.021
410 3GNW_20_asn                             -2.016    -1.994    -0.022    -1.081
411 3GNW_21_asp                             -5.360    -4.875    -0.485    -9.944
412 3GNW_22_cys                             -4.527    -4.152    -0.375    -9.021
413 3GNW_23_ser                             -8.659    -8.521    -0.138    -1.619
414 3GNW_24_ser                             -1.835    -1.549    -0.286   -18.488
415 3GNW_25_leu                             -2.455    -2.381    -0.074    -3.095
416 3GNW_26_arg                              2.365     3.776    -1.411   -37.378
417 3GNW_27_ser                             -0.175    -0.516     0.341    66.176
418 3GNW_28_asn                             -1.768    -1.264    -0.504   -39.860
419 3GNW_29_met                             -6.779    -6.025    -0.754   -12.507
420 3GNW_30_tyr                             -4.436    -4.562     0.126     2.752
421 3GNW_31_gln                             -0.698    -0.305    -0.393  -128.892
422 3GNW_32_ile                             -0.799    -0.859     0.060     6.931
423 3GNW_33_tyr                             -6.621    -6.613    -0.008    -0.119
424 3GNW_34_hie                              0.135    -0.146     0.281   192.548
425 3GNW_35_ser                             -5.202    -4.733    -0.469    -9.912
426 3JVS_01_bbn                             -1.712    -1.960     0.248    12.677
427 3JVS_02_bbn                            -13.050   -13.696     0.646     4.714
428 3JVS_03_bbn                             -1.430    -1.071    -0.359   -33.522
429 3JVS_04_bbn                             -1.419    -0.504    -0.915  -181.501
430 3JVS_05_bbn                            -13.580   -12.381    -1.199    -9.681
431 3JVS_06_pro                             -5.292    -4.961    -0.331    -6.676
432 3JVS_07_bbn                              0.315     0.651    -0.336   -51.570
433 3JVS_08_pro                             -2.207    -2.382     0.175     7.348
434 3JVS_09_bbn                             -0.327    -0.536     0.209    39.078
435 3JVS_10_bbn                             -1.137    -1.080    -0.057    -5.302
436 3JVS_11_bbn                             -0.586    -0.457    -0.129   -28.123
437 3JVS_12_bbn                             -2.905    -2.491    -0.414   -16.623
438 3JVS_13_bbn                             -1.126    -1.033    -0.093    -9.003
439 3JVS_14_phe                             -8.670    -7.727    -0.943   -12.207
440 3JVS_15_asp                             -6.992    -7.306     0.314     4.291
441 3JVS_16_arg                             -0.315    -0.422     0.107    25.289
442 3JVS_17_ile                             -3.705    -3.698    -0.007    -0.177
443 3JVS_18_glu                             -6.069    -8.054     1.985    24.644
444 3JVS_19_tyr                             -0.653    -1.071     0.418    39.021
445 3JVS_20_ala                             -0.411    -0.589     0.178    30.222
446 3JVS_21_glu                             -2.398    -3.715     1.317    35.440
447 3JVS_22_leu                             -1.745    -1.646    -0.099    -6.033
448 3NOX_01_bbn                              0.642     0.798    -0.156   -19.571
449 3NOX_02_bbn                             -6.835    -6.207    -0.628   -10.115
450 3NOX_03_bbn                              0.473     0.757    -0.284   -37.527
451 3NOX_04_bbn                             -2.410    -1.971    -0.439   -22.255
452 3NOX_05_bbn                              0.721     1.333    -0.612   -45.938
453 3NOX_06_bbn                             -2.229    -1.433    -0.796   -55.582
454 3NOX_07_arg                             42.721    45.802    -3.081    -6.728
455 3NOX_08_glu                           -112.116  -111.564    -0.552    -0.495
456 3NOX_09_glu                           -122.869  -122.376    -0.493    -0.403
457 3NOX_10_tyr                             -4.819    -4.538    -0.281    -6.199
458 3NOX_11_trp                             -2.770    -0.699    -2.071  -296.276
459 3NOX_12_ser                             -6.998    -6.327    -0.671   -10.607
460 3NOX_13_tyr                             -2.725    -2.286    -0.439   -19.201
461 3NOX_14_val                             -0.524    -0.341    -0.183   -53.546
462 3NOX_15_trp                             -2.680    -2.227    -0.453   -20.336
463 3NOX_16_tyr                            -16.620   -16.022    -0.598    -3.731
464 3NOX_17_asp                            -64.903   -62.357    -2.546    -4.083
465 3NOX_18_tyr                             -9.368    -8.583    -0.785    -9.150
466 3NOX_19_asn                             -4.617    -4.442    -0.175    -3.931
467 3NOX_20_val                             -1.796    -1.718    -0.078    -4.539
468 3NOX_21_hid                             -8.569    -8.313    -0.256    -3.078
469 3PE2_01_bbn                             -4.481    -3.063    -1.418   -46.311
470 3PE2_02_bbn                             -0.845    -0.120    -0.725  -603.752
471 3PE2_03_bbn                             -1.340    -1.582     0.242    15.301
472 3PE2_04_bbn                             -0.788    -1.140     0.352    30.859
473 3PE2_05_bbn                             -3.795    -2.152    -1.643   -76.330
474 3PE2_06_bbn                             -2.061    -2.152     0.091     4.248
475 3PE2_07_bbn                             -1.081    -1.632     0.551    33.765
476 3PE2_08_bbn                             -8.344    -8.648     0.304     3.519
477 3PE2_09_bbn                              0.372     0.102     0.270   264.295
478 3PE2_10_bbn                             -2.016    -1.706    -0.310   -18.145
479 3PE2_11_bbn                             -3.873    -3.556    -0.317    -8.927
480 3PE2_12_bbn                            -17.937   -18.392     0.455     2.473
481 3PE2_13_bbn                             -5.326    -6.612     1.286    19.450
482 3PE2_14_leu                             -3.220    -3.361     0.141     4.184
483 3PE2_15_arg                            -25.740   -22.648    -3.092   -13.654
484 3PE2_16_val                             -4.572    -5.128     0.556    10.851
485 3PE2_17_val                             -3.569    -3.574     0.005     0.128
486 3PE2_18_lys                           -101.836  -101.837     0.001     0.001
487 3PE2_19_ile                             -2.702    -3.154     0.452    14.318
488 3PE2_20_phe                             -3.412    -2.992    -0.420   -14.030
489 3PE2_21_hid                             -1.171    -1.757     0.586    33.350
490 3PE2_22_val                             -0.715    -1.155     0.440    38.094
491 3PE2_23_asn                             -1.002    -0.799    -0.203   -25.425
492 3PE2_24_hid                             -3.006    -2.844    -0.162    -5.711
493 3PE2_25_met                             -3.761    -4.093     0.332     8.115
494 3PE2_26_ile                             -5.900    -5.304    -0.596   -11.242
495 3PE2_27_asp                             56.649    57.516    -0.867    -1.507
496 3PE2_28_trp                             -4.391    -4.656     0.265     5.683
497 4GID_01_bbn                             -1.002    -2.050     1.048    51.115
498 4GID_02_bbn                              1.813     1.595     0.218    13.659
499 4GID_03_bbn                             -1.734    -1.725    -0.009    -0.524
500 4GID_04_bbn                             -5.698    -5.236    -0.462    -8.815
501 4GID_05_bbn                              0.011     0.112    -0.101   -89.946
502 4GID_06_bbn                              2.320     2.493    -0.173    -6.957
503 4GID_07_bbn                            -14.773   -14.417    -0.356    -2.470
504 4GID_08_bbn                             -0.045    -0.097     0.052    53.567
505 4GID_09_pro                             -0.676    -1.047     0.371    35.473
506 4GID_10_bbn                             -4.200    -4.144    -0.056    -1.351
507 4GID_11_bbn                             -2.792    -2.179    -0.613   -28.155
508 4GID_12_bbn                             -3.547    -2.931    -0.616   -21.014
509 4GID_13_bbn                             -5.641    -5.824     0.183     3.137
510 4GID_14_bbn                             -1.419    -2.012     0.593    29.485
511 4GID_15_bbn                             -1.813    -1.966     0.153     7.789
512 4GID_16_bbn                             -3.964    -4.380     0.416     9.508
513 4GID_17_bbn                              0.766     0.779    -0.013    -1.710
514 4GID_18_bbn                             -3.513    -3.432    -0.081    -2.364
515 4GID_19_bbn                             -2.275    -1.652    -0.623   -37.683
516 4GID_20_bbn                             -0.338    -0.379     0.041    10.870
517 4GID_21_bbn                            -19.716   -18.166    -1.550    -8.534
518 4GID_22_bbn                             -8.006    -6.907    -1.099   -15.910
519 4GID_23_bbn                             -5.123    -5.857     0.734    12.527
520 4GID_24_bbn                              0.642     0.454     0.188    41.370
521 4GID_25_ser                              0.310     0.291     0.019     6.409
522 4GID_26_gln                             -1.666    -1.744     0.078     4.445
523 4GID_27_tyr                             -0.450    -0.498     0.048     9.558
524 4GID_28_leu                             -2.545    -2.591     0.046     1.784
525 4GID_29_asp                            -80.520   -79.976    -0.544    -0.681
526 4GID_30_ser                              0.580     0.726    -0.146   -20.125
527 4GID_31_val                             -0.698    -0.830     0.132    15.889
528 4GID_32_tyr                             -9.323    -8.307    -1.016   -12.234
529 4GID_33_thr                             -1.092    -1.485     0.393    26.450
530 4GID_34_gln                             -2.365    -2.954     0.589    19.952
531 4GID_35_phe                             -2.590    -2.732     0.142     5.205
532 4GID_36_ile                             -1.565    -1.625     0.060     3.683
533 4GID_37_trp                             -3.153    -3.718     0.565    15.201
534 4GID_38_ile                             -1.768    -1.892     0.124     6.563
535 4GID_39_ile                             -1.464    -1.303    -0.161   -12.341
536 4GID_40_arg                             29.366    28.317     1.049     3.705
537 4GID_41_tyr                             -4.459    -4.078    -0.381    -9.342
538 4GID_42_ile                             -1.633    -1.315    -0.318   -24.160
539 4GID_43_asp                           -115.213  -114.321    -0.892    -0.780
540 4GID_44_thr                             -7.589    -6.629    -0.960   -14.486
541 4GID_45_thr                             -5.270    -4.836    -0.434    -8.968
542 4GID_46_asn                             -5.360    -5.295    -0.065    -1.223
543 4GID_47_arg                         1762862.534    27.6451762834.8896376686.161
544 4GID_48_lys                             26.089    23.587     2.502    10.610
545 4GID_49_ser                              0.129     0.084     0.045    54.155
546 4GID_50_val                             -1.177    -1.455     0.278    19.129
547 4GID_51_ala                              0.211    -0.385     0.596   154.838
==========================================================================================
RMSE            75373.377   kcal/mol
MUE              3223.191   kcal/mol
------------------------------------------------------------------------------------------
MSE              3222.527   kcal/mol
min                -4.554   kcal/mol
max            1762834.889   kcal/mol
range          1762839.444   kcal/mol
min abs             0.001   kcal/mol
max abs        1762834.889   kcal/mol
==========================================================================================
RMSE           272647.988   %
MUE             11723.484   %
MSE             11616.951   %
min            -12486.037   %
max            6376686.161   %
range          6389172.198   %
min abs             0.001   %
max abs        6376686.161   %
------------------------------------------------------------------------------------------
RMSE/|avg|     930743.696   %
MUE/|avg|       39801.379   %
==========================================================================================
Statistics for groups:
neutral-neutral(225)RMSE      0.334   MSE      -0.100   kcal/mol
charged-neutral(280)RMSE      0.868   MSE      -0.185   kcal/mol
charged-charged(42) RMSE 272011.329   MSE   41971.338   kcal/mol
--------------------------------------------------------------------------------
neutral-neutralRMSE/|avg|     14.80 %
charged-neutralRMSE/|avg|     20.36 %
charged-chargedRMSE/|avg|     418965.00 %
==========================================================================================

