        _______  
       /\______\ 
      / /      / 
     / / Cuby /   Dataset calculation
     \/______/   
                 
WARNING: Interface torchmdnet is under development and should be used with care:
         Only basic functionality, no error checks
==========================================================================================
name                                             E      Eref     error  error(%)
------------------------------------------------------------------------------------------
01 10GS_01_bbn                              -2.169    -2.184     0.015     0.688
02 10GS_02_bbn                               0.072    -0.132     0.204   154.590
03 10GS_03_bbn                               0.668     0.428     0.240    56.143
04 10GS_04_bbn                               6.342     4.504     1.838    40.802
05 10GS_05_bbn                             -11.705   -11.437    -0.268    -2.345
06 10GS_06_pro                              -6.206    -6.883     0.677     9.831
07 10GS_07_bbn                              -6.513    -6.112    -0.401    -6.553
08 10GS_08_bbn                             -13.235   -14.282     1.047     7.334
09 10GS_09_bbn                              -4.638    -4.063    -0.575   -14.157
10 10GS_10_bbn                              -3.894    -3.957     0.063     1.595
11 10GS_11_bbn                              -0.745    -0.762     0.017     2.175
12 10GS_12_tyr                              -7.190    -7.821     0.631     8.072
13 10GS_13_phe                              -6.561    -5.857    -0.704   -12.019
14 10GS_14_val                              -1.231    -1.308     0.077     5.901
15 10GS_15_arg                             -52.344   -53.819     1.475     2.741
16 10GS_16_val                              -0.612    -0.618     0.006     0.951
17 10GS_17_trp                             -18.973   -19.558     0.585     2.989
18 10GS_18_lys                             -87.118   -89.344     2.226     2.491
19 10GS_19_gln                             -32.831   -32.038    -0.793    -2.474
20 10GS_20_leu                              -0.835    -1.287     0.452    35.093
21 10GS_21_gln                             -11.501   -10.897    -0.604    -5.543
22 10GS_22_ser                             -11.365   -11.270    -0.095    -0.843
23 10GS_23_tyr                              -1.221    -1.617     0.396    24.478
24 10GS_24_asp                              19.470    19.608    -0.138    -0.706
25 10GS_25_asp                             -16.731   -14.741    -1.990   -13.500
26 2CET_01_bbn                               0.289     0.231     0.058    25.180
27 2CET_02_bbn                              -0.747    -0.814     0.067     8.233
28 2CET_03_ala                              -0.323    -0.260    -0.063   -24.133
29 2CET_04_gln                              -9.087    -9.867     0.780     7.906
30 2CET_05_arg                              35.025    34.922     0.103     0.294
31 2CET_06_hie                              -0.759    -1.059     0.300    28.307
32 2CET_07_trp                              -3.850    -5.045     1.195    23.687
33 2CET_08_asn                              -2.695    -2.421    -0.274   -11.308
34 2CET_09_glu                            -105.345  -103.150    -2.195    -2.128
35 2CET_10_val                              -1.811    -2.021     0.210    10.383
36 2CET_11_val                              -0.580    -0.645     0.065    10.109
37 2CET_12_hie                               0.813    -0.152     0.965   635.155
38 2CET_13_asn                              -0.093    -0.471     0.378    80.196
39 2CET_14_asn                               3.766     3.300     0.466    14.133
40 2CET_15_tyr                              -7.395    -6.712    -0.683   -10.168
41 2CET_16_met                              -0.600    -0.626     0.026     4.232
42 2CET_17_trp                              -4.610    -4.775     0.165     3.450
43 2CET_18_glu                             -90.864   -92.916     2.052     2.209
44 2CET_19_trp                              -9.332    -9.608     0.276     2.873
45 2CET_20_asn                               0.083     0.300    -0.217   -72.367
46 2CET_21_glu                            -109.485  -110.346     0.861     0.780
47 2CET_22_trp                              -2.727    -2.321    -0.406   -17.476
48 2CET_23_phe                              -5.367    -5.529     0.162     2.927
49 2FVD_01_bbn                              -0.886    -1.071     0.185    17.307
50 2FVD_02_bbn                              -0.999    -0.993    -0.006    -0.620
51 2FVD_03_bbn                              -0.714    -0.802     0.088    10.930
52 2FVD_04_bbn                              -0.736    -0.422    -0.314   -74.373
53 2FVD_05_bbn                              -5.158    -5.863     0.705    12.019
54 2FVD_06_bbn                              -3.611    -3.338    -0.273    -8.173
55 2FVD_07_bbn                              -7.539    -8.131     0.592     7.281
56 2FVD_08_bbn                              -1.574    -2.300     0.726    31.564
57 2FVD_09_bbn                              -8.505    -7.877    -0.628    -7.967
58 2FVD_10_bbn                               2.400     1.604     0.796    49.615
59 2FVD_11_bbn                              -1.571    -1.444    -0.127    -8.778
60 2FVD_12_bbn                               0.535     0.235     0.300   127.652
61 2FVD_13_bbn                              -4.069    -3.477    -0.592   -17.034
62 2FVD_14_bbn                               0.456     0.073     0.383   524.624
63 2FVD_15_bbn                              -0.175    -0.301     0.126    41.775
64 2FVD_16_bbn                              -3.099    -3.018    -0.081    -2.693
65 2FVD_17_ile                              -3.416    -3.780     0.364     9.628
66 2FVD_18_val                              -2.439    -2.692     0.253     9.404
67 2FVD_19_ala                              -1.722    -1.773     0.051     2.889
68 2FVD_20_lys                              -4.535    -5.495     0.960    17.473
69 2FVD_21_val                              -1.326    -1.148    -0.178   -15.511
70 2FVD_22_phe                              -1.714    -2.355     0.641    27.212
71 2FVD_23_glu                              -0.615    -1.405     0.790    56.239
72 2FVD_24_phe                              -2.624    -3.086     0.462    14.978
73 2FVD_25_leu                              -1.043    -1.099     0.056     5.090
74 2FVD_26_hie                              -0.496    -0.527     0.031     5.948
75 2FVD_27_gln                              -3.588    -3.566    -0.022    -0.626
76 2FVD_28_asp                              -9.405    -9.816     0.411     4.191
77 2FVD_29_lys                             -20.500   -18.966    -1.534    -8.089
78 2FVD_30_asn                              -4.876    -4.527    -0.349    -7.712
79 2FVD_31_leu                              -4.295    -4.344     0.049     1.123
80 2FVD_32_ala                              -0.952    -1.161     0.209    18.034
81 2FVD_33_asp                              -8.345    -9.472     1.127    11.903
82 2OBF_01_bbn                               0.371    -0.518     0.889   171.695
83 2OBF_02_bbn                              -6.062    -7.805     1.743    22.337
84 2OBF_03_bbn                               1.009     0.825     0.184    22.280
85 2OBF_04_bbn                              -3.201    -3.767     0.566    15.032
86 2OBF_05_bbn                              -0.114    -0.402     0.288    71.649
87 2OBF_06_bbn                              -0.788    -0.817     0.029     3.578
88 2OBF_07_pro                              -0.765    -1.039     0.274    26.417
89 2OBF_08_bbn                               0.323     0.362    -0.039   -10.790
90 2OBF_09_bbn                              -0.066    -0.473     0.407    86.076
91 2OBF_10_bbn                              -5.527    -5.683     0.156     2.739
92 2OBF_11_bbn                               0.745     0.668     0.077    11.497
93 2OBF_12_bbn                               2.582     1.836     0.746    40.631
94 2OBF_13_bbn                              -2.826    -2.971     0.145     4.874
95 2OBF_14_tyr                              -7.048    -6.909    -0.139    -2.015
96 2OBF_15_asn                              -6.069    -7.005     0.936    13.357
97 2OBF_16_tyr                              -6.277    -5.912    -0.365    -6.176
98 2OBF_17_arg                              41.435    41.108     0.327     0.795
99 2OBF_18_leu                              -0.488    -0.537     0.049     9.139
100 2OBF_19_val                             -1.962    -2.422     0.460    18.984
101 2OBF_20_ala                             -1.047    -0.973    -0.074    -7.626
102 2OBF_21_leu                             -1.369    -1.240    -0.129   -10.368
103 2OBF_22_tyr                             -4.195    -3.891    -0.304    -7.817
104 2OBF_23_tyr                             -3.041    -2.925    -0.116    -3.960
105 2OBF_24_phe                             -8.950    -9.337     0.387     4.148
106 2OBF_25_ala                             -0.501    -0.605     0.104    17.120
107 2OBF_26_ala                             -1.523    -1.585     0.062     3.923
108 2OBF_27_glu                           -135.155  -135.109    -0.046    -0.034
109 2OBF_28_tyr                             -8.117    -8.661     0.544     6.287
110 2OBF_29_val                             -0.761    -0.943     0.182    19.315
111 2OBF_30_met                              0.049    -0.341     0.390   114.295
112 2OBF_31_asp                            -81.044   -82.912     1.868     2.253
113 2OBF_32_val                             -1.753    -1.915     0.162     8.464
114 2OBF_33_val                             -1.055    -1.506     0.451    29.923
115 2P4Y_01_bbn                              0.772     0.633     0.139    21.912
116 2P4Y_02_bbn                             -3.079    -3.158     0.079     2.505
117 2P4Y_03_bbn                             -1.068    -1.621     0.553    34.108
118 2P4Y_04_bbn                             -0.060    -0.504     0.444    88.099
119 2P4Y_05_bbn                             -3.217    -3.285     0.068     2.064
120 2P4Y_06_bbn                             -1.480    -1.259    -0.221   -17.550
121 2P4Y_07_bbn                             -2.861    -1.965    -0.896   -45.586
122 2P4Y_08_bbn                             -2.299    -1.945    -0.354   -18.183
123 2P4Y_09_bbn                             -0.538    -0.814     0.276    33.854
124 2P4Y_10_bbn                             -0.647    -1.060     0.413    38.944
125 2P4Y_11_bbn                             -1.533    -1.549     0.016     1.054
126 2P4Y_12_bbn                             -1.402    -1.648     0.246    14.925
127 2P4Y_13_bbn                              0.594     0.388     0.206    52.972
128 2P4Y_14_bbn                             -6.644    -7.223     0.579     8.014
129 2P4Y_15_bbn                            -22.405   -22.002    -0.403    -1.832
130 2P4Y_16_bbn                             -7.053    -6.373    -0.680   -10.675
131 2P4Y_17_phe                             -0.602    -0.118    -0.484  -410.366
132 2P4Y_18_ile                             -1.007    -0.958    -0.049    -5.081
133 2P4Y_19_cys                             -5.108    -5.376     0.268     4.984
134 2P4Y_20_phe                             -1.239    -1.502     0.263    17.512
135 2P4Y_21_arg                            -70.977   -70.559    -0.418    -0.593
136 2P4Y_22_ser                             -1.890    -1.952     0.062     3.188
137 2P4Y_23_ala                             -2.238    -2.010    -0.228   -11.356
138 2P4Y_24_glu                             20.546    19.435     1.111     5.716
139 2P4Y_25_ile                             -1.232    -1.935     0.703    36.314
140 2P4Y_26_ile                             -2.727    -2.787     0.060     2.167
141 2P4Y_27_tyr                             -1.452    -1.841     0.389    21.110
142 2P4Y_28_met                             -2.497    -2.641     0.144     5.452
143 2P4Y_29_leu                             -4.234    -4.607     0.373     8.092
144 2P4Y_30_leu                             -2.283    -2.673     0.390    14.593
145 2P4Y_31_val                             -1.467    -1.593     0.126     7.909
146 2P4Y_32_ile                             -7.688    -7.524    -0.164    -2.181
147 2P4Y_33_ser                             -4.044    -3.787    -0.257    -6.777
148 2P4Y_34_met                             -2.038    -2.077     0.039     1.859
149 2P4Y_35_leu                             -1.240    -1.370     0.130     9.503
150 2P4Y_36_phe                             -1.014    -1.510     0.496    32.833
151 2P4Y_37_met                             -2.552    -3.066     0.514    16.774
152 2P4Y_38_lys                            -27.394   -28.948     1.554     5.368
153 2P4Y_39_hie                             -1.414    -1.154    -0.260   -22.508
154 2VOT_01_bbn                              2.530     2.471     0.059     2.408
155 2VOT_02_bbn                              1.086     0.834     0.252    30.200
156 2VOT_03_bbn                              2.127     1.814     0.313    17.269
157 2VOT_04_trp                             -2.183    -1.855    -0.328   -17.691
158 2VOT_05_asp                           -107.422  -108.715     1.293     1.189
159 2VOT_06_trp                             -1.209    -0.130    -1.079  -830.125
160 2VOT_07_arg                             40.741    41.149    -0.408    -0.992
161 2VOT_08_trp                             -1.521    -1.687     0.166     9.832
162 2VOT_09_cys                             -1.999    -1.784    -0.215   -12.067
163 2VOT_10_asn                             -3.524    -3.554     0.030     0.856
164 2VOT_11_glu                           -111.501  -109.350    -2.151    -1.967
165 2VOT_12_glu                            -44.770   -45.354     0.584     1.287
166 2VOT_13_trp                             -0.329    -0.448     0.119    26.560
167 2VOT_14_trp                              0.248     0.355    -0.107   -30.214
168 2VOT_15_hip                             52.773    52.496     0.277     0.527
169 2VOT_16_trp                             -8.044    -7.689    -0.355    -4.615
170 2VOT_17_tyr                             -5.010    -4.084    -0.926   -22.683
171 2VOT_18_glu                           -111.789  -111.797     0.008     0.007
172 2VOT_19_ser                              0.583     0.657    -0.074   -11.314
173 2VOT_20_ser                             -1.412    -1.306    -0.106    -8.114
174 2VOT_21_trp                            -12.817   -14.338     1.521    10.607
175 2VOT_22_trp                             -6.517    -7.156     0.639     8.924
176 2VW5_01_bbn                             -1.482    -1.602     0.120     7.489
177 2VW5_02_bbn                             -2.275    -2.012    -0.263   -13.066
178 2VW5_03_bbn                             -0.137    -0.165     0.028    17.094
179 2VW5_04_bbn                             -0.320    -0.347     0.027     7.662
180 2VW5_05_bbn                             -1.213    -1.513     0.300    19.842
181 2VW5_06_bbn                             -0.027     0.010    -0.037  -369.123
182 2VW5_07_bbn                              0.015    -0.062     0.077   123.744
183 2VW5_08_bbn                             -0.092    -0.306     0.214    69.983
184 2VW5_09_bbn                             -1.941    -1.959     0.018     0.912
185 2VW5_10_bbn                             -0.799    -0.747    -0.052    -6.898
186 2VW5_11_bbn                             -3.519    -3.942     0.423    10.721
187 2VW5_12_bbn                              0.551     0.092     0.459   498.638
188 2VW5_13_bbn                             -7.491    -7.609     0.118     1.556
189 2VW5_14_bbn                             -2.847    -2.653    -0.194    -7.326
190 2VW5_15_bbn                              0.170     0.119     0.051    42.683
191 2VW5_16_asn                             -5.470    -6.153     0.683    11.102
192 2VW5_17_ala                             -0.505    -0.437    -0.068   -15.665
193 2VW5_18_asp                            -26.923   -27.702     0.779     2.812
194 2VW5_19_ala                             -1.794    -1.574    -0.220   -14.003
195 2VW5_20_lys                            -18.078   -16.841    -1.237    -7.347
196 2VW5_21_asp                            -20.685   -20.676    -0.009    -0.045
197 2VW5_22_ile                             -0.951    -0.966     0.015     1.563
198 2VW5_23_met                             -6.616    -5.847    -0.769   -13.160
199 2VW5_24_glu                             -6.801    -6.855     0.054     0.789
200 2VW5_25_asn                             -2.603    -1.838    -0.765   -41.627
201 2VW5_26_leu                             -1.806    -1.397    -0.409   -29.271
202 2VW5_28_val                             -0.476    -0.688     0.212    30.810
203 2VW5_29_phe                             -3.711    -3.685    -0.026    -0.694
204 2VW5_30_tyr                             -1.383    -1.319    -0.064    -4.839
205 2VW5_31_val                             -0.483    -0.469    -0.014    -2.931
206 2VW5_32_thr                             -4.940    -4.575    -0.365    -7.989
207 2VW5_33_leu                             -0.891    -0.905     0.014     1.526
208 2XB8_01_bbn                              3.501     2.947     0.554    18.808
209 2XB8_02_bbn                             -3.387    -3.648     0.261     7.161
210 2XB8_03_bbn                             -2.258    -2.281     0.023     1.021
211 2XB8_04_bbn                             -3.030    -3.228     0.198     6.130
212 2XB8_05_bbn                             -1.767    -1.707    -0.060    -3.543
213 2XB8_06_bbn                              2.350     1.795     0.555    30.904
214 2XB8_07_bbn                              1.024     0.743     0.281    37.840
215 2XB8_08_bbn                             -8.782    -8.427    -0.355    -4.218
216 2XB8_09_bbn                             -4.890    -4.519    -0.371    -8.205
217 2XB8_10_bbn                             -2.322    -1.881    -0.441   -23.437
218 2XB8_11_bbn                             -2.919    -3.191     0.272     8.515
219 2XB8_12_bbn                            -18.584   -18.509    -0.075    -0.404
220 2XB8_13_bbn                            -19.625   -18.726    -0.899    -4.799
221 2XB8_14_bbn                              3.002     3.105    -0.103    -3.304
222 2XB8_15_bbn                             -1.100    -1.108     0.008     0.743
223 2XB8_16_asn                              0.695     0.457     0.238    51.979
224 2XB8_17_leu                             -3.638    -4.157     0.519    12.475
225 2XB8_18_arg                            -23.245   -24.340     1.095     4.498
226 2XB8_19_leu                             -0.500    -0.451    -0.049   -10.799
227 2XB8_20_arg                            -19.226   -19.929     0.703     3.526
228 2XB8_21_tyr                             -8.117    -7.905    -0.212    -2.685
229 2XB8_22_asn                             -7.894    -9.067     1.173    12.932
230 2XB8_23_thr                             -0.717    -1.159     0.442    38.119
231 2XB8_24_hid                             -5.052    -4.787    -0.265    -5.544
232 2XB8_25_hie                              2.543     3.033    -0.490   -16.169
233 2XB8_26_ile                             -3.517    -3.670     0.153     4.182
234 2XB8_27_ser                            -13.638   -13.012    -0.626    -4.814
235 2XB8_28_val                             -1.170    -1.439     0.269    18.727
236 2XB8_29_arg                            -49.197   -51.470     2.273     4.416
237 2XB8_30_arg                            -54.607   -58.856     4.249     7.219
238 2XB8_31_val                             -0.718    -0.697    -0.021    -2.972
239 2XB8_32_asp                             27.064    28.727    -1.663    -5.789
240 2XB8_33_glu                             21.191    22.273    -1.082    -4.858
241 2YKI_01_bbn                              0.277     0.150     0.127    84.743
242 2YKI_02_bbn                             -0.331    -0.223    -0.108   -48.263
243 2YKI_03_bbn                             -1.011    -0.885    -0.126   -14.234
244 2YKI_04_bbn                             -0.419    -0.501     0.082    16.323
245 2YKI_05_bbn                             -1.030    -1.095     0.065     5.930
246 2YKI_06_bbn                             -0.802    -0.852     0.050     5.900
247 2YKI_07_bbn                             -0.840    -1.001     0.161    16.084
248 2YKI_08_bbn                            -10.006   -10.123     0.117     1.160
249 2YKI_09_bbn                              0.420    -0.006     0.426  7102.492
250 2YKI_10_bbn                             -0.664    -1.105     0.441    39.943
251 2YKI_11_bbn                             -3.993    -4.313     0.320     7.413
252 2YKI_12_bbn                             -1.018    -1.057     0.039     3.698
253 2YKI_13_bbn                             -0.242    -0.391     0.149    38.022
254 2YKI_14_bbn                             -1.725    -1.846     0.121     6.561
255 2YKI_15_bbn                             -0.213    -0.336     0.123    36.473
256 2YKI_16_bbn                             -0.256    -0.240    -0.016    -6.796
257 2YKI_17_bbn                             -2.151    -2.670     0.519    19.454
258 2YKI_18_bbn                             -1.768    -1.851     0.083     4.476
259 2YKI_19_bbn                              0.159     0.096     0.063    65.648
260 2YKI_20_bbn                              0.172     0.160     0.012     7.762
261 2YKI_21_bbn                             -0.015    -0.036     0.021    58.526
262 2YKI_22_phe                             -2.001    -2.016     0.015     0.732
263 2YKI_23_gln                             -0.680    -0.677    -0.003    -0.422
264 2YKI_24_ile                             -1.106    -1.114     0.008     0.707
265 2YKI_25_leu                             -0.448    -0.415    -0.033    -7.915
266 2YKI_26_asn                             -6.912    -7.324     0.412     5.630
267 2YKI_27_ser                              0.044     0.118    -0.074   -62.459
268 2YKI_28_ala                             -0.113    -0.284     0.171    60.237
269 2YKI_29_asp                            -24.243   -25.837     1.594     6.168
270 2YKI_30_ile                             -0.368    -0.373     0.005     1.474
271 2YKI_31_met                             -6.343    -7.012     0.669     9.538
272 2YKI_32_leu                             -1.443    -1.697     0.254    14.988
273 2YKI_33_ile                             -0.345    -0.356     0.011     3.071
274 2YKI_34_leu                             -5.811    -5.688    -0.123    -2.154
275 2YKI_35_ile                             -1.126    -1.195     0.069     5.780
276 2YKI_36_ala                             -1.544    -1.598     0.054     3.357
277 2YKI_37_val                             -0.695    -0.790     0.095    12.059
278 2YKI_38_phe                             -7.780    -8.399     0.619     7.365
279 2YKI_40_val                             -1.972    -1.733    -0.239   -13.807
280 2YKI_41_trp                             -5.603    -6.213     0.610     9.824
281 2YKI_42_phe                             -2.232    -2.736     0.504    18.406
282 2YKI_43_thr                             -4.554    -3.713    -0.841   -22.648
283 2YKI_44_val                             -0.899    -0.972     0.073     7.558
284 2ZX6_01_bbn                              3.188     2.718     0.470    17.305
285 2ZX6_02_bbn                             -0.077    -0.331     0.254    76.799
286 2ZX6_03_bbn                             -0.056    -0.366     0.310    84.820
287 2ZX6_04_bbn                              1.810     1.694     0.116     6.833
288 2ZX6_05_phe                             -1.999    -2.454     0.455    18.534
289 2ZX6_06_hid                            -21.621   -21.607    -0.014    -0.065
290 2ZX6_07_leu                             -1.092    -1.413     0.321    22.713
291 2ZX6_08_tyr                             -3.116    -3.321     0.205     6.185
292 2ZX6_09_glu                            -80.472   -80.174    -0.298    -0.371
293 2ZX6_10_trp                             -0.256    -1.055     0.799    75.725
294 2ZX6_11_hie                              0.749    -1.054     1.803   171.023
295 2ZX6_12_hid                            -18.255   -18.071    -0.184    -1.020
296 2ZX6_13_tyr                             -0.140    -0.065    -0.075  -116.032
297 2ZX6_14_leu                             -0.282    -0.230    -0.052   -22.447
298 2ZX6_15_trp                             -3.398    -3.758     0.360     9.583
299 2ZX6_16_asp                           -110.807  -110.036    -0.771    -0.701
300 2ZX6_17_met                             -4.757    -4.204    -0.553   -13.152
301 2ZX6_18_arg                             55.251    55.564    -0.313    -0.564
302 2ZX6_19_glu                           -111.905  -111.740    -0.165    -0.148
303 2ZX6_20_val                             -1.151    -1.102    -0.049    -4.412
304 2ZX6_21_asn                             -6.208    -5.871    -0.337    -5.733
305 2ZX6_22_thr                             -2.563    -2.562    -0.001    -0.045
306 2ZX6_23_phe                             -8.658    -8.275    -0.383    -4.623
307 3G0W_01_bbn                              0.076    -0.280     0.356   127.185
308 3G0W_02_bbn                             -2.580    -3.220     0.640    19.871
309 3G0W_03_bbn                              0.359     0.001     0.358 35840.183
310 3G0W_04_bbn                              0.095    -0.022     0.117   530.547
311 3G0W_05_bbn                             -0.790    -0.757    -0.033    -4.315
312 3G0W_06_bbn                              0.401     0.348     0.053    15.211
313 3G0W_07_bbn                             -0.760    -0.797     0.037     4.692
314 3G0W_08_bbn                             -0.066    -0.335     0.269    80.366
315 3G0W_09_bbn                             -0.908    -1.026     0.118    11.521
316 3G0W_10_bbn                              0.005     1.077    -1.072   -99.537
317 3G0W_11_bbn                              2.327     2.491    -0.164    -6.572
318 3G0W_12_bbn                             -0.473    -0.473    -0.000    -0.071
319 3G0W_13_bbn                             -1.605    -1.851     0.246    13.315
320 3G0W_14_bbn                             -0.883    -0.879    -0.004    -0.426
321 3G0W_15_bbn                             -0.144    -0.077    -0.067   -87.244
322 3G0W_16_leu                             -1.537    -1.582     0.045     2.832
323 3G0W_17_leu                             -3.878    -4.177     0.299     7.149
324 3G0W_18_asn                            -14.124   -15.230     1.106     7.261
325 3G0W_19_leu                             -2.834    -2.527    -0.307   -12.162
326 3G0W_20_gln                              0.666     0.770    -0.104   -13.526
327 3G0W_21_trp                             -0.508    -1.224     0.716    58.482
328 3G0W_22_met                             -2.678    -2.943     0.265     9.003
329 3G0W_23_met                             -4.632    -6.038     1.406    23.283
330 3G0W_24_val                             -1.056    -2.021     0.965    47.741
331 3G0W_25_met                             -1.855    -2.591     0.736    28.391
332 3G0W_26_arg                            -16.291   -18.754     2.463    13.132
333 3G0W_27_phe                             -3.541    -3.633     0.092     2.532
334 3G0W_28_met                             -2.679    -2.138    -0.541   -25.306
335 3G0W_29_met                             -1.138    -0.973    -0.165   -16.954
336 3G0W_30_leu                             -1.956    -1.954    -0.002    -0.114
337 3G0W_31_phe                             -0.738    -0.746     0.008     1.117
338 3G0W_32_thr                             -3.528    -4.362     0.834    19.116
339 3G0W_33_leu                             -0.925    -0.959     0.034     3.527
340 3G0W_34_phe                             -1.948    -2.385     0.437    18.310
341 3G0W_35_met                             -0.393    -0.625     0.232    37.079
342 3G0W_36_ile                             -0.046    -0.474     0.428    90.396
343 3GCU_01_bbn                             -0.246    -0.282     0.036    12.648
344 3GCU_02_bbn                             -3.275    -3.124    -0.151    -4.838
345 3GCU_03_bbn                             -1.293    -1.441     0.148    10.276
346 3GCU_04_bbn                             -0.897    -1.028     0.131    12.724
347 3GCU_05_bbn                             -0.507    -0.689     0.182    26.435
348 3GCU_06_bbn                             -0.301    -0.328     0.027     8.259
349 3GCU_07_bbn                             -2.124    -1.867    -0.257   -13.765
350 3GCU_08_bbn                              0.099    -0.029     0.128   440.264
351 3GCU_09_bbn                             -1.430    -1.389    -0.041    -2.948
352 3GCU_10_bbn                             -0.229    -0.503     0.274    54.559
353 3GCU_11_bbn                             -1.343    -1.166    -0.177   -15.170
354 3GCU_12_bbn                             -0.080    -0.152     0.072    47.382
355 3GCU_13_bbn                             -1.172    -1.220     0.048     3.921
356 3GCU_14_bbn                             -1.225    -1.261     0.036     2.842
357 3GCU_15_bbn                             -0.753    -0.618    -0.135   -21.825
358 3GCU_16_bbn                             -1.857    -2.654     0.797    30.049
359 3GCU_17_bbn                             -8.466    -8.222    -0.244    -2.962
360 3GCU_18_bbn                             -2.086    -2.033    -0.053    -2.602
361 3GCU_19_bbn                             -0.401    -0.332    -0.069   -20.726
362 3GCU_20_bbn                             -0.242    -0.237    -0.005    -2.028
363 3GCU_21_bbn                             -2.124    -1.341    -0.783   -58.425
364 3GCU_22_bbn                             -9.122    -8.470    -0.652    -7.696
365 3GCU_23_bbn                             -3.213    -3.359     0.146     4.354
366 3GCU_24_val                             -1.715    -1.617    -0.098    -6.073
367 3GCU_25_tyr                             -0.223    -0.332     0.109    32.736
368 3GCU_26_val                             -2.422    -2.777     0.355    12.781
369 3GCU_27_ala                             -2.119    -1.853    -0.266   -14.332
370 3GCU_28_lys                             -0.780    -1.564     0.784    50.152
371 3GCU_29_arg                              2.199     1.022     1.177   115.118
372 3GCU_30_arg                              0.760    -0.302     1.062   351.753
373 3GCU_31_glu                            -40.614   -40.107    -0.507    -1.264
374 3GCU_32_leu                             -1.725    -1.619    -0.106    -6.525
375 3GCU_33_leu                             -3.511    -3.539     0.028     0.791
376 3GCU_34_met                             -1.486    -1.363    -0.123    -9.045
377 3GCU_35_val                             -0.869    -0.854    -0.015    -1.713
378 3GCU_36_ile                             -3.006    -3.419     0.413    12.088
379 3GCU_37_leu                             -1.849    -1.666    -0.183   -10.996
380 3GCU_38_thr                             -5.746    -6.012     0.266     4.423
381 3GCU_39_leu                             -1.583    -1.675     0.092     5.469
382 3GCU_40_met                             -1.256    -1.631     0.375    22.970
383 3GCU_41_ile                             -1.396    -1.316    -0.080    -6.116
384 3GCU_42_ile                             -0.599    -0.576    -0.023    -3.914
385 3GCU_43_hie                             -2.503    -2.070    -0.433   -20.918
386 3GCU_44_ile                             -0.607    -0.486    -0.121   -24.916
387 3GCU_45_leu                             -3.035    -3.753     0.718    19.127
388 3GCU_46_asp                             -1.645    -3.510     1.865    53.134
389 3GCU_47_phe                             -3.149    -3.750     0.601    16.027
390 3GCU_48_leu                             -0.654    -0.619    -0.035    -5.678
391 3GNW_01_pro                             -2.137    -1.763    -0.374   -21.210
392 3GNW_02_bbn                             -0.255    -1.277     1.022    80.037
393 3GNW_03_bbn                             -3.340    -3.254    -0.086    -2.646
394 3GNW_04_bbn                             -3.185    -2.857    -0.328   -11.470
395 3GNW_05_bbn                             -0.204    -0.513     0.309    60.299
396 3GNW_06_bbn                             -0.063    -0.230     0.167    72.733
397 3GNW_07_bbn                             -1.608    -1.752     0.144     8.242
398 3GNW_08_bbn                             -0.254    -0.221    -0.033   -14.759
399 3GNW_09_bbn                             -1.122    -1.049    -0.073    -6.958
400 3GNW_10_bbn                             -0.748    -0.798     0.050     6.328
401 3GNW_11_bbn                             -1.989    -2.458     0.469    19.071
402 3GNW_12_bbn                             -0.777    -0.729    -0.048    -6.646
403 3GNW_13_bbn                             -8.003    -7.914    -0.089    -1.120
404 3GNW_14_bbn                             -7.732    -7.893     0.161     2.045
405 3GNW_15_bbn                             -9.283    -8.705    -0.578    -6.637
406 3GNW_16_bbn                             -2.671    -2.751     0.080     2.897
407 3GNW_17_arg                             -0.320    -1.153     0.833    72.234
408 3GNW_18_phe                             -1.318    -1.633     0.315    19.267
409 3GNW_19_arg                             -7.964    -5.693    -2.271   -39.899
410 3GNW_20_asn                             -2.589    -1.994    -0.595   -29.820
411 3GNW_21_asp                             -4.593    -4.875     0.282     5.792
412 3GNW_22_cys                             -4.843    -4.152    -0.691   -16.634
413 3GNW_23_ser                             -8.297    -8.521     0.224     2.634
414 3GNW_24_ser                             -1.941    -1.549    -0.392   -25.304
415 3GNW_25_leu                             -2.352    -2.381     0.029     1.237
416 3GNW_26_arg                              5.380     3.776     1.604    42.487
417 3GNW_27_ser                             -0.422    -0.516     0.094    18.270
418 3GNW_28_asn                             -1.466    -1.264    -0.202   -15.946
419 3GNW_29_met                             -6.030    -6.025    -0.005    -0.081
420 3GNW_30_tyr                             -4.355    -4.562     0.207     4.529
421 3GNW_31_gln                              0.202    -0.305     0.507   166.228
422 3GNW_32_ile                             -0.590    -0.859     0.269    31.267
423 3GNW_33_tyr                             -6.349    -6.613     0.264     3.989
424 3GNW_34_hie                             -0.142    -0.146     0.004     2.545
425 3GNW_35_ser                             -5.118    -4.733    -0.385    -8.139
426 3JVS_01_bbn                             -2.033    -1.960    -0.073    -3.708
427 3JVS_02_bbn                            -13.546   -13.696     0.150     1.095
428 3JVS_03_bbn                             -0.756    -1.071     0.315    29.451
429 3JVS_04_bbn                             -1.164    -0.504    -0.660  -130.965
430 3JVS_05_bbn                            -12.141   -12.381     0.240     1.937
431 3JVS_06_pro                             -4.963    -4.961    -0.002    -0.044
432 3JVS_07_bbn                              0.958     0.651     0.307    47.203
433 3JVS_08_pro                             -1.983    -2.382     0.399    16.736
434 3JVS_09_bbn                             -0.688    -0.536    -0.152   -28.433
435 3JVS_10_bbn                             -1.459    -1.080    -0.379   -35.084
436 3JVS_11_bbn                             -0.487    -0.457    -0.030    -6.582
437 3JVS_12_bbn                             -3.393    -2.491    -0.902   -36.229
438 3JVS_13_bbn                             -1.284    -1.033    -0.251   -24.309
439 3JVS_14_phe                             -7.874    -7.727    -0.147    -1.905
440 3JVS_15_asp                             -5.975    -7.306     1.331    18.212
441 3JVS_16_arg                             -0.538    -0.422    -0.116   -27.390
442 3JVS_17_ile                             -3.052    -3.698     0.646    17.470
443 3JVS_18_glu                             -7.609    -8.054     0.445     5.525
444 3JVS_19_tyr                             -1.252    -1.071    -0.181   -16.854
445 3JVS_20_ala                             -0.829    -0.589    -0.240   -40.694
446 3JVS_21_glu                             -4.229    -3.715    -0.514   -13.834
447 3JVS_22_leu                             -2.488    -1.646    -0.842   -51.144
448 3NOX_01_bbn                              1.504     0.798     0.706    88.454
449 3NOX_02_bbn                             -5.705    -6.207     0.502     8.082
450 3NOX_03_bbn                              0.839     0.757     0.082    10.797
451 3NOX_04_bbn                             -1.688    -1.971     0.283    14.339
452 3NOX_05_bbn                              1.666     1.333     0.333    24.984
453 3NOX_06_bbn                             -1.245    -1.433     0.188    13.094
454 3NOX_07_arg                             46.752    45.802     0.950     2.074
455 3NOX_08_glu                           -112.042  -111.564    -0.478    -0.429
456 3NOX_09_glu                           -123.499  -122.376    -1.123    -0.918
457 3NOX_10_tyr                             -4.152    -4.538     0.386     8.512
458 3NOX_11_trp                             -0.666    -0.699     0.033     4.739
459 3NOX_12_ser                             -5.580    -6.327     0.747    11.814
460 3NOX_13_tyr                             -1.667    -2.286     0.619    27.088
461 3NOX_14_val                             -0.173    -0.341     0.168    49.267
462 3NOX_15_trp                             -1.965    -2.227     0.262    11.748
463 3NOX_16_tyr                            -15.549   -16.022     0.473     2.951
464 3NOX_17_asp                            -63.866   -62.357    -1.509    -2.420
465 3NOX_18_tyr                             -7.782    -8.583     0.801     9.328
466 3NOX_19_asn                             -3.856    -4.442     0.586    13.198
467 3NOX_20_val                             -1.244    -1.718     0.474    27.601
468 3NOX_21_hid                             -7.646    -8.313     0.667     8.026
469 3PE2_01_bbn                             -3.008    -3.063     0.055     1.809
470 3PE2_02_bbn                             -0.013    -0.120     0.107    89.279
471 3PE2_03_bbn                             -2.335    -1.582    -0.753   -47.624
472 3PE2_04_bbn                             -1.228    -1.140    -0.088    -7.718
473 3PE2_05_bbn                             -1.955    -2.152     0.197     9.163
474 3PE2_06_bbn                             -2.075    -2.152     0.077     3.581
475 3PE2_07_bbn                             -1.498    -1.632     0.134     8.181
476 3PE2_08_bbn                             -8.799    -8.648    -0.151    -1.748
477 3PE2_09_bbn                              0.155     0.102     0.053    51.481
478 3PE2_10_bbn                             -1.757    -1.706    -0.051    -3.000
479 3PE2_11_bbn                             -3.241    -3.556     0.315     8.849
480 3PE2_12_bbn                            -18.630   -18.392    -0.238    -1.296
481 3PE2_13_bbn                             -7.028    -6.612    -0.416    -6.292
482 3PE2_14_leu                             -3.110    -3.361     0.251     7.458
483 3PE2_15_arg                            -22.284   -22.648     0.364     1.606
484 3PE2_16_val                             -4.458    -5.128     0.670    13.065
485 3PE2_17_val                             -2.790    -3.574     0.784    21.947
486 3PE2_18_lys                           -101.618  -101.837     0.219     0.215
487 3PE2_19_ile                             -2.982    -3.154     0.172     5.460
488 3PE2_20_phe                             -2.608    -2.992     0.384    12.834
489 3PE2_21_hid                             -1.639    -1.757     0.118     6.736
490 3PE2_22_val                             -0.836    -1.155     0.319    27.651
491 3PE2_23_asn                             -0.619    -0.799     0.180    22.469
492 3PE2_24_hid                             -2.391    -2.844     0.453    15.929
493 3PE2_25_met                             -3.451    -4.093     0.642    15.679
494 3PE2_26_ile                             -4.895    -5.304     0.409     7.715
495 3PE2_27_asp                             58.043    57.516     0.527     0.917
496 3PE2_28_trp                             -3.097    -4.656     1.559    33.491
497 4GID_01_bbn                             -2.139    -2.050    -0.089    -4.335
498 4GID_02_bbn                              1.278     1.595    -0.317   -19.903
499 4GID_03_bbn                             -2.082    -1.725    -0.357   -20.717
500 4GID_04_bbn                             -6.718    -5.236    -1.482   -28.313
501 4GID_05_bbn                              0.428     0.112     0.316   282.486
502 4GID_06_bbn                              2.630     2.493     0.137     5.486
503 4GID_07_bbn                            -14.773   -14.417    -0.356    -2.471
504 4GID_08_bbn                              0.236    -0.097     0.333   343.186
505 4GID_09_pro                             -1.130    -1.047    -0.083    -7.904
506 4GID_10_bbn                             -4.017    -4.144     0.127     3.061
507 4GID_11_bbn                             -0.708    -2.179     1.471    67.490
508 4GID_12_bbn                             -2.925    -2.931     0.006     0.197
509 4GID_13_bbn                             -5.530    -5.824     0.294     5.044
510 4GID_14_bbn                             -1.887    -2.012     0.125     6.222
511 4GID_15_bbn                             -1.825    -1.966     0.141     7.162
512 4GID_16_bbn                             -4.163    -4.380     0.217     4.959
513 4GID_17_bbn                              1.075     0.779     0.296    37.938
514 4GID_18_bbn                             -3.596    -3.432    -0.164    -4.777
515 4GID_19_bbn                             -1.218    -1.652     0.434    26.261
516 4GID_20_bbn                              0.740    -0.379     1.119   295.347
517 4GID_21_bbn                            -18.538   -18.166    -0.372    -2.047
518 4GID_22_bbn                             -6.508    -6.907     0.399     5.783
519 4GID_23_bbn                             -6.250    -5.857    -0.393    -6.716
520 4GID_24_bbn                              0.774     0.454     0.320    70.581
521 4GID_25_ser                              0.421     0.291     0.130    44.620
522 4GID_26_gln                             -1.520    -1.744     0.224    12.820
523 4GID_27_tyr                             -0.398    -0.498     0.100    20.025
524 4GID_28_leu                             -2.012    -2.591     0.579    22.336
525 4GID_29_asp                            -81.244   -79.976    -1.268    -1.586
526 4GID_30_ser                              1.513     0.726     0.787   108.362
527 4GID_31_val                             -0.697    -0.830     0.133    15.998
528 4GID_32_tyr                             -8.567    -8.307    -0.260    -3.127
529 4GID_33_thr                             -2.203    -1.485    -0.718   -48.359
530 4GID_34_gln                             -2.441    -2.954     0.513    17.369
531 4GID_35_phe                             -2.922    -2.732    -0.190    -6.940
532 4GID_36_ile                             -1.808    -1.625    -0.183   -11.274
533 4GID_37_trp                             -2.740    -3.718     0.978    26.317
534 4GID_38_ile                             -1.553    -1.892     0.339    17.924
535 4GID_39_ile                             -1.255    -1.303     0.048     3.688
536 4GID_40_arg                             28.561    28.317     0.244     0.862
537 4GID_41_tyr                             -4.315    -4.078    -0.237    -5.804
538 4GID_42_ile                             -1.209    -1.315     0.106     8.025
539 4GID_43_asp                           -113.765  -114.321     0.556     0.486
540 4GID_44_thr                             -7.356    -6.629    -0.727   -10.960
541 4GID_45_thr                             -4.469    -4.836     0.367     7.585
542 4GID_46_asn                             -4.843    -5.295     0.452     8.540
543 4GID_47_arg                             27.928    27.645     0.283     1.025
544 4GID_48_lys                             23.048    23.587    -0.539    -2.286
545 4GID_49_ser                              0.525     0.084     0.441   524.789
546 4GID_50_val                             -0.959    -1.455     0.496    34.105
547 4GID_51_ala                             -0.595    -0.385    -0.210   -54.542
==========================================================================================
RMSE                0.602   kcal/mol
MUE                 0.396   kcal/mol
------------------------------------------------------------------------------------------
MSE                 0.136   kcal/mol
min                -2.271   kcal/mol
max                 4.249   kcal/mol
range               6.520   kcal/mol
min abs             0.000   kcal/mol
max abs             4.249   kcal/mol
==========================================================================================
RMSE             1564.340   %
MUE               107.947   %
MSE                92.076   %
min              -830.125   %
max             35840.183   %
range           36670.308   %
min abs             0.007   %
max abs         35840.183   %
------------------------------------------------------------------------------------------
RMSE/|avg|          7.430   %
MUE/|avg|           4.893   %
==========================================================================================
Statistics for groups:
neutral-neutral(225)RMSE      0.366   MSE       0.066   kcal/mol
charged-neutral(280)RMSE      0.584   MSE       0.181   kcal/mol
charged-charged(42) RMSE      1.312   MSE       0.206   kcal/mol
--------------------------------------------------------------------------------
neutral-neutralRMSE/|avg|     16.20 %
charged-neutralRMSE/|avg|     13.69 %
charged-chargedRMSE/|avg|     2.02 %
==========================================================================================

