WARNING: Interface mlip is under development and should be used with care:
         Manager-only Ruby interface with persistent Python workers
        _______  
       /\______\ 
      / /      / 
     / / Cuby /   Dataset calculation
     \/______/   
                 
/storage/praha1/home/tobiasma/miniconda3/envs/mace/lib/python3.11/site-packages/e3nn/o3/_wigner.py:10: UserWarning: Environment variable TORCH_FORCE_NO_WEIGHTS_ONLY_LOAD detected, since the`weights_only` argument was not explicitly passed to `torch.load`, forcing weights_only=False.
  _Jd, _W3j_flat, _W3j_indices = torch.load(os.path.join(os.path.dirname(__file__), 'constants.pt'))
/auto/vestec1-elixir/home/tobiasma/rezac-lab/mace/mace/calculators/mace.py:207: UserWarning: Environment variable TORCH_FORCE_NO_WEIGHTS_ONLY_LOAD detected, since the`weights_only` argument was not explicitly passed to `torch.load`, forcing weights_only=False.
  torch.load(f=model_path, map_location=device)
WARNING:root:No dtype selected, switching to float64 to match model dtype.
==========================================================================================
name                                             E      Eref     error  error(%)
------------------------------------------------------------------------------------------
01 10GS_01_bbn                              -1.782    -2.184     0.402    18.424
02 10GS_02_bbn                              -0.229    -0.132    -0.097   -73.421
03 10GS_03_bbn                              -0.054     0.428    -0.482  -112.628
04 10GS_04_bbn                               3.979     4.504    -0.525   -11.667
05 10GS_05_bbn                             -11.842   -11.437    -0.405    -3.544
06 10GS_06_pro                              -7.446    -6.883    -0.563    -8.176
07 10GS_07_bbn                              -6.311    -6.112    -0.199    -3.252
08 10GS_08_bbn                             -14.664   -14.282    -0.382    -2.676
09 10GS_09_bbn                              -4.512    -4.063    -0.449   -11.039
10 10GS_10_bbn                              -3.651    -3.957     0.306     7.737
11 10GS_11_bbn                              -0.613    -0.762     0.149    19.506
12 10GS_12_tyr                              -7.444    -7.821     0.377     4.824
13 10GS_13_phe                              -5.791    -5.857     0.066     1.125
14 10GS_14_val                              -0.741    -1.308     0.567    43.345
15 10GS_15_arg                             -54.977   -53.819    -1.158    -2.152
16 10GS_16_val                              -0.433    -0.618     0.185    29.968
17 10GS_17_trp                             -19.662   -19.558    -0.104    -0.531
18 10GS_18_lys                             -89.556   -89.344    -0.212    -0.237
19 10GS_19_gln                             -33.901   -32.038    -1.863    -5.816
20 10GS_20_leu                              -1.055    -1.287     0.232    17.997
21 10GS_21_gln                             -11.052   -10.897    -0.155    -1.423
22 10GS_22_ser                             -11.412   -11.270    -0.142    -1.261
23 10GS_23_tyr                              -1.504    -1.617     0.113     6.967
24 10GS_24_asp                              24.387    19.608     4.779    24.374
25 10GS_25_asp                             -14.161   -14.741     0.580     3.937
26 2CET_01_bbn                               0.015     0.231    -0.216   -93.528
27 2CET_02_bbn                              -0.726    -0.814     0.088    10.750
28 2CET_03_ala                              -0.066    -0.260     0.194    74.490
29 2CET_04_gln                              -9.838    -9.867     0.029     0.299
30 2CET_05_arg                              38.275    34.922     3.353     9.603
31 2CET_06_hie                              -1.043    -1.059     0.016     1.513
32 2CET_07_trp                              -4.119    -5.045     0.926    18.362
33 2CET_08_asn                              -2.234    -2.421     0.187     7.704
34 2CET_09_glu                            -102.904  -103.150     0.246     0.239
35 2CET_10_val                              -1.632    -2.021     0.389    19.272
36 2CET_11_val                              -0.013    -0.645     0.632    97.947
37 2CET_12_hie                               0.586    -0.152     0.738   485.293
38 2CET_13_asn                              -0.229    -0.471     0.242    51.383
39 2CET_14_asn                               3.240     3.300    -0.060    -1.815
40 2CET_15_tyr                              -6.729    -6.712    -0.017    -0.251
41 2CET_16_met                              -0.833    -0.626    -0.207   -33.056
42 2CET_17_trp                              -3.555    -4.775     1.220    25.559
43 2CET_18_glu                             -92.772   -92.916     0.144     0.155
44 2CET_19_trp                              -9.863    -9.608    -0.255    -2.657
45 2CET_20_asn                               0.073     0.300    -0.227   -75.567
46 2CET_21_glu                            -110.248  -110.346     0.098     0.089
47 2CET_22_trp                              -2.081    -2.321     0.240    10.321
48 2CET_23_phe                              -5.113    -5.529     0.416     7.525
49 2FVD_01_bbn                              -0.920    -1.071     0.151    14.084
50 2FVD_02_bbn                              -0.892    -0.993     0.101    10.125
51 2FVD_03_bbn                              -0.589    -0.802     0.213    26.568
52 2FVD_04_bbn                              -0.260    -0.422     0.162    38.446
53 2FVD_05_bbn                              -5.544    -5.863     0.319     5.441
54 2FVD_06_bbn                              -3.321    -3.338     0.017     0.498
55 2FVD_07_bbn                              -7.981    -8.131     0.150     1.840
56 2FVD_08_bbn                              -2.551    -2.300    -0.251   -10.905
57 2FVD_09_bbn                              -8.023    -7.877    -0.146    -1.857
58 2FVD_10_bbn                               1.668     1.604     0.064     3.966
59 2FVD_11_bbn                              -1.532    -1.444    -0.088    -6.105
60 2FVD_12_bbn                               0.047     0.235    -0.188   -79.870
61 2FVD_13_bbn                              -3.303    -3.477     0.174     5.011
62 2FVD_14_bbn                               0.273     0.073     0.200   273.377
63 2FVD_15_bbn                              -0.222    -0.301     0.079    26.169
64 2FVD_16_bbn                              -2.929    -3.018     0.089     2.949
65 2FVD_17_ile                              -3.828    -3.780    -0.048    -1.279
66 2FVD_18_val                              -2.697    -2.692    -0.005    -0.171
67 2FVD_19_ala                              -1.779    -1.773    -0.006    -0.315
68 2FVD_20_lys                              -5.513    -5.495    -0.018    -0.320
69 2FVD_21_val                              -0.839    -1.148     0.309    26.926
70 2FVD_22_phe                              -1.942    -2.355     0.413    17.548
71 2FVD_23_glu                              -2.171    -1.405    -0.766   -54.491
72 2FVD_24_phe                              -2.870    -3.086     0.216     7.013
73 2FVD_25_leu                              -0.971    -1.099     0.128    11.661
74 2FVD_26_hie                              -0.288    -0.527     0.239    45.284
75 2FVD_27_gln                              -3.479    -3.566     0.087     2.439
76 2FVD_28_asp                              -9.538    -9.816     0.278     2.837
77 2FVD_29_lys                             -20.534   -18.966    -1.568    -8.265
78 2FVD_30_asn                              -4.432    -4.527     0.095     2.098
79 2FVD_31_leu                              -4.338    -4.344     0.006     0.140
80 2FVD_32_ala                              -0.969    -1.161     0.192    16.568
81 2FVD_33_asp                              -8.807    -9.472     0.665     7.020
82 2OBF_01_bbn                              -0.142    -0.518     0.376    72.617
83 2OBF_02_bbn                              -7.560    -7.805     0.245     3.140
84 2OBF_03_bbn                               1.098     0.825     0.273    33.079
85 2OBF_04_bbn                              -3.334    -3.767     0.433    11.488
86 2OBF_05_bbn                              -0.592    -0.402    -0.190   -47.199
87 2OBF_06_bbn                               0.084    -0.817     0.901   110.245
88 2OBF_07_pro                              -1.661    -1.039    -0.622   -59.824
89 2OBF_08_bbn                               0.201     0.362    -0.161   -44.381
90 2OBF_09_bbn                               0.018    -0.473     0.491   103.740
91 2OBF_10_bbn                              -5.196    -5.683     0.487     8.577
92 2OBF_11_bbn                               0.715     0.668     0.047     6.972
93 2OBF_12_bbn                               1.665     1.836    -0.171    -9.306
94 2OBF_13_bbn                              -2.528    -2.971     0.443    14.916
95 2OBF_14_tyr                              -6.843    -6.909     0.066     0.959
96 2OBF_15_asn                              -7.073    -7.005    -0.068    -0.969
97 2OBF_16_tyr                              -5.675    -5.912     0.237     4.011
98 2OBF_17_arg                              40.889    41.108    -0.219    -0.532
99 2OBF_18_leu                              -0.245    -0.537     0.292    54.452
100 2OBF_19_val                             -1.794    -2.422     0.628    25.913
101 2OBF_20_ala                             -0.331    -0.973     0.642    65.988
102 2OBF_21_leu                             -0.827    -1.240     0.413    33.345
103 2OBF_22_tyr                             -2.642    -3.891     1.249    32.107
104 2OBF_23_tyr                             -1.449    -2.925     1.476    50.458
105 2OBF_24_phe                             -9.445    -9.337    -0.108    -1.157
106 2OBF_25_ala                             -0.259    -0.605     0.346    57.226
107 2OBF_26_ala                             -1.548    -1.585     0.037     2.349
108 2OBF_27_glu                           -136.245  -135.109    -1.136    -0.841
109 2OBF_28_tyr                             -8.592    -8.661     0.069     0.801
110 2OBF_29_val                             -0.547    -0.943     0.396    41.954
111 2OBF_30_met                              0.448    -0.341     0.789   231.338
112 2OBF_31_asp                            -83.839   -82.912    -0.927    -1.118
113 2OBF_32_val                             -1.472    -1.915     0.443    23.143
114 2OBF_33_val                             -0.738    -1.506     0.768    50.990
115 2P4Y_01_bbn                              0.540     0.633    -0.093   -14.658
116 2P4Y_02_bbn                             -3.394    -3.158    -0.236    -7.488
117 2P4Y_03_bbn                             -1.709    -1.621    -0.088    -5.402
118 2P4Y_04_bbn                             -0.226    -0.504     0.278    55.142
119 2P4Y_05_bbn                             -2.814    -3.285     0.471    14.336
120 2P4Y_06_bbn                             -0.771    -1.259     0.488    38.739
121 2P4Y_07_bbn                             -2.468    -1.965    -0.503   -25.607
122 2P4Y_08_bbn                             -1.674    -1.945     0.271    13.926
123 2P4Y_09_bbn                             -0.003    -0.814     0.811    99.673
124 2P4Y_10_bbn                             -0.328    -1.060     0.732    69.072
125 2P4Y_11_bbn                             -1.349    -1.549     0.200    12.926
126 2P4Y_12_bbn                             -1.335    -1.648     0.313    18.973
127 2P4Y_13_bbn                              0.521     0.388     0.133    34.400
128 2P4Y_14_bbn                             -7.163    -7.223     0.060     0.830
129 2P4Y_15_bbn                            -22.654   -22.002    -0.652    -2.965
130 2P4Y_16_bbn                             -7.488    -6.373    -1.115   -17.503
131 2P4Y_17_phe                              0.898    -0.118     1.016   860.823
132 2P4Y_18_ile                             -0.787    -0.958     0.171    17.848
133 2P4Y_19_cys                             -5.553    -5.376    -0.177    -3.297
134 2P4Y_20_phe                             -2.878    -1.502    -1.376   -91.613
135 2P4Y_21_arg                            -71.806   -70.559    -1.247    -1.767
136 2P4Y_22_ser                             -1.945    -1.952     0.007     0.366
137 2P4Y_23_ala                             -1.798    -2.010     0.212    10.558
138 2P4Y_24_glu                             19.981    19.435     0.546     2.812
139 2P4Y_25_ile                             -0.539    -1.935     1.396    72.142
140 2P4Y_26_ile                             -2.154    -2.787     0.633    22.699
141 2P4Y_27_tyr                             -1.437    -1.841     0.404    21.970
142 2P4Y_28_met                             -1.983    -2.641     0.658    24.902
143 2P4Y_29_leu                             -4.541    -4.607     0.066     1.443
144 2P4Y_30_leu                             -2.487    -2.673     0.186     6.949
145 2P4Y_31_val                             -1.121    -1.593     0.472    29.653
146 2P4Y_32_ile                             -8.196    -7.524    -0.672    -8.928
147 2P4Y_33_ser                             -3.980    -3.787    -0.193    -5.087
148 2P4Y_34_met                             -1.889    -2.077     0.188     9.030
149 2P4Y_35_leu                             -1.162    -1.370     0.208    15.151
150 2P4Y_36_phe                             -1.146    -1.510     0.364    24.103
151 2P4Y_37_met                             -2.781    -3.066     0.285     9.295
152 2P4Y_38_lys                            -29.354   -28.948    -0.406    -1.402
153 2P4Y_39_hie                             -0.018    -1.154     1.136    98.426
154 2VOT_01_bbn                              2.632     2.471     0.161     6.530
155 2VOT_02_bbn                              0.215     0.834    -0.619   -74.249
156 2VOT_03_bbn                              1.324     1.814    -0.490   -27.026
157 2VOT_04_trp                             -1.111    -1.855     0.744    40.107
158 2VOT_05_asp                           -108.641  -108.715     0.074     0.068
159 2VOT_06_trp                             -0.286    -0.130    -0.156  -120.222
160 2VOT_07_arg                             44.042    41.149     2.893     7.030
161 2VOT_08_trp                             -1.021    -1.687     0.666    39.466
162 2VOT_09_cys                             -1.289    -1.784     0.495    27.770
163 2VOT_10_asn                             -3.639    -3.554    -0.085    -2.398
164 2VOT_11_glu                           -109.037  -109.350     0.313     0.286
165 2VOT_12_glu                            -46.076   -45.354    -0.722    -1.592
166 2VOT_13_trp                              0.816    -0.448     1.264   282.182
167 2VOT_14_trp                             -0.027     0.355    -0.382  -107.492
168 2VOT_15_hip                             54.261    52.496     1.765     3.362
169 2VOT_16_trp                             -7.768    -7.689    -0.079    -1.031
170 2VOT_17_tyr                             -3.645    -4.084     0.439    10.753
171 2VOT_18_glu                           -111.836  -111.797    -0.039    -0.035
172 2VOT_19_ser                              0.701     0.657     0.044     6.737
173 2VOT_20_ser                             -1.391    -1.306    -0.085    -6.538
174 2VOT_21_trp                            -14.406   -14.338    -0.068    -0.472
175 2VOT_22_trp                             -6.598    -7.156     0.558     7.791
176 2VW5_01_bbn                             -1.429    -1.602     0.173    10.800
177 2VW5_02_bbn                             -1.854    -2.012     0.158     7.863
178 2VW5_03_bbn                             -0.087    -0.165     0.078    47.417
179 2VW5_04_bbn                             -0.258    -0.347     0.089    25.521
180 2VW5_05_bbn                             -1.353    -1.513     0.160    10.605
181 2VW5_06_bbn                              0.076     0.010     0.066   656.030
182 2VW5_07_bbn                             -0.093    -0.062    -0.031   -49.450
183 2VW5_08_bbn                             -0.248    -0.306     0.058    18.808
184 2VW5_09_bbn                             -1.918    -1.959     0.041     2.086
185 2VW5_10_bbn                             -0.642    -0.747     0.105    14.107
186 2VW5_11_bbn                             -3.866    -3.942     0.076     1.940
187 2VW5_12_bbn                              0.013     0.092    -0.079   -86.046
188 2VW5_13_bbn                             -7.472    -7.609     0.137     1.795
189 2VW5_14_bbn                             -2.585    -2.653     0.068     2.576
190 2VW5_15_bbn                              0.166     0.119     0.047    39.631
191 2VW5_16_asn                             -6.127    -6.153     0.026     0.415
192 2VW5_17_ala                             -0.314    -0.437     0.123    28.167
193 2VW5_18_asp                            -28.026   -27.702    -0.324    -1.169
194 2VW5_19_ala                             -1.473    -1.574     0.101     6.448
195 2VW5_20_lys                            -16.944   -16.841    -0.103    -0.614
196 2VW5_21_asp                            -20.582   -20.676     0.094     0.455
197 2VW5_22_ile                             -0.810    -0.966     0.156    16.183
198 2VW5_23_met                             -6.050    -5.847    -0.203    -3.472
199 2VW5_24_glu                             -7.167    -6.855    -0.312    -4.551
200 2VW5_25_asn                             -1.858    -1.838    -0.020    -1.088
201 2VW5_26_leu                             -1.196    -1.397     0.201    14.409
202 2VW5_28_val                             -0.497    -0.688     0.191    27.825
203 2VW5_29_phe                             -3.630    -3.685     0.055     1.505
204 2VW5_30_tyr                             -1.092    -1.319     0.227    17.208
205 2VW5_31_val                             -0.412    -0.469     0.057    12.171
206 2VW5_32_thr                             -4.574    -4.575     0.001     0.016
207 2VW5_33_leu                             -0.708    -0.905     0.197    21.729
208 2XB8_01_bbn                              3.696     2.947     0.749    25.427
209 2XB8_02_bbn                             -3.170    -3.648     0.478    13.095
210 2XB8_03_bbn                             -1.009    -2.281     1.272    55.754
211 2XB8_04_bbn                             -1.684    -3.228     1.544    47.821
212 2XB8_05_bbn                             -0.484    -1.707     1.223    71.665
213 2XB8_06_bbn                              3.645     1.795     1.850   103.043
214 2XB8_07_bbn                             -0.228     0.743    -0.971  -130.639
215 2XB8_08_bbn                             -8.545    -8.427    -0.118    -1.406
216 2XB8_09_bbn                             -4.654    -4.519    -0.135    -2.980
217 2XB8_10_bbn                             -1.390    -1.881     0.491    26.111
218 2XB8_11_bbn                             -3.774    -3.191    -0.583   -18.258
219 2XB8_12_bbn                            -18.517   -18.509    -0.008    -0.041
220 2XB8_13_bbn                            -18.806   -18.726    -0.080    -0.428
221 2XB8_14_bbn                              3.241     3.105     0.136     4.365
222 2XB8_15_bbn                             -0.384    -1.108     0.724    65.304
223 2XB8_16_asn                              1.349     0.457     0.892   195.253
224 2XB8_17_leu                             -4.226    -4.157    -0.069    -1.648
225 2XB8_18_arg                            -24.134   -24.340     0.206     0.848
226 2XB8_19_leu                              0.203    -0.451     0.654   144.912
227 2XB8_20_arg                            -20.669   -19.929    -0.740    -3.715
228 2XB8_21_tyr                             -8.611    -7.905    -0.706    -8.932
229 2XB8_22_asn                             -8.907    -9.067     0.160     1.760
230 2XB8_23_thr                             -1.076    -1.159     0.083     7.178
231 2XB8_24_hid                             -3.964    -4.787     0.823    17.202
232 2XB8_25_hie                              2.727     3.033    -0.306   -10.091
233 2XB8_26_ile                             -3.878    -3.670    -0.208    -5.665
234 2XB8_27_ser                            -13.167   -13.012    -0.155    -1.191
235 2XB8_28_val                             -1.451    -1.439    -0.012    -0.836
236 2XB8_29_arg                            -50.384   -51.470     1.086     2.110
237 2XB8_30_arg                            -57.680   -58.856     1.176     1.998
238 2XB8_31_val                             -0.222    -0.697     0.475    68.180
239 2XB8_32_asp                             28.532    28.727    -0.195    -0.678
240 2XB8_33_glu                             25.065    22.273     2.792    12.537
241 2YKI_01_bbn                              0.308     0.150     0.158   105.437
242 2YKI_02_bbn                             -0.232    -0.223    -0.009    -4.215
243 2YKI_03_bbn                             -0.649    -0.885     0.236    26.719
244 2YKI_04_bbn                             -0.447    -0.501     0.054    10.833
245 2YKI_05_bbn                             -1.000    -1.095     0.095     8.642
246 2YKI_06_bbn                             -0.833    -0.852     0.019     2.272
247 2YKI_07_bbn                             -0.796    -1.001     0.205    20.510
248 2YKI_08_bbn                             -9.565   -10.123     0.558     5.512
249 2YKI_09_bbn                              0.338    -0.006     0.344  5731.800
250 2YKI_10_bbn                             -0.915    -1.105     0.190    17.206
251 2YKI_11_bbn                             -4.118    -4.313     0.195     4.527
252 2YKI_12_bbn                             -0.833    -1.057     0.224    21.174
253 2YKI_13_bbn                             -0.258    -0.391     0.133    34.079
254 2YKI_14_bbn                             -1.438    -1.846     0.408    22.090
255 2YKI_15_bbn                             -0.014    -0.336     0.322    95.739
256 2YKI_16_bbn                             -0.096    -0.240     0.144    59.936
257 2YKI_17_bbn                             -2.347    -2.670     0.323    12.081
258 2YKI_18_bbn                             -1.684    -1.851     0.167     9.015
259 2YKI_19_bbn                              0.206     0.096     0.110   114.533
260 2YKI_20_bbn                              0.255     0.160     0.095    59.614
261 2YKI_21_bbn                              0.133    -0.036     0.169   469.620
262 2YKI_22_phe                             -1.539    -2.016     0.477    23.653
263 2YKI_23_gln                             -0.686    -0.677    -0.009    -1.373
264 2YKI_24_ile                             -0.757    -1.114     0.357    32.047
265 2YKI_25_leu                             -0.305    -0.415     0.110    26.472
266 2YKI_26_asn                             -7.243    -7.324     0.081     1.110
267 2YKI_27_ser                              0.384     0.118     0.266   225.725
268 2YKI_28_ala                             -0.129    -0.284     0.155    54.717
269 2YKI_29_asp                            -27.653   -25.837    -1.816    -7.030
270 2YKI_30_ile                             -0.307    -0.373     0.066    17.584
271 2YKI_31_met                             -6.985    -7.012     0.027     0.390
272 2YKI_32_leu                             -1.403    -1.697     0.294    17.323
273 2YKI_33_ile                             -0.274    -0.356     0.082    23.174
274 2YKI_34_leu                             -6.096    -5.688    -0.408    -7.166
275 2YKI_35_ile                             -0.939    -1.195     0.256    21.433
276 2YKI_36_ala                             -1.239    -1.598     0.359    22.471
277 2YKI_37_val                             -0.523    -0.790     0.267    33.795
278 2YKI_38_phe                             -8.527    -8.399    -0.128    -1.520
279 2YKI_40_val                             -1.289    -1.733     0.444    25.596
280 2YKI_41_trp                             -5.797    -6.213     0.416     6.690
281 2YKI_42_phe                             -2.305    -2.736     0.431    15.757
282 2YKI_43_thr                             -3.649    -3.713     0.064     1.723
283 2YKI_44_val                             -0.716    -0.972     0.256    26.314
284 2ZX6_01_bbn                              3.142     2.718     0.424    15.587
285 2ZX6_02_bbn                             -0.110    -0.331     0.221    66.760
286 2ZX6_03_bbn                             -1.393    -0.366    -1.027  -280.516
287 2ZX6_04_bbn                              2.090     1.694     0.396    23.378
288 2ZX6_05_phe                             -1.812    -2.454     0.642    26.151
289 2ZX6_06_hid                            -20.904   -21.607     0.703     3.256
290 2ZX6_07_leu                             -1.018    -1.413     0.395    27.937
291 2ZX6_08_tyr                             -3.164    -3.321     0.157     4.730
292 2ZX6_09_glu                            -80.059   -80.174     0.115     0.144
293 2ZX6_10_trp                             -0.438    -1.055     0.617    58.475
294 2ZX6_11_hie                             -0.805    -1.054     0.249    23.630
295 2ZX6_12_hid                            -17.927   -18.071     0.144     0.795
296 2ZX6_13_tyr                              0.206    -0.065     0.271   417.021
297 2ZX6_14_leu                              0.298    -0.230     0.528   229.630
298 2ZX6_15_trp                             -2.391    -3.758     1.367    36.379
299 2ZX6_16_asp                           -110.653  -110.036    -0.617    -0.561
300 2ZX6_17_met                             -3.733    -4.204     0.471    11.201
301 2ZX6_18_arg                             54.204    55.564    -1.360    -2.448
302 2ZX6_19_glu                           -113.384  -111.740    -1.644    -1.471
303 2ZX6_20_val                             -0.664    -1.102     0.438    39.728
304 2ZX6_21_asn                             -6.621    -5.871    -0.750   -12.772
305 2ZX6_22_thr                             -2.239    -2.562     0.323    12.593
306 2ZX6_23_phe                             -8.279    -8.275    -0.004    -0.044
307 3G0W_01_bbn                             -0.170    -0.280     0.110    39.151
308 3G0W_02_bbn                             -3.193    -3.220     0.027     0.827
309 3G0W_03_bbn                              0.334     0.001     0.333 33270.098
310 3G0W_04_bbn                             -0.124    -0.022    -0.102  -463.842
311 3G0W_05_bbn                             -0.552    -0.757     0.205    27.078
312 3G0W_06_bbn                              0.540     0.348     0.192    55.060
313 3G0W_07_bbn                             -0.612    -0.797     0.185    23.153
314 3G0W_08_bbn                             -0.104    -0.335     0.231    69.037
315 3G0W_09_bbn                             -0.793    -1.026     0.233    22.718
316 3G0W_10_bbn                             -0.287     1.077    -1.364  -126.667
317 3G0W_11_bbn                              2.605     2.491     0.114     4.575
318 3G0W_12_bbn                             -0.266    -0.473     0.207    43.840
319 3G0W_13_bbn                             -1.539    -1.851     0.312    16.840
320 3G0W_14_bbn                             -0.636    -0.879     0.243    27.657
321 3G0W_15_bbn                              0.183    -0.077     0.260   338.020
322 3G0W_16_leu                             -1.390    -1.582     0.192    12.125
323 3G0W_17_leu                             -4.110    -4.177     0.067     1.615
324 3G0W_18_asn                            -14.445   -15.230     0.785     5.154
325 3G0W_19_leu                             -2.321    -2.527     0.206     8.148
326 3G0W_20_gln                              1.050     0.770     0.280    36.389
327 3G0W_21_trp                             -0.645    -1.224     0.579    47.263
328 3G0W_22_met                             -2.563    -2.943     0.380    12.922
329 3G0W_23_met                             -4.987    -6.038     1.051    17.410
330 3G0W_24_val                             -0.778    -2.021     1.243    61.488
331 3G0W_25_met                             -2.459    -2.591     0.132     5.075
332 3G0W_26_arg                            -15.568   -18.754     3.186    16.988
333 3G0W_27_phe                             -3.499    -3.633     0.134     3.698
334 3G0W_28_met                             -1.751    -2.138     0.387    18.103
335 3G0W_29_met                             -0.657    -0.973     0.316    32.523
336 3G0W_30_leu                             -1.573    -1.954     0.381    19.504
337 3G0W_31_phe                             -0.216    -0.746     0.530    71.063
338 3G0W_32_thr                             -4.600    -4.362    -0.238    -5.447
339 3G0W_33_leu                             -0.699    -0.959     0.260    27.089
340 3G0W_34_phe                             -2.062    -2.385     0.323    13.539
341 3G0W_35_met                             -0.496    -0.625     0.129    20.664
342 3G0W_36_ile                             -0.283    -0.474     0.191    40.277
343 3GCU_01_bbn                             -0.301    -0.282    -0.019    -6.761
344 3GCU_02_bbn                             -3.205    -3.124    -0.081    -2.591
345 3GCU_03_bbn                             -1.186    -1.441     0.255    17.683
346 3GCU_04_bbn                             -0.779    -1.028     0.249    24.259
347 3GCU_05_bbn                             -0.517    -0.689     0.172    24.952
348 3GCU_06_bbn                             -0.293    -0.328     0.035    10.711
349 3GCU_07_bbn                             -1.799    -1.867     0.068     3.638
350 3GCU_08_bbn                             -0.051    -0.029    -0.022   -76.030
351 3GCU_09_bbn                             -1.447    -1.389    -0.058    -4.142
352 3GCU_10_bbn                             -0.463    -0.503     0.040     7.970
353 3GCU_11_bbn                             -0.847    -1.166     0.319    27.367
354 3GCU_12_bbn                             -0.052    -0.152     0.100    65.753
355 3GCU_13_bbn                             -1.025    -1.220     0.195    16.016
356 3GCU_14_bbn                             -0.964    -1.261     0.297    23.549
357 3GCU_15_bbn                             -0.463    -0.618     0.155    25.056
358 3GCU_16_bbn                             -2.589    -2.654     0.065     2.435
359 3GCU_17_bbn                             -8.011    -8.222     0.211     2.571
360 3GCU_18_bbn                             -1.879    -2.033     0.154     7.570
361 3GCU_19_bbn                             -0.156    -0.332     0.176    53.148
362 3GCU_20_bbn                             -0.256    -0.237    -0.019    -7.807
363 3GCU_21_bbn                             -1.275    -1.341     0.066     4.884
364 3GCU_22_bbn                             -8.574    -8.470    -0.104    -1.228
365 3GCU_23_bbn                             -3.267    -3.359     0.092     2.747
366 3GCU_24_val                             -1.586    -1.617     0.031     1.905
367 3GCU_25_tyr                             -0.299    -0.332     0.033     9.923
368 3GCU_26_val                             -2.734    -2.777     0.043     1.546
369 3GCU_27_ala                             -1.672    -1.853     0.181     9.770
370 3GCU_28_lys                             -1.384    -1.564     0.180    11.492
371 3GCU_29_arg                              2.157     1.022     1.135   111.066
372 3GCU_30_arg                             -1.811    -0.302    -1.509  -499.764
373 3GCU_31_glu                            -40.164   -40.107    -0.057    -0.143
374 3GCU_32_leu                             -1.219    -1.619     0.400    24.702
375 3GCU_33_leu                             -3.445    -3.539     0.094     2.666
376 3GCU_34_met                             -1.238    -1.363     0.125     9.161
377 3GCU_35_val                             -0.662    -0.854     0.192    22.471
378 3GCU_36_ile                             -2.999    -3.419     0.420    12.271
379 3GCU_37_leu                             -1.399    -1.666     0.267    16.045
380 3GCU_38_thr                             -6.057    -6.012    -0.045    -0.748
381 3GCU_39_leu                             -1.508    -1.675     0.167     9.951
382 3GCU_40_met                             -1.362    -1.631     0.269    16.495
383 3GCU_41_ile                             -1.081    -1.316     0.235    17.835
384 3GCU_42_ile                             -0.487    -0.576     0.089    15.386
385 3GCU_43_hie                             -1.726    -2.070     0.344    16.624
386 3GCU_44_ile                             -0.308    -0.486     0.178    36.565
387 3GCU_45_leu                             -3.363    -3.753     0.390    10.400
388 3GCU_46_asp                             -2.458    -3.510     1.052    29.972
389 3GCU_47_phe                             -3.706    -3.750     0.044     1.169
390 3GCU_48_leu                             -0.434    -0.619     0.185    29.946
391 3GNW_01_pro                             -1.445    -1.763     0.318    18.015
392 3GNW_02_bbn                             -0.020    -1.277     1.257    98.438
393 3GNW_03_bbn                             -3.112    -3.254     0.142     4.358
394 3GNW_04_bbn                             -2.871    -2.857    -0.014    -0.480
395 3GNW_05_bbn                             -0.450    -0.513     0.063    12.370
396 3GNW_06_bbn                             -0.287    -0.230    -0.057   -24.832
397 3GNW_07_bbn                             -1.814    -1.752    -0.062    -3.536
398 3GNW_08_bbn                             -0.167    -0.221     0.054    24.311
399 3GNW_09_bbn                             -1.159    -1.049    -0.110   -10.460
400 3GNW_10_bbn                             -0.674    -0.798     0.124    15.515
401 3GNW_11_bbn                             -2.454    -2.458     0.004     0.182
402 3GNW_12_bbn                             -0.784    -0.729    -0.055    -7.560
403 3GNW_13_bbn                             -8.047    -7.914    -0.133    -1.676
404 3GNW_14_bbn                             -8.212    -7.893    -0.319    -4.040
405 3GNW_15_bbn                             -9.031    -8.705    -0.326    -3.743
406 3GNW_16_bbn                             -2.475    -2.751     0.276    10.020
407 3GNW_17_arg                              0.620    -1.153     1.773   153.757
408 3GNW_18_phe                             -1.327    -1.633     0.306    18.767
409 3GNW_19_arg                             -5.865    -5.693    -0.172    -3.025
410 3GNW_20_asn                             -1.954    -1.994     0.040     2.014
411 3GNW_21_asp                             -6.360    -4.875    -1.485   -30.471
412 3GNW_22_cys                             -4.456    -4.152    -0.304    -7.316
413 3GNW_23_ser                             -8.455    -8.521     0.066     0.778
414 3GNW_24_ser                             -1.686    -1.549    -0.137    -8.843
415 3GNW_25_leu                             -2.359    -2.381     0.022     0.909
416 3GNW_26_arg                              5.667     3.776     1.891    50.086
417 3GNW_27_ser                             -0.483    -0.516     0.033     6.457
418 3GNW_28_asn                             -1.330    -1.264    -0.066    -5.238
419 3GNW_29_met                             -6.115    -6.025    -0.090    -1.492
420 3GNW_30_tyr                             -4.235    -4.562     0.327     7.163
421 3GNW_31_gln                             -0.519    -0.305    -0.214   -70.066
422 3GNW_32_ile                             -0.863    -0.859    -0.004    -0.451
423 3GNW_33_tyr                             -6.415    -6.613     0.198     2.991
424 3GNW_34_hie                             -0.053    -0.146     0.093    63.480
425 3GNW_35_ser                             -4.947    -4.733    -0.214    -4.519
426 3JVS_01_bbn                             -1.638    -1.960     0.322    16.428
427 3JVS_02_bbn                            -12.526   -13.696     1.170     8.541
428 3JVS_03_bbn                             -0.596    -1.071     0.475    44.353
429 3JVS_04_bbn                             -1.055    -0.504    -0.551  -109.295
430 3JVS_05_bbn                            -12.642   -12.381    -0.261    -2.111
431 3JVS_06_pro                             -4.415    -4.961     0.546    10.998
432 3JVS_07_bbn                              0.691     0.651     0.040     6.217
433 3JVS_08_pro                             -2.045    -2.382     0.337    14.167
434 3JVS_09_bbn                             -0.383    -0.536     0.153    28.555
435 3JVS_10_bbn                             -0.949    -1.080     0.131    12.176
436 3JVS_11_bbn                             -0.397    -0.457     0.060    13.040
437 3JVS_12_bbn                             -2.608    -2.491    -0.117    -4.686
438 3JVS_13_bbn                             -0.790    -1.033     0.243    23.526
439 3JVS_14_phe                             -8.033    -7.727    -0.306    -3.964
440 3JVS_15_asp                             -6.413    -7.306     0.893    12.219
441 3JVS_16_arg                             12.403    -0.422    12.825  3039.189
442 3JVS_17_ile                             -3.537    -3.698     0.161     4.352
443 3JVS_18_glu                             -6.605    -8.054     1.449    17.991
444 3JVS_19_tyr                             -0.767    -1.071     0.304    28.347
445 3JVS_20_ala                             -0.410    -0.589     0.179    30.341
446 3JVS_21_glu                             -4.309    -3.715    -0.594   -15.997
447 3JVS_22_leu                             -1.549    -1.646     0.097     5.863
448 3NOX_01_bbn                              0.303     0.798    -0.495   -62.039
449 3NOX_02_bbn                             -6.844    -6.207    -0.637   -10.255
450 3NOX_03_bbn                              0.611     0.757    -0.146   -19.226
451 3NOX_04_bbn                             -1.893    -1.971     0.078     3.952
452 3NOX_05_bbn                              1.256     1.333    -0.077    -5.743
453 3NOX_06_bbn                             -1.504    -1.433    -0.071    -4.989
454 3NOX_07_arg                             44.887    45.802    -0.915    -1.999
455 3NOX_08_glu                           -111.516  -111.564     0.048     0.043
456 3NOX_09_glu                           -122.681  -122.376    -0.305    -0.250
457 3NOX_10_tyr                             -4.516    -4.538     0.022     0.484
458 3NOX_11_trp                             -1.073    -0.699    -0.374   -53.564
459 3NOX_12_ser                             -6.633    -6.327    -0.306    -4.835
460 3NOX_13_tyr                             -2.334    -2.286    -0.048    -2.089
461 3NOX_14_val                             -0.242    -0.341     0.099    29.163
462 3NOX_15_trp                             -2.852    -2.227    -0.625   -28.070
463 3NOX_16_tyr                            -16.307   -16.022    -0.285    -1.778
464 3NOX_17_asp                            -63.032   -62.357    -0.675    -1.082
465 3NOX_18_tyr                             -8.774    -8.583    -0.191    -2.228
466 3NOX_19_asn                             -4.749    -4.442    -0.307    -6.901
467 3NOX_20_val                             -1.698    -1.718     0.020     1.148
468 3NOX_21_hid                             -8.394    -8.313    -0.081    -0.974
469 3PE2_01_bbn                             -2.503    -3.063     0.560    18.286
470 3PE2_02_bbn                              1.076    -0.120     1.196   996.561
471 3PE2_03_bbn                             -0.329    -1.582     1.253    79.200
472 3PE2_04_bbn                             -0.167    -1.140     0.973    85.319
473 3PE2_05_bbn                             -1.767    -2.152     0.385    17.893
474 3PE2_06_bbn                             -1.703    -2.152     0.449    20.887
475 3PE2_07_bbn                             -1.192    -1.632     0.440    26.964
476 3PE2_08_bbn                             -7.982    -8.648     0.666     7.696
477 3PE2_09_bbn                              0.729     0.102     0.627   614.714
478 3PE2_10_bbn                             -1.489    -1.706     0.217    12.730
479 3PE2_11_bbn                             -3.547    -3.556     0.009     0.241
480 3PE2_12_bbn                            -18.715   -18.392    -0.323    -1.758
481 3PE2_13_bbn                             -6.888    -6.612    -0.276    -4.171
482 3PE2_14_leu                             -2.785    -3.361     0.576    17.145
483 3PE2_15_arg                            -17.103   -22.648     5.545    24.484
484 3PE2_16_val                             -3.450    -5.128     1.678    32.723
485 3PE2_17_val                             -3.242    -3.574     0.332     9.298
486 3PE2_18_lys                           -100.513  -101.837     1.324     1.301
487 3PE2_19_ile                             -2.820    -3.154     0.334    10.597
488 3PE2_20_phe                             -2.930    -2.992     0.062     2.087
489 3PE2_21_hid                             -0.746    -1.757     1.011    57.528
490 3PE2_22_val                             -0.771    -1.155     0.384    33.222
491 3PE2_23_asn                             -0.158    -0.799     0.641    80.231
492 3PE2_24_hid                             -1.715    -2.844     1.129    39.684
493 3PE2_25_met                             -3.246    -4.093     0.847    20.688
494 3PE2_26_ile                             -5.080    -5.304     0.224     4.222
495 3PE2_27_asp                             57.421    57.516    -0.095    -0.165
496 3PE2_28_trp                             -2.944    -4.656     1.712    36.774
497 4GID_01_bbn                             -2.204    -2.050    -0.154    -7.524
498 4GID_02_bbn                              1.742     1.595     0.147     9.246
499 4GID_03_bbn                             -2.315    -1.725    -0.590   -34.197
500 4GID_04_bbn                             -5.910    -5.236    -0.674   -12.871
501 4GID_05_bbn                              0.102     0.112    -0.010    -9.249
502 4GID_06_bbn                              2.460     2.493    -0.033    -1.312
503 4GID_07_bbn                            -14.462   -14.417    -0.045    -0.309
504 4GID_08_bbn                              0.375    -0.097     0.472   486.722
505 4GID_09_pro                              0.788    -1.047     1.835   175.240
506 4GID_10_bbn                             -4.028    -4.144     0.116     2.793
507 4GID_11_bbn                             -2.121    -2.179     0.058     2.646
508 4GID_12_bbn                             -3.158    -2.931    -0.227    -7.738
509 4GID_13_bbn                             -5.886    -5.824    -0.062    -1.069
510 4GID_14_bbn                             -2.333    -2.012    -0.321   -15.938
511 4GID_15_bbn                             -2.289    -1.966    -0.323   -16.443
512 4GID_16_bbn                             -4.483    -4.380    -0.103    -2.346
513 4GID_17_bbn                              0.515     0.779    -0.264   -33.833
514 4GID_18_bbn                             -3.540    -3.432    -0.108    -3.161
515 4GID_19_bbn                             -1.982    -1.652    -0.330   -20.000
516 4GID_20_bbn                             -0.523    -0.379    -0.144   -38.043
517 4GID_21_bbn                            -18.503   -18.166    -0.337    -1.855
518 4GID_22_bbn                             -6.883    -6.907     0.024     0.351
519 4GID_23_bbn                             -5.593    -5.857     0.264     4.500
520 4GID_24_bbn                              1.056     0.454     0.602   132.671
521 4GID_25_ser                              0.373     0.291     0.082    28.207
522 4GID_26_gln                             -2.185    -1.744    -0.441   -25.269
523 4GID_27_tyr                             -0.403    -0.498     0.095    19.044
524 4GID_28_leu                             -2.002    -2.591     0.589    22.729
525 4GID_29_asp                            -80.571   -79.976    -0.595    -0.744
526 4GID_30_ser                              0.672     0.726    -0.054    -7.491
527 4GID_31_val                             -0.065    -0.830     0.765    92.177
528 4GID_32_tyr                             -8.690    -8.307    -0.383    -4.615
529 4GID_33_thr                             -1.147    -1.485     0.338    22.783
530 4GID_34_gln                             -3.295    -2.954    -0.341   -11.560
531 4GID_35_phe                             -2.647    -2.732     0.085     3.124
532 4GID_36_ile                             -1.437    -1.625     0.188    11.584
533 4GID_37_trp                             -2.697    -3.718     1.021    27.453
534 4GID_38_ile                             -1.610    -1.892     0.282    14.894
535 4GID_39_ile                             -0.950    -1.303     0.353    27.065
536 4GID_40_arg                             34.435    28.317     6.118    21.606
537 4GID_41_tyr                             -3.694    -4.078     0.384     9.428
538 4GID_42_ile                             -0.827    -1.315     0.488    37.092
539 4GID_43_asp                           -114.937  -114.321    -0.616    -0.539
540 4GID_44_thr                             -6.705    -6.629    -0.076    -1.148
541 4GID_45_thr                             -4.976    -4.836    -0.140    -2.890
542 4GID_46_asn                             -5.356    -5.295    -0.061    -1.145
543 4GID_47_arg                             27.519    27.645    -0.126    -0.456
544 4GID_48_lys                             33.149    23.587     9.562    40.540
545 4GID_49_ser                              0.192     0.084     0.108   128.541
546 4GID_50_val                             -1.017    -1.455     0.438    30.112
547 4GID_51_ala                             -0.313    -0.385     0.072    18.646
==========================================================================================
RMSE                0.985   kcal/mol
MUE                 0.447   kcal/mol
------------------------------------------------------------------------------------------
MSE                 0.231   kcal/mol
min                -1.863   kcal/mol
max                12.825   kcal/mol
range              14.689   kcal/mol
min abs             0.001   kcal/mol
max abs            12.825   kcal/mol
==========================================================================================
RMSE             1452.518   %
MUE               112.271   %
MSE                97.846   %
min              -499.764   %
max             33270.098   %
range           33769.862   %
min abs             0.016   %
max abs         33270.098   %
------------------------------------------------------------------------------------------
RMSE/|avg|         12.169   %
MUE/|avg|           5.514   %
==========================================================================================
Statistics for groups:
neutral-neutral(225)RMSE      0.286   MSE       0.141   kcal/mol
charged-neutral(280)RMSE      1.002   MSE       0.235   kcal/mol
charged-charged(42) RMSE      2.349   MSE       0.686   kcal/mol
--------------------------------------------------------------------------------
neutral-neutralRMSE/|avg|     12.68 %
charged-neutralRMSE/|avg|     23.49 %
charged-chargedRMSE/|avg|     3.62 %
==========================================================================================

