WARNING: Interface orbital is under development and should be used with care:
         Only basic functionality, no error checks
        _______  
       /\______\ 
      / /      / 
     / / Cuby /   Dataset calculation
     \/______/   
                 
==========================================================================================
name                                             E      Eref     error  error(%)
------------------------------------------------------------------------------------------
001-CA2 / 5NXG                            -246.730  -211.986   -34.744   -16.390
001-CA2 / 5NXI                            -243.037  -212.762   -30.275   -14.229
001-CA2 / 5NXO                            -244.298  -207.567   -36.731   -17.696
001-CA2 / 5NXP                            -257.449  -220.995   -36.454   -16.495
001-CA2 / 5NXV                            -238.983  -209.193   -29.790   -14.240
001-CA2 / 5NXW                            -246.009  -209.313   -36.696   -17.532
001-CA2 / 5NY1                            -240.694  -211.771   -28.924   -13.658
001-CA2 / 5NY3                            -240.785  -209.831   -30.954   -14.752
001-CA2 / 5NY6                            -209.347  -215.493     6.146     2.852
001-CA2 / 5NYA                            -248.081  -201.861   -46.220   -22.897
002-HIV-PR / 1HSG                         -181.151  -159.436   -21.716   -13.620
002-HIV-PR / 1HXW                         -177.278  -164.946   -12.332    -7.476
002-HIV-PR / 1IZH                         -209.527  -185.506   -24.021   -12.949
002-HIV-PR / 1T3R                         -150.524  -142.718    -7.806    -5.470
002-HIV-PR / 2Q54                         -168.540  -148.952   -19.589   -13.151
002-HIV-PR / 2Q55                         -183.944  -158.114   -25.830   -16.336
002-HIV-PR / 2Q5K                         -171.693  -154.373   -17.320   -11.220
002-HIV-PR / 3EKX                         -156.560  -147.017    -9.543    -6.491
002-HIV-PR / 3EL1                         -197.096  -172.163   -24.933   -14.482
002-HIV-PR / 3NU3                         -146.290  -134.550   -11.741    -8.726
002-HIV-PR / 3OXC                         -190.880  -168.252   -22.628   -13.449
002-HIV-PR / 5HVP                         -199.708  -177.938   -21.770   -12.234
002-HIV-PR / model13a                     -177.458  -156.858   -20.600   -13.133
002-HIV-PR / model13c                     -169.711  -149.031   -20.680   -13.876
002-HIV-PR / model13d                     -166.288  -150.288   -16.000   -10.647
002-HIV-PR / model16a                     -168.991  -148.081   -20.910   -14.120
002-HIV-PR / model16e                     -159.712  -141.468   -18.245   -12.897
002-HIV-PR / model16f                     -170.342  -150.523   -19.819   -13.167
002-HIV-PR / model22a                     -160.073  -147.097   -12.976    -8.821
002-HIV-PR / model22d                     -165.568  -151.568   -13.999    -9.236
002-HIV-PR / model23a                     -153.227  -140.381   -12.845    -9.150
002-HIV-PR / model25d                     -156.650  -147.422    -9.228    -6.260
003-CK2 / 1F0Q                             -31.348   -41.139     9.791    23.800
003-CK2 / 1J91                             -25.943   -38.947    13.004    33.389
003-CK2 / 1M2P                             -38.059   -45.809     7.750    16.918
003-CK2 / 1M2Q                             -33.150   -49.296    16.146    32.754
003-CK2 / 1M2R                             -39.050   -51.230    12.180    23.775
003-CK2 / 1ZOE                             -43.959   -45.791     1.832     4.000
003-CK2 / 1ZOG                             -42.518   -42.556     0.038     0.089
003-CK2 / 1ZOH                             -43.239   -51.919     8.681    16.720
003-CK2 / 2OXD                             -32.429   -38.405     5.976    15.561
003-CK2 / 2OXX                             -43.239   -42.194    -1.045    -2.476
003-CK2 / 2OXY                             -39.635   -36.497    -3.138    -8.599
003-CK2 / 3KXG                             -31.708   -42.526    10.818    25.438
003-CK2 / 3KXH                            -131.878  -134.643     2.766     2.054
003-CK2 / 3KXM                             -77.109   -58.057   -19.052   -32.816
003-CK2 / 3KXN                             -50.895   -35.022   -15.873   -45.325
003-CK2 / 3PVG                             -53.328   -75.017    21.689    28.913
004-AR / 1US0                             -118.726  -116.681    -2.045    -1.753
004-AR / 2IKG                             -145.209  -135.387    -9.823    -7.255
004-AR / 2IKH                             -132.328  -121.544   -10.784    -8.873
004-AR / 2IKI                             -123.950  -122.467    -1.483    -1.211
004-AR / 2IKJ                             -129.535  -125.206    -4.330    -3.458
004-AR / 4LAU                             -124.131  -123.618    -0.513    -0.415
004-AR / 4LAZ                             -125.212  -129.806     4.594     3.539
004-AR / 4LB3                             -127.914  -130.783     2.869     2.194
004-AR / 4LB4                             -130.436  -126.052    -4.384    -3.478
004-AR / 4LBR                             -130.616  -133.005     2.389     1.796
004-AR / 4LBS                             -128.635  -126.029    -2.606    -2.068
004-AR / 4QXI                             -133.409  -134.458     1.049     0.780
004-AR / 4XZH                             -131.337  -127.370    -3.967    -3.115
004-AR / 4XZI                             -113.861  -124.183    10.321     8.311
005-Cath-D / 6QBG                         -107.556  -141.732    34.176    24.113
005-Cath-D / 6QBH                         -102.421  -134.751    32.330    23.992
005-Cath-D / 6QCB                         -105.484  -138.797    33.313    24.001
005-Cath-D / model08                      -102.962  -134.845    31.883    23.644
005-Cath-D / model22                      -108.006  -139.915    31.909    22.806
005-Cath-D / model24                      -102.601  -133.666    31.064    23.240
005-Cath-D / model25                      -116.564  -149.974    33.410    22.277
005-Cath-D / model31                      -105.754  -136.938    31.183    22.772
005-Cath-D / model35                      -110.709  -137.815    27.106    19.668
005-Cath-D / model36                       -79.090  -112.987    33.897    30.001
006-BACE1 / 5QCO                           236.010   -52.470   288.480   549.804
006-BACE1 / 5QCP                           217.544   -53.010   270.554   510.379
006-BACE1 / 5QCR                           -99.539  -132.453    32.914    24.850
006-BACE1 / 5QCT                           -97.467  -138.476    41.009    29.614
006-BACE1 / 5QCU                          -108.457  -134.121    25.664    19.135
006-BACE1 / 5QCV                           250.693   -43.669   294.362   674.078
006-BACE1 / 5QCX                           249.162   -47.485   296.647   624.716
006-BACE1 / 5QCY                           175.206   -63.325   238.531   376.679
006-BACE1 / 5QCZ                           212.499   -42.338   254.837   601.910
006-BACE1 / 5QD0                           217.994   -51.837   269.832   520.534
006-BACE1 / 5QD1                           230.155   -45.141   275.296   609.859
006-BACE1 / 5QD2                           220.246   -47.054   267.300   568.072
006-BACE1 / 5QD3                           236.281   -45.228   281.508   622.422
006-BACE1 / 5QD5                           199.348   -48.822   248.170   508.314
006-BACE1 / 5QD9                           267.178   -56.152   323.330   575.812
006-BACE1 / 5QDA                           212.589   -46.774   259.364   554.500
007-JAK1 / 4E4L                            -90.531   -85.629    -4.902    -5.724
007-JAK1 / 4E4N                            -93.008   -90.019    -2.988    -3.320
007-JAK1 / 4E5W                           -163.586  -112.641   -50.944   -45.227
007-JAK1 / 4EHZ                           -179.485  -146.744   -32.741   -22.312
007-JAK1 / 4EI4                            -85.441   -81.834    -3.607    -4.407
007-JAK1 / 4FK6                           -103.052  -104.602     1.551     1.482
007-JAK1 / 4I5C                            -93.053   -88.563    -4.490    -5.070
007-JAK1 / 4IVB                            -88.684   -87.282    -1.402    -1.607
007-JAK1 / 4IVC                           -106.295  -104.103    -2.192    -2.106
007-JAK1 / 4IVD                           -109.853  -107.100    -2.753    -2.570
007-JAK1 / 4K6Z                            -97.332   -92.596    -4.736    -5.115
007-JAK1 / 4K77                            -71.434   -64.250    -7.184   -11.182
008-Trypsin / 1K1I                        -194.033  -199.042     5.009     2.516
008-Trypsin / 1K1J                        -190.790  -197.068     6.278     3.185
008-Trypsin / 1K1L                        -188.718  -194.468     5.749     2.956
008-Trypsin / 1K1M                        -191.330  -194.773     3.442     1.767
008-Trypsin / 1K1N                        -139.174  -146.330     7.156     4.890
008-Trypsin / 2ZHD                        -270.601  -223.671   -46.931   -20.982
008-Trypsin / 2ZQ2                        -265.917  -222.638   -43.279   -19.439
008-Trypsin / 3LJJ                        -263.665  -220.327   -43.338   -19.670
008-Trypsin / 3LJO                        -260.872  -218.065   -42.807   -19.630
008-Trypsin / 5MNG                        -138.994  -140.649     1.655     1.177
008-Trypsin / 5MO2                        -131.292  -133.110     1.818     1.366
008-Trypsin / 6SY3                        -214.391  -188.975   -25.416   -13.450
008-Trypsin / 6T0M                        -253.936  -221.793   -32.143   -14.492
008-Trypsin / 6T0P                        -257.765  -222.309   -35.456   -15.949
008-Trypsin / 6T5W                        -243.127  -203.253   -39.873   -19.617
009-CDK2 / 3QQK                            -55.625   -61.680     6.055     9.818
009-CDK2 / 3QTQ                            -73.055   -72.420    -0.635    -0.877
009-CDK2 / 3QTR                            -61.255   -68.080     6.825    10.026
009-CDK2 / 3QTS                            -74.947   -74.760    -0.187    -0.250
009-CDK2 / 3QTU                           -123.410  -136.080    12.670     9.311
009-CDK2 / 3QTW                            -93.683   -79.690   -13.993   -17.560
009-CDK2 / 3QTX                           -109.177  -110.260     1.083     0.982
009-CDK2 / 3QTZ                            -91.431  -101.400     9.969     9.831
009-CDK2 / 3QU0                           -113.771  -108.200    -5.571    -5.149
009-CDK2 / 3QXP                           -115.123  -112.610    -2.513    -2.231
009-CDK2 / 3R8U                            -66.930   -69.770     2.840     4.071
009-CDK2 / 3R8V                            -60.894   -64.550     3.656     5.663
009-CDK2 / 3R8Z                            -52.382   -55.730     3.348     6.008
009-CDK2 / 3R9D                           -117.014  -112.600    -4.414    -3.920
009-CDK2 / 3R9N                            -71.524   -68.240    -3.284    -4.812
009-CDK2 / 3RAH                            -85.306   -74.470   -10.836   -14.551
009-CDK2 / 3RAK                            -85.576   -97.000    11.424    11.777
009-CDK2 / 3RAL                           -112.330  -105.740    -6.590    -6.232
009-CDK2 / 3RJC                            -63.597   -67.770     4.173     6.158
009-CDK2 / 3RK5                           -126.653  -146.140    19.487    13.335
009-CDK2 / 3RK7                           -107.376   -92.550   -14.826   -16.019
009-CDK2 / 3RK9                            -76.478   -72.320    -4.158    -5.750
009-CDK2 / 3RKB                            -73.505   -72.210    -1.295    -1.794
009-CDK2 / 3RMF                            -87.558  -103.770    16.212    15.623
009-CDK2 / 3RNI                           -100.620   -95.570    -5.050    -5.284
009-CDK2 / 3RPV                            -89.450  -105.500    16.050    15.214
009-CDK2 / 3RPY                            -93.593   -84.740    -8.853   -10.448
009-CDK2 / 3S00                            -65.488   -64.690    -0.798    -1.234
009-CDK2 / 3S0O                            -63.777   -64.210     0.433     0.675
009-CDK2 / 3S1H                            -90.711  -103.980    13.269    12.761
009-CDK2 / 3SQQ                            -97.016  -101.630     4.614     4.540
010-MMP12 / 3EHX                          -126.923  -128.764     1.841     1.429
010-MMP12 / 3EHY                          -119.086  -112.893    -6.193    -5.486
010-MMP12 / 3F15                          -135.301  -133.428    -1.873    -1.404
010-MMP12 / 3F16                          -132.598  -129.731    -2.868    -2.210
010-MMP12 / 3F17                          -136.111  -132.057    -4.054    -3.070
010-MMP12 / 3F18                          -134.039  -133.044    -0.996    -0.748
010-MMP12 / 3F19                          -122.419  -119.632    -2.787    -2.330
010-MMP12 / 3F1A                          -121.834  -118.100    -3.734    -3.161
010-MMP12 / 3LK8                          -126.473  -123.865    -2.608    -2.105
010-MMP12 / 3N2U                          -149.443  -154.459     5.016     3.247
010-MMP12 / 3N2V                          -134.400  -131.516    -2.884    -2.193
010-MMP12 / 3NX7                          -126.653  -126.899     0.246     0.194
010-MMP12 / 3RTS                          -122.464  -125.882     3.417     2.715
010-MMP12 / 3RTT                          -124.401  -126.266     1.865     1.477
010-MMP12 / 4GUY                          -129.265  -134.390     5.125     3.814
010-MMP12 / 5LAB                          -130.436  -126.075    -4.361    -3.459
010-MMP12 / 6RD0                           -67.290   -72.888     5.598     7.680
010-MMP12 / 6RLY                           -69.407   -60.709    -8.698   -14.328
==========================================================================================
RMSE               79.601   kcal/mol
MUE                34.388   kcal/mol
------------------------------------------------------------------------------------------
MSE                18.222   kcal/mol
min               -50.944   kcal/mol
max               323.330   kcal/mol
range             374.274   kcal/mol
min abs             0.038   kcal/mol
max abs           323.330   kcal/mol
==========================================================================================
RMSE              159.888   %
MUE                54.450   %
MSE                43.425   %
min               -45.325   %
max               674.078   %
range             719.403   %
min abs             0.089   %
max abs           674.078   %
------------------------------------------------------------------------------------------
RMSE/|avg|         66.762   %
MUE/|avg|          28.842   %
==========================================================================================
Statistics for groups:
001-CA2        (10) RMSE     33.173   MSE     -30.464   kcal/mol
002-HIV-PR     (22) RMSE     18.259   MSE     -17.479   kcal/mol
003-CK2        (16) RMSE     11.373   MSE       4.473   kcal/mol
004-AR         (14) RMSE      5.494   MSE      -1.337   kcal/mol
005-Cath-D     (10) RMSE     32.086   MSE      32.027   kcal/mol
006-BACE1      (16) RMSE    248.624   MSE     229.237   kcal/mol
007-JAK1       (12) RMSE     17.852   MSE      -9.699   kcal/mol
008-Trypsin    (15) RMSE     28.843   MSE     -18.542   kcal/mol
009-CDK2       (31) RMSE      8.782   MSE       1.584   kcal/mol
010-MMP12      (18) RMSE      4.085   MSE      -0.997   kcal/mol
--------------------------------------------------------------------------------
001-CA2        RMSE/|avg|     15.72 %
002-HIV-PR     RMSE/|avg|     11.83 %
003-CK2        RMSE/|avg|     21.95 %
004-AR         RMSE/|avg|     4.33 %
005-Cath-D     RMSE/|avg|     23.57 %
006-BACE1      RMSE/|avg|     379.45 %
007-JAK1       RMSE/|avg|     18.38 %
008-Trypsin    RMSE/|avg|     14.78 %
009-CDK2       RMSE/|avg|     9.91 %
010-MMP12      RMSE/|avg|     3.36 %
==========================================================================================

