WARNING: Interface orbital is under development and should be used with care:
         Only basic functionality, no error checks
        _______  
       /\______\ 
      / /      / 
     / / Cuby /   Dataset calculation
     \/______/   
                 
==========================================================================================
name                                             E      Eref     error  error(%)
------------------------------------------------------------------------------------------
01 Water ... Water                          -4.988    -5.011     0.023     0.455
02 Water ... MeOH                           -5.607    -5.701     0.094     1.640
03 Water ... MeNH2                          -7.032    -7.036     0.004     0.058
04 Water ... Peptide                        -8.062    -8.220     0.158     1.920
05 MeOH ... MeOH                            -5.743    -5.851     0.108     1.852
06 MeOH ... MeNH2                           -7.555    -7.666     0.111     1.442
07 MeOH ... Peptide                         -8.293    -8.337     0.044     0.528
08 MeOH ... Water                           -5.050    -5.087     0.037     0.725
09 MeNH2 ... MeOH                           -3.040    -3.113     0.073     2.338
10 MeNH2 ... MeNH2                          -4.127    -4.223     0.096     2.278
11 MeNH2 ... Peptide                        -5.534    -5.480    -0.054    -0.991
12 MeNH2 ... Water                          -7.297    -7.402     0.105     1.425
13 Peptide ... MeOH                         -6.221    -6.282     0.061     0.968
14 Peptide ... MeNH2                        -7.505    -7.561     0.056     0.743
15 Peptide ... Peptide                      -8.490    -8.721     0.231     2.648
16 Peptide ... Water                        -5.101    -5.199     0.098     1.889
17 Uracil ... Uracil (BP)                  -17.318   -17.448     0.130     0.745
18 Water ... Pyridine                       -6.891    -6.975     0.084     1.202
19 MeOH ... Pyridine                        -7.432    -7.510     0.078     1.044
20 AcOH ... AcOH                           -19.525   -19.415    -0.110    -0.566
21 AcNH2 ... AcNH2                         -16.169   -16.525     0.356     2.152
22 AcOH ... Uracil                         -19.728   -19.783     0.055     0.280
23 AcNH2 ... Uracil                        -19.131   -19.467     0.336     1.727
24 Benzene ... Benzene (pi-pi)              -2.838    -2.724    -0.114    -4.168
25 Pyridine ... Pyridine (pi-pi)            -3.964    -3.801    -0.163    -4.276
26 Uracil ... Uracil (pi-pi)               -10.652    -9.752    -0.900    -9.229
27 Benzene ... Pyridine (pi-pi)             -3.513    -3.342    -0.171    -5.121
28 Benzene ... Uracil (pi-pi)               -6.002    -5.593    -0.409    -7.306
29 Pyridine ... Uracil (pi-pi)              -6.992    -6.701    -0.291    -4.350
30 Benzene ... Ethene                       -1.616    -1.364    -0.252   -18.461
31 Uracil ... Ethene                        -3.592    -3.329    -0.263    -7.899
32 Uracil ... Ethyne                        -3.857    -3.693    -0.164    -4.429
33 Pyridine ... Ethene                      -1.875    -1.805    -0.070    -3.867
34 Pentane ... Pentane                      -3.918    -3.764    -0.154    -4.104
35 Neopentane ... Pentane                   -2.815    -2.604    -0.211    -8.103
36 Neopentane ... Neopentane                -2.117    -1.764    -0.353   -20.005
37 Cyclopentane ... Neopentane              -2.680    -2.397    -0.283   -11.802
38 Cyclopentane ... Cyclopentane            -3.153    -2.986    -0.167    -5.586
39 Benzene ... Cyclopentane                 -3.896    -3.514    -0.382   -10.870
40 Benzene ... Neopentane                   -3.175    -2.849    -0.326   -11.454
41 Uracil ... Pentane                       -5.090    -4.811    -0.279    -5.790
42 Uracil ... Cyclopentane                  -4.515    -4.091    -0.424   -10.371
43 Uracil ... Neopentane                    -4.042    -3.689    -0.353    -9.579
44 Ethene ... Pentane                       -1.993    -1.993    -0.000    -0.001
45 Ethyne ... Pentane                       -1.920    -1.715    -0.205   -11.944
46 Peptide ... Pentane                      -4.459    -4.256    -0.203    -4.769
47 Benzene ... Benzene (TS)                 -2.860    -2.828    -0.032    -1.133
48 Pyridine ... Pyridine (TS)               -3.389    -3.506     0.117     3.329
49 Benzene ... Pyridine (TS)                -3.389    -3.293    -0.096    -2.923
50 Benzene ... Ethyne (CH-pi)               -3.057    -2.857    -0.200    -7.004
51 Ethyne ... Ethyne (TS)                   -1.605    -1.539    -0.066    -4.260
52 Benzene ... AcOH (OH-pi)                 -4.842    -4.726    -0.116    -2.451
53 Benzene ... AcNH2 (NH-pi)                -4.324    -4.405     0.081     1.842
54 Benzene ... Water (OH-pi)                -3.479    -3.288    -0.191    -5.820
55 Benzene ... MeOH (OH-pi)                 -4.318    -4.168    -0.150    -3.604
56 Benzene ... MeNH2 (NH-pi)                -3.316    -3.199    -0.117    -3.660
57 Benzene ... Peptide (NH-pi)              -5.495    -5.255    -0.240    -4.565
58 Pyridine ... Pyridine (CH-N)             -3.896    -4.237     0.341     8.049
59 Ethyne ... Water (CH-O)                  -2.809    -2.927     0.118     4.019
60 Ethyne ... AcOH (OH-pi)                  -5.106    -4.966    -0.140    -2.828
61 Pentane ... AcOH                         -2.995    -2.906    -0.089    -3.068
62 Pentane ... AcNH2                        -3.536    -3.528    -0.008    -0.217
63 Benzene ... AcOH                         -4.099    -3.747    -0.352    -9.385
64 Peptide ... Ethene                       -3.012    -3.001    -0.011    -0.369
65 Pyridine ... Ethyne                      -4.031    -4.104     0.073     1.777
66 MeNH2 ... Pyridine                       -3.964    -3.966     0.002     0.062
==========================================================================================
RMSE                0.222   kcal/mol
MUE                 0.169   kcal/mol
------------------------------------------------------------------------------------------
MSE                -0.076   kcal/mol
min                -0.900   kcal/mol
max                 0.356   kcal/mol
range               1.256   kcal/mol
min abs             0.000   kcal/mol
max abs             0.900   kcal/mol
==========================================================================================
RMSE                6.000   %
MUE                 4.295   %
MSE                -2.866   %
min               -20.005   %
max                 8.049   %
range              28.054   %
min abs             0.001   %
max abs            20.005   %
------------------------------------------------------------------------------------------
RMSE/|avg|          4.043   %
MUE/|avg|           3.079   %
==========================================================================================
Statistics for groups:
H-bonds        (23) RMSE      0.139   MSE       0.095   kcal/mol
dispersion     (23) RMSE      0.317   MSE      -0.267   kcal/mol
others         (20) RMSE      0.159   MSE      -0.054   kcal/mol
--------------------------------------------------------------------------------
H-bonds        RMSE/|avg|     1.54 %
dispersion     RMSE/|avg|     8.84 %
others         RMSE/|avg|     4.39 %
==========================================================================================

